[1.250s] Invoking command in '/home/rho922/chapt7/chapt7_ws/src/fishbot_application': PYTHONPATH=/home/rho922/chapt7/chapt7_ws/build/fishbot_application/prefix_override:/usr/lib/python3/dist-packages/colcon_core/task/python/colcon_distutils_commands:/home/rho922/chapt7/chapt7_ws/install/fishbot_application/lib/python3.10/site-packages:${PYTHONPATH} /usr/bin/python3 -W ignore:setup.py install is deprecated -W ignore:easy_install command is deprecated setup.py egg_info --egg-base ../../build/fishbot_application build --build-base /home/rho922/chapt7/chapt7_ws/build/fishbot_application/build install --record /home/rho922/chapt7/chapt7_ws/build/fishbot_application/install.log --single-version-externally-managed install_data
[1.611s] running egg_info
[1.612s] writing ../../build/fishbot_application/fishbot_application.egg-info/PKG-INFO
[1.613s] writing dependency_links to ../../build/fishbot_application/fishbot_application.egg-info/dependency_links.txt
[1.613s] writing entry points to ../../build/fishbot_application/fishbot_application.egg-info/entry_points.txt
[1.613s] writing requirements to ../../build/fishbot_application/fishbot_application.egg-info/requires.txt
[1.614s] writing top-level names to ../../build/fishbot_application/fishbot_application.egg-info/top_level.txt
[1.615s] reading manifest file '../../build/fishbot_application/fishbot_application.egg-info/SOURCES.txt'
[1.616s] adding license file 'LICENSE'
[1.617s] writing manifest file '../../build/fishbot_application/fishbot_application.egg-info/SOURCES.txt'
[1.617s] running build
[1.618s] running build_py
[1.618s] running install
[1.618s] running install_lib
[1.619s] running install_data
[1.620s] running install_egg_info
[1.622s] removing '/home/rho922/chapt7/chapt7_ws/install/fishbot_application/lib/python3.10/site-packages/fishbot_application-0.0.0-py3.10.egg-info' (and everything under it)
[1.622s] Copying ../../build/fishbot_application/fishbot_application.egg-info to /home/rho922/chapt7/chapt7_ws/install/fishbot_application/lib/python3.10/site-packages/fishbot_application-0.0.0-py3.10.egg-info
[1.624s] running install_scripts
[1.653s] Installing get_robot_pose script to /home/rho922/chapt7/chapt7_ws/install/fishbot_application/lib/fishbot_application
[1.653s] Installing init_robot_pose script to /home/rho922/chapt7/chapt7_ws/install/fishbot_application/lib/fishbot_application
[1.654s] Installing nav_to_pose script to /home/rho922/chapt7/chapt7_ws/install/fishbot_application/lib/fishbot_application
[1.654s] Installing waypoint_follower script to /home/rho922/chapt7/chapt7_ws/install/fishbot_application/lib/fishbot_application
[1.654s] writing list of installed files to '/home/rho922/chapt7/chapt7_ws/build/fishbot_application/install.log'
[1.691s] Invoked command in '/home/rho922/chapt7/chapt7_ws/src/fishbot_application' returned '0': PYTHONPATH=/home/rho922/chapt7/chapt7_ws/build/fishbot_application/prefix_override:/usr/lib/python3/dist-packages/colcon_core/task/python/colcon_distutils_commands:/home/rho922/chapt7/chapt7_ws/install/fishbot_application/lib/python3.10/site-packages:${PYTHONPATH} /usr/bin/python3 -W ignore:setup.py install is deprecated -W ignore:easy_install command is deprecated setup.py egg_info --egg-base ../../build/fishbot_application build --build-base /home/rho922/chapt7/chapt7_ws/build/fishbot_application/build install --record /home/rho922/chapt7/chapt7_ws/build/fishbot_application/install.log --single-version-externally-managed install_data
