[0.020s] Invoking command in '/home/rho9/chapt3/topic_practise_ws/build/status_interfaces': CMAKE_PREFIX_PATH=${CMAKE_PREFIX_PATH}:/opt/ros/jazzy /usr/bin/cmake --build /home/rho9/chapt3/topic_practise_ws/build/status_interfaces -- -j20 -l20
[0.133s] [  2%] Built target status_interfaces__rosidl_generator_type_description
[0.145s] [  2%] Built target ament_cmake_python_copy_status_interfaces
[0.155s] [  5%] Built target status_interfaces__cpp
[0.158s] [ 20%] Built target status_interfaces__rosidl_generator_c
[0.187s] [ 29%] Built target status_interfaces__rosidl_typesupport_c
[0.188s] [ 38%] Built target status_interfaces__rosidl_typesupport_cpp
[0.191s] [ 55%] Built target status_interfaces__rosidl_typesupport_introspection_cpp
[0.191s] [ 55%] Built target status_interfaces__rosidl_typesupport_fastrtps_c
[0.193s] [ 64%] Built target status_interfaces__rosidl_typesupport_fastrtps_cpp
[0.194s] [ 73%] Built target status_interfaces__rosidl_typesupport_introspection_c
[0.220s] [ 73%] Built target status_interfaces
[0.240s] [ 76%] Built target status_interfaces__py
[0.264s] [ 82%] Built target status_interfaces__rosidl_generator_py
[0.287s] [ 94%] Built target status_interfaces_s__rosidl_typesupport_fastrtps_c
[0.287s] [ 91%] Built target status_interfaces_s__rosidl_typesupport_introspection_c
[0.291s] [100%] Built target status_interfaces_s__rosidl_typesupport_c
[0.363s] running egg_info
[0.378s] writing status_interfaces.egg-info/PKG-INFO
[0.379s] writing dependency_links to status_interfaces.egg-info/dependency_links.txt
[0.379s] writing top-level names to status_interfaces.egg-info/top_level.txt
[0.426s] reading manifest file 'status_interfaces.egg-info/SOURCES.txt'
[0.428s] writing manifest file 'status_interfaces.egg-info/SOURCES.txt'
[0.459s] [100%] Built target ament_cmake_python_build_status_interfaces_egg
[0.471s] Invoked command in '/home/rho9/chapt3/topic_practise_ws/build/status_interfaces' returned '0': CMAKE_PREFIX_PATH=${CMAKE_PREFIX_PATH}:/opt/ros/jazzy /usr/bin/cmake --build /home/rho9/chapt3/topic_practise_ws/build/status_interfaces -- -j20 -l20
[0.484s] Invoking command in '/home/rho9/chapt3/topic_practise_ws/build/status_interfaces': CMAKE_PREFIX_PATH=${CMAKE_PREFIX_PATH}:/opt/ros/jazzy /usr/bin/cmake --install /home/rho9/chapt3/topic_practise_ws/build/status_interfaces
[0.492s] -- Install configuration: ""
[0.493s] -- Up-to-date: /home/rho9/chapt3/topic_practise_ws/install/status_interfaces/share/ament_index/resource_index/rosidl_interfaces/status_interfaces
[0.493s] -- Up-to-date: /home/rho9/chapt3/topic_practise_ws/install/status_interfaces/share/status_interfaces/msg/SystemStatus.json
[0.493s] -- Up-to-date: /home/rho9/chapt3/topic_practise_ws/install/status_interfaces/include/status_interfaces/status_interfaces
[0.493s] -- Up-to-date: /home/rho9/chapt3/topic_practise_ws/install/status_interfaces/include/status_interfaces/status_interfaces/msg
[0.493s] -- Up-to-date: /home/rho9/chapt3/topic_practise_ws/install/status_interfaces/include/status_interfaces/status_interfaces/msg/detail
[0.494s] -- Up-to-date: /home/rho9/chapt3/topic_practise_ws/install/status_interfaces/include/status_interfaces/status_interfaces/msg/detail/system_status__functions.c
[0.494s] -- Up-to-date: /home/rho9/chapt3/topic_practise_ws/install/status_interfaces/include/status_interfaces/status_interfaces/msg/detail/system_status__description.c
[0.494s] -- Up-to-date: /home/rho9/chapt3/topic_practise_ws/install/status_interfaces/include/status_interfaces/status_interfaces/msg/detail/system_status__type_support.c
[0.494s] -- Up-to-date: /home/rho9/chapt3/topic_practise_ws/install/status_interfaces/include/status_interfaces/status_interfaces/msg/detail/system_status__struct.h
[0.494s] -- Up-to-date: /home/rho9/chapt3/topic_practise_ws/install/status_interfaces/include/status_interfaces/status_interfaces/msg/detail/system_status__type_support.h
[0.494s] -- Up-to-date: /home/rho9/chapt3/topic_practise_ws/install/status_interfaces/include/status_interfaces/status_interfaces/msg/detail/system_status__functions.h
[0.494s] -- Up-to-date: /home/rho9/chapt3/topic_practise_ws/install/status_interfaces/include/status_interfaces/status_interfaces/msg/rosidl_generator_c__visibility_control.h
[0.494s] -- Up-to-date: /home/rho9/chapt3/topic_practise_ws/install/status_interfaces/include/status_interfaces/status_interfaces/msg/system_status.h
[0.494s] -- Up-to-date: /home/rho9/chapt3/topic_practise_ws/install/status_interfaces/share/status_interfaces/environment/library_path.sh
[0.494s] -- Up-to-date: /home/rho9/chapt3/topic_practise_ws/install/status_interfaces/share/status_interfaces/environment/library_path.dsv
[0.496s] -- Up-to-date: /home/rho9/chapt3/topic_practise_ws/install/status_interfaces/lib/libstatus_interfaces__rosidl_generator_c.so
[0.496s] -- Up-to-date: /home/rho9/chapt3/topic_practise_ws/install/status_interfaces/include/status_interfaces/status_interfaces
[0.496s] -- Up-to-date: /home/rho9/chapt3/topic_practise_ws/install/status_interfaces/include/status_interfaces/status_interfaces/msg
[0.496s] -- Up-to-date: /home/rho9/chapt3/topic_practise_ws/install/status_interfaces/include/status_interfaces/status_interfaces/msg/detail
[0.496s] -- Up-to-date: /home/rho9/chapt3/topic_practise_ws/install/status_interfaces/include/status_interfaces/status_interfaces/msg/detail/system_status__rosidl_typesupport_fastrtps_c.h
[0.497s] -- Up-to-date: /home/rho9/chapt3/topic_practise_ws/install/status_interfaces/include/status_interfaces/status_interfaces/msg/rosidl_typesupport_fastrtps_c__visibility_control.h
[0.497s] -- Up-to-date: /home/rho9/chapt3/topic_practise_ws/install/status_interfaces/lib/libstatus_interfaces__rosidl_typesupport_fastrtps_c.so
[0.498s] -- Up-to-date: /home/rho9/chapt3/topic_practise_ws/install/status_interfaces/include/status_interfaces/status_interfaces
[0.498s] -- Up-to-date: /home/rho9/chapt3/topic_practise_ws/install/status_interfaces/include/status_interfaces/status_interfaces/msg
[0.498s] -- Up-to-date: /home/rho9/chapt3/topic_practise_ws/install/status_interfaces/include/status_interfaces/status_interfaces/msg/rosidl_generator_cpp__visibility_control.hpp
[0.498s] -- Up-to-date: /home/rho9/chapt3/topic_practise_ws/install/status_interfaces/include/status_interfaces/status_interfaces/msg/detail
[0.498s] -- Up-to-date: /home/rho9/chapt3/topic_practise_ws/install/status_interfaces/include/status_interfaces/status_interfaces/msg/detail/system_status__struct.hpp
[0.498s] -- Up-to-date: /home/rho9/chapt3/topic_practise_ws/install/status_interfaces/include/status_interfaces/status_interfaces/msg/detail/system_status__builder.hpp
[0.498s] -- Up-to-date: /home/rho9/chapt3/topic_practise_ws/install/status_interfaces/include/status_interfaces/status_interfaces/msg/detail/system_status__traits.hpp
[0.498s] -- Up-to-date: /home/rho9/chapt3/topic_practise_ws/install/status_interfaces/include/status_interfaces/status_interfaces/msg/detail/system_status__type_support.hpp
[0.498s] -- Up-to-date: /home/rho9/chapt3/topic_practise_ws/install/status_interfaces/include/status_interfaces/status_interfaces/msg/system_status.hpp
[0.498s] -- Up-to-date: /home/rho9/chapt3/topic_practise_ws/install/status_interfaces/include/status_interfaces/status_interfaces
[0.499s] -- Up-to-date: /home/rho9/chapt3/topic_practise_ws/install/status_interfaces/include/status_interfaces/status_interfaces/msg
[0.499s] -- Up-to-date: /home/rho9/chapt3/topic_practise_ws/install/status_interfaces/include/status_interfaces/status_interfaces/msg/detail
[0.499s] -- Up-to-date: /home/rho9/chapt3/topic_practise_ws/install/status_interfaces/include/status_interfaces/status_interfaces/msg/detail/dds_fastrtps
[0.499s] -- Up-to-date: /home/rho9/chapt3/topic_practise_ws/install/status_interfaces/include/status_interfaces/status_interfaces/msg/detail/system_status__rosidl_typesupport_fastrtps_cpp.hpp
[0.499s] -- Up-to-date: /home/rho9/chapt3/topic_practise_ws/install/status_interfaces/include/status_interfaces/status_interfaces/msg/rosidl_typesupport_fastrtps_cpp__visibility_control.h
[0.499s] -- Up-to-date: /home/rho9/chapt3/topic_practise_ws/install/status_interfaces/lib/libstatus_interfaces__rosidl_typesupport_fastrtps_cpp.so
[0.499s] -- Up-to-date: /home/rho9/chapt3/topic_practise_ws/install/status_interfaces/include/status_interfaces/status_interfaces
[0.500s] -- Up-to-date: /home/rho9/chapt3/topic_practise_ws/install/status_interfaces/include/status_interfaces/status_interfaces/msg
[0.500s] -- Up-to-date: /home/rho9/chapt3/topic_practise_ws/install/status_interfaces/include/status_interfaces/status_interfaces/msg/detail
[0.500s] -- Up-to-date: /home/rho9/chapt3/topic_practise_ws/install/status_interfaces/include/status_interfaces/status_interfaces/msg/detail/system_status__type_support.c
[0.500s] -- Up-to-date: /home/rho9/chapt3/topic_practise_ws/install/status_interfaces/include/status_interfaces/status_interfaces/msg/detail/system_status__rosidl_typesupport_introspection_c.h
[0.500s] -- Up-to-date: /home/rho9/chapt3/topic_practise_ws/install/status_interfaces/include/status_interfaces/status_interfaces/msg/rosidl_typesupport_introspection_c__visibility_control.h
[0.500s] -- Up-to-date: /home/rho9/chapt3/topic_practise_ws/install/status_interfaces/lib/libstatus_interfaces__rosidl_typesupport_introspection_c.so
[0.501s] -- Up-to-date: /home/rho9/chapt3/topic_practise_ws/install/status_interfaces/lib/libstatus_interfaces__rosidl_typesupport_c.so
[0.501s] -- Up-to-date: /home/rho9/chapt3/topic_practise_ws/install/status_interfaces/include/status_interfaces/status_interfaces
[0.501s] -- Up-to-date: /home/rho9/chapt3/topic_practise_ws/install/status_interfaces/include/status_interfaces/status_interfaces/msg
[0.501s] -- Up-to-date: /home/rho9/chapt3/topic_practise_ws/install/status_interfaces/include/status_interfaces/status_interfaces/msg/detail
[0.501s] -- Up-to-date: /home/rho9/chapt3/topic_practise_ws/install/status_interfaces/include/status_interfaces/status_interfaces/msg/detail/system_status__rosidl_typesupport_introspection_cpp.hpp
[0.502s] -- Up-to-date: /home/rho9/chapt3/topic_practise_ws/install/status_interfaces/include/status_interfaces/status_interfaces/msg/detail/system_status__type_support.cpp
[0.502s] -- Up-to-date: /home/rho9/chapt3/topic_practise_ws/install/status_interfaces/lib/libstatus_interfaces__rosidl_typesupport_introspection_cpp.so
[0.504s] -- Up-to-date: /home/rho9/chapt3/topic_practise_ws/install/status_interfaces/lib/libstatus_interfaces__rosidl_typesupport_cpp.so
[0.504s] -- Up-to-date: /home/rho9/chapt3/topic_practise_ws/install/status_interfaces/share/status_interfaces/environment/pythonpath.sh
[0.504s] -- Up-to-date: /home/rho9/chapt3/topic_practise_ws/install/status_interfaces/share/status_interfaces/environment/pythonpath.dsv
[0.504s] -- Up-to-date: /home/rho9/chapt3/topic_practise_ws/install/status_interfaces/lib/python3.12/site-packages/status_interfaces-0.0.0-py3.12.egg-info
[0.504s] -- Installing: /home/rho9/chapt3/topic_practise_ws/install/status_interfaces/lib/python3.12/site-packages/status_interfaces-0.0.0-py3.12.egg-info/PKG-INFO
[0.504s] -- Installing: /home/rho9/chapt3/topic_practise_ws/install/status_interfaces/lib/python3.12/site-packages/status_interfaces-0.0.0-py3.12.egg-info/SOURCES.txt
[0.505s] -- Installing: /home/rho9/chapt3/topic_practise_ws/install/status_interfaces/lib/python3.12/site-packages/status_interfaces-0.0.0-py3.12.egg-info/top_level.txt
[0.506s] -- Installing: /home/rho9/chapt3/topic_practise_ws/install/status_interfaces/lib/python3.12/site-packages/status_interfaces-0.0.0-py3.12.egg-info/dependency_links.txt
[0.506s] -- Up-to-date: /home/rho9/chapt3/topic_practise_ws/install/status_interfaces/lib/python3.12/site-packages/status_interfaces
[0.506s] -- Up-to-date: /home/rho9/chapt3/topic_practise_ws/install/status_interfaces/lib/python3.12/site-packages/status_interfaces/_status_interfaces_s.ep.rosidl_typesupport_introspection_c.c
[0.506s] -- Up-to-date: /home/rho9/chapt3/topic_practise_ws/install/status_interfaces/lib/python3.12/site-packages/status_interfaces/status_interfaces_s__rosidl_typesupport_fastrtps_c.so
[0.506s] -- Up-to-date: /home/rho9/chapt3/topic_practise_ws/install/status_interfaces/lib/python3.12/site-packages/status_interfaces/__init__.py
[0.507s] -- Up-to-date: /home/rho9/chapt3/topic_practise_ws/install/status_interfaces/lib/python3.12/site-packages/status_interfaces/status_interfaces_s__rosidl_typesupport_introspection_c.so
[0.507s] -- Up-to-date: /home/rho9/chapt3/topic_practise_ws/install/status_interfaces/lib/python3.12/site-packages/status_interfaces/_status_interfaces_s.ep.rosidl_typesupport_c.c
[0.507s] -- Up-to-date: /home/rho9/chapt3/topic_practise_ws/install/status_interfaces/lib/python3.12/site-packages/status_interfaces/msg
[0.507s] -- Up-to-date: /home/rho9/chapt3/topic_practise_ws/install/status_interfaces/lib/python3.12/site-packages/status_interfaces/msg/__init__.py
[0.507s] -- Up-to-date: /home/rho9/chapt3/topic_practise_ws/install/status_interfaces/lib/python3.12/site-packages/status_interfaces/msg/_system_status_s.c
[0.507s] -- Up-to-date: /home/rho9/chapt3/topic_practise_ws/install/status_interfaces/lib/python3.12/site-packages/status_interfaces/msg/_system_status.py
[0.507s] -- Up-to-date: /home/rho9/chapt3/topic_practise_ws/install/status_interfaces/lib/python3.12/site-packages/status_interfaces/_status_interfaces_s.ep.rosidl_typesupport_fastrtps_c.c
[0.507s] -- Up-to-date: /home/rho9/chapt3/topic_practise_ws/install/status_interfaces/lib/python3.12/site-packages/status_interfaces/status_interfaces_s__rosidl_typesupport_c.so
[0.548s] Listing '/home/rho9/chapt3/topic_practise_ws/install/status_interfaces/lib/python3.12/site-packages/status_interfaces'...
[0.548s] Listing '/home/rho9/chapt3/topic_practise_ws/install/status_interfaces/lib/python3.12/site-packages/status_interfaces/msg'...
[0.554s] -- Up-to-date: /home/rho9/chapt3/topic_practise_ws/install/status_interfaces/lib/python3.12/site-packages/status_interfaces/status_interfaces_s__rosidl_typesupport_fastrtps_c.so
[0.555s] -- Up-to-date: /home/rho9/chapt3/topic_practise_ws/install/status_interfaces/lib/python3.12/site-packages/status_interfaces/status_interfaces_s__rosidl_typesupport_introspection_c.so
[0.556s] -- Up-to-date: /home/rho9/chapt3/topic_practise_ws/install/status_interfaces/lib/python3.12/site-packages/status_interfaces/status_interfaces_s__rosidl_typesupport_c.so
[0.557s] -- Up-to-date: /home/rho9/chapt3/topic_practise_ws/install/status_interfaces/lib/libstatus_interfaces__rosidl_generator_py.so
[0.557s] -- Up-to-date: /home/rho9/chapt3/topic_practise_ws/install/status_interfaces/share/status_interfaces/msg/SystemStatus.idl
[0.557s] -- Up-to-date: /home/rho9/chapt3/topic_practise_ws/install/status_interfaces/share/status_interfaces/msg/SystemStatus.msg
[0.558s] -- Up-to-date: /home/rho9/chapt3/topic_practise_ws/install/status_interfaces/share/ament_index/resource_index/package_run_dependencies/status_interfaces
[0.558s] -- Up-to-date: /home/rho9/chapt3/topic_practise_ws/install/status_interfaces/share/ament_index/resource_index/parent_prefix_path/status_interfaces
[0.558s] -- Up-to-date: /home/rho9/chapt3/topic_practise_ws/install/status_interfaces/share/status_interfaces/environment/ament_prefix_path.sh
[0.558s] -- Up-to-date: /home/rho9/chapt3/topic_practise_ws/install/status_interfaces/share/status_interfaces/environment/ament_prefix_path.dsv
[0.558s] -- Up-to-date: /home/rho9/chapt3/topic_practise_ws/install/status_interfaces/share/status_interfaces/environment/path.sh
[0.558s] -- Up-to-date: /home/rho9/chapt3/topic_practise_ws/install/status_interfaces/share/status_interfaces/environment/path.dsv
[0.558s] -- Up-to-date: /home/rho9/chapt3/topic_practise_ws/install/status_interfaces/share/status_interfaces/local_setup.bash
[0.558s] -- Up-to-date: /home/rho9/chapt3/topic_practise_ws/install/status_interfaces/share/status_interfaces/local_setup.sh
[0.558s] -- Up-to-date: /home/rho9/chapt3/topic_practise_ws/install/status_interfaces/share/status_interfaces/local_setup.zsh
[0.558s] -- Up-to-date: /home/rho9/chapt3/topic_practise_ws/install/status_interfaces/share/status_interfaces/local_setup.dsv
[0.559s] -- Installing: /home/rho9/chapt3/topic_practise_ws/install/status_interfaces/share/status_interfaces/package.dsv
[0.559s] -- Up-to-date: /home/rho9/chapt3/topic_practise_ws/install/status_interfaces/share/ament_index/resource_index/packages/status_interfaces
[0.560s] -- Up-to-date: /home/rho9/chapt3/topic_practise_ws/install/status_interfaces/share/status_interfaces/cmake/export_status_interfaces__rosidl_generator_cExport.cmake
[0.560s] -- Up-to-date: /home/rho9/chapt3/topic_practise_ws/install/status_interfaces/share/status_interfaces/cmake/export_status_interfaces__rosidl_generator_cExport-noconfig.cmake
[0.561s] -- Up-to-date: /home/rho9/chapt3/topic_practise_ws/install/status_interfaces/share/status_interfaces/cmake/export_status_interfaces__rosidl_typesupport_fastrtps_cExport.cmake
[0.561s] -- Up-to-date: /home/rho9/chapt3/topic_practise_ws/install/status_interfaces/share/status_interfaces/cmake/export_status_interfaces__rosidl_typesupport_fastrtps_cExport-noconfig.cmake
[0.562s] -- Up-to-date: /home/rho9/chapt3/topic_practise_ws/install/status_interfaces/share/status_interfaces/cmake/export_status_interfaces__rosidl_generator_cppExport.cmake
[0.563s] -- Up-to-date: /home/rho9/chapt3/topic_practise_ws/install/status_interfaces/share/status_interfaces/cmake/export_status_interfaces__rosidl_typesupport_fastrtps_cppExport.cmake
[0.563s] -- Up-to-date: /home/rho9/chapt3/topic_practise_ws/install/status_interfaces/share/status_interfaces/cmake/export_status_interfaces__rosidl_typesupport_fastrtps_cppExport-noconfig.cmake
[0.564s] -- Up-to-date: /home/rho9/chapt3/topic_practise_ws/install/status_interfaces/share/status_interfaces/cmake/status_interfaces__rosidl_typesupport_introspection_cExport.cmake
[0.564s] -- Up-to-date: /home/rho9/chapt3/topic_practise_ws/install/status_interfaces/share/status_interfaces/cmake/status_interfaces__rosidl_typesupport_introspection_cExport-noconfig.cmake
[0.565s] -- Up-to-date: /home/rho9/chapt3/topic_practise_ws/install/status_interfaces/share/status_interfaces/cmake/status_interfaces__rosidl_typesupport_cExport.cmake
[0.565s] -- Up-to-date: /home/rho9/chapt3/topic_practise_ws/install/status_interfaces/share/status_interfaces/cmake/status_interfaces__rosidl_typesupport_cExport-noconfig.cmake
[0.565s] -- Up-to-date: /home/rho9/chapt3/topic_practise_ws/install/status_interfaces/share/status_interfaces/cmake/status_interfaces__rosidl_typesupport_introspection_cppExport.cmake
[0.566s] -- Up-to-date: /home/rho9/chapt3/topic_practise_ws/install/status_interfaces/share/status_interfaces/cmake/status_interfaces__rosidl_typesupport_introspection_cppExport-noconfig.cmake
[0.566s] -- Up-to-date: /home/rho9/chapt3/topic_practise_ws/install/status_interfaces/share/status_interfaces/cmake/status_interfaces__rosidl_typesupport_cppExport.cmake
[0.567s] -- Up-to-date: /home/rho9/chapt3/topic_practise_ws/install/status_interfaces/share/status_interfaces/cmake/status_interfaces__rosidl_typesupport_cppExport-noconfig.cmake
[0.567s] -- Up-to-date: /home/rho9/chapt3/topic_practise_ws/install/status_interfaces/share/status_interfaces/cmake/export_status_interfaces__rosidl_generator_pyExport.cmake
[0.568s] -- Up-to-date: /home/rho9/chapt3/topic_practise_ws/install/status_interfaces/share/status_interfaces/cmake/export_status_interfaces__rosidl_generator_pyExport-noconfig.cmake
[0.568s] -- Up-to-date: /home/rho9/chapt3/topic_practise_ws/install/status_interfaces/share/status_interfaces/cmake/rosidl_cmake-extras.cmake
[0.568s] -- Up-to-date: /home/rho9/chapt3/topic_practise_ws/install/status_interfaces/share/status_interfaces/cmake/ament_cmake_export_dependencies-extras.cmake
[0.568s] -- Up-to-date: /home/rho9/chapt3/topic_practise_ws/install/status_interfaces/share/status_interfaces/cmake/ament_cmake_export_include_directories-extras.cmake
[0.568s] -- Up-to-date: /home/rho9/chapt3/topic_practise_ws/install/status_interfaces/share/status_interfaces/cmake/ament_cmake_export_libraries-extras.cmake
[0.568s] -- Up-to-date: /home/rho9/chapt3/topic_practise_ws/install/status_interfaces/share/status_interfaces/cmake/ament_cmake_export_targets-extras.cmake
[0.568s] -- Up-to-date: /home/rho9/chapt3/topic_practise_ws/install/status_interfaces/share/status_interfaces/cmake/rosidl_cmake_export_typesupport_targets-extras.cmake
[0.569s] -- Up-to-date: /home/rho9/chapt3/topic_practise_ws/install/status_interfaces/share/status_interfaces/cmake/rosidl_cmake_export_typesupport_libraries-extras.cmake
[0.569s] -- Up-to-date: /home/rho9/chapt3/topic_practise_ws/install/status_interfaces/share/status_interfaces/cmake/status_interfacesConfig.cmake
[0.569s] -- Up-to-date: /home/rho9/chapt3/topic_practise_ws/install/status_interfaces/share/status_interfaces/cmake/status_interfacesConfig-version.cmake
[0.569s] -- Up-to-date: /home/rho9/chapt3/topic_practise_ws/install/status_interfaces/share/status_interfaces/package.xml
[0.571s] Invoked command in '/home/rho9/chapt3/topic_practise_ws/build/status_interfaces' returned '0': CMAKE_PREFIX_PATH=${CMAKE_PREFIX_PATH}:/opt/ros/jazzy /usr/bin/cmake --install /home/rho9/chapt3/topic_practise_ws/build/status_interfaces
