[0.147s] DEBUG:colcon:Command line arguments: ['/usr/bin/colcon', 'build']
[0.147s] DEBUG:colcon:Parsed command line arguments: Namespace(log_base=None, log_level=None, verb_name='build', build_base='build', install_base='install', merge_install=False, symlink_install=False, test_result_base=None, continue_on_error=False, executor='parallel', parallel_workers=20, event_handlers=None, ignore_user_meta=False, metas=['./colcon.meta'], base_paths=['.'], packages_ignore=None, packages_ignore_regex=None, paths=None, packages_up_to=None, packages_up_to_regex=None, packages_above=None, packages_above_and_dependencies=None, packages_above_depth=None, packages_select_by_dep=None, packages_skip_by_dep=None, packages_skip_up_to=None, packages_select_build_failed=False, packages_skip_build_finished=False, packages_select_test_failures=False, packages_skip_test_passed=False, packages_select=None, packages_skip=None, packages_select_regex=None, packages_skip_regex=None, packages_start=None, packages_end=None, cmake_args=None, cmake_target=None, cmake_target_skip_unavailable=False, cmake_clean_cache=False, cmake_clean_first=False, cmake_force_configure=False, ament_cmake_args=None, catkin_cmake_args=None, catkin_skip_building_tests=False, verb_parser=<colcon_defaults.argument_parser.defaults.DefaultArgumentsDecorator object at 0x7ce7d1a0cfe0>, verb_extension=<colcon_core.verb.build.BuildVerb object at 0x7ce7d1a0c530>, main=<bound method BuildVerb.main of <colcon_core.verb.build.BuildVerb object at 0x7ce7d1a0c530>>)
[0.186s] Level 1:colcon.colcon_core.package_discovery:discover_packages(colcon_meta) check parameters
[0.186s] Level 1:colcon.colcon_core.package_discovery:discover_packages(recursive) check parameters
[0.186s] Level 1:colcon.colcon_core.package_discovery:discover_packages(ignore) check parameters
[0.186s] Level 1:colcon.colcon_core.package_discovery:discover_packages(path) check parameters
[0.186s] Level 1:colcon.colcon_core.package_discovery:discover_packages(colcon_meta) discover
[0.186s] Level 1:colcon.colcon_core.package_discovery:discover_packages(recursive) discover
[0.186s] INFO:colcon.colcon_core.package_discovery:Crawling recursively for packages in '/home/rho9/chapt3/topic_practise_ws'
[0.186s] Level 1:colcon.colcon_core.package_identification:_identify(.) by extensions ['ignore', 'ignore_ament_install']
[0.186s] Level 1:colcon.colcon_core.package_identification:_identify(.) by extension 'ignore'
[0.186s] Level 1:colcon.colcon_core.package_identification:_identify(.) by extension 'ignore_ament_install'
[0.187s] Level 1:colcon.colcon_core.package_identification:_identify(.) by extensions ['colcon_pkg']
[0.187s] Level 1:colcon.colcon_core.package_identification:_identify(.) by extension 'colcon_pkg'
[0.187s] Level 1:colcon.colcon_core.package_identification:_identify(.) by extensions ['colcon_meta']
[0.187s] Level 1:colcon.colcon_core.package_identification:_identify(.) by extension 'colcon_meta'
[0.187s] Level 1:colcon.colcon_core.package_identification:_identify(.) by extensions ['ros']
[0.187s] Level 1:colcon.colcon_core.package_identification:_identify(.) by extension 'ros'
[0.211s] Level 1:colcon.colcon_core.package_identification:_identify(.) by extensions ['cmake', 'python']
[0.211s] Level 1:colcon.colcon_core.package_identification:_identify(.) by extension 'cmake'
[0.211s] Level 1:colcon.colcon_core.package_identification:_identify(.) by extension 'python'
[0.212s] Level 1:colcon.colcon_core.package_identification:_identify(.) by extensions ['python_setup_py']
[0.212s] Level 1:colcon.colcon_core.package_identification:_identify(.) by extension 'python_setup_py'
[0.212s] Level 1:colcon.colcon_core.package_identification:_identify(build) by extensions ['ignore', 'ignore_ament_install']
[0.212s] Level 1:colcon.colcon_core.package_identification:_identify(build) by extension 'ignore'
[0.212s] Level 1:colcon.colcon_core.package_identification:_identify(build) ignored
[0.212s] Level 1:colcon.colcon_core.package_identification:_identify(install) by extensions ['ignore', 'ignore_ament_install']
[0.212s] Level 1:colcon.colcon_core.package_identification:_identify(install) by extension 'ignore'
[0.212s] Level 1:colcon.colcon_core.package_identification:_identify(install) ignored
[0.212s] Level 1:colcon.colcon_core.package_identification:_identify(log) by extensions ['ignore', 'ignore_ament_install']
[0.212s] Level 1:colcon.colcon_core.package_identification:_identify(log) by extension 'ignore'
[0.212s] Level 1:colcon.colcon_core.package_identification:_identify(log) ignored
[0.213s] Level 1:colcon.colcon_core.package_identification:_identify(src) by extensions ['ignore', 'ignore_ament_install']
[0.213s] Level 1:colcon.colcon_core.package_identification:_identify(src) by extension 'ignore'
[0.213s] Level 1:colcon.colcon_core.package_identification:_identify(src) by extension 'ignore_ament_install'
[0.213s] Level 1:colcon.colcon_core.package_identification:_identify(src) by extensions ['colcon_pkg']
[0.213s] Level 1:colcon.colcon_core.package_identification:_identify(src) by extension 'colcon_pkg'
[0.213s] Level 1:colcon.colcon_core.package_identification:_identify(src) by extensions ['colcon_meta']
[0.213s] Level 1:colcon.colcon_core.package_identification:_identify(src) by extension 'colcon_meta'
[0.213s] Level 1:colcon.colcon_core.package_identification:_identify(src) by extensions ['ros']
[0.213s] Level 1:colcon.colcon_core.package_identification:_identify(src) by extension 'ros'
[0.213s] Level 1:colcon.colcon_core.package_identification:_identify(src) by extensions ['cmake', 'python']
[0.213s] Level 1:colcon.colcon_core.package_identification:_identify(src) by extension 'cmake'
[0.213s] Level 1:colcon.colcon_core.package_identification:_identify(src) by extension 'python'
[0.213s] Level 1:colcon.colcon_core.package_identification:_identify(src) by extensions ['python_setup_py']
[0.213s] Level 1:colcon.colcon_core.package_identification:_identify(src) by extension 'python_setup_py'
[0.213s] Level 1:colcon.colcon_core.package_identification:_identify(src/status_display) by extensions ['ignore', 'ignore_ament_install']
[0.213s] Level 1:colcon.colcon_core.package_identification:_identify(src/status_display) by extension 'ignore'
[0.213s] Level 1:colcon.colcon_core.package_identification:_identify(src/status_display) by extension 'ignore_ament_install'
[0.213s] Level 1:colcon.colcon_core.package_identification:_identify(src/status_display) by extensions ['colcon_pkg']
[0.214s] Level 1:colcon.colcon_core.package_identification:_identify(src/status_display) by extension 'colcon_pkg'
[0.214s] Level 1:colcon.colcon_core.package_identification:_identify(src/status_display) by extensions ['colcon_meta']
[0.214s] Level 1:colcon.colcon_core.package_identification:_identify(src/status_display) by extension 'colcon_meta'
[0.214s] Level 1:colcon.colcon_core.package_identification:_identify(src/status_display) by extensions ['ros']
[0.214s] Level 1:colcon.colcon_core.package_identification:_identify(src/status_display) by extension 'ros'
[0.216s] DEBUG:colcon.colcon_core.package_identification:Package 'src/status_display' with type 'ros.ament_cmake' and name 'status_display'
[0.216s] Level 1:colcon.colcon_core.package_identification:_identify(src/status_interfaces) by extensions ['ignore', 'ignore_ament_install']
[0.216s] Level 1:colcon.colcon_core.package_identification:_identify(src/status_interfaces) by extension 'ignore'
[0.216s] Level 1:colcon.colcon_core.package_identification:_identify(src/status_interfaces) by extension 'ignore_ament_install'
[0.217s] Level 1:colcon.colcon_core.package_identification:_identify(src/status_interfaces) by extensions ['colcon_pkg']
[0.217s] Level 1:colcon.colcon_core.package_identification:_identify(src/status_interfaces) by extension 'colcon_pkg'
[0.217s] Level 1:colcon.colcon_core.package_identification:_identify(src/status_interfaces) by extensions ['colcon_meta']
[0.217s] Level 1:colcon.colcon_core.package_identification:_identify(src/status_interfaces) by extension 'colcon_meta'
[0.217s] Level 1:colcon.colcon_core.package_identification:_identify(src/status_interfaces) by extensions ['ros']
[0.217s] Level 1:colcon.colcon_core.package_identification:_identify(src/status_interfaces) by extension 'ros'
[0.217s] DEBUG:colcon.colcon_core.package_identification:Package 'src/status_interfaces' with type 'ros.ament_cmake' and name 'status_interfaces'
[0.218s] Level 1:colcon.colcon_core.package_identification:_identify(src/status_publisher) by extensions ['ignore', 'ignore_ament_install']
[0.218s] Level 1:colcon.colcon_core.package_identification:_identify(src/status_publisher) by extension 'ignore'
[0.218s] Level 1:colcon.colcon_core.package_identification:_identify(src/status_publisher) by extension 'ignore_ament_install'
[0.218s] Level 1:colcon.colcon_core.package_identification:_identify(src/status_publisher) by extensions ['colcon_pkg']
[0.218s] Level 1:colcon.colcon_core.package_identification:_identify(src/status_publisher) by extension 'colcon_pkg'
[0.218s] Level 1:colcon.colcon_core.package_identification:_identify(src/status_publisher) by extensions ['colcon_meta']
[0.218s] Level 1:colcon.colcon_core.package_identification:_identify(src/status_publisher) by extension 'colcon_meta'
[0.218s] Level 1:colcon.colcon_core.package_identification:_identify(src/status_publisher) by extensions ['ros']
[0.218s] Level 1:colcon.colcon_core.package_identification:_identify(src/status_publisher) by extension 'ros'
[0.219s] DEBUG:colcon.colcon_core.package_identification:Package 'src/status_publisher' with type 'ros.ament_python' and name 'status_publisher'
[0.219s] Level 1:colcon.colcon_core.package_discovery:discover_packages(recursive) using defaults
[0.219s] Level 1:colcon.colcon_core.package_discovery:discover_packages(ignore) discover
[0.219s] Level 1:colcon.colcon_core.package_discovery:discover_packages(ignore) using defaults
[0.219s] Level 1:colcon.colcon_core.package_discovery:discover_packages(path) discover
[0.219s] Level 1:colcon.colcon_core.package_discovery:discover_packages(path) using defaults
[0.237s] Level 5:colcon.colcon_core.verb:set package 'status_interfaces' build argument 'cmake_args' from command line to 'None'
[0.237s] Level 5:colcon.colcon_core.verb:set package 'status_interfaces' build argument 'cmake_target' from command line to 'None'
[0.237s] Level 5:colcon.colcon_core.verb:set package 'status_interfaces' build argument 'cmake_target_skip_unavailable' from command line to 'False'
[0.237s] Level 5:colcon.colcon_core.verb:set package 'status_interfaces' build argument 'cmake_clean_cache' from command line to 'False'
[0.237s] Level 5:colcon.colcon_core.verb:set package 'status_interfaces' build argument 'cmake_clean_first' from command line to 'False'
[0.237s] Level 5:colcon.colcon_core.verb:set package 'status_interfaces' build argument 'cmake_force_configure' from command line to 'False'
[0.237s] Level 5:colcon.colcon_core.verb:set package 'status_interfaces' build argument 'ament_cmake_args' from command line to 'None'
[0.237s] Level 5:colcon.colcon_core.verb:set package 'status_interfaces' build argument 'catkin_cmake_args' from command line to 'None'
[0.237s] Level 5:colcon.colcon_core.verb:set package 'status_interfaces' build argument 'catkin_skip_building_tests' from command line to 'False'
[0.237s] DEBUG:colcon.colcon_core.verb:Building package 'status_interfaces' with the following arguments: {'ament_cmake_args': None, 'build_base': '/home/rho9/chapt3/topic_practise_ws/build/status_interfaces', 'catkin_cmake_args': None, 'catkin_skip_building_tests': False, 'cmake_args': None, 'cmake_clean_cache': False, 'cmake_clean_first': False, 'cmake_force_configure': False, 'cmake_target': None, 'cmake_target_skip_unavailable': False, 'install_base': '/home/rho9/chapt3/topic_practise_ws/install/status_interfaces', 'merge_install': False, 'path': '/home/rho9/chapt3/topic_practise_ws/src/status_interfaces', 'symlink_install': False, 'test_result_base': None}
[0.237s] Level 5:colcon.colcon_core.verb:set package 'status_display' build argument 'cmake_args' from command line to 'None'
[0.237s] Level 5:colcon.colcon_core.verb:set package 'status_display' build argument 'cmake_target' from command line to 'None'
[0.237s] Level 5:colcon.colcon_core.verb:set package 'status_display' build argument 'cmake_target_skip_unavailable' from command line to 'False'
[0.237s] Level 5:colcon.colcon_core.verb:set package 'status_display' build argument 'cmake_clean_cache' from command line to 'False'
[0.237s] Level 5:colcon.colcon_core.verb:set package 'status_display' build argument 'cmake_clean_first' from command line to 'False'
[0.237s] Level 5:colcon.colcon_core.verb:set package 'status_display' build argument 'cmake_force_configure' from command line to 'False'
[0.237s] Level 5:colcon.colcon_core.verb:set package 'status_display' build argument 'ament_cmake_args' from command line to 'None'
[0.237s] Level 5:colcon.colcon_core.verb:set package 'status_display' build argument 'catkin_cmake_args' from command line to 'None'
[0.237s] Level 5:colcon.colcon_core.verb:set package 'status_display' build argument 'catkin_skip_building_tests' from command line to 'False'
[0.237s] DEBUG:colcon.colcon_core.verb:Building package 'status_display' with the following arguments: {'ament_cmake_args': None, 'build_base': '/home/rho9/chapt3/topic_practise_ws/build/status_display', 'catkin_cmake_args': None, 'catkin_skip_building_tests': False, 'cmake_args': None, 'cmake_clean_cache': False, 'cmake_clean_first': False, 'cmake_force_configure': False, 'cmake_target': None, 'cmake_target_skip_unavailable': False, 'install_base': '/home/rho9/chapt3/topic_practise_ws/install/status_display', 'merge_install': False, 'path': '/home/rho9/chapt3/topic_practise_ws/src/status_display', 'symlink_install': False, 'test_result_base': None}
[0.238s] Level 5:colcon.colcon_core.verb:set package 'status_publisher' build argument 'cmake_args' from command line to 'None'
[0.238s] Level 5:colcon.colcon_core.verb:set package 'status_publisher' build argument 'cmake_target' from command line to 'None'
[0.238s] Level 5:colcon.colcon_core.verb:set package 'status_publisher' build argument 'cmake_target_skip_unavailable' from command line to 'False'
[0.238s] Level 5:colcon.colcon_core.verb:set package 'status_publisher' build argument 'cmake_clean_cache' from command line to 'False'
[0.238s] Level 5:colcon.colcon_core.verb:set package 'status_publisher' build argument 'cmake_clean_first' from command line to 'False'
[0.238s] Level 5:colcon.colcon_core.verb:set package 'status_publisher' build argument 'cmake_force_configure' from command line to 'False'
[0.238s] Level 5:colcon.colcon_core.verb:set package 'status_publisher' build argument 'ament_cmake_args' from command line to 'None'
[0.238s] Level 5:colcon.colcon_core.verb:set package 'status_publisher' build argument 'catkin_cmake_args' from command line to 'None'
[0.238s] Level 5:colcon.colcon_core.verb:set package 'status_publisher' build argument 'catkin_skip_building_tests' from command line to 'False'
[0.238s] DEBUG:colcon.colcon_core.verb:Building package 'status_publisher' with the following arguments: {'ament_cmake_args': None, 'build_base': '/home/rho9/chapt3/topic_practise_ws/build/status_publisher', 'catkin_cmake_args': None, 'catkin_skip_building_tests': False, 'cmake_args': None, 'cmake_clean_cache': False, 'cmake_clean_first': False, 'cmake_force_configure': False, 'cmake_target': None, 'cmake_target_skip_unavailable': False, 'install_base': '/home/rho9/chapt3/topic_practise_ws/install/status_publisher', 'merge_install': False, 'path': '/home/rho9/chapt3/topic_practise_ws/src/status_publisher', 'symlink_install': False, 'test_result_base': None}
[0.238s] INFO:colcon.colcon_core.executor:Executing jobs using 'parallel' executor
[0.239s] DEBUG:colcon.colcon_parallel_executor.executor.parallel:run_until_complete
[0.239s] INFO:colcon.colcon_ros.task.ament_cmake.build:Building ROS package in '/home/rho9/chapt3/topic_practise_ws/src/status_interfaces' with build type 'ament_cmake'
[0.239s] INFO:colcon.colcon_cmake.task.cmake.build:Building CMake package in '/home/rho9/chapt3/topic_practise_ws/src/status_interfaces'
[0.241s] INFO:colcon.colcon_core.plugin_system:Skipping extension 'colcon_core.shell.bat': Not used on non-Windows systems
[0.241s] DEBUG:colcon.colcon_core.shell:Skip shell extension 'dsv' for command environment
[0.249s] DEBUG:colcon.colcon_core.event_handler.log_command:Invoking command in '/home/rho9/chapt3/topic_practise_ws/build/status_interfaces': CMAKE_PREFIX_PATH=${CMAKE_PREFIX_PATH}:/opt/ros/jazzy /usr/bin/cmake --build /home/rho9/chapt3/topic_practise_ws/build/status_interfaces -- -j20 -l20
[0.590s] DEBUG:colcon.colcon_core.event_handler.log_command:Invoked command in '/home/rho9/chapt3/topic_practise_ws/build/status_interfaces' returned '0': CMAKE_PREFIX_PATH=${CMAKE_PREFIX_PATH}:/opt/ros/jazzy /usr/bin/cmake --build /home/rho9/chapt3/topic_practise_ws/build/status_interfaces -- -j20 -l20
[0.600s] DEBUG:colcon.colcon_core.event_handler.log_command:Invoking command in '/home/rho9/chapt3/topic_practise_ws/build/status_interfaces': CMAKE_PREFIX_PATH=${CMAKE_PREFIX_PATH}:/opt/ros/jazzy /usr/bin/cmake --install /home/rho9/chapt3/topic_practise_ws/build/status_interfaces
[0.651s] Level 1:colcon.colcon_core.environment:create_environment_scripts_only(status_interfaces)
[0.651s] DEBUG:colcon.colcon_core.event_handler.log_command:Invoked command in '/home/rho9/chapt3/topic_practise_ws/build/status_interfaces' returned '0': CMAKE_PREFIX_PATH=${CMAKE_PREFIX_PATH}:/opt/ros/jazzy /usr/bin/cmake --install /home/rho9/chapt3/topic_practise_ws/build/status_interfaces
[0.653s] Level 1:colcon.colcon_core.environment:checking '/home/rho9/chapt3/topic_practise_ws/install/status_interfaces' for CMake module files
[0.653s] Level 1:colcon.colcon_core.environment:checking '/home/rho9/chapt3/topic_practise_ws/install/status_interfaces' for CMake config files
[0.653s] Level 1:colcon.colcon_core.shell:create_environment_hook('status_interfaces', 'cmake_prefix_path')
[0.653s] INFO:colcon.colcon_core.shell:Creating environment descriptor '/home/rho9/chapt3/topic_practise_ws/install/status_interfaces/share/status_interfaces/hook/cmake_prefix_path.dsv'
[0.654s] INFO:colcon.colcon_core.shell:Creating environment hook '/home/rho9/chapt3/topic_practise_ws/install/status_interfaces/share/status_interfaces/hook/cmake_prefix_path.sh'
[0.654s] Level 1:colcon.colcon_core.environment:checking '/home/rho9/chapt3/topic_practise_ws/install/status_interfaces/lib'
[0.655s] Level 1:colcon.colcon_core.shell:create_environment_hook('status_interfaces', 'ld_library_path_lib')
[0.655s] INFO:colcon.colcon_core.shell:Creating environment descriptor '/home/rho9/chapt3/topic_practise_ws/install/status_interfaces/share/status_interfaces/hook/ld_library_path_lib.dsv'
[0.655s] INFO:colcon.colcon_core.shell:Creating environment hook '/home/rho9/chapt3/topic_practise_ws/install/status_interfaces/share/status_interfaces/hook/ld_library_path_lib.sh'
[0.655s] Level 1:colcon.colcon_core.environment:checking '/home/rho9/chapt3/topic_practise_ws/install/status_interfaces/bin'
[0.655s] Level 1:colcon.colcon_core.environment:checking '/home/rho9/chapt3/topic_practise_ws/install/status_interfaces/lib/pkgconfig/status_interfaces.pc'
[0.657s] Level 1:colcon.colcon_core.environment:checking '/home/rho9/chapt3/topic_practise_ws/install/status_interfaces/lib/python3.12/site-packages'
[0.657s] Level 1:colcon.colcon_core.shell:create_environment_hook('status_interfaces', 'pythonpath')
[0.657s] INFO:colcon.colcon_core.shell:Creating environment descriptor '/home/rho9/chapt3/topic_practise_ws/install/status_interfaces/share/status_interfaces/hook/pythonpath.dsv'
[0.658s] INFO:colcon.colcon_core.shell:Creating environment hook '/home/rho9/chapt3/topic_practise_ws/install/status_interfaces/share/status_interfaces/hook/pythonpath.sh'
[0.658s] Level 1:colcon.colcon_core.environment:checking '/home/rho9/chapt3/topic_practise_ws/install/status_interfaces/bin'
[0.658s] INFO:colcon.colcon_core.shell:Creating package descriptor '/home/rho9/chapt3/topic_practise_ws/install/status_interfaces/share/status_interfaces/package.dsv'
[0.659s] INFO:colcon.colcon_core.shell:Creating package script '/home/rho9/chapt3/topic_practise_ws/install/status_interfaces/share/status_interfaces/package.sh'
[0.660s] INFO:colcon.colcon_core.shell:Creating package script '/home/rho9/chapt3/topic_practise_ws/install/status_interfaces/share/status_interfaces/package.bash'
[0.660s] INFO:colcon.colcon_core.shell:Creating package script '/home/rho9/chapt3/topic_practise_ws/install/status_interfaces/share/status_interfaces/package.zsh'
[0.661s] Level 1:colcon.colcon_core.environment:create_file_with_runtime_dependencies(/home/rho9/chapt3/topic_practise_ws/install/status_interfaces/share/colcon-core/packages/status_interfaces)
[0.661s] Level 1:colcon.colcon_core.environment:create_environment_scripts_only(status_interfaces)
[0.661s] Level 1:colcon.colcon_core.environment:checking '/home/rho9/chapt3/topic_practise_ws/install/status_interfaces' for CMake module files
[0.662s] Level 1:colcon.colcon_core.environment:checking '/home/rho9/chapt3/topic_practise_ws/install/status_interfaces' for CMake config files
[0.662s] Level 1:colcon.colcon_core.shell:create_environment_hook('status_interfaces', 'cmake_prefix_path')
[0.662s] INFO:colcon.colcon_core.shell:Creating environment descriptor '/home/rho9/chapt3/topic_practise_ws/install/status_interfaces/share/status_interfaces/hook/cmake_prefix_path.dsv'
[0.663s] INFO:colcon.colcon_core.shell:Creating environment hook '/home/rho9/chapt3/topic_practise_ws/install/status_interfaces/share/status_interfaces/hook/cmake_prefix_path.sh'
[0.664s] Level 1:colcon.colcon_core.environment:checking '/home/rho9/chapt3/topic_practise_ws/install/status_interfaces/lib'
[0.664s] Level 1:colcon.colcon_core.shell:create_environment_hook('status_interfaces', 'ld_library_path_lib')
[0.664s] INFO:colcon.colcon_core.shell:Creating environment descriptor '/home/rho9/chapt3/topic_practise_ws/install/status_interfaces/share/status_interfaces/hook/ld_library_path_lib.dsv'
[0.664s] INFO:colcon.colcon_core.shell:Creating environment hook '/home/rho9/chapt3/topic_practise_ws/install/status_interfaces/share/status_interfaces/hook/ld_library_path_lib.sh'
[0.665s] Level 1:colcon.colcon_core.environment:checking '/home/rho9/chapt3/topic_practise_ws/install/status_interfaces/bin'
[0.665s] Level 1:colcon.colcon_core.environment:checking '/home/rho9/chapt3/topic_practise_ws/install/status_interfaces/lib/pkgconfig/status_interfaces.pc'
[0.665s] Level 1:colcon.colcon_core.environment:checking '/home/rho9/chapt3/topic_practise_ws/install/status_interfaces/lib/python3.12/site-packages'
[0.665s] Level 1:colcon.colcon_core.shell:create_environment_hook('status_interfaces', 'pythonpath')
[0.665s] INFO:colcon.colcon_core.shell:Creating environment descriptor '/home/rho9/chapt3/topic_practise_ws/install/status_interfaces/share/status_interfaces/hook/pythonpath.dsv'
[0.666s] INFO:colcon.colcon_core.shell:Creating environment hook '/home/rho9/chapt3/topic_practise_ws/install/status_interfaces/share/status_interfaces/hook/pythonpath.sh'
[0.666s] Level 1:colcon.colcon_core.environment:checking '/home/rho9/chapt3/topic_practise_ws/install/status_interfaces/bin'
[0.666s] INFO:colcon.colcon_core.shell:Creating package descriptor '/home/rho9/chapt3/topic_practise_ws/install/status_interfaces/share/status_interfaces/package.dsv'
[0.667s] INFO:colcon.colcon_core.shell:Creating package script '/home/rho9/chapt3/topic_practise_ws/install/status_interfaces/share/status_interfaces/package.sh'
[0.668s] INFO:colcon.colcon_core.shell:Creating package script '/home/rho9/chapt3/topic_practise_ws/install/status_interfaces/share/status_interfaces/package.bash'
[0.668s] INFO:colcon.colcon_core.shell:Creating package script '/home/rho9/chapt3/topic_practise_ws/install/status_interfaces/share/status_interfaces/package.zsh'
[0.668s] Level 1:colcon.colcon_core.environment:create_file_with_runtime_dependencies(/home/rho9/chapt3/topic_practise_ws/install/status_interfaces/share/colcon-core/packages/status_interfaces)
[0.669s] INFO:colcon.colcon_ros.task.ament_cmake.build:Building ROS package in '/home/rho9/chapt3/topic_practise_ws/src/status_display' with build type 'ament_cmake'
[0.669s] INFO:colcon.colcon_cmake.task.cmake.build:Building CMake package in '/home/rho9/chapt3/topic_practise_ws/src/status_display'
[0.669s] DEBUG:colcon.colcon_core.shell:Skip shell extension 'dsv' for command environment
[0.672s] INFO:colcon.colcon_ros.task.ament_python.build:Building ROS package in '/home/rho9/chapt3/topic_practise_ws/src/status_publisher' with build type 'ament_python'
[0.672s] Level 1:colcon.colcon_core.shell:create_environment_hook('status_publisher', 'ament_prefix_path')
[0.672s] INFO:colcon.colcon_core.shell:Creating environment descriptor '/home/rho9/chapt3/topic_practise_ws/install/status_publisher/share/status_publisher/hook/ament_prefix_path.dsv'
[0.673s] INFO:colcon.colcon_core.shell:Creating environment hook '/home/rho9/chapt3/topic_practise_ws/install/status_publisher/share/status_publisher/hook/ament_prefix_path.sh'
[0.673s] DEBUG:colcon.colcon_core.shell:Skip shell extension 'dsv' for command environment
[0.937s] INFO:colcon.colcon_core.task.python.build:Building Python package in '/home/rho9/chapt3/topic_practise_ws/src/status_publisher'
[0.937s] DEBUG:colcon.colcon_core.shell:Skip shell extension 'dsv' for command environment
[0.944s] DEBUG:colcon.colcon_core.event_handler.log_command:Invoking command in '/home/rho9/chapt3/topic_practise_ws/build/status_display': AMENT_PREFIX_PATH=/home/rho9/chapt3/topic_practise_ws/install/status_interfaces:${AMENT_PREFIX_PATH} CMAKE_PREFIX_PATH=/home/rho9/chapt3/topic_practise_ws/install/status_interfaces:/opt/ros/jazzy/opt/gz_math_vendor:/opt/ros/jazzy/opt/gz_utils_vendor:/opt/ros/jazzy/opt/gz_cmake_vendor:/opt/ros/jazzy LD_LIBRARY_PATH=/home/rho9/chapt3/topic_practise_ws/install/status_interfaces/lib:${LD_LIBRARY_PATH} PYTHONPATH=/home/rho9/chapt3/topic_practise_ws/install/status_interfaces/lib/python3.12/site-packages:${PYTHONPATH} /usr/bin/cmake --build /home/rho9/chapt3/topic_practise_ws/build/status_display -- -j20 -l20
[1.612s] DEBUG:colcon.colcon_core.event_handler.log_command:Invoking command in '/home/rho9/chapt3/topic_practise_ws/src/status_publisher': AMENT_PREFIX_PATH=/home/rho9/chapt3/topic_practise_ws/install/status_interfaces:${AMENT_PREFIX_PATH} CMAKE_PREFIX_PATH=/home/rho9/chapt3/topic_practise_ws/install/status_interfaces:${CMAKE_PREFIX_PATH} LD_LIBRARY_PATH=/home/rho9/chapt3/topic_practise_ws/install/status_interfaces/lib:${LD_LIBRARY_PATH} PYTHONPATH=/home/rho9/chapt3/topic_practise_ws/build/status_publisher/prefix_override:/usr/lib/python3/dist-packages/colcon_core/task/python/colcon_distutils_commands:/home/rho9/chapt3/topic_practise_ws/install/status_publisher/lib/python3.12/site-packages:/home/rho9/chapt3/topic_practise_ws/install/status_interfaces/lib/python3.12/site-packages:${PYTHONPATH} /usr/bin/python3 -W ignore:setup.py install is deprecated -W ignore:easy_install command is deprecated setup.py egg_info --egg-base ../../build/status_publisher build --build-base /home/rho9/chapt3/topic_practise_ws/build/status_publisher/build install --record /home/rho9/chapt3/topic_practise_ws/build/status_publisher/install.log --single-version-externally-managed install_data
[2.069s] Level 1:colcon.colcon_core.environment:checking '/home/rho9/chapt3/topic_practise_ws/install/status_publisher' for CMake module files
[2.069s] DEBUG:colcon.colcon_core.event_handler.log_command:Invoked command in '/home/rho9/chapt3/topic_practise_ws/src/status_publisher' returned '0': AMENT_PREFIX_PATH=/home/rho9/chapt3/topic_practise_ws/install/status_interfaces:${AMENT_PREFIX_PATH} CMAKE_PREFIX_PATH=/home/rho9/chapt3/topic_practise_ws/install/status_interfaces:${CMAKE_PREFIX_PATH} LD_LIBRARY_PATH=/home/rho9/chapt3/topic_practise_ws/install/status_interfaces/lib:${LD_LIBRARY_PATH} PYTHONPATH=/home/rho9/chapt3/topic_practise_ws/build/status_publisher/prefix_override:/usr/lib/python3/dist-packages/colcon_core/task/python/colcon_distutils_commands:/home/rho9/chapt3/topic_practise_ws/install/status_publisher/lib/python3.12/site-packages:/home/rho9/chapt3/topic_practise_ws/install/status_interfaces/lib/python3.12/site-packages:${PYTHONPATH} /usr/bin/python3 -W ignore:setup.py install is deprecated -W ignore:easy_install command is deprecated setup.py egg_info --egg-base ../../build/status_publisher build --build-base /home/rho9/chapt3/topic_practise_ws/build/status_publisher/build install --record /home/rho9/chapt3/topic_practise_ws/build/status_publisher/install.log --single-version-externally-managed install_data
[2.070s] Level 1:colcon.colcon_core.environment:checking '/home/rho9/chapt3/topic_practise_ws/install/status_publisher' for CMake config files
[2.070s] Level 1:colcon.colcon_core.environment:checking '/home/rho9/chapt3/topic_practise_ws/install/status_publisher/lib'
[2.070s] Level 1:colcon.colcon_core.environment:checking '/home/rho9/chapt3/topic_practise_ws/install/status_publisher/bin'
[2.070s] Level 1:colcon.colcon_core.environment:checking '/home/rho9/chapt3/topic_practise_ws/install/status_publisher/lib/pkgconfig/status_publisher.pc'
[2.071s] Level 1:colcon.colcon_core.environment:checking '/home/rho9/chapt3/topic_practise_ws/install/status_publisher/lib/python3.12/site-packages'
[2.071s] Level 1:colcon.colcon_core.shell:create_environment_hook('status_publisher', 'pythonpath')
[2.071s] INFO:colcon.colcon_core.shell:Creating environment descriptor '/home/rho9/chapt3/topic_practise_ws/install/status_publisher/share/status_publisher/hook/pythonpath.dsv'
[2.071s] INFO:colcon.colcon_core.shell:Creating environment hook '/home/rho9/chapt3/topic_practise_ws/install/status_publisher/share/status_publisher/hook/pythonpath.sh'
[2.072s] Level 1:colcon.colcon_core.environment:checking '/home/rho9/chapt3/topic_practise_ws/install/status_publisher/bin'
[2.072s] Level 1:colcon.colcon_core.environment:create_environment_scripts_only(status_publisher)
[2.072s] INFO:colcon.colcon_core.shell:Creating package descriptor '/home/rho9/chapt3/topic_practise_ws/install/status_publisher/share/status_publisher/package.dsv'
[2.073s] INFO:colcon.colcon_core.shell:Creating package script '/home/rho9/chapt3/topic_practise_ws/install/status_publisher/share/status_publisher/package.sh'
[2.073s] INFO:colcon.colcon_core.shell:Creating package script '/home/rho9/chapt3/topic_practise_ws/install/status_publisher/share/status_publisher/package.bash'
[2.074s] INFO:colcon.colcon_core.shell:Creating package script '/home/rho9/chapt3/topic_practise_ws/install/status_publisher/share/status_publisher/package.zsh'
[2.074s] Level 1:colcon.colcon_core.environment:create_file_with_runtime_dependencies(/home/rho9/chapt3/topic_practise_ws/install/status_publisher/share/colcon-core/packages/status_publisher)
[2.487s] DEBUG:colcon.colcon_core.event_handler.log_command:Invoked command in '/home/rho9/chapt3/topic_practise_ws/build/status_display' returned '0': AMENT_PREFIX_PATH=/home/rho9/chapt3/topic_practise_ws/install/status_interfaces:${AMENT_PREFIX_PATH} CMAKE_PREFIX_PATH=/home/rho9/chapt3/topic_practise_ws/install/status_interfaces:/opt/ros/jazzy/opt/gz_math_vendor:/opt/ros/jazzy/opt/gz_utils_vendor:/opt/ros/jazzy/opt/gz_cmake_vendor:/opt/ros/jazzy LD_LIBRARY_PATH=/home/rho9/chapt3/topic_practise_ws/install/status_interfaces/lib:${LD_LIBRARY_PATH} PYTHONPATH=/home/rho9/chapt3/topic_practise_ws/install/status_interfaces/lib/python3.12/site-packages:${PYTHONPATH} /usr/bin/cmake --build /home/rho9/chapt3/topic_practise_ws/build/status_display -- -j20 -l20
[2.488s] DEBUG:colcon.colcon_core.event_handler.log_command:Invoking command in '/home/rho9/chapt3/topic_practise_ws/build/status_display': AMENT_PREFIX_PATH=/home/rho9/chapt3/topic_practise_ws/install/status_interfaces:${AMENT_PREFIX_PATH} CMAKE_PREFIX_PATH=/home/rho9/chapt3/topic_practise_ws/install/status_interfaces:/opt/ros/jazzy/opt/gz_math_vendor:/opt/ros/jazzy/opt/gz_utils_vendor:/opt/ros/jazzy/opt/gz_cmake_vendor:/opt/ros/jazzy LD_LIBRARY_PATH=/home/rho9/chapt3/topic_practise_ws/install/status_interfaces/lib:${LD_LIBRARY_PATH} PYTHONPATH=/home/rho9/chapt3/topic_practise_ws/install/status_interfaces/lib/python3.12/site-packages:${PYTHONPATH} /usr/bin/cmake --install /home/rho9/chapt3/topic_practise_ws/build/status_display
[2.501s] Level 1:colcon.colcon_core.environment:create_environment_scripts_only(status_display)
[2.501s] Level 1:colcon.colcon_core.environment:checking '/home/rho9/chapt3/topic_practise_ws/install/status_display' for CMake module files
[2.502s] DEBUG:colcon.colcon_core.event_handler.log_command:Invoked command in '/home/rho9/chapt3/topic_practise_ws/build/status_display' returned '0': AMENT_PREFIX_PATH=/home/rho9/chapt3/topic_practise_ws/install/status_interfaces:${AMENT_PREFIX_PATH} CMAKE_PREFIX_PATH=/home/rho9/chapt3/topic_practise_ws/install/status_interfaces:/opt/ros/jazzy/opt/gz_math_vendor:/opt/ros/jazzy/opt/gz_utils_vendor:/opt/ros/jazzy/opt/gz_cmake_vendor:/opt/ros/jazzy LD_LIBRARY_PATH=/home/rho9/chapt3/topic_practise_ws/install/status_interfaces/lib:${LD_LIBRARY_PATH} PYTHONPATH=/home/rho9/chapt3/topic_practise_ws/install/status_interfaces/lib/python3.12/site-packages:${PYTHONPATH} /usr/bin/cmake --install /home/rho9/chapt3/topic_practise_ws/build/status_display
[2.502s] Level 1:colcon.colcon_core.environment:checking '/home/rho9/chapt3/topic_practise_ws/install/status_display' for CMake config files
[2.503s] Level 1:colcon.colcon_core.shell:create_environment_hook('status_display', 'cmake_prefix_path')
[2.503s] INFO:colcon.colcon_core.shell:Creating environment descriptor '/home/rho9/chapt3/topic_practise_ws/install/status_display/share/status_display/hook/cmake_prefix_path.dsv'
[2.503s] INFO:colcon.colcon_core.shell:Creating environment hook '/home/rho9/chapt3/topic_practise_ws/install/status_display/share/status_display/hook/cmake_prefix_path.sh'
[2.504s] Level 1:colcon.colcon_core.environment:checking '/home/rho9/chapt3/topic_practise_ws/install/status_display/lib'
[2.504s] Level 1:colcon.colcon_core.environment:checking '/home/rho9/chapt3/topic_practise_ws/install/status_display/bin'
[2.504s] Level 1:colcon.colcon_core.environment:checking '/home/rho9/chapt3/topic_practise_ws/install/status_display/lib/pkgconfig/status_display.pc'
[2.504s] Level 1:colcon.colcon_core.environment:checking '/home/rho9/chapt3/topic_practise_ws/install/status_display/lib/python3.12/site-packages'
[2.505s] Level 1:colcon.colcon_core.environment:checking '/home/rho9/chapt3/topic_practise_ws/install/status_display/bin'
[2.505s] INFO:colcon.colcon_core.shell:Creating package descriptor '/home/rho9/chapt3/topic_practise_ws/install/status_display/share/status_display/package.dsv'
[2.505s] INFO:colcon.colcon_core.shell:Creating package script '/home/rho9/chapt3/topic_practise_ws/install/status_display/share/status_display/package.sh'
[2.506s] INFO:colcon.colcon_core.shell:Creating package script '/home/rho9/chapt3/topic_practise_ws/install/status_display/share/status_display/package.bash'
[2.506s] INFO:colcon.colcon_core.shell:Creating package script '/home/rho9/chapt3/topic_practise_ws/install/status_display/share/status_display/package.zsh'
[2.506s] Level 1:colcon.colcon_core.environment:create_file_with_runtime_dependencies(/home/rho9/chapt3/topic_practise_ws/install/status_display/share/colcon-core/packages/status_display)
[2.507s] Level 1:colcon.colcon_core.environment:create_environment_scripts_only(status_display)
[2.507s] Level 1:colcon.colcon_core.environment:checking '/home/rho9/chapt3/topic_practise_ws/install/status_display' for CMake module files
[2.507s] Level 1:colcon.colcon_core.environment:checking '/home/rho9/chapt3/topic_practise_ws/install/status_display' for CMake config files
[2.508s] Level 1:colcon.colcon_core.shell:create_environment_hook('status_display', 'cmake_prefix_path')
[2.508s] INFO:colcon.colcon_core.shell:Creating environment descriptor '/home/rho9/chapt3/topic_practise_ws/install/status_display/share/status_display/hook/cmake_prefix_path.dsv'
[2.508s] INFO:colcon.colcon_core.shell:Creating environment hook '/home/rho9/chapt3/topic_practise_ws/install/status_display/share/status_display/hook/cmake_prefix_path.sh'
[2.509s] Level 1:colcon.colcon_core.environment:checking '/home/rho9/chapt3/topic_practise_ws/install/status_display/lib'
[2.509s] Level 1:colcon.colcon_core.environment:checking '/home/rho9/chapt3/topic_practise_ws/install/status_display/bin'
[2.509s] Level 1:colcon.colcon_core.environment:checking '/home/rho9/chapt3/topic_practise_ws/install/status_display/lib/pkgconfig/status_display.pc'
[2.509s] Level 1:colcon.colcon_core.environment:checking '/home/rho9/chapt3/topic_practise_ws/install/status_display/lib/python3.12/site-packages'
[2.509s] Level 1:colcon.colcon_core.environment:checking '/home/rho9/chapt3/topic_practise_ws/install/status_display/bin'
[2.510s] INFO:colcon.colcon_core.shell:Creating package descriptor '/home/rho9/chapt3/topic_practise_ws/install/status_display/share/status_display/package.dsv'
[2.510s] INFO:colcon.colcon_core.shell:Creating package script '/home/rho9/chapt3/topic_practise_ws/install/status_display/share/status_display/package.sh'
[2.510s] INFO:colcon.colcon_core.shell:Creating package script '/home/rho9/chapt3/topic_practise_ws/install/status_display/share/status_display/package.bash'
[2.511s] INFO:colcon.colcon_core.shell:Creating package script '/home/rho9/chapt3/topic_practise_ws/install/status_display/share/status_display/package.zsh'
[2.511s] Level 1:colcon.colcon_core.environment:create_file_with_runtime_dependencies(/home/rho9/chapt3/topic_practise_ws/install/status_display/share/colcon-core/packages/status_display)
[2.512s] DEBUG:colcon.colcon_parallel_executor.executor.parallel:closing loop
[2.512s] DEBUG:colcon.colcon_parallel_executor.executor.parallel:loop closed
[2.513s] DEBUG:colcon.colcon_parallel_executor.executor.parallel:run_until_complete finished with '0'
[2.513s] DEBUG:colcon.colcon_core.event_reactor:joining thread
[2.588s] INFO:colcon.colcon_core.plugin_system:Skipping extension 'colcon_notification.desktop_notification.notify_send': Could not find 'notify-send'
[2.589s] INFO:colcon.colcon_core.plugin_system:Skipping extension 'colcon_notification.desktop_notification.terminal_notifier': Not used on non-Darwin systems
[2.589s] INFO:colcon.colcon_core.plugin_system:Skipping extension 'colcon_notification.desktop_notification.win32': Not used on non-Windows systems
[2.589s] INFO:colcon.colcon_notification.desktop_notification:Sending desktop notification using 'notify2'
[2.590s] DEBUG:colcon.colcon_notification.desktop_notification.notify2:Failed to initialize notify2: org.freedesktop.DBus.Error.ServiceUnknown: The name org.freedesktop.Notifications was not provided by any .service files
[2.591s] DEBUG:colcon.colcon_core.event_reactor:joined thread
[2.591s] INFO:colcon.colcon_core.shell:Creating prefix script '/home/rho9/chapt3/topic_practise_ws/install/local_setup.sh'
[2.592s] INFO:colcon.colcon_core.shell:Creating prefix util module '/home/rho9/chapt3/topic_practise_ws/install/_local_setup_util_sh.py'
[2.593s] INFO:colcon.colcon_core.shell:Creating prefix chain script '/home/rho9/chapt3/topic_practise_ws/install/setup.sh'
[2.594s] INFO:colcon.colcon_core.shell:Creating prefix script '/home/rho9/chapt3/topic_practise_ws/install/local_setup.bash'
[2.594s] INFO:colcon.colcon_core.shell:Creating prefix chain script '/home/rho9/chapt3/topic_practise_ws/install/setup.bash'
[2.595s] INFO:colcon.colcon_core.shell:Creating prefix script '/home/rho9/chapt3/topic_practise_ws/install/local_setup.zsh'
[2.596s] INFO:colcon.colcon_core.shell:Creating prefix chain script '/home/rho9/chapt3/topic_practise_ws/install/setup.zsh'
