[0.024s] Invoking command in '/home/rho9/chapt6/chapt6_ws/build/fishbot_description': CMAKE_PREFIX_PATH=${CMAKE_PREFIX_PATH}:/opt/ros/jazzy /usr/bin/cmake /home/rho9/chapt6/chapt6_ws/src/fishbot_description -DCMAKE_INSTALL_PREFIX=/home/rho9/chapt6/chapt6_ws/install/fishbot_description
[0.249s] -- The C compiler identification is GNU 13.3.0
[0.927s] -- The CXX compiler identification is GNU 13.3.0
[1.526s] -- Detecting C compiler ABI info
[1.730s] -- Detecting C compiler ABI info - done
[1.738s] -- Check for working C compiler: /usr/bin/cc - skipped
[1.739s] -- Detecting C compile features
[1.740s] -- Detecting C compile features - done
[1.826s] -- Detecting CXX compiler ABI info
[2.026s] -- Detecting CXX compiler ABI info - done
[2.035s] -- Check for working CXX compiler: /usr/bin/c++ - skipped
[2.036s] -- Detecting CXX compile features
[2.036s] -- Detecting CXX compile features - done
[2.061s] -- Found ament_cmake: 2.5.5 (/opt/ros/jazzy/share/ament_cmake/cmake)
[2.236s] -- Found Python3: /usr/bin/python3 (found version "3.12.3") found components: Interpreter 
[2.374s] -- Found ament_lint_auto: 0.17.4 (/opt/ros/jazzy/share/ament_lint_auto/cmake)
[2.502s] -- Added test 'lint_cmake' to check CMake code style
[2.504s] -- Added test 'xmllint' to check XML markup files
[2.508s] -- Configuring done (2.5s)
[2.511s] -- Generating done (0.0s)
[2.513s] -- Build files have been written to: /home/rho9/chapt6/chapt6_ws/build/fishbot_description
[2.519s] Invoked command in '/home/rho9/chapt6/chapt6_ws/build/fishbot_description' returned '0': CMAKE_PREFIX_PATH=${CMAKE_PREFIX_PATH}:/opt/ros/jazzy /usr/bin/cmake /home/rho9/chapt6/chapt6_ws/src/fishbot_description -DCMAKE_INSTALL_PREFIX=/home/rho9/chapt6/chapt6_ws/install/fishbot_description
[2.520s] Invoking command in '/home/rho9/chapt6/chapt6_ws/build/fishbot_description': CMAKE_PREFIX_PATH=${CMAKE_PREFIX_PATH}:/opt/ros/jazzy /usr/bin/cmake --build /home/rho9/chapt6/chapt6_ws/build/fishbot_description -- -j20 -l20
[2.563s] Invoked command in '/home/rho9/chapt6/chapt6_ws/build/fishbot_description' returned '0': CMAKE_PREFIX_PATH=${CMAKE_PREFIX_PATH}:/opt/ros/jazzy /usr/bin/cmake --build /home/rho9/chapt6/chapt6_ws/build/fishbot_description -- -j20 -l20
[2.573s] Invoking command in '/home/rho9/chapt6/chapt6_ws/build/fishbot_description': CMAKE_PREFIX_PATH=${CMAKE_PREFIX_PATH}:/opt/ros/jazzy /usr/bin/cmake --install /home/rho9/chapt6/chapt6_ws/build/fishbot_description
[2.581s] -- Install configuration: ""
[2.581s] [31mCMake Error at cmake_install.cmake:46 (file):
[2.582s]   file INSTALL cannot find
[2.582s]   "/home/rho9/chapt6/chapt6_ws/src/fishbot_description/launch": No such file
[2.582s]   or directory.
[2.582s] 
[2.582s] [0m
[2.583s] Invoked command in '/home/rho9/chapt6/chapt6_ws/build/fishbot_description' returned '1': CMAKE_PREFIX_PATH=${CMAKE_PREFIX_PATH}:/opt/ros/jazzy /usr/bin/cmake --install /home/rho9/chapt6/chapt6_ws/build/fishbot_description
