[0.378s] Invoking command in '/home/rho9/chapt3/topic_practise_ws/build/status_display': CMAKE_PREFIX_PATH=/home/rho9/chapt3/topic_practise_ws/install/status_interfaces:/home/rho9/chapt3/topic_practise_ws/install/status_display:/opt/ros/jazzy/opt/gz_math_vendor:/opt/ros/jazzy/opt/gz_utils_vendor:/opt/ros/jazzy/opt/gz_cmake_vendor:/home/rho9/chapt3/topic_practise_ws/install/status_publisher:/opt/ros/jazzy PYTHONPATH=/home/rho9/chapt3/topic_practise_ws/install/status_interfaces/lib/python3.12/site-packages:/home/rho9/chapt3/topic_practise_ws/install/status_publisher/lib/python3.12/site-packages:/opt/ros/jazzy/lib/python3.12/site-packages /usr/bin/cmake --build /home/rho9/chapt3/topic_practise_ws/build/status_display -- -j20 -l20
[0.435s] [ 50%] Built target hello_qt
[0.447s] [100%] Built target sys_status_display
[0.459s] Invoked command in '/home/rho9/chapt3/topic_practise_ws/build/status_display' returned '0': CMAKE_PREFIX_PATH=/home/rho9/chapt3/topic_practise_ws/install/status_interfaces:/home/rho9/chapt3/topic_practise_ws/install/status_display:/opt/ros/jazzy/opt/gz_math_vendor:/opt/ros/jazzy/opt/gz_utils_vendor:/opt/ros/jazzy/opt/gz_cmake_vendor:/home/rho9/chapt3/topic_practise_ws/install/status_publisher:/opt/ros/jazzy PYTHONPATH=/home/rho9/chapt3/topic_practise_ws/install/status_interfaces/lib/python3.12/site-packages:/home/rho9/chapt3/topic_practise_ws/install/status_publisher/lib/python3.12/site-packages:/opt/ros/jazzy/lib/python3.12/site-packages /usr/bin/cmake --build /home/rho9/chapt3/topic_practise_ws/build/status_display -- -j20 -l20
[0.461s] Invoking command in '/home/rho9/chapt3/topic_practise_ws/build/status_display': CMAKE_PREFIX_PATH=/home/rho9/chapt3/topic_practise_ws/install/status_interfaces:/home/rho9/chapt3/topic_practise_ws/install/status_display:/opt/ros/jazzy/opt/gz_math_vendor:/opt/ros/jazzy/opt/gz_utils_vendor:/opt/ros/jazzy/opt/gz_cmake_vendor:/home/rho9/chapt3/topic_practise_ws/install/status_publisher:/opt/ros/jazzy PYTHONPATH=/home/rho9/chapt3/topic_practise_ws/install/status_interfaces/lib/python3.12/site-packages:/home/rho9/chapt3/topic_practise_ws/install/status_publisher/lib/python3.12/site-packages:/opt/ros/jazzy/lib/python3.12/site-packages /usr/bin/cmake --install /home/rho9/chapt3/topic_practise_ws/build/status_display
[0.470s] -- Install configuration: ""
[0.470s] -- Up-to-date: /home/rho9/chapt3/topic_practise_ws/install/status_display/lib/status_display/hello_qt
[0.471s] -- Up-to-date: /home/rho9/chapt3/topic_practise_ws/install/status_display/lib/status_display/sys_status_display
[0.471s] -- Up-to-date: /home/rho9/chapt3/topic_practise_ws/install/status_display/share/ament_index/resource_index/package_run_dependencies/status_display
[0.471s] -- Up-to-date: /home/rho9/chapt3/topic_practise_ws/install/status_display/share/ament_index/resource_index/parent_prefix_path/status_display
[0.471s] -- Up-to-date: /home/rho9/chapt3/topic_practise_ws/install/status_display/share/status_display/environment/ament_prefix_path.sh
[0.471s] -- Up-to-date: /home/rho9/chapt3/topic_practise_ws/install/status_display/share/status_display/environment/ament_prefix_path.dsv
[0.471s] -- Up-to-date: /home/rho9/chapt3/topic_practise_ws/install/status_display/share/status_display/environment/path.sh
[0.472s] -- Up-to-date: /home/rho9/chapt3/topic_practise_ws/install/status_display/share/status_display/environment/path.dsv
[0.472s] -- Up-to-date: /home/rho9/chapt3/topic_practise_ws/install/status_display/share/status_display/local_setup.bash
[0.472s] -- Up-to-date: /home/rho9/chapt3/topic_practise_ws/install/status_display/share/status_display/local_setup.sh
[0.472s] -- Up-to-date: /home/rho9/chapt3/topic_practise_ws/install/status_display/share/status_display/local_setup.zsh
[0.472s] -- Up-to-date: /home/rho9/chapt3/topic_practise_ws/install/status_display/share/status_display/local_setup.dsv
[0.472s] -- Installing: /home/rho9/chapt3/topic_practise_ws/install/status_display/share/status_display/package.dsv
[0.472s] -- Up-to-date: /home/rho9/chapt3/topic_practise_ws/install/status_display/share/ament_index/resource_index/packages/status_display
[0.472s] -- Up-to-date: /home/rho9/chapt3/topic_practise_ws/install/status_display/share/status_display/cmake/status_displayConfig.cmake
[0.472s] -- Up-to-date: /home/rho9/chapt3/topic_practise_ws/install/status_display/share/status_display/cmake/status_displayConfig-version.cmake
[0.472s] -- Up-to-date: /home/rho9/chapt3/topic_practise_ws/install/status_display/share/status_display/package.xml
[0.474s] Invoked command in '/home/rho9/chapt3/topic_practise_ws/build/status_display' returned '0': CMAKE_PREFIX_PATH=/home/rho9/chapt3/topic_practise_ws/install/status_interfaces:/home/rho9/chapt3/topic_practise_ws/install/status_display:/opt/ros/jazzy/opt/gz_math_vendor:/opt/ros/jazzy/opt/gz_utils_vendor:/opt/ros/jazzy/opt/gz_cmake_vendor:/home/rho9/chapt3/topic_practise_ws/install/status_publisher:/opt/ros/jazzy PYTHONPATH=/home/rho9/chapt3/topic_practise_ws/install/status_interfaces/lib/python3.12/site-packages:/home/rho9/chapt3/topic_practise_ws/install/status_publisher/lib/python3.12/site-packages:/opt/ros/jazzy/lib/python3.12/site-packages /usr/bin/cmake --install /home/rho9/chapt3/topic_practise_ws/build/status_display
