[0.835s] Invoking command in '/home/rho9/chapt3/topic_ws/src/demo_python_topic': PYTHONPATH=/home/rho9/chapt3/topic_ws/build/demo_python_topic/prefix_override:/usr/lib/python3/dist-packages/colcon_core/task/python/colcon_distutils_commands:/home/rho9/chapt3/topic_ws/install/demo_python_topic/lib/python3.12/site-packages:${PYTHONPATH} /usr/bin/python3 -W ignore:setup.py install is deprecated -W ignore:easy_install command is deprecated setup.py egg_info --egg-base ../../build/demo_python_topic build --build-base /home/rho9/chapt3/topic_ws/build/demo_python_topic/build install --record /home/rho9/chapt3/topic_ws/build/demo_python_topic/install.log --single-version-externally-managed install_data
[1.126s] running egg_info
[1.146s] writing ../../build/demo_python_topic/demo_python_topic.egg-info/PKG-INFO
[1.147s] writing dependency_links to ../../build/demo_python_topic/demo_python_topic.egg-info/dependency_links.txt
[1.147s] writing entry points to ../../build/demo_python_topic/demo_python_topic.egg-info/entry_points.txt
[1.148s] writing requirements to ../../build/demo_python_topic/demo_python_topic.egg-info/requires.txt
[1.148s] writing top-level names to ../../build/demo_python_topic/demo_python_topic.egg-info/top_level.txt
[1.188s] reading manifest file '../../build/demo_python_topic/demo_python_topic.egg-info/SOURCES.txt'
[1.188s] adding license file 'LICENSE'
[1.189s] writing manifest file '../../build/demo_python_topic/demo_python_topic.egg-info/SOURCES.txt'
[1.189s] running build
[1.189s] running build_py
[1.190s] running install
[1.198s] running install_lib
[1.216s] running install_data
[1.216s] running install_egg_info
[1.238s] removing '/home/rho9/chapt3/topic_ws/install/demo_python_topic/lib/python3.12/site-packages/demo_python_topic-0.0.0-py3.12.egg-info' (and everything under it)
[1.238s] Copying ../../build/demo_python_topic/demo_python_topic.egg-info to /home/rho9/chapt3/topic_ws/install/demo_python_topic/lib/python3.12/site-packages/demo_python_topic-0.0.0-py3.12.egg-info
[1.240s] running install_scripts
[1.389s] Installing novel_pub_node script to /home/rho9/chapt3/topic_ws/install/demo_python_topic/lib/demo_python_topic
[1.389s] writing list of installed files to '/home/rho9/chapt3/topic_ws/build/demo_python_topic/install.log'
[1.426s] Invoked command in '/home/rho9/chapt3/topic_ws/src/demo_python_topic' returned '0': PYTHONPATH=/home/rho9/chapt3/topic_ws/build/demo_python_topic/prefix_override:/usr/lib/python3/dist-packages/colcon_core/task/python/colcon_distutils_commands:/home/rho9/chapt3/topic_ws/install/demo_python_topic/lib/python3.12/site-packages:${PYTHONPATH} /usr/bin/python3 -W ignore:setup.py install is deprecated -W ignore:easy_install command is deprecated setup.py egg_info --egg-base ../../build/demo_python_topic build --build-base /home/rho9/chapt3/topic_ws/build/demo_python_topic/build install --record /home/rho9/chapt3/topic_ws/build/demo_python_topic/install.log --single-version-externally-managed install_data
