[ 50%] Built target hello_qt
[ 75%] [32mBuilding CXX object CMakeFiles/sys_status_display.dir/src/sys_status_display.cpp.o[0m
[100%] [32m[1mLinking CXX executable sys_status_display[0m
[100%] Built target sys_status_display
-- Install configuration: ""
-- Installing: /home/rho9/chapt3/topic_practise_ws/install/status_display/lib/status_display/hello_qt
-- Installing: /home/rho9/chapt3/topic_practise_ws/install/status_display/lib/status_display/sys_status_display
-- Set non-toolchain portion of runtime path of "/home/rho9/chapt3/topic_practise_ws/install/status_display/lib/status_display/sys_status_display" to ""
-- Up-to-date: /home/rho9/chapt3/topic_practise_ws/install/status_display/share/ament_index/resource_index/package_run_dependencies/status_display
-- Up-to-date: /home/rho9/chapt3/topic_practise_ws/install/status_display/share/ament_index/resource_index/parent_prefix_path/status_display
-- Up-to-date: /home/rho9/chapt3/topic_practise_ws/install/status_display/share/status_display/environment/ament_prefix_path.sh
-- Up-to-date: /home/rho9/chapt3/topic_practise_ws/install/status_display/share/status_display/environment/ament_prefix_path.dsv
-- Up-to-date: /home/rho9/chapt3/topic_practise_ws/install/status_display/share/status_display/environment/path.sh
-- Up-to-date: /home/rho9/chapt3/topic_practise_ws/install/status_display/share/status_display/environment/path.dsv
-- Up-to-date: /home/rho9/chapt3/topic_practise_ws/install/status_display/share/status_display/local_setup.bash
-- Up-to-date: /home/rho9/chapt3/topic_practise_ws/install/status_display/share/status_display/local_setup.sh
-- Up-to-date: /home/rho9/chapt3/topic_practise_ws/install/status_display/share/status_display/local_setup.zsh
-- Up-to-date: /home/rho9/chapt3/topic_practise_ws/install/status_display/share/status_display/local_setup.dsv
-- Installing: /home/rho9/chapt3/topic_practise_ws/install/status_display/share/status_display/package.dsv
-- Up-to-date: /home/rho9/chapt3/topic_practise_ws/install/status_display/share/ament_index/resource_index/packages/status_display
-- Up-to-date: /home/rho9/chapt3/topic_practise_ws/install/status_display/share/status_display/cmake/status_displayConfig.cmake
-- Up-to-date: /home/rho9/chapt3/topic_practise_ws/install/status_display/share/status_display/cmake/status_displayConfig-version.cmake
-- Up-to-date: /home/rho9/chapt3/topic_practise_ws/install/status_display/share/status_display/package.xml
