[0.095s] Invoking command in '/home/rho9/chapt3/topic_practise_ws/build/status_display': AMENT_PREFIX_PATH=/home/rho9/chapt3/topic_practise_ws/install/status_interfaces:${AMENT_PREFIX_PATH} CMAKE_PREFIX_PATH=/home/rho9/chapt3/topic_practise_ws/install/status_interfaces:/opt/ros/jazzy/opt/gz_math_vendor:/opt/ros/jazzy/opt/gz_utils_vendor:/opt/ros/jazzy/opt/gz_cmake_vendor:/opt/ros/jazzy LD_LIBRARY_PATH=/home/rho9/chapt3/topic_practise_ws/install/status_interfaces/lib:${LD_LIBRARY_PATH} PYTHONPATH=/home/rho9/chapt3/topic_practise_ws/install/status_interfaces/lib/python3.12/site-packages:${PYTHONPATH} /usr/bin/cmake --build /home/rho9/chapt3/topic_practise_ws/build/status_display -- -j20 -l20
[0.366s] [ 50%] Built target hello_qt
[0.366s] [ 75%] [32mBuilding CXX object CMakeFiles/sys_status_display.dir/src/sys_status_display.cpp.o[0m
[9.244s] [100%] [32m[1mLinking CXX executable sys_status_display[0m
[10.173s] [100%] Built target sys_status_display
[10.186s] Invoked command in '/home/rho9/chapt3/topic_practise_ws/build/status_display' returned '0': AMENT_PREFIX_PATH=/home/rho9/chapt3/topic_practise_ws/install/status_interfaces:${AMENT_PREFIX_PATH} CMAKE_PREFIX_PATH=/home/rho9/chapt3/topic_practise_ws/install/status_interfaces:/opt/ros/jazzy/opt/gz_math_vendor:/opt/ros/jazzy/opt/gz_utils_vendor:/opt/ros/jazzy/opt/gz_cmake_vendor:/opt/ros/jazzy LD_LIBRARY_PATH=/home/rho9/chapt3/topic_practise_ws/install/status_interfaces/lib:${LD_LIBRARY_PATH} PYTHONPATH=/home/rho9/chapt3/topic_practise_ws/install/status_interfaces/lib/python3.12/site-packages:${PYTHONPATH} /usr/bin/cmake --build /home/rho9/chapt3/topic_practise_ws/build/status_display -- -j20 -l20
[10.188s] Invoking command in '/home/rho9/chapt3/topic_practise_ws/build/status_display': AMENT_PREFIX_PATH=/home/rho9/chapt3/topic_practise_ws/install/status_interfaces:${AMENT_PREFIX_PATH} CMAKE_PREFIX_PATH=/home/rho9/chapt3/topic_practise_ws/install/status_interfaces:/opt/ros/jazzy/opt/gz_math_vendor:/opt/ros/jazzy/opt/gz_utils_vendor:/opt/ros/jazzy/opt/gz_cmake_vendor:/opt/ros/jazzy LD_LIBRARY_PATH=/home/rho9/chapt3/topic_practise_ws/install/status_interfaces/lib:${LD_LIBRARY_PATH} PYTHONPATH=/home/rho9/chapt3/topic_practise_ws/install/status_interfaces/lib/python3.12/site-packages:${PYTHONPATH} /usr/bin/cmake --install /home/rho9/chapt3/topic_practise_ws/build/status_display
[10.195s] -- Install configuration: ""
[10.197s] -- Installing: /home/rho9/chapt3/topic_practise_ws/install/status_display/lib/status_display/hello_qt
[10.197s] -- Installing: /home/rho9/chapt3/topic_practise_ws/install/status_display/lib/status_display/sys_status_display
[10.202s] -- Set non-toolchain portion of runtime path of "/home/rho9/chapt3/topic_practise_ws/install/status_display/lib/status_display/sys_status_display" to ""
[10.202s] -- Up-to-date: /home/rho9/chapt3/topic_practise_ws/install/status_display/share/ament_index/resource_index/package_run_dependencies/status_display
[10.202s] -- Up-to-date: /home/rho9/chapt3/topic_practise_ws/install/status_display/share/ament_index/resource_index/parent_prefix_path/status_display
[10.202s] -- Up-to-date: /home/rho9/chapt3/topic_practise_ws/install/status_display/share/status_display/environment/ament_prefix_path.sh
[10.202s] -- Up-to-date: /home/rho9/chapt3/topic_practise_ws/install/status_display/share/status_display/environment/ament_prefix_path.dsv
[10.203s] -- Up-to-date: /home/rho9/chapt3/topic_practise_ws/install/status_display/share/status_display/environment/path.sh
[10.203s] -- Up-to-date: /home/rho9/chapt3/topic_practise_ws/install/status_display/share/status_display/environment/path.dsv
[10.203s] -- Up-to-date: /home/rho9/chapt3/topic_practise_ws/install/status_display/share/status_display/local_setup.bash
[10.203s] -- Up-to-date: /home/rho9/chapt3/topic_practise_ws/install/status_display/share/status_display/local_setup.sh
[10.203s] -- Up-to-date: /home/rho9/chapt3/topic_practise_ws/install/status_display/share/status_display/local_setup.zsh
[10.203s] -- Up-to-date: /home/rho9/chapt3/topic_practise_ws/install/status_display/share/status_display/local_setup.dsv
[10.203s] -- Installing: /home/rho9/chapt3/topic_practise_ws/install/status_display/share/status_display/package.dsv
[10.204s] -- Up-to-date: /home/rho9/chapt3/topic_practise_ws/install/status_display/share/ament_index/resource_index/packages/status_display
[10.204s] -- Up-to-date: /home/rho9/chapt3/topic_practise_ws/install/status_display/share/status_display/cmake/status_displayConfig.cmake
[10.204s] -- Up-to-date: /home/rho9/chapt3/topic_practise_ws/install/status_display/share/status_display/cmake/status_displayConfig-version.cmake
[10.204s] -- Up-to-date: /home/rho9/chapt3/topic_practise_ws/install/status_display/share/status_display/package.xml
[10.206s] Invoked command in '/home/rho9/chapt3/topic_practise_ws/build/status_display' returned '0': AMENT_PREFIX_PATH=/home/rho9/chapt3/topic_practise_ws/install/status_interfaces:${AMENT_PREFIX_PATH} CMAKE_PREFIX_PATH=/home/rho9/chapt3/topic_practise_ws/install/status_interfaces:/opt/ros/jazzy/opt/gz_math_vendor:/opt/ros/jazzy/opt/gz_utils_vendor:/opt/ros/jazzy/opt/gz_cmake_vendor:/opt/ros/jazzy LD_LIBRARY_PATH=/home/rho9/chapt3/topic_practise_ws/install/status_interfaces/lib:${LD_LIBRARY_PATH} PYTHONPATH=/home/rho9/chapt3/topic_practise_ws/install/status_interfaces/lib/python3.12/site-packages:${PYTHONPATH} /usr/bin/cmake --install /home/rho9/chapt3/topic_practise_ws/build/status_display
