[0.344s] Invoking command in '/home/rho9/chapt3/topic_practise_ws/build/status_display': AMENT_PREFIX_PATH=/home/rho9/chapt3/topic_practise_ws/install/status_interfaces:${AMENT_PREFIX_PATH} CMAKE_PREFIX_PATH=/home/rho9/chapt3/topic_practise_ws/install/status_interfaces:/opt/ros/jazzy/opt/gz_math_vendor:/opt/ros/jazzy/opt/gz_utils_vendor:/opt/ros/jazzy/opt/gz_cmake_vendor:/opt/ros/jazzy LD_LIBRARY_PATH=/home/rho9/chapt3/topic_practise_ws/install/status_interfaces/lib:${LD_LIBRARY_PATH} PYTHONPATH=/home/rho9/chapt3/topic_practise_ws/install/status_interfaces/lib/python3.12/site-packages:${PYTHONPATH} /usr/bin/cmake /home/rho9/chapt3/topic_practise_ws/src/status_display -DCMAKE_INSTALL_PREFIX=/home/rho9/chapt3/topic_practise_ws/install/status_display
[0.586s] -- The C compiler identification is GNU 13.3.0
[1.312s] -- The CXX compiler identification is GNU 13.3.0
[1.909s] -- Detecting C compiler ABI info
[2.202s] -- Detecting C compiler ABI info - done
[2.215s] -- Check for working C compiler: /usr/bin/cc - skipped
[2.215s] -- Detecting C compile features
[2.216s] -- Detecting C compile features - done
[2.316s] -- Detecting CXX compiler ABI info
[2.562s] -- Detecting CXX compiler ABI info - done
[2.570s] -- Check for working CXX compiler: /usr/bin/c++ - skipped
[2.571s] -- Detecting CXX compile features
[2.571s] -- Detecting CXX compile features - done
[2.579s] -- Found ament_cmake: 2.5.5 (/opt/ros/jazzy/share/ament_cmake/cmake)
[2.714s] -- Found Python3: /usr/bin/python3 (found version "3.12.3") found components: Interpreter 
[2.842s] -- Found rclcpp: 28.1.16 (/opt/ros/jazzy/share/rclcpp/cmake)
[3.000s] -- Found rosidl_generator_c: 4.6.7 (/opt/ros/jazzy/share/rosidl_generator_c/cmake)
[3.016s] -- Found rosidl_generator_cpp: 4.6.7 (/opt/ros/jazzy/share/rosidl_generator_cpp/cmake)
[3.040s] -- Using all available rosidl_typesupport_c: rosidl_typesupport_fastrtps_c;rosidl_typesupport_introspection_c
[3.065s] -- Using all available rosidl_typesupport_cpp: rosidl_typesupport_fastrtps_cpp;rosidl_typesupport_introspection_cpp
[3.163s] -- Found rmw_implementation_cmake: 7.3.3 (/opt/ros/jazzy/share/rmw_implementation_cmake/cmake)
[3.167s] -- Found rmw_fastrtps_cpp: 8.4.3 (/opt/ros/jazzy/share/rmw_fastrtps_cpp/cmake)
[3.252s] -- Found OpenSSL: /usr/lib/x86_64-linux-gnu/libcrypto.so (found version "3.0.13")  
[3.405s] -- Found FastRTPS: /opt/ros/jazzy/include (Required is at least version "2.13") 
[3.477s] -- Using RMW implementation 'rmw_fastrtps_cpp' as default
[3.667s] -- Found status_interfaces: 0.0.0 (/home/rho9/chapt3/topic_practise_ws/install/status_interfaces/share/status_interfaces/cmake)
[3.764s] -- Found ament_lint_auto: 0.17.4 (/opt/ros/jazzy/share/ament_lint_auto/cmake)
[3.870s] -- Added test 'cppcheck' to perform static code analysis on C / C++ code
[3.870s] -- Configured cppcheck include dirs: 
[3.870s] -- Configured cppcheck exclude dirs and/or files: 
[3.871s] -- Added test 'lint_cmake' to check CMake code style
[3.872s] -- Added test 'uncrustify' to check C / C++ code style
[3.872s] -- Configured uncrustify additional arguments: 
[3.873s] -- Added test 'xmllint' to check XML markup files
[3.875s] -- Configuring done (3.5s)
[3.890s] -- Generating done (0.0s)
[3.894s] -- Build files have been written to: /home/rho9/chapt3/topic_practise_ws/build/status_display
[3.903s] Invoked command in '/home/rho9/chapt3/topic_practise_ws/build/status_display' returned '0': AMENT_PREFIX_PATH=/home/rho9/chapt3/topic_practise_ws/install/status_interfaces:${AMENT_PREFIX_PATH} CMAKE_PREFIX_PATH=/home/rho9/chapt3/topic_practise_ws/install/status_interfaces:/opt/ros/jazzy/opt/gz_math_vendor:/opt/ros/jazzy/opt/gz_utils_vendor:/opt/ros/jazzy/opt/gz_cmake_vendor:/opt/ros/jazzy LD_LIBRARY_PATH=/home/rho9/chapt3/topic_practise_ws/install/status_interfaces/lib:${LD_LIBRARY_PATH} PYTHONPATH=/home/rho9/chapt3/topic_practise_ws/install/status_interfaces/lib/python3.12/site-packages:${PYTHONPATH} /usr/bin/cmake /home/rho9/chapt3/topic_practise_ws/src/status_display -DCMAKE_INSTALL_PREFIX=/home/rho9/chapt3/topic_practise_ws/install/status_display
[3.905s] Invoking command in '/home/rho9/chapt3/topic_practise_ws/build/status_display': AMENT_PREFIX_PATH=/home/rho9/chapt3/topic_practise_ws/install/status_interfaces:${AMENT_PREFIX_PATH} CMAKE_PREFIX_PATH=/home/rho9/chapt3/topic_practise_ws/install/status_interfaces:/opt/ros/jazzy/opt/gz_math_vendor:/opt/ros/jazzy/opt/gz_utils_vendor:/opt/ros/jazzy/opt/gz_cmake_vendor:/opt/ros/jazzy LD_LIBRARY_PATH=/home/rho9/chapt3/topic_practise_ws/install/status_interfaces/lib:${LD_LIBRARY_PATH} PYTHONPATH=/home/rho9/chapt3/topic_practise_ws/install/status_interfaces/lib/python3.12/site-packages:${PYTHONPATH} /usr/bin/cmake --build /home/rho9/chapt3/topic_practise_ws/build/status_display -- -j20 -l20
[3.951s] [ 50%] [32mBuilding CXX object CMakeFiles/hello_qt.dir/src/hello_qt.cpp.o[0m
[4.786s] [01m[K/home/rho9/chapt3/topic_practise_ws/src/status_display/src/hello_qt.cpp:[m[K In function ‘[01m[Kint[01;32m[K main[m[K(int, char**)[m[K’:
[4.786s] [01m[K/home/rho9/chapt3/topic_practise_ws/src/status_display/src/hello_qt.cpp:8:25:[m[K [01;31m[Kerror: [m[Kexpected type-specifier before ‘[01m[KQlabel[m[K’
[4.786s]     8 |     QLabel* label = new [01;31m[KQlabel[m[K();
[4.786s]       |                         [01;31m[K^~~~~~[m[K
[4.879s] gmake[2]: *** [CMakeFiles/hello_qt.dir/build.make:76: CMakeFiles/hello_qt.dir/src/hello_qt.cpp.o] Error 1
[4.879s] gmake[1]: *** [CMakeFiles/Makefile2:137: CMakeFiles/hello_qt.dir/all] Error 2
[4.879s] gmake: *** [Makefile:146: all] Error 2
[4.882s] Invoked command in '/home/rho9/chapt3/topic_practise_ws/build/status_display' returned '2': AMENT_PREFIX_PATH=/home/rho9/chapt3/topic_practise_ws/install/status_interfaces:${AMENT_PREFIX_PATH} CMAKE_PREFIX_PATH=/home/rho9/chapt3/topic_practise_ws/install/status_interfaces:/opt/ros/jazzy/opt/gz_math_vendor:/opt/ros/jazzy/opt/gz_utils_vendor:/opt/ros/jazzy/opt/gz_cmake_vendor:/opt/ros/jazzy LD_LIBRARY_PATH=/home/rho9/chapt3/topic_practise_ws/install/status_interfaces/lib:${LD_LIBRARY_PATH} PYTHONPATH=/home/rho9/chapt3/topic_practise_ws/install/status_interfaces/lib/python3.12/site-packages:${PYTHONPATH} /usr/bin/cmake --build /home/rho9/chapt3/topic_practise_ws/build/status_display -- -j20 -l20
