[0.025s] Invoking command in '/home/rho9/chapt3/topic_ws/build/demo_cpp_topic': CMAKE_PREFIX_PATH=${CMAKE_PREFIX_PATH}:/opt/ros/jazzy /usr/bin/cmake /home/rho9/chapt3/topic_ws/src/demo_cpp_topic -DCMAKE_INSTALL_PREFIX=/home/rho9/chapt3/topic_ws/install/demo_cpp_topic
[0.321s] -- The C compiler identification is GNU 13.3.0
[1.169s] -- The CXX compiler identification is GNU 13.3.0
[1.922s] -- Detecting C compiler ABI info
[2.281s] -- Detecting C compiler ABI info - done
[2.292s] -- Check for working C compiler: /usr/bin/cc - skipped
[2.293s] -- Detecting C compile features
[2.294s] -- Detecting C compile features - done
[2.439s] -- Detecting CXX compiler ABI info
[2.666s] -- Detecting CXX compiler ABI info - done
[2.676s] -- Check for working CXX compiler: /usr/bin/c++ - skipped
[2.676s] -- Detecting CXX compile features
[2.677s] -- Detecting CXX compile features - done
[2.690s] -- Found ament_cmake: 2.5.5 (/opt/ros/jazzy/share/ament_cmake/cmake)
[2.848s] -- Found Python3: /usr/bin/python3 (found version "3.12.3") found components: Interpreter 
[2.997s] -- Found rclcpp: 28.1.16 (/opt/ros/jazzy/share/rclcpp/cmake)
[3.231s] -- Found rosidl_generator_c: 4.6.7 (/opt/ros/jazzy/share/rosidl_generator_c/cmake)
[3.255s] -- Found rosidl_generator_cpp: 4.6.7 (/opt/ros/jazzy/share/rosidl_generator_cpp/cmake)
[3.289s] -- Using all available rosidl_typesupport_c: rosidl_typesupport_fastrtps_c;rosidl_typesupport_introspection_c
[3.324s] -- Using all available rosidl_typesupport_cpp: rosidl_typesupport_fastrtps_cpp;rosidl_typesupport_introspection_cpp
[3.523s] -- Found rmw_implementation_cmake: 7.3.3 (/opt/ros/jazzy/share/rmw_implementation_cmake/cmake)
[3.531s] -- Found rmw_fastrtps_cpp: 8.4.3 (/opt/ros/jazzy/share/rmw_fastrtps_cpp/cmake)
[3.709s] -- Found OpenSSL: /usr/lib/x86_64-linux-gnu/libcrypto.so (found version "3.0.13")  
[4.010s] -- Found FastRTPS: /opt/ros/jazzy/include (Required is at least version "2.13") 
[4.166s] -- Using RMW implementation 'rmw_fastrtps_cpp' as default
[4.442s] -- Found geometry_msgs: 5.3.6 (/opt/ros/jazzy/share/geometry_msgs/cmake)
[4.497s] -- Found turtlesim: 1.8.3 (/opt/ros/jazzy/share/turtlesim/cmake)
[4.571s] [31mCMake Error at CMakeLists.txt:15 (ament_target_denpendenices):
[4.571s]   Unknown CMake command "ament_target_denpendenices".
[4.571s] 
[4.571s] [0m
[4.571s] -- Configuring incomplete, errors occurred!
[4.579s] Invoked command in '/home/rho9/chapt3/topic_ws/build/demo_cpp_topic' returned '1': CMAKE_PREFIX_PATH=${CMAKE_PREFIX_PATH}:/opt/ros/jazzy /usr/bin/cmake /home/rho9/chapt3/topic_ws/src/demo_cpp_topic -DCMAKE_INSTALL_PREFIX=/home/rho9/chapt3/topic_ws/install/demo_cpp_topic
