[0.023s] Invoking command in '/home/rho9/chapt4/chapt4_ws/build/chapt4_interfaces': CMAKE_PREFIX_PATH=${CMAKE_PREFIX_PATH}:/opt/ros/jazzy /usr/bin/cmake --build /home/rho9/chapt4/chapt4_ws/build/chapt4_interfaces -- -j20 -l20
[0.170s] [  2%] Built target chapt4_interfaces__rosidl_generator_type_description
[0.188s] [  2%] Built target ament_cmake_python_copy_chapt4_interfaces
[0.193s] [  5%] Built target chapt4_interfaces__cpp
[0.196s] [ 20%] Built target chapt4_interfaces__rosidl_generator_c
[0.229s] [ 29%] Built target chapt4_interfaces__rosidl_typesupport_fastrtps_c
[0.230s] [ 38%] Built target chapt4_interfaces__rosidl_typesupport_cpp
[0.231s] [ 47%] Built target chapt4_interfaces__rosidl_typesupport_introspection_c
[0.232s] [ 55%] Built target chapt4_interfaces__rosidl_typesupport_c
[0.236s] [ 64%] Built target chapt4_interfaces__rosidl_typesupport_introspection_cpp
[0.238s] [ 73%] Built target chapt4_interfaces__rosidl_typesupport_fastrtps_cpp
[0.267s] [ 73%] Built target chapt4_interfaces
[0.292s] [ 76%] Built target chapt4_interfaces__py
[0.320s] [ 82%] Built target chapt4_interfaces__rosidl_generator_py
[0.353s] [ 88%] Built target chapt4_interfaces_s__rosidl_typesupport_introspection_c
[0.355s] [ 94%] Built target chapt4_interfaces_s__rosidl_typesupport_fastrtps_c
[0.355s] [100%] Built target chapt4_interfaces_s__rosidl_typesupport_c
[0.455s] running egg_info
[0.474s] writing chapt4_interfaces.egg-info/PKG-INFO
[0.475s] writing dependency_links to chapt4_interfaces.egg-info/dependency_links.txt
[0.475s] writing top-level names to chapt4_interfaces.egg-info/top_level.txt
[0.525s] reading manifest file 'chapt4_interfaces.egg-info/SOURCES.txt'
[0.527s] writing manifest file 'chapt4_interfaces.egg-info/SOURCES.txt'
[0.552s] [100%] Built target ament_cmake_python_build_chapt4_interfaces_egg
[0.562s] Invoked command in '/home/rho9/chapt4/chapt4_ws/build/chapt4_interfaces' returned '0': CMAKE_PREFIX_PATH=${CMAKE_PREFIX_PATH}:/opt/ros/jazzy /usr/bin/cmake --build /home/rho9/chapt4/chapt4_ws/build/chapt4_interfaces -- -j20 -l20
[0.572s] Invoking command in '/home/rho9/chapt4/chapt4_ws/build/chapt4_interfaces': CMAKE_PREFIX_PATH=${CMAKE_PREFIX_PATH}:/opt/ros/jazzy /usr/bin/cmake --install /home/rho9/chapt4/chapt4_ws/build/chapt4_interfaces
[0.579s] -- Install configuration: ""
[0.580s] -- Up-to-date: /home/rho9/chapt4/chapt4_ws/install/chapt4_interfaces/share/ament_index/resource_index/rosidl_interfaces/chapt4_interfaces
[0.580s] -- Up-to-date: /home/rho9/chapt4/chapt4_ws/install/chapt4_interfaces/share/chapt4_interfaces/srv/FaceDetector.json
[0.580s] -- Up-to-date: /home/rho9/chapt4/chapt4_ws/install/chapt4_interfaces/include/chapt4_interfaces/chapt4_interfaces
[0.580s] -- Up-to-date: /home/rho9/chapt4/chapt4_ws/install/chapt4_interfaces/include/chapt4_interfaces/chapt4_interfaces/msg
[0.580s] -- Up-to-date: /home/rho9/chapt4/chapt4_ws/install/chapt4_interfaces/include/chapt4_interfaces/chapt4_interfaces/msg/rosidl_generator_c__visibility_control.h
[0.580s] -- Up-to-date: /home/rho9/chapt4/chapt4_ws/install/chapt4_interfaces/include/chapt4_interfaces/chapt4_interfaces/srv
[0.581s] -- Up-to-date: /home/rho9/chapt4/chapt4_ws/install/chapt4_interfaces/include/chapt4_interfaces/chapt4_interfaces/srv/face_detector.h
[0.581s] -- Up-to-date: /home/rho9/chapt4/chapt4_ws/install/chapt4_interfaces/include/chapt4_interfaces/chapt4_interfaces/srv/detail
[0.581s] -- Up-to-date: /home/rho9/chapt4/chapt4_ws/install/chapt4_interfaces/include/chapt4_interfaces/chapt4_interfaces/srv/detail/face_detector__struct.h
[0.581s] -- Up-to-date: /home/rho9/chapt4/chapt4_ws/install/chapt4_interfaces/include/chapt4_interfaces/chapt4_interfaces/srv/detail/face_detector__type_support.c
[0.581s] -- Up-to-date: /home/rho9/chapt4/chapt4_ws/install/chapt4_interfaces/include/chapt4_interfaces/chapt4_interfaces/srv/detail/face_detector__description.c
[0.581s] -- Up-to-date: /home/rho9/chapt4/chapt4_ws/install/chapt4_interfaces/include/chapt4_interfaces/chapt4_interfaces/srv/detail/face_detector__functions.c
[0.582s] -- Up-to-date: /home/rho9/chapt4/chapt4_ws/install/chapt4_interfaces/include/chapt4_interfaces/chapt4_interfaces/srv/detail/face_detector__functions.h
[0.582s] -- Up-to-date: /home/rho9/chapt4/chapt4_ws/install/chapt4_interfaces/include/chapt4_interfaces/chapt4_interfaces/srv/detail/face_detector__type_support.h
[0.582s] -- Up-to-date: /home/rho9/chapt4/chapt4_ws/install/chapt4_interfaces/share/chapt4_interfaces/environment/library_path.sh
[0.582s] -- Up-to-date: /home/rho9/chapt4/chapt4_ws/install/chapt4_interfaces/share/chapt4_interfaces/environment/library_path.dsv
[0.582s] -- Up-to-date: /home/rho9/chapt4/chapt4_ws/install/chapt4_interfaces/lib/libchapt4_interfaces__rosidl_generator_c.so
[0.583s] -- Up-to-date: /home/rho9/chapt4/chapt4_ws/install/chapt4_interfaces/include/chapt4_interfaces/chapt4_interfaces
[0.583s] -- Up-to-date: /home/rho9/chapt4/chapt4_ws/install/chapt4_interfaces/include/chapt4_interfaces/chapt4_interfaces/msg
[0.583s] -- Up-to-date: /home/rho9/chapt4/chapt4_ws/install/chapt4_interfaces/include/chapt4_interfaces/chapt4_interfaces/msg/rosidl_typesupport_fastrtps_c__visibility_control.h
[0.583s] -- Up-to-date: /home/rho9/chapt4/chapt4_ws/install/chapt4_interfaces/include/chapt4_interfaces/chapt4_interfaces/srv
[0.584s] -- Up-to-date: /home/rho9/chapt4/chapt4_ws/install/chapt4_interfaces/include/chapt4_interfaces/chapt4_interfaces/srv/detail
[0.584s] -- Up-to-date: /home/rho9/chapt4/chapt4_ws/install/chapt4_interfaces/include/chapt4_interfaces/chapt4_interfaces/srv/detail/face_detector__rosidl_typesupport_fastrtps_c.h
[0.585s] -- Up-to-date: /home/rho9/chapt4/chapt4_ws/install/chapt4_interfaces/lib/libchapt4_interfaces__rosidl_typesupport_fastrtps_c.so
[0.585s] -- Up-to-date: /home/rho9/chapt4/chapt4_ws/install/chapt4_interfaces/include/chapt4_interfaces/chapt4_interfaces
[0.586s] -- Up-to-date: /home/rho9/chapt4/chapt4_ws/install/chapt4_interfaces/include/chapt4_interfaces/chapt4_interfaces/msg
[0.586s] -- Up-to-date: /home/rho9/chapt4/chapt4_ws/install/chapt4_interfaces/include/chapt4_interfaces/chapt4_interfaces/msg/rosidl_typesupport_introspection_c__visibility_control.h
[0.586s] -- Up-to-date: /home/rho9/chapt4/chapt4_ws/install/chapt4_interfaces/include/chapt4_interfaces/chapt4_interfaces/srv
[0.586s] -- Up-to-date: /home/rho9/chapt4/chapt4_ws/install/chapt4_interfaces/include/chapt4_interfaces/chapt4_interfaces/srv/detail
[0.587s] -- Up-to-date: /home/rho9/chapt4/chapt4_ws/install/chapt4_interfaces/include/chapt4_interfaces/chapt4_interfaces/srv/detail/face_detector__rosidl_typesupport_introspection_c.h
[0.587s] -- Up-to-date: /home/rho9/chapt4/chapt4_ws/install/chapt4_interfaces/include/chapt4_interfaces/chapt4_interfaces/srv/detail/face_detector__type_support.c
[0.588s] -- Up-to-date: /home/rho9/chapt4/chapt4_ws/install/chapt4_interfaces/lib/libchapt4_interfaces__rosidl_typesupport_introspection_c.so
[0.588s] -- Up-to-date: /home/rho9/chapt4/chapt4_ws/install/chapt4_interfaces/lib/libchapt4_interfaces__rosidl_typesupport_c.so
[0.588s] -- Up-to-date: /home/rho9/chapt4/chapt4_ws/install/chapt4_interfaces/include/chapt4_interfaces/chapt4_interfaces
[0.589s] -- Up-to-date: /home/rho9/chapt4/chapt4_ws/install/chapt4_interfaces/include/chapt4_interfaces/chapt4_interfaces/msg
[0.589s] -- Up-to-date: /home/rho9/chapt4/chapt4_ws/install/chapt4_interfaces/include/chapt4_interfaces/chapt4_interfaces/msg/rosidl_generator_cpp__visibility_control.hpp
[0.589s] -- Up-to-date: /home/rho9/chapt4/chapt4_ws/install/chapt4_interfaces/include/chapt4_interfaces/chapt4_interfaces/srv
[0.589s] -- Up-to-date: /home/rho9/chapt4/chapt4_ws/install/chapt4_interfaces/include/chapt4_interfaces/chapt4_interfaces/srv/detail
[0.589s] -- Up-to-date: /home/rho9/chapt4/chapt4_ws/install/chapt4_interfaces/include/chapt4_interfaces/chapt4_interfaces/srv/detail/face_detector__type_support.hpp
[0.590s] -- Up-to-date: /home/rho9/chapt4/chapt4_ws/install/chapt4_interfaces/include/chapt4_interfaces/chapt4_interfaces/srv/detail/face_detector__traits.hpp
[0.590s] -- Up-to-date: /home/rho9/chapt4/chapt4_ws/install/chapt4_interfaces/include/chapt4_interfaces/chapt4_interfaces/srv/detail/face_detector__builder.hpp
[0.590s] -- Up-to-date: /home/rho9/chapt4/chapt4_ws/install/chapt4_interfaces/include/chapt4_interfaces/chapt4_interfaces/srv/detail/face_detector__struct.hpp
[0.590s] -- Up-to-date: /home/rho9/chapt4/chapt4_ws/install/chapt4_interfaces/include/chapt4_interfaces/chapt4_interfaces/srv/face_detector.hpp
[0.590s] -- Up-to-date: /home/rho9/chapt4/chapt4_ws/install/chapt4_interfaces/include/chapt4_interfaces/chapt4_interfaces
[0.590s] -- Up-to-date: /home/rho9/chapt4/chapt4_ws/install/chapt4_interfaces/include/chapt4_interfaces/chapt4_interfaces/msg
[0.591s] -- Up-to-date: /home/rho9/chapt4/chapt4_ws/install/chapt4_interfaces/include/chapt4_interfaces/chapt4_interfaces/msg/rosidl_typesupport_fastrtps_cpp__visibility_control.h
[0.591s] -- Up-to-date: /home/rho9/chapt4/chapt4_ws/install/chapt4_interfaces/include/chapt4_interfaces/chapt4_interfaces/srv
[0.591s] -- Up-to-date: /home/rho9/chapt4/chapt4_ws/install/chapt4_interfaces/include/chapt4_interfaces/chapt4_interfaces/srv/detail
[0.591s] -- Up-to-date: /home/rho9/chapt4/chapt4_ws/install/chapt4_interfaces/include/chapt4_interfaces/chapt4_interfaces/srv/detail/face_detector__rosidl_typesupport_fastrtps_cpp.hpp
[0.591s] -- Up-to-date: /home/rho9/chapt4/chapt4_ws/install/chapt4_interfaces/include/chapt4_interfaces/chapt4_interfaces/srv/detail/dds_fastrtps
[0.592s] -- Up-to-date: /home/rho9/chapt4/chapt4_ws/install/chapt4_interfaces/lib/libchapt4_interfaces__rosidl_typesupport_fastrtps_cpp.so
[0.592s] -- Up-to-date: /home/rho9/chapt4/chapt4_ws/install/chapt4_interfaces/include/chapt4_interfaces/chapt4_interfaces
[0.593s] -- Up-to-date: /home/rho9/chapt4/chapt4_ws/install/chapt4_interfaces/include/chapt4_interfaces/chapt4_interfaces/srv
[0.593s] -- Up-to-date: /home/rho9/chapt4/chapt4_ws/install/chapt4_interfaces/include/chapt4_interfaces/chapt4_interfaces/srv/detail
[0.593s] -- Up-to-date: /home/rho9/chapt4/chapt4_ws/install/chapt4_interfaces/include/chapt4_interfaces/chapt4_interfaces/srv/detail/face_detector__type_support.cpp
[0.593s] -- Up-to-date: /home/rho9/chapt4/chapt4_ws/install/chapt4_interfaces/include/chapt4_interfaces/chapt4_interfaces/srv/detail/face_detector__rosidl_typesupport_introspection_cpp.hpp
[0.594s] -- Up-to-date: /home/rho9/chapt4/chapt4_ws/install/chapt4_interfaces/lib/libchapt4_interfaces__rosidl_typesupport_introspection_cpp.so
[0.595s] -- Up-to-date: /home/rho9/chapt4/chapt4_ws/install/chapt4_interfaces/lib/libchapt4_interfaces__rosidl_typesupport_cpp.so
[0.596s] -- Up-to-date: /home/rho9/chapt4/chapt4_ws/install/chapt4_interfaces/share/chapt4_interfaces/environment/pythonpath.sh
[0.596s] -- Up-to-date: /home/rho9/chapt4/chapt4_ws/install/chapt4_interfaces/share/chapt4_interfaces/environment/pythonpath.dsv
[0.596s] -- Up-to-date: /home/rho9/chapt4/chapt4_ws/install/chapt4_interfaces/lib/python3.12/site-packages/chapt4_interfaces-0.0.0-py3.12.egg-info
[0.596s] -- Installing: /home/rho9/chapt4/chapt4_ws/install/chapt4_interfaces/lib/python3.12/site-packages/chapt4_interfaces-0.0.0-py3.12.egg-info/PKG-INFO
[0.596s] -- Installing: /home/rho9/chapt4/chapt4_ws/install/chapt4_interfaces/lib/python3.12/site-packages/chapt4_interfaces-0.0.0-py3.12.egg-info/SOURCES.txt
[0.596s] -- Installing: /home/rho9/chapt4/chapt4_ws/install/chapt4_interfaces/lib/python3.12/site-packages/chapt4_interfaces-0.0.0-py3.12.egg-info/top_level.txt
[0.596s] -- Installing: /home/rho9/chapt4/chapt4_ws/install/chapt4_interfaces/lib/python3.12/site-packages/chapt4_interfaces-0.0.0-py3.12.egg-info/dependency_links.txt
[0.597s] -- Up-to-date: /home/rho9/chapt4/chapt4_ws/install/chapt4_interfaces/lib/python3.12/site-packages/chapt4_interfaces
[0.597s] -- Up-to-date: /home/rho9/chapt4/chapt4_ws/install/chapt4_interfaces/lib/python3.12/site-packages/chapt4_interfaces/chapt4_interfaces_s__rosidl_typesupport_c.so
[0.597s] -- Up-to-date: /home/rho9/chapt4/chapt4_ws/install/chapt4_interfaces/lib/python3.12/site-packages/chapt4_interfaces/__init__.py
[0.597s] -- Up-to-date: /home/rho9/chapt4/chapt4_ws/install/chapt4_interfaces/lib/python3.12/site-packages/chapt4_interfaces/_chapt4_interfaces_s.ep.rosidl_typesupport_introspection_c.c
[0.598s] -- Up-to-date: /home/rho9/chapt4/chapt4_ws/install/chapt4_interfaces/lib/python3.12/site-packages/chapt4_interfaces/srv
[0.598s] -- Up-to-date: /home/rho9/chapt4/chapt4_ws/install/chapt4_interfaces/lib/python3.12/site-packages/chapt4_interfaces/srv/_face_detector_s.c
[0.598s] -- Up-to-date: /home/rho9/chapt4/chapt4_ws/install/chapt4_interfaces/lib/python3.12/site-packages/chapt4_interfaces/srv/__init__.py
[0.598s] -- Up-to-date: /home/rho9/chapt4/chapt4_ws/install/chapt4_interfaces/lib/python3.12/site-packages/chapt4_interfaces/srv/_face_detector.py
[0.598s] -- Up-to-date: /home/rho9/chapt4/chapt4_ws/install/chapt4_interfaces/lib/python3.12/site-packages/chapt4_interfaces/chapt4_interfaces_s__rosidl_typesupport_introspection_c.so
[0.599s] -- Up-to-date: /home/rho9/chapt4/chapt4_ws/install/chapt4_interfaces/lib/python3.12/site-packages/chapt4_interfaces/_chapt4_interfaces_s.ep.rosidl_typesupport_fastrtps_c.c
[0.599s] -- Up-to-date: /home/rho9/chapt4/chapt4_ws/install/chapt4_interfaces/lib/python3.12/site-packages/chapt4_interfaces/_chapt4_interfaces_s.ep.rosidl_typesupport_c.c
[0.599s] -- Up-to-date: /home/rho9/chapt4/chapt4_ws/install/chapt4_interfaces/lib/python3.12/site-packages/chapt4_interfaces/chapt4_interfaces_s__rosidl_typesupport_fastrtps_c.so
[0.638s] Listing '/home/rho9/chapt4/chapt4_ws/install/chapt4_interfaces/lib/python3.12/site-packages/chapt4_interfaces'...
[0.638s] Listing '/home/rho9/chapt4/chapt4_ws/install/chapt4_interfaces/lib/python3.12/site-packages/chapt4_interfaces/srv'...
[0.644s] -- Up-to-date: /home/rho9/chapt4/chapt4_ws/install/chapt4_interfaces/lib/python3.12/site-packages/chapt4_interfaces/chapt4_interfaces_s__rosidl_typesupport_fastrtps_c.so
[0.645s] -- Up-to-date: /home/rho9/chapt4/chapt4_ws/install/chapt4_interfaces/lib/python3.12/site-packages/chapt4_interfaces/chapt4_interfaces_s__rosidl_typesupport_introspection_c.so
[0.646s] -- Up-to-date: /home/rho9/chapt4/chapt4_ws/install/chapt4_interfaces/lib/python3.12/site-packages/chapt4_interfaces/chapt4_interfaces_s__rosidl_typesupport_c.so
[0.647s] -- Up-to-date: /home/rho9/chapt4/chapt4_ws/install/chapt4_interfaces/lib/libchapt4_interfaces__rosidl_generator_py.so
[0.647s] -- Up-to-date: /home/rho9/chapt4/chapt4_ws/install/chapt4_interfaces/share/chapt4_interfaces/srv/FaceDetector.idl
[0.648s] -- Up-to-date: /home/rho9/chapt4/chapt4_ws/install/chapt4_interfaces/share/chapt4_interfaces/srv/FaceDetector.srv
[0.648s] -- Up-to-date: /home/rho9/chapt4/chapt4_ws/install/chapt4_interfaces/share/ament_index/resource_index/package_run_dependencies/chapt4_interfaces
[0.648s] -- Up-to-date: /home/rho9/chapt4/chapt4_ws/install/chapt4_interfaces/share/ament_index/resource_index/parent_prefix_path/chapt4_interfaces
[0.648s] -- Up-to-date: /home/rho9/chapt4/chapt4_ws/install/chapt4_interfaces/share/chapt4_interfaces/environment/ament_prefix_path.sh
[0.648s] -- Up-to-date: /home/rho9/chapt4/chapt4_ws/install/chapt4_interfaces/share/chapt4_interfaces/environment/ament_prefix_path.dsv
[0.648s] -- Up-to-date: /home/rho9/chapt4/chapt4_ws/install/chapt4_interfaces/share/chapt4_interfaces/environment/path.sh
[0.649s] -- Up-to-date: /home/rho9/chapt4/chapt4_ws/install/chapt4_interfaces/share/chapt4_interfaces/environment/path.dsv
[0.649s] -- Up-to-date: /home/rho9/chapt4/chapt4_ws/install/chapt4_interfaces/share/chapt4_interfaces/local_setup.bash
[0.649s] -- Up-to-date: /home/rho9/chapt4/chapt4_ws/install/chapt4_interfaces/share/chapt4_interfaces/local_setup.sh
[0.649s] -- Up-to-date: /home/rho9/chapt4/chapt4_ws/install/chapt4_interfaces/share/chapt4_interfaces/local_setup.zsh
[0.649s] -- Up-to-date: /home/rho9/chapt4/chapt4_ws/install/chapt4_interfaces/share/chapt4_interfaces/local_setup.dsv
[0.649s] -- Installing: /home/rho9/chapt4/chapt4_ws/install/chapt4_interfaces/share/chapt4_interfaces/package.dsv
[0.650s] -- Up-to-date: /home/rho9/chapt4/chapt4_ws/install/chapt4_interfaces/share/ament_index/resource_index/packages/chapt4_interfaces
[0.650s] -- Up-to-date: /home/rho9/chapt4/chapt4_ws/install/chapt4_interfaces/share/chapt4_interfaces/cmake/export_chapt4_interfaces__rosidl_generator_cExport.cmake
[0.650s] -- Up-to-date: /home/rho9/chapt4/chapt4_ws/install/chapt4_interfaces/share/chapt4_interfaces/cmake/export_chapt4_interfaces__rosidl_generator_cExport-noconfig.cmake
[0.651s] -- Up-to-date: /home/rho9/chapt4/chapt4_ws/install/chapt4_interfaces/share/chapt4_interfaces/cmake/export_chapt4_interfaces__rosidl_typesupport_fastrtps_cExport.cmake
[0.651s] -- Up-to-date: /home/rho9/chapt4/chapt4_ws/install/chapt4_interfaces/share/chapt4_interfaces/cmake/export_chapt4_interfaces__rosidl_typesupport_fastrtps_cExport-noconfig.cmake
[0.651s] -- Up-to-date: /home/rho9/chapt4/chapt4_ws/install/chapt4_interfaces/share/chapt4_interfaces/cmake/chapt4_interfaces__rosidl_typesupport_introspection_cExport.cmake
[0.651s] -- Up-to-date: /home/rho9/chapt4/chapt4_ws/install/chapt4_interfaces/share/chapt4_interfaces/cmake/chapt4_interfaces__rosidl_typesupport_introspection_cExport-noconfig.cmake
[0.652s] -- Up-to-date: /home/rho9/chapt4/chapt4_ws/install/chapt4_interfaces/share/chapt4_interfaces/cmake/chapt4_interfaces__rosidl_typesupport_cExport.cmake
[0.652s] -- Up-to-date: /home/rho9/chapt4/chapt4_ws/install/chapt4_interfaces/share/chapt4_interfaces/cmake/chapt4_interfaces__rosidl_typesupport_cExport-noconfig.cmake
[0.653s] -- Up-to-date: /home/rho9/chapt4/chapt4_ws/install/chapt4_interfaces/share/chapt4_interfaces/cmake/export_chapt4_interfaces__rosidl_generator_cppExport.cmake
[0.653s] -- Up-to-date: /home/rho9/chapt4/chapt4_ws/install/chapt4_interfaces/share/chapt4_interfaces/cmake/export_chapt4_interfaces__rosidl_typesupport_fastrtps_cppExport.cmake
[0.653s] -- Up-to-date: /home/rho9/chapt4/chapt4_ws/install/chapt4_interfaces/share/chapt4_interfaces/cmake/export_chapt4_interfaces__rosidl_typesupport_fastrtps_cppExport-noconfig.cmake
[0.654s] -- Up-to-date: /home/rho9/chapt4/chapt4_ws/install/chapt4_interfaces/share/chapt4_interfaces/cmake/chapt4_interfaces__rosidl_typesupport_introspection_cppExport.cmake
[0.654s] -- Up-to-date: /home/rho9/chapt4/chapt4_ws/install/chapt4_interfaces/share/chapt4_interfaces/cmake/chapt4_interfaces__rosidl_typesupport_introspection_cppExport-noconfig.cmake
[0.655s] -- Up-to-date: /home/rho9/chapt4/chapt4_ws/install/chapt4_interfaces/share/chapt4_interfaces/cmake/chapt4_interfaces__rosidl_typesupport_cppExport.cmake
[0.655s] -- Up-to-date: /home/rho9/chapt4/chapt4_ws/install/chapt4_interfaces/share/chapt4_interfaces/cmake/chapt4_interfaces__rosidl_typesupport_cppExport-noconfig.cmake
[0.656s] -- Up-to-date: /home/rho9/chapt4/chapt4_ws/install/chapt4_interfaces/share/chapt4_interfaces/cmake/export_chapt4_interfaces__rosidl_generator_pyExport.cmake
[0.656s] -- Up-to-date: /home/rho9/chapt4/chapt4_ws/install/chapt4_interfaces/share/chapt4_interfaces/cmake/export_chapt4_interfaces__rosidl_generator_pyExport-noconfig.cmake
[0.656s] -- Up-to-date: /home/rho9/chapt4/chapt4_ws/install/chapt4_interfaces/share/chapt4_interfaces/cmake/rosidl_cmake-extras.cmake
[0.656s] -- Up-to-date: /home/rho9/chapt4/chapt4_ws/install/chapt4_interfaces/share/chapt4_interfaces/cmake/ament_cmake_export_dependencies-extras.cmake
[0.657s] -- Up-to-date: /home/rho9/chapt4/chapt4_ws/install/chapt4_interfaces/share/chapt4_interfaces/cmake/ament_cmake_export_include_directories-extras.cmake
[0.657s] -- Up-to-date: /home/rho9/chapt4/chapt4_ws/install/chapt4_interfaces/share/chapt4_interfaces/cmake/ament_cmake_export_libraries-extras.cmake
[0.657s] -- Up-to-date: /home/rho9/chapt4/chapt4_ws/install/chapt4_interfaces/share/chapt4_interfaces/cmake/ament_cmake_export_targets-extras.cmake
[0.657s] -- Up-to-date: /home/rho9/chapt4/chapt4_ws/install/chapt4_interfaces/share/chapt4_interfaces/cmake/rosidl_cmake_export_typesupport_targets-extras.cmake
[0.658s] -- Up-to-date: /home/rho9/chapt4/chapt4_ws/install/chapt4_interfaces/share/chapt4_interfaces/cmake/rosidl_cmake_export_typesupport_libraries-extras.cmake
[0.658s] -- Up-to-date: /home/rho9/chapt4/chapt4_ws/install/chapt4_interfaces/share/chapt4_interfaces/cmake/chapt4_interfacesConfig.cmake
[0.658s] -- Up-to-date: /home/rho9/chapt4/chapt4_ws/install/chapt4_interfaces/share/chapt4_interfaces/cmake/chapt4_interfacesConfig-version.cmake
[0.658s] -- Up-to-date: /home/rho9/chapt4/chapt4_ws/install/chapt4_interfaces/share/chapt4_interfaces/package.xml
[0.659s] Invoked command in '/home/rho9/chapt4/chapt4_ws/build/chapt4_interfaces' returned '0': CMAKE_PREFIX_PATH=${CMAKE_PREFIX_PATH}:/opt/ros/jazzy /usr/bin/cmake --install /home/rho9/chapt4/chapt4_ws/build/chapt4_interfaces
