[0.025s] Invoking command in '/home/rho9/chapt3/topic_ws/build/demo_cpp_topic': CMAKE_PREFIX_PATH=${CMAKE_PREFIX_PATH}:/opt/ros/jazzy /usr/bin/cmake --build /home/rho9/chapt3/topic_ws/build/demo_cpp_topic -- -j20 -l20
[0.163s] [ 50%] Built target turtle_circle
[0.172s] [ 75%] [32mBuilding CXX object CMakeFiles/turtle_control.dir/src/turtle_control.cpp.o[0m
[9.407s] [100%] [32m[1mLinking CXX executable turtle_control[0m
[9.864s] [100%] Built target turtle_control
[9.880s] Invoked command in '/home/rho9/chapt3/topic_ws/build/demo_cpp_topic' returned '0': CMAKE_PREFIX_PATH=${CMAKE_PREFIX_PATH}:/opt/ros/jazzy /usr/bin/cmake --build /home/rho9/chapt3/topic_ws/build/demo_cpp_topic -- -j20 -l20
[9.894s] Invoking command in '/home/rho9/chapt3/topic_ws/build/demo_cpp_topic': CMAKE_PREFIX_PATH=${CMAKE_PREFIX_PATH}:/opt/ros/jazzy /usr/bin/cmake --install /home/rho9/chapt3/topic_ws/build/demo_cpp_topic
[9.904s] -- Install configuration: ""
[9.906s] -- Up-to-date: /home/rho9/chapt3/topic_ws/install/demo_cpp_topic/lib/demo_cpp_topic/turtle_circle
[9.907s] -- Installing: /home/rho9/chapt3/topic_ws/install/demo_cpp_topic/lib/demo_cpp_topic/turtle_control
[9.911s] -- Set non-toolchain portion of runtime path of "/home/rho9/chapt3/topic_ws/install/demo_cpp_topic/lib/demo_cpp_topic/turtle_control" to ""
[9.911s] -- Up-to-date: /home/rho9/chapt3/topic_ws/install/demo_cpp_topic/share/ament_index/resource_index/package_run_dependencies/demo_cpp_topic
[9.911s] -- Installing: /home/rho9/chapt3/topic_ws/install/demo_cpp_topic/share/ament_index/resource_index/parent_prefix_path/demo_cpp_topic
[9.912s] -- Up-to-date: /home/rho9/chapt3/topic_ws/install/demo_cpp_topic/share/demo_cpp_topic/environment/ament_prefix_path.sh
[9.912s] -- Up-to-date: /home/rho9/chapt3/topic_ws/install/demo_cpp_topic/share/demo_cpp_topic/environment/ament_prefix_path.dsv
[9.912s] -- Up-to-date: /home/rho9/chapt3/topic_ws/install/demo_cpp_topic/share/demo_cpp_topic/environment/path.sh
[9.912s] -- Up-to-date: /home/rho9/chapt3/topic_ws/install/demo_cpp_topic/share/demo_cpp_topic/environment/path.dsv
[9.913s] -- Up-to-date: /home/rho9/chapt3/topic_ws/install/demo_cpp_topic/share/demo_cpp_topic/local_setup.bash
[9.913s] -- Up-to-date: /home/rho9/chapt3/topic_ws/install/demo_cpp_topic/share/demo_cpp_topic/local_setup.sh
[9.913s] -- Up-to-date: /home/rho9/chapt3/topic_ws/install/demo_cpp_topic/share/demo_cpp_topic/local_setup.zsh
[9.913s] -- Up-to-date: /home/rho9/chapt3/topic_ws/install/demo_cpp_topic/share/demo_cpp_topic/local_setup.dsv
[9.913s] -- Installing: /home/rho9/chapt3/topic_ws/install/demo_cpp_topic/share/demo_cpp_topic/package.dsv
[9.913s] -- Up-to-date: /home/rho9/chapt3/topic_ws/install/demo_cpp_topic/share/ament_index/resource_index/packages/demo_cpp_topic
[9.914s] -- Up-to-date: /home/rho9/chapt3/topic_ws/install/demo_cpp_topic/share/demo_cpp_topic/cmake/demo_cpp_topicConfig.cmake
[9.914s] -- Up-to-date: /home/rho9/chapt3/topic_ws/install/demo_cpp_topic/share/demo_cpp_topic/cmake/demo_cpp_topicConfig-version.cmake
[9.914s] -- Up-to-date: /home/rho9/chapt3/topic_ws/install/demo_cpp_topic/share/demo_cpp_topic/package.xml
[9.916s] Invoked command in '/home/rho9/chapt3/topic_ws/build/demo_cpp_topic' returned '0': CMAKE_PREFIX_PATH=${CMAKE_PREFIX_PATH}:/opt/ros/jazzy /usr/bin/cmake --install /home/rho9/chapt3/topic_ws/build/demo_cpp_topic
