running egg_info
creating ../../build/autopartol_robot/autopartol_robot.egg-info
writing ../../build/autopartol_robot/autopartol_robot.egg-info/PKG-INFO
writing dependency_links to ../../build/autopartol_robot/autopartol_robot.egg-info/dependency_links.txt
writing entry points to ../../build/autopartol_robot/autopartol_robot.egg-info/entry_points.txt
writing requirements to ../../build/autopartol_robot/autopartol_robot.egg-info/requires.txt
writing top-level names to ../../build/autopartol_robot/autopartol_robot.egg-info/top_level.txt
writing manifest file '../../build/autopartol_robot/autopartol_robot.egg-info/SOURCES.txt'
reading manifest file '../../build/autopartol_robot/autopartol_robot.egg-info/SOURCES.txt'
writing manifest file '../../build/autopartol_robot/autopartol_robot.egg-info/SOURCES.txt'
running build
running build_py
creating /home/rho922/chapt7/chapt7_ws/build/autopartol_robot/build
creating /home/rho922/chapt7/chapt7_ws/build/autopartol_robot/build/lib
creating /home/rho922/chapt7/chapt7_ws/build/autopartol_robot/build/lib/autopartol_robot
copying autopartol_robot/__init__.py -> /home/rho922/chapt7/chapt7_ws/build/autopartol_robot/build/lib/autopartol_robot
copying autopartol_robot/partol_node.py -> /home/rho922/chapt7/chapt7_ws/build/autopartol_robot/build/lib/autopartol_robot
running install
running install_lib
creating /home/rho922/chapt7/chapt7_ws/install/autopartol_robot/lib/python3.10/site-packages/autopartol_robot
copying /home/rho922/chapt7/chapt7_ws/build/autopartol_robot/build/lib/autopartol_robot/__init__.py -> /home/rho922/chapt7/chapt7_ws/install/autopartol_robot/lib/python3.10/site-packages/autopartol_robot
copying /home/rho922/chapt7/chapt7_ws/build/autopartol_robot/build/lib/autopartol_robot/partol_node.py -> /home/rho922/chapt7/chapt7_ws/install/autopartol_robot/lib/python3.10/site-packages/autopartol_robot
byte-compiling /home/rho922/chapt7/chapt7_ws/install/autopartol_robot/lib/python3.10/site-packages/autopartol_robot/__init__.py to __init__.cpython-310.pyc
byte-compiling /home/rho922/chapt7/chapt7_ws/install/autopartol_robot/lib/python3.10/site-packages/autopartol_robot/partol_node.py to partol_node.cpython-310.pyc
running install_data
creating /home/rho922/chapt7/chapt7_ws/install/autopartol_robot/share/ament_index
creating /home/rho922/chapt7/chapt7_ws/install/autopartol_robot/share/ament_index/resource_index
creating /home/rho922/chapt7/chapt7_ws/install/autopartol_robot/share/ament_index/resource_index/packages
copying resource/autopartol_robot -> /home/rho922/chapt7/chapt7_ws/install/autopartol_robot/share/ament_index/resource_index/packages
copying package.xml -> /home/rho922/chapt7/chapt7_ws/install/autopartol_robot/share/autopartol_robot
running install_egg_info
Copying ../../build/autopartol_robot/autopartol_robot.egg-info to /home/rho922/chapt7/chapt7_ws/install/autopartol_robot/lib/python3.10/site-packages/autopartol_robot-0.0.0-py3.10.egg-info
running install_scripts
Installing partol_node script to /home/rho922/chapt7/chapt7_ws/install/autopartol_robot/lib/autopartol_robot
writing list of installed files to '/home/rho922/chapt7/chapt7_ws/build/autopartol_robot/install.log'
