[1.178s] Invoking command in '/home/rho922/chapt7/chapt7_ws/src/autopartol_robot': PYTHONPATH=/home/rho922/chapt7/chapt7_ws/build/autopartol_robot/prefix_override:/usr/lib/python3/dist-packages/colcon_core/task/python/colcon_distutils_commands:/home/rho922/chapt7/chapt7_ws/install/autopartol_robot/lib/python3.10/site-packages:${PYTHONPATH} /usr/bin/python3 -W ignore:setup.py install is deprecated -W ignore:easy_install command is deprecated setup.py egg_info --egg-base ../../build/autopartol_robot build --build-base /home/rho922/chapt7/chapt7_ws/build/autopartol_robot/build install --record /home/rho922/chapt7/chapt7_ws/build/autopartol_robot/install.log --single-version-externally-managed install_data
[1.397s] running egg_info
[1.397s] creating ../../build/autopartol_robot/autopartol_robot.egg-info
[1.398s] writing ../../build/autopartol_robot/autopartol_robot.egg-info/PKG-INFO
[1.398s] writing dependency_links to ../../build/autopartol_robot/autopartol_robot.egg-info/dependency_links.txt
[1.398s] writing entry points to ../../build/autopartol_robot/autopartol_robot.egg-info/entry_points.txt
[1.399s] writing requirements to ../../build/autopartol_robot/autopartol_robot.egg-info/requires.txt
[1.399s] writing top-level names to ../../build/autopartol_robot/autopartol_robot.egg-info/top_level.txt
[1.400s] writing manifest file '../../build/autopartol_robot/autopartol_robot.egg-info/SOURCES.txt'
[1.402s] reading manifest file '../../build/autopartol_robot/autopartol_robot.egg-info/SOURCES.txt'
[1.403s] writing manifest file '../../build/autopartol_robot/autopartol_robot.egg-info/SOURCES.txt'
[1.403s] running build
[1.403s] running build_py
[1.404s] creating /home/rho922/chapt7/chapt7_ws/build/autopartol_robot/build
[1.404s] creating /home/rho922/chapt7/chapt7_ws/build/autopartol_robot/build/lib
[1.404s] creating /home/rho922/chapt7/chapt7_ws/build/autopartol_robot/build/lib/autopartol_robot
[1.405s] copying autopartol_robot/__init__.py -> /home/rho922/chapt7/chapt7_ws/build/autopartol_robot/build/lib/autopartol_robot
[1.405s] copying autopartol_robot/partol_node.py -> /home/rho922/chapt7/chapt7_ws/build/autopartol_robot/build/lib/autopartol_robot
[1.405s] running install
[1.405s] running install_lib
[1.405s] creating /home/rho922/chapt7/chapt7_ws/install/autopartol_robot/lib/python3.10/site-packages/autopartol_robot
[1.406s] copying /home/rho922/chapt7/chapt7_ws/build/autopartol_robot/build/lib/autopartol_robot/__init__.py -> /home/rho922/chapt7/chapt7_ws/install/autopartol_robot/lib/python3.10/site-packages/autopartol_robot
[1.406s] copying /home/rho922/chapt7/chapt7_ws/build/autopartol_robot/build/lib/autopartol_robot/partol_node.py -> /home/rho922/chapt7/chapt7_ws/install/autopartol_robot/lib/python3.10/site-packages/autopartol_robot
[1.407s] byte-compiling /home/rho922/chapt7/chapt7_ws/install/autopartol_robot/lib/python3.10/site-packages/autopartol_robot/__init__.py to __init__.cpython-310.pyc
[1.408s] byte-compiling /home/rho922/chapt7/chapt7_ws/install/autopartol_robot/lib/python3.10/site-packages/autopartol_robot/partol_node.py to partol_node.cpython-310.pyc
[1.408s] running install_data
[1.408s] creating /home/rho922/chapt7/chapt7_ws/install/autopartol_robot/share/ament_index
[1.408s] creating /home/rho922/chapt7/chapt7_ws/install/autopartol_robot/share/ament_index/resource_index
[1.409s] creating /home/rho922/chapt7/chapt7_ws/install/autopartol_robot/share/ament_index/resource_index/packages
[1.409s] copying resource/autopartol_robot -> /home/rho922/chapt7/chapt7_ws/install/autopartol_robot/share/ament_index/resource_index/packages
[1.409s] copying package.xml -> /home/rho922/chapt7/chapt7_ws/install/autopartol_robot/share/autopartol_robot
[1.410s] running install_egg_info
[1.411s] Copying ../../build/autopartol_robot/autopartol_robot.egg-info to /home/rho922/chapt7/chapt7_ws/install/autopartol_robot/lib/python3.10/site-packages/autopartol_robot-0.0.0-py3.10.egg-info
[1.414s] running install_scripts
[1.436s] Installing partol_node script to /home/rho922/chapt7/chapt7_ws/install/autopartol_robot/lib/autopartol_robot
[1.437s] writing list of installed files to '/home/rho922/chapt7/chapt7_ws/build/autopartol_robot/install.log'
[1.461s] Invoked command in '/home/rho922/chapt7/chapt7_ws/src/autopartol_robot' returned '0': PYTHONPATH=/home/rho922/chapt7/chapt7_ws/build/autopartol_robot/prefix_override:/usr/lib/python3/dist-packages/colcon_core/task/python/colcon_distutils_commands:/home/rho922/chapt7/chapt7_ws/install/autopartol_robot/lib/python3.10/site-packages:${PYTHONPATH} /usr/bin/python3 -W ignore:setup.py install is deprecated -W ignore:easy_install command is deprecated setup.py egg_info --egg-base ../../build/autopartol_robot build --build-base /home/rho922/chapt7/chapt7_ws/build/autopartol_robot/build install --record /home/rho922/chapt7/chapt7_ws/build/autopartol_robot/install.log --single-version-externally-managed install_data
