[0.058s] Invoking command in '/home/rho922/chapt7/chapt7_ws/build/autopartol_interfaces': CMAKE_PREFIX_PATH=${CMAKE_PREFIX_PATH}:/home/rho922/chapt7/chapt7_ws/install/fishbot_application:/home/rho922/chapt7/chapt7_ws/install/autopartol_robot:/opt/ros/humble /usr/bin/cmake --build /home/rho922/chapt7/chapt7_ws/build/autopartol_interfaces -- -j20 -l20
[0.995s] [  9%] Built target autopartol_interfaces__rosidl_generator_c
[0.995s] [ 12%] Built target autopartol_interfaces__rs
[0.995s] [ 15%] Built target autopartol_interfaces__cpp
[0.996s] [ 15%] Built target ament_cmake_python_copy_autopartol_interfaces
[0.996s] [ 31%] Built target autopartol_interfaces__rosidl_typesupport_fastrtps_c
[0.996s] [ 37%] Built target autopartol_interfaces__rosidl_typesupport_introspection_c
[0.996s] [ 43%] Built target autopartol_interfaces__rosidl_typesupport_c
[0.996s] [ 59%] Built target autopartol_interfaces__rosidl_typesupport_fastrtps_cpp
[0.996s] [ 62%] Built target autopartol_interfaces__rosidl_typesupport_introspection_cpp
[0.996s] [ 71%] Built target autopartol_interfaces__rosidl_typesupport_cpp
[0.997s] [ 71%] Built target autopartol_interfaces
[0.997s] [ 75%] Built target autopartol_interfaces__py
[0.997s] [ 81%] Built target autopartol_interfaces__rosidl_generator_py
[0.997s] [ 90%] Built target autopartol_interfaces__rosidl_typesupport_introspection_c__pyext
[0.998s] [ 93%] Built target autopartol_interfaces__rosidl_typesupport_c__pyext
[0.998s] [100%] Built target autopartol_interfaces__rosidl_typesupport_fastrtps_c__pyext
[0.998s] running egg_info
[0.998s] writing autopartol_interfaces.egg-info/PKG-INFO
[0.998s] writing dependency_links to autopartol_interfaces.egg-info/dependency_links.txt
[0.998s] writing top-level names to autopartol_interfaces.egg-info/top_level.txt
[0.999s] reading manifest file 'autopartol_interfaces.egg-info/SOURCES.txt'
[0.999s] writing manifest file 'autopartol_interfaces.egg-info/SOURCES.txt'
[0.999s] [100%] Built target ament_cmake_python_build_autopartol_interfaces_egg
[1.000s] Invoked command in '/home/rho922/chapt7/chapt7_ws/build/autopartol_interfaces' returned '0': CMAKE_PREFIX_PATH=${CMAKE_PREFIX_PATH}:/home/rho922/chapt7/chapt7_ws/install/fishbot_application:/home/rho922/chapt7/chapt7_ws/install/autopartol_robot:/opt/ros/humble /usr/bin/cmake --build /home/rho922/chapt7/chapt7_ws/build/autopartol_interfaces -- -j20 -l20
[1.010s] Invoking command in '/home/rho922/chapt7/chapt7_ws/build/autopartol_interfaces': CMAKE_PREFIX_PATH=${CMAKE_PREFIX_PATH}:/home/rho922/chapt7/chapt7_ws/install/fishbot_application:/home/rho922/chapt7/chapt7_ws/install/autopartol_robot:/opt/ros/humble /usr/bin/cmake --install /home/rho922/chapt7/chapt7_ws/build/autopartol_interfaces
[1.022s] -- Install configuration: ""
[1.023s] -- Up-to-date: /home/rho922/chapt7/chapt7_ws/install/autopartol_interfaces/share/ament_index/resource_index/rosidl_interfaces/autopartol_interfaces
[1.023s] -- Up-to-date: /home/rho922/chapt7/chapt7_ws/install/autopartol_interfaces/include/autopartol_interfaces/autopartol_interfaces
[1.024s] -- Up-to-date: /home/rho922/chapt7/chapt7_ws/install/autopartol_interfaces/include/autopartol_interfaces/autopartol_interfaces/srv
[1.024s] -- Up-to-date: /home/rho922/chapt7/chapt7_ws/install/autopartol_interfaces/include/autopartol_interfaces/autopartol_interfaces/srv/speech_text.h
[1.025s] -- Up-to-date: /home/rho922/chapt7/chapt7_ws/install/autopartol_interfaces/include/autopartol_interfaces/autopartol_interfaces/srv/detail
[1.025s] -- Up-to-date: /home/rho922/chapt7/chapt7_ws/install/autopartol_interfaces/include/autopartol_interfaces/autopartol_interfaces/srv/detail/speech_text__functions.h
[1.026s] -- Up-to-date: /home/rho922/chapt7/chapt7_ws/install/autopartol_interfaces/include/autopartol_interfaces/autopartol_interfaces/srv/detail/speech_text__functions.c
[1.026s] -- Up-to-date: /home/rho922/chapt7/chapt7_ws/install/autopartol_interfaces/include/autopartol_interfaces/autopartol_interfaces/srv/detail/speech_text__type_support.h
[1.027s] -- Up-to-date: /home/rho922/chapt7/chapt7_ws/install/autopartol_interfaces/include/autopartol_interfaces/autopartol_interfaces/srv/detail/speech_text__struct.h
[1.028s] -- Up-to-date: /home/rho922/chapt7/chapt7_ws/install/autopartol_interfaces/include/autopartol_interfaces/autopartol_interfaces/msg
[1.028s] -- Up-to-date: /home/rho922/chapt7/chapt7_ws/install/autopartol_interfaces/include/autopartol_interfaces/autopartol_interfaces/msg/rosidl_generator_c__visibility_control.h
[1.028s] -- Up-to-date: /home/rho922/chapt7/chapt7_ws/install/autopartol_interfaces/share/autopartol_interfaces/environment/library_path.sh
[1.029s] -- Up-to-date: /home/rho922/chapt7/chapt7_ws/install/autopartol_interfaces/share/autopartol_interfaces/environment/library_path.dsv
[1.030s] -- Up-to-date: /home/rho922/chapt7/chapt7_ws/install/autopartol_interfaces/lib/libautopartol_interfaces__rosidl_generator_c.so
[1.030s] -- Up-to-date: /home/rho922/chapt7/chapt7_ws/install/autopartol_interfaces/include/autopartol_interfaces/autopartol_interfaces
[1.031s] -- Up-to-date: /home/rho922/chapt7/chapt7_ws/install/autopartol_interfaces/include/autopartol_interfaces/autopartol_interfaces/srv
[1.031s] -- Up-to-date: /home/rho922/chapt7/chapt7_ws/install/autopartol_interfaces/include/autopartol_interfaces/autopartol_interfaces/srv/detail
[1.031s] -- Up-to-date: /home/rho922/chapt7/chapt7_ws/install/autopartol_interfaces/include/autopartol_interfaces/autopartol_interfaces/srv/detail/speech_text__rosidl_typesupport_fastrtps_c.h
[1.031s] -- Up-to-date: /home/rho922/chapt7/chapt7_ws/install/autopartol_interfaces/include/autopartol_interfaces/autopartol_interfaces/msg
[1.032s] -- Up-to-date: /home/rho922/chapt7/chapt7_ws/install/autopartol_interfaces/include/autopartol_interfaces/autopartol_interfaces/msg/rosidl_typesupport_fastrtps_c__visibility_control.h
[1.032s] -- Up-to-date: /home/rho922/chapt7/chapt7_ws/install/autopartol_interfaces/lib/libautopartol_interfaces__rosidl_typesupport_fastrtps_c.so
[1.032s] -- Up-to-date: /home/rho922/chapt7/chapt7_ws/install/autopartol_interfaces/include/autopartol_interfaces/autopartol_interfaces
[1.032s] -- Up-to-date: /home/rho922/chapt7/chapt7_ws/install/autopartol_interfaces/include/autopartol_interfaces/autopartol_interfaces/srv
[1.032s] -- Up-to-date: /home/rho922/chapt7/chapt7_ws/install/autopartol_interfaces/include/autopartol_interfaces/autopartol_interfaces/srv/detail
[1.033s] -- Up-to-date: /home/rho922/chapt7/chapt7_ws/install/autopartol_interfaces/include/autopartol_interfaces/autopartol_interfaces/srv/detail/speech_text__rosidl_typesupport_introspection_c.h
[1.034s] -- Up-to-date: /home/rho922/chapt7/chapt7_ws/install/autopartol_interfaces/include/autopartol_interfaces/autopartol_interfaces/srv/detail/speech_text__type_support.c
[1.035s] -- Up-to-date: /home/rho922/chapt7/chapt7_ws/install/autopartol_interfaces/include/autopartol_interfaces/autopartol_interfaces/msg
[1.035s] -- Up-to-date: /home/rho922/chapt7/chapt7_ws/install/autopartol_interfaces/include/autopartol_interfaces/autopartol_interfaces/msg/rosidl_typesupport_introspection_c__visibility_control.h
[1.035s] -- Up-to-date: /home/rho922/chapt7/chapt7_ws/install/autopartol_interfaces/lib/libautopartol_interfaces__rosidl_typesupport_introspection_c.so
[1.035s] -- Up-to-date: /home/rho922/chapt7/chapt7_ws/install/autopartol_interfaces/lib/libautopartol_interfaces__rosidl_typesupport_c.so
[1.035s] -- Up-to-date: /home/rho922/chapt7/chapt7_ws/install/autopartol_interfaces/include/autopartol_interfaces/autopartol_interfaces
[1.035s] -- Up-to-date: /home/rho922/chapt7/chapt7_ws/install/autopartol_interfaces/include/autopartol_interfaces/autopartol_interfaces/srv
[1.035s] -- Up-to-date: /home/rho922/chapt7/chapt7_ws/install/autopartol_interfaces/include/autopartol_interfaces/autopartol_interfaces/srv/speech_text.hpp
[1.035s] -- Up-to-date: /home/rho922/chapt7/chapt7_ws/install/autopartol_interfaces/include/autopartol_interfaces/autopartol_interfaces/srv/detail
[1.035s] -- Up-to-date: /home/rho922/chapt7/chapt7_ws/install/autopartol_interfaces/include/autopartol_interfaces/autopartol_interfaces/srv/detail/speech_text__struct.hpp
[1.035s] -- Up-to-date: /home/rho922/chapt7/chapt7_ws/install/autopartol_interfaces/include/autopartol_interfaces/autopartol_interfaces/srv/detail/speech_text__traits.hpp
[1.036s] -- Up-to-date: /home/rho922/chapt7/chapt7_ws/install/autopartol_interfaces/include/autopartol_interfaces/autopartol_interfaces/srv/detail/speech_text__type_support.hpp
[1.036s] -- Up-to-date: /home/rho922/chapt7/chapt7_ws/install/autopartol_interfaces/include/autopartol_interfaces/autopartol_interfaces/srv/detail/speech_text__builder.hpp
[1.036s] -- Up-to-date: /home/rho922/chapt7/chapt7_ws/install/autopartol_interfaces/include/autopartol_interfaces/autopartol_interfaces/msg
[1.036s] -- Up-to-date: /home/rho922/chapt7/chapt7_ws/install/autopartol_interfaces/include/autopartol_interfaces/autopartol_interfaces/msg/rosidl_generator_cpp__visibility_control.hpp
[1.036s] -- Up-to-date: /home/rho922/chapt7/chapt7_ws/install/autopartol_interfaces/include/autopartol_interfaces/autopartol_interfaces
[1.036s] -- Up-to-date: /home/rho922/chapt7/chapt7_ws/install/autopartol_interfaces/include/autopartol_interfaces/autopartol_interfaces/srv
[1.036s] -- Up-to-date: /home/rho922/chapt7/chapt7_ws/install/autopartol_interfaces/include/autopartol_interfaces/autopartol_interfaces/srv/detail
[1.036s] -- Up-to-date: /home/rho922/chapt7/chapt7_ws/install/autopartol_interfaces/include/autopartol_interfaces/autopartol_interfaces/srv/detail/speech_text__rosidl_typesupport_fastrtps_cpp.hpp
[1.036s] -- Up-to-date: /home/rho922/chapt7/chapt7_ws/install/autopartol_interfaces/include/autopartol_interfaces/autopartol_interfaces/srv/detail/dds_fastrtps
[1.036s] -- Up-to-date: /home/rho922/chapt7/chapt7_ws/install/autopartol_interfaces/include/autopartol_interfaces/autopartol_interfaces/msg
[1.036s] -- Up-to-date: /home/rho922/chapt7/chapt7_ws/install/autopartol_interfaces/include/autopartol_interfaces/autopartol_interfaces/msg/rosidl_typesupport_fastrtps_cpp__visibility_control.h
[1.036s] -- Up-to-date: /home/rho922/chapt7/chapt7_ws/install/autopartol_interfaces/lib/libautopartol_interfaces__rosidl_typesupport_fastrtps_cpp.so
[1.036s] -- Up-to-date: /home/rho922/chapt7/chapt7_ws/install/autopartol_interfaces/include/autopartol_interfaces/autopartol_interfaces
[1.037s] -- Up-to-date: /home/rho922/chapt7/chapt7_ws/install/autopartol_interfaces/include/autopartol_interfaces/autopartol_interfaces/srv
[1.037s] -- Up-to-date: /home/rho922/chapt7/chapt7_ws/install/autopartol_interfaces/include/autopartol_interfaces/autopartol_interfaces/srv/detail
[1.037s] -- Up-to-date: /home/rho922/chapt7/chapt7_ws/install/autopartol_interfaces/include/autopartol_interfaces/autopartol_interfaces/srv/detail/speech_text__type_support.cpp
[1.037s] -- Up-to-date: /home/rho922/chapt7/chapt7_ws/install/autopartol_interfaces/include/autopartol_interfaces/autopartol_interfaces/srv/detail/speech_text__rosidl_typesupport_introspection_cpp.hpp
[1.037s] -- Up-to-date: /home/rho922/chapt7/chapt7_ws/install/autopartol_interfaces/lib/libautopartol_interfaces__rosidl_typesupport_introspection_cpp.so
[1.037s] -- Up-to-date: /home/rho922/chapt7/chapt7_ws/install/autopartol_interfaces/lib/libautopartol_interfaces__rosidl_typesupport_cpp.so
[1.037s] -- Up-to-date: /home/rho922/chapt7/chapt7_ws/install/autopartol_interfaces/share/autopartol_interfaces/environment/pythonpath.sh
[1.037s] -- Up-to-date: /home/rho922/chapt7/chapt7_ws/install/autopartol_interfaces/share/autopartol_interfaces/environment/pythonpath.dsv
[1.037s] -- Up-to-date: /home/rho922/chapt7/chapt7_ws/install/autopartol_interfaces/local/lib/python3.10/dist-packages/autopartol_interfaces-0.0.0-py3.10.egg-info
[1.038s] -- Installing: /home/rho922/chapt7/chapt7_ws/install/autopartol_interfaces/local/lib/python3.10/dist-packages/autopartol_interfaces-0.0.0-py3.10.egg-info/SOURCES.txt
[1.038s] -- Installing: /home/rho922/chapt7/chapt7_ws/install/autopartol_interfaces/local/lib/python3.10/dist-packages/autopartol_interfaces-0.0.0-py3.10.egg-info/top_level.txt
[1.038s] -- Installing: /home/rho922/chapt7/chapt7_ws/install/autopartol_interfaces/local/lib/python3.10/dist-packages/autopartol_interfaces-0.0.0-py3.10.egg-info/dependency_links.txt
[1.038s] -- Installing: /home/rho922/chapt7/chapt7_ws/install/autopartol_interfaces/local/lib/python3.10/dist-packages/autopartol_interfaces-0.0.0-py3.10.egg-info/PKG-INFO
[1.038s] -- Up-to-date: /home/rho922/chapt7/chapt7_ws/install/autopartol_interfaces/local/lib/python3.10/dist-packages/autopartol_interfaces
[1.038s] -- Up-to-date: /home/rho922/chapt7/chapt7_ws/install/autopartol_interfaces/local/lib/python3.10/dist-packages/autopartol_interfaces/_autopartol_interfaces_s.ep.rosidl_typesupport_introspection_c.c
[1.038s] -- Up-to-date: /home/rho922/chapt7/chapt7_ws/install/autopartol_interfaces/local/lib/python3.10/dist-packages/autopartol_interfaces/srv
[1.039s] -- Up-to-date: /home/rho922/chapt7/chapt7_ws/install/autopartol_interfaces/local/lib/python3.10/dist-packages/autopartol_interfaces/srv/_speech_text_s.c
[1.039s] -- Up-to-date: /home/rho922/chapt7/chapt7_ws/install/autopartol_interfaces/local/lib/python3.10/dist-packages/autopartol_interfaces/srv/__init__.py
[1.039s] -- Up-to-date: /home/rho922/chapt7/chapt7_ws/install/autopartol_interfaces/local/lib/python3.10/dist-packages/autopartol_interfaces/srv/_speech_text.py
[1.039s] -- Up-to-date: /home/rho922/chapt7/chapt7_ws/install/autopartol_interfaces/local/lib/python3.10/dist-packages/autopartol_interfaces/libautopartol_interfaces__rosidl_generator_py.so
[1.039s] -- Up-to-date: /home/rho922/chapt7/chapt7_ws/install/autopartol_interfaces/local/lib/python3.10/dist-packages/autopartol_interfaces/__init__.py
[1.039s] -- Up-to-date: /home/rho922/chapt7/chapt7_ws/install/autopartol_interfaces/local/lib/python3.10/dist-packages/autopartol_interfaces/autopartol_interfaces_s__rosidl_typesupport_fastrtps_c.cpython-310-x86_64-linux-gnu.so
[1.039s] -- Up-to-date: /home/rho922/chapt7/chapt7_ws/install/autopartol_interfaces/local/lib/python3.10/dist-packages/autopartol_interfaces/_autopartol_interfaces_s.ep.rosidl_typesupport_c.c
[1.039s] -- Up-to-date: /home/rho922/chapt7/chapt7_ws/install/autopartol_interfaces/local/lib/python3.10/dist-packages/autopartol_interfaces/autopartol_interfaces_s__rosidl_typesupport_introspection_c.cpython-310-x86_64-linux-gnu.so
[1.039s] -- Up-to-date: /home/rho922/chapt7/chapt7_ws/install/autopartol_interfaces/local/lib/python3.10/dist-packages/autopartol_interfaces/autopartol_interfaces_s__rosidl_typesupport_c.cpython-310-x86_64-linux-gnu.so
[1.039s] -- Up-to-date: /home/rho922/chapt7/chapt7_ws/install/autopartol_interfaces/local/lib/python3.10/dist-packages/autopartol_interfaces/_autopartol_interfaces_s.ep.rosidl_typesupport_fastrtps_c.c
[1.124s] Listing '/home/rho922/chapt7/chapt7_ws/install/autopartol_interfaces/local/lib/python3.10/dist-packages/autopartol_interfaces'...
[1.129s] Listing '/home/rho922/chapt7/chapt7_ws/install/autopartol_interfaces/local/lib/python3.10/dist-packages/autopartol_interfaces/srv'...
[1.130s] -- Up-to-date: /home/rho922/chapt7/chapt7_ws/install/autopartol_interfaces/local/lib/python3.10/dist-packages/autopartol_interfaces/autopartol_interfaces_s__rosidl_typesupport_fastrtps_c.cpython-310-x86_64-linux-gnu.so
[1.130s] -- Up-to-date: /home/rho922/chapt7/chapt7_ws/install/autopartol_interfaces/local/lib/python3.10/dist-packages/autopartol_interfaces/autopartol_interfaces_s__rosidl_typesupport_introspection_c.cpython-310-x86_64-linux-gnu.so
[1.130s] -- Up-to-date: /home/rho922/chapt7/chapt7_ws/install/autopartol_interfaces/local/lib/python3.10/dist-packages/autopartol_interfaces/autopartol_interfaces_s__rosidl_typesupport_c.cpython-310-x86_64-linux-gnu.so
[1.130s] -- Up-to-date: /home/rho922/chapt7/chapt7_ws/install/autopartol_interfaces/lib/libautopartol_interfaces__rosidl_generator_py.so
[1.131s] -- Up-to-date: /home/rho922/chapt7/chapt7_ws/install/autopartol_interfaces/share/ament_index/resource_index/rust_packages/autopartol_interfaces
[1.132s] -- Up-to-date: /home/rho922/chapt7/chapt7_ws/install/autopartol_interfaces/share/autopartol_interfaces/rust
[1.133s] -- Up-to-date: /home/rho922/chapt7/chapt7_ws/install/autopartol_interfaces/share/autopartol_interfaces/rust/src
[1.133s] -- Up-to-date: /home/rho922/chapt7/chapt7_ws/install/autopartol_interfaces/share/autopartol_interfaces/rust/src/srv.rs
[1.133s] -- Up-to-date: /home/rho922/chapt7/chapt7_ws/install/autopartol_interfaces/share/autopartol_interfaces/rust/src/srv
[1.133s] -- Up-to-date: /home/rho922/chapt7/chapt7_ws/install/autopartol_interfaces/share/autopartol_interfaces/rust/src/srv/rmw.rs
[1.134s] -- Up-to-date: /home/rho922/chapt7/chapt7_ws/install/autopartol_interfaces/share/autopartol_interfaces/rust/src/lib.rs
[1.134s] -- Up-to-date: /home/rho922/chapt7/chapt7_ws/install/autopartol_interfaces/share/autopartol_interfaces/rust/build.rs
[1.134s] -- Up-to-date: /home/rho922/chapt7/chapt7_ws/install/autopartol_interfaces/share/autopartol_interfaces/rust/Cargo.toml
[1.134s] -- Up-to-date: /home/rho922/chapt7/chapt7_ws/install/autopartol_interfaces/share/autopartol_interfaces/srv/SpeechText.idl
[1.135s] -- Up-to-date: /home/rho922/chapt7/chapt7_ws/install/autopartol_interfaces/share/autopartol_interfaces/srv/SpeechText.srv
[1.135s] -- Up-to-date: /home/rho922/chapt7/chapt7_ws/install/autopartol_interfaces/share/autopartol_interfaces/srv/SpeechText_Request.msg
[1.135s] -- Up-to-date: /home/rho922/chapt7/chapt7_ws/install/autopartol_interfaces/share/autopartol_interfaces/srv/SpeechText_Response.msg
[1.135s] -- Up-to-date: /home/rho922/chapt7/chapt7_ws/install/autopartol_interfaces/share/ament_index/resource_index/package_run_dependencies/autopartol_interfaces
[1.137s] -- Up-to-date: /home/rho922/chapt7/chapt7_ws/install/autopartol_interfaces/share/ament_index/resource_index/parent_prefix_path/autopartol_interfaces
[1.138s] -- Up-to-date: /home/rho922/chapt7/chapt7_ws/install/autopartol_interfaces/share/autopartol_interfaces/environment/ament_prefix_path.sh
[1.140s] -- Up-to-date: /home/rho922/chapt7/chapt7_ws/install/autopartol_interfaces/share/autopartol_interfaces/environment/ament_prefix_path.dsv
[1.140s] -- Up-to-date: /home/rho922/chapt7/chapt7_ws/install/autopartol_interfaces/share/autopartol_interfaces/environment/path.sh
[1.140s] -- Up-to-date: /home/rho922/chapt7/chapt7_ws/install/autopartol_interfaces/share/autopartol_interfaces/environment/path.dsv
[1.140s] -- Up-to-date: /home/rho922/chapt7/chapt7_ws/install/autopartol_interfaces/share/autopartol_interfaces/local_setup.bash
[1.140s] -- Up-to-date: /home/rho922/chapt7/chapt7_ws/install/autopartol_interfaces/share/autopartol_interfaces/local_setup.sh
[1.142s] -- Up-to-date: /home/rho922/chapt7/chapt7_ws/install/autopartol_interfaces/share/autopartol_interfaces/local_setup.zsh
[1.142s] -- Up-to-date: /home/rho922/chapt7/chapt7_ws/install/autopartol_interfaces/share/autopartol_interfaces/local_setup.dsv
[1.144s] -- Installing: /home/rho922/chapt7/chapt7_ws/install/autopartol_interfaces/share/autopartol_interfaces/package.dsv
[1.144s] -- Up-to-date: /home/rho922/chapt7/chapt7_ws/install/autopartol_interfaces/share/ament_index/resource_index/packages/autopartol_interfaces
[1.144s] -- Up-to-date: /home/rho922/chapt7/chapt7_ws/install/autopartol_interfaces/share/autopartol_interfaces/cmake/export_autopartol_interfaces__rosidl_generator_cExport.cmake
[1.145s] -- Up-to-date: /home/rho922/chapt7/chapt7_ws/install/autopartol_interfaces/share/autopartol_interfaces/cmake/export_autopartol_interfaces__rosidl_generator_cExport-noconfig.cmake
[1.145s] -- Up-to-date: /home/rho922/chapt7/chapt7_ws/install/autopartol_interfaces/share/autopartol_interfaces/cmake/export_autopartol_interfaces__rosidl_typesupport_fastrtps_cExport.cmake
[1.145s] -- Up-to-date: /home/rho922/chapt7/chapt7_ws/install/autopartol_interfaces/share/autopartol_interfaces/cmake/export_autopartol_interfaces__rosidl_typesupport_fastrtps_cExport-noconfig.cmake
[1.145s] -- Up-to-date: /home/rho922/chapt7/chapt7_ws/install/autopartol_interfaces/share/autopartol_interfaces/cmake/autopartol_interfaces__rosidl_typesupport_introspection_cExport.cmake
[1.145s] -- Up-to-date: /home/rho922/chapt7/chapt7_ws/install/autopartol_interfaces/share/autopartol_interfaces/cmake/autopartol_interfaces__rosidl_typesupport_introspection_cExport-noconfig.cmake
[1.147s] -- Up-to-date: /home/rho922/chapt7/chapt7_ws/install/autopartol_interfaces/share/autopartol_interfaces/cmake/autopartol_interfaces__rosidl_typesupport_cExport.cmake
[1.148s] -- Up-to-date: /home/rho922/chapt7/chapt7_ws/install/autopartol_interfaces/share/autopartol_interfaces/cmake/autopartol_interfaces__rosidl_typesupport_cExport-noconfig.cmake
[1.149s] -- Up-to-date: /home/rho922/chapt7/chapt7_ws/install/autopartol_interfaces/share/autopartol_interfaces/cmake/export_autopartol_interfaces__rosidl_generator_cppExport.cmake
[1.149s] -- Up-to-date: /home/rho922/chapt7/chapt7_ws/install/autopartol_interfaces/share/autopartol_interfaces/cmake/export_autopartol_interfaces__rosidl_typesupport_fastrtps_cppExport.cmake
[1.149s] -- Up-to-date: /home/rho922/chapt7/chapt7_ws/install/autopartol_interfaces/share/autopartol_interfaces/cmake/export_autopartol_interfaces__rosidl_typesupport_fastrtps_cppExport-noconfig.cmake
[1.150s] -- Up-to-date: /home/rho922/chapt7/chapt7_ws/install/autopartol_interfaces/share/autopartol_interfaces/cmake/autopartol_interfaces__rosidl_typesupport_introspection_cppExport.cmake
[1.150s] -- Up-to-date: /home/rho922/chapt7/chapt7_ws/install/autopartol_interfaces/share/autopartol_interfaces/cmake/autopartol_interfaces__rosidl_typesupport_introspection_cppExport-noconfig.cmake
[1.151s] -- Up-to-date: /home/rho922/chapt7/chapt7_ws/install/autopartol_interfaces/share/autopartol_interfaces/cmake/autopartol_interfaces__rosidl_typesupport_cppExport.cmake
[1.151s] -- Up-to-date: /home/rho922/chapt7/chapt7_ws/install/autopartol_interfaces/share/autopartol_interfaces/cmake/autopartol_interfaces__rosidl_typesupport_cppExport-noconfig.cmake
[1.152s] -- Up-to-date: /home/rho922/chapt7/chapt7_ws/install/autopartol_interfaces/share/autopartol_interfaces/cmake/export_autopartol_interfaces__rosidl_generator_pyExport.cmake
[1.152s] -- Up-to-date: /home/rho922/chapt7/chapt7_ws/install/autopartol_interfaces/share/autopartol_interfaces/cmake/export_autopartol_interfaces__rosidl_generator_pyExport-noconfig.cmake
[1.152s] -- Up-to-date: /home/rho922/chapt7/chapt7_ws/install/autopartol_interfaces/share/autopartol_interfaces/cmake/rosidl_cmake-extras.cmake
[1.153s] -- Up-to-date: /home/rho922/chapt7/chapt7_ws/install/autopartol_interfaces/share/autopartol_interfaces/cmake/ament_cmake_export_include_directories-extras.cmake
[1.153s] -- Up-to-date: /home/rho922/chapt7/chapt7_ws/install/autopartol_interfaces/share/autopartol_interfaces/cmake/ament_cmake_export_libraries-extras.cmake
[1.153s] -- Up-to-date: /home/rho922/chapt7/chapt7_ws/install/autopartol_interfaces/share/autopartol_interfaces/cmake/ament_cmake_export_targets-extras.cmake
[1.153s] -- Up-to-date: /home/rho922/chapt7/chapt7_ws/install/autopartol_interfaces/share/autopartol_interfaces/cmake/rosidl_cmake_export_typesupport_targets-extras.cmake
[1.154s] -- Up-to-date: /home/rho922/chapt7/chapt7_ws/install/autopartol_interfaces/share/autopartol_interfaces/cmake/ament_cmake_export_dependencies-extras.cmake
[1.154s] -- Up-to-date: /home/rho922/chapt7/chapt7_ws/install/autopartol_interfaces/share/autopartol_interfaces/cmake/rosidl_cmake_export_typesupport_libraries-extras.cmake
[1.154s] -- Up-to-date: /home/rho922/chapt7/chapt7_ws/install/autopartol_interfaces/share/autopartol_interfaces/cmake/autopartol_interfacesConfig.cmake
[1.154s] -- Up-to-date: /home/rho922/chapt7/chapt7_ws/install/autopartol_interfaces/share/autopartol_interfaces/cmake/autopartol_interfacesConfig-version.cmake
[1.155s] -- Up-to-date: /home/rho922/chapt7/chapt7_ws/install/autopartol_interfaces/share/autopartol_interfaces/package.xml
[1.199s] Invoked command in '/home/rho922/chapt7/chapt7_ws/build/autopartol_interfaces' returned '0': CMAKE_PREFIX_PATH=${CMAKE_PREFIX_PATH}:/home/rho922/chapt7/chapt7_ws/install/fishbot_application:/home/rho922/chapt7/chapt7_ws/install/autopartol_robot:/opt/ros/humble /usr/bin/cmake --install /home/rho922/chapt7/chapt7_ws/build/autopartol_interfaces
