[0.495s] Invoking command in '/home/rho9/chapt2/chapt2_ws/src/demo_python_pkg': PYTHONPATH=/home/rho9/chapt2/chapt2_ws/build/demo_python_pkg/prefix_override:/usr/lib/python3/dist-packages/colcon_core/task/python/colcon_distutils_commands:/home/rho9/chapt2/chapt2_ws/install/demo_python_pkg/lib/python3.12/site-packages:${PYTHONPATH} /usr/bin/python3 -W ignore:setup.py install is deprecated -W ignore:easy_install command is deprecated setup.py egg_info --egg-base ../../build/demo_python_pkg build --build-base /home/rho9/chapt2/chapt2_ws/build/demo_python_pkg/build install --record /home/rho9/chapt2/chapt2_ws/build/demo_python_pkg/install.log --single-version-externally-managed install_data
[0.652s] running egg_info
[0.665s] writing ../../build/demo_python_pkg/demo_python_pkg.egg-info/PKG-INFO
[0.665s] writing dependency_links to ../../build/demo_python_pkg/demo_python_pkg.egg-info/dependency_links.txt
[0.666s] writing entry points to ../../build/demo_python_pkg/demo_python_pkg.egg-info/entry_points.txt
[0.666s] writing requirements to ../../build/demo_python_pkg/demo_python_pkg.egg-info/requires.txt
[0.668s] writing top-level names to ../../build/demo_python_pkg/demo_python_pkg.egg-info/top_level.txt
[0.687s] reading manifest file '../../build/demo_python_pkg/demo_python_pkg.egg-info/SOURCES.txt'
[0.687s] adding license file 'LICENSE'
[0.687s] writing manifest file '../../build/demo_python_pkg/demo_python_pkg.egg-info/SOURCES.txt'
[0.687s] running build
[0.687s] running build_py
[0.687s] copying demo_python_pkg/person_node.py -> /home/rho9/chapt2/chapt2_ws/build/demo_python_pkg/build/lib/demo_python_pkg
[0.688s] running install
[0.691s] running install_lib
[0.700s] copying /home/rho9/chapt2/chapt2_ws/build/demo_python_pkg/build/lib/demo_python_pkg/person_node.py -> /home/rho9/chapt2/chapt2_ws/install/demo_python_pkg/lib/python3.12/site-packages/demo_python_pkg
[0.700s] byte-compiling /home/rho9/chapt2/chapt2_ws/install/demo_python_pkg/lib/python3.12/site-packages/demo_python_pkg/person_node.py to person_node.cpython-312.pyc
[0.701s] running install_data
[0.702s] running install_egg_info
[0.712s] removing '/home/rho9/chapt2/chapt2_ws/install/demo_python_pkg/lib/python3.12/site-packages/demo_python_pkg-0.0.0-py3.12.egg-info' (and everything under it)
[0.712s] Copying ../../build/demo_python_pkg/demo_python_pkg.egg-info to /home/rho9/chapt2/chapt2_ws/install/demo_python_pkg/lib/python3.12/site-packages/demo_python_pkg-0.0.0-py3.12.egg-info
[0.713s] running install_scripts
[0.789s] Installing person_node script to /home/rho9/chapt2/chapt2_ws/install/demo_python_pkg/lib/demo_python_pkg
[0.791s] Installing python_node script to /home/rho9/chapt2/chapt2_ws/install/demo_python_pkg/lib/demo_python_pkg
[0.791s] writing list of installed files to '/home/rho9/chapt2/chapt2_ws/build/demo_python_pkg/install.log'
[0.807s] Invoked command in '/home/rho9/chapt2/chapt2_ws/src/demo_python_pkg' returned '0': PYTHONPATH=/home/rho9/chapt2/chapt2_ws/build/demo_python_pkg/prefix_override:/usr/lib/python3/dist-packages/colcon_core/task/python/colcon_distutils_commands:/home/rho9/chapt2/chapt2_ws/install/demo_python_pkg/lib/python3.12/site-packages:${PYTHONPATH} /usr/bin/python3 -W ignore:setup.py install is deprecated -W ignore:easy_install command is deprecated setup.py egg_info --egg-base ../../build/demo_python_pkg build --build-base /home/rho9/chapt2/chapt2_ws/build/demo_python_pkg/build install --record /home/rho9/chapt2/chapt2_ws/build/demo_python_pkg/install.log --single-version-externally-managed install_data
