[1.090s] Invoking command in '/home/rho9/chapt3/topic_practise_ws/src/status_publisher': CMAKE_PREFIX_PATH=/home/rho9/chapt3/topic_practise_ws/install/status_interfaces:/home/rho9/chapt3/topic_practise_ws/install/status_display:/opt/ros/jazzy/opt/gz_math_vendor:/opt/ros/jazzy/opt/gz_utils_vendor:/opt/ros/jazzy/opt/gz_cmake_vendor PYTHONPATH=/home/rho9/chapt3/topic_practise_ws/build/status_publisher/prefix_override:/usr/lib/python3/dist-packages/colcon_core/task/python/colcon_distutils_commands:/home/rho9/chapt3/topic_practise_ws/install/status_publisher/lib/python3.12/site-packages:/home/rho9/chapt3/topic_practise_ws/install/status_interfaces/lib/python3.12/site-packages:/home/rho9/chapt3/topic_practise_ws/install/status_publisher/lib/python3.12/site-packages:/opt/ros/jazzy/lib/python3.12/site-packages /usr/bin/python3 -W ignore:setup.py install is deprecated -W ignore:easy_install command is deprecated setup.py egg_info --egg-base ../../build/status_publisher build --build-base /home/rho9/chapt3/topic_practise_ws/build/status_publisher/build install --record /home/rho9/chapt3/topic_practise_ws/build/status_publisher/install.log --single-version-externally-managed install_data
[1.344s] running egg_info
[1.359s] writing ../../build/status_publisher/status_publisher.egg-info/PKG-INFO
[1.360s] writing dependency_links to ../../build/status_publisher/status_publisher.egg-info/dependency_links.txt
[1.360s] writing entry points to ../../build/status_publisher/status_publisher.egg-info/entry_points.txt
[1.360s] writing requirements to ../../build/status_publisher/status_publisher.egg-info/requires.txt
[1.361s] writing top-level names to ../../build/status_publisher/status_publisher.egg-info/top_level.txt
[1.402s] reading manifest file '../../build/status_publisher/status_publisher.egg-info/SOURCES.txt'
[1.402s] adding license file 'LICENSE'
[1.403s] writing manifest file '../../build/status_publisher/status_publisher.egg-info/SOURCES.txt'
[1.403s] running build
[1.403s] running build_py
[1.403s] running install
[1.411s] running install_lib
[1.432s] running install_data
[1.432s] running install_egg_info
[1.455s] removing '/home/rho9/chapt3/topic_practise_ws/install/status_publisher/lib/python3.12/site-packages/status_publisher-0.0.0-py3.12.egg-info' (and everything under it)
[1.455s] Copying ../../build/status_publisher/status_publisher.egg-info to /home/rho9/chapt3/topic_practise_ws/install/status_publisher/lib/python3.12/site-packages/status_publisher-0.0.0-py3.12.egg-info
[1.456s] running install_scripts
[1.613s] Installing sys_status_pub script to /home/rho9/chapt3/topic_practise_ws/install/status_publisher/lib/status_publisher
[1.613s] writing list of installed files to '/home/rho9/chapt3/topic_practise_ws/build/status_publisher/install.log'
[1.648s] Invoked command in '/home/rho9/chapt3/topic_practise_ws/src/status_publisher' returned '0': CMAKE_PREFIX_PATH=/home/rho9/chapt3/topic_practise_ws/install/status_interfaces:/home/rho9/chapt3/topic_practise_ws/install/status_display:/opt/ros/jazzy/opt/gz_math_vendor:/opt/ros/jazzy/opt/gz_utils_vendor:/opt/ros/jazzy/opt/gz_cmake_vendor PYTHONPATH=/home/rho9/chapt3/topic_practise_ws/build/status_publisher/prefix_override:/usr/lib/python3/dist-packages/colcon_core/task/python/colcon_distutils_commands:/home/rho9/chapt3/topic_practise_ws/install/status_publisher/lib/python3.12/site-packages:/home/rho9/chapt3/topic_practise_ws/install/status_interfaces/lib/python3.12/site-packages:/home/rho9/chapt3/topic_practise_ws/install/status_publisher/lib/python3.12/site-packages:/opt/ros/jazzy/lib/python3.12/site-packages /usr/bin/python3 -W ignore:setup.py install is deprecated -W ignore:easy_install command is deprecated setup.py egg_info --egg-base ../../build/status_publisher build --build-base /home/rho9/chapt3/topic_practise_ws/build/status_publisher/build install --record /home/rho9/chapt3/topic_practise_ws/build/status_publisher/install.log --single-version-externally-managed install_data
