[0.021s] Invoking command in '/home/rho9/chapt2/build/demo_cpp_pkg': CMAKE_PREFIX_PATH=${CMAKE_PREFIX_PATH}:/opt/ros/jazzy /usr/bin/cmake /home/rho9/chapt2/chapt2_ws/src/demo_cpp_pkg -DCMAKE_INSTALL_PREFIX=/home/rho9/chapt2/install/demo_cpp_pkg
[0.273s] -- The C compiler identification is GNU 13.3.0
[0.767s] -- The CXX compiler identification is GNU 13.3.0
[1.238s] -- Detecting C compiler ABI info
[1.464s] -- Detecting C compiler ABI info - done
[1.472s] -- Check for working C compiler: /usr/bin/cc - skipped
[1.473s] -- Detecting C compile features
[1.473s] -- Detecting C compile features - done
[1.535s] -- Detecting CXX compiler ABI info
[1.735s] -- Detecting CXX compiler ABI info - done
[1.742s] -- Check for working CXX compiler: /usr/bin/c++ - skipped
[1.742s] -- Detecting CXX compile features
[1.743s] -- Detecting CXX compile features - done
[1.751s] -- Found ament_cmake: 2.5.5 (/opt/ros/jazzy/share/ament_cmake/cmake)
[1.868s] -- Found Python3: /usr/bin/python3 (found version "3.12.3") found components: Interpreter 
[1.982s] -- Found rclcpp: 28.1.16 (/opt/ros/jazzy/share/rclcpp/cmake)
[2.112s] -- Found rosidl_generator_c: 4.6.7 (/opt/ros/jazzy/share/rosidl_generator_c/cmake)
[2.125s] -- Found rosidl_generator_cpp: 4.6.7 (/opt/ros/jazzy/share/rosidl_generator_cpp/cmake)
[2.153s] -- Using all available rosidl_typesupport_c: rosidl_typesupport_fastrtps_c;rosidl_typesupport_introspection_c
[2.179s] -- Using all available rosidl_typesupport_cpp: rosidl_typesupport_fastrtps_cpp;rosidl_typesupport_introspection_cpp
[2.274s] -- Found rmw_implementation_cmake: 7.3.3 (/opt/ros/jazzy/share/rmw_implementation_cmake/cmake)
[2.278s] -- Found rmw_fastrtps_cpp: 8.4.3 (/opt/ros/jazzy/share/rmw_fastrtps_cpp/cmake)
[2.351s] -- Found OpenSSL: /usr/lib/x86_64-linux-gnu/libcrypto.so (found version "3.0.13")  
[2.450s] -- Found FastRTPS: /opt/ros/jazzy/include (Required is at least version "2.13") 
[2.512s] -- Using RMW implementation 'rmw_fastrtps_cpp' as default
[2.655s] -- Found ament_lint_auto: 0.17.4 (/opt/ros/jazzy/share/ament_lint_auto/cmake)
[2.740s] -- Added test 'cppcheck' to perform static code analysis on C / C++ code
[2.740s] -- Configured cppcheck include dirs: 
[2.740s] -- Configured cppcheck exclude dirs and/or files: 
[2.742s] -- Added test 'lint_cmake' to check CMake code style
[2.746s] -- Added test 'uncrustify' to check C / C++ code style
[2.746s] -- Configured uncrustify additional arguments: 
[2.747s] -- Added test 'xmllint' to check XML markup files
[2.749s] -- Configuring done (2.7s)
[2.766s] -- Generating done (0.0s)
[2.772s] -- Build files have been written to: /home/rho9/chapt2/build/demo_cpp_pkg
[2.780s] Invoked command in '/home/rho9/chapt2/build/demo_cpp_pkg' returned '0': CMAKE_PREFIX_PATH=${CMAKE_PREFIX_PATH}:/opt/ros/jazzy /usr/bin/cmake /home/rho9/chapt2/chapt2_ws/src/demo_cpp_pkg -DCMAKE_INSTALL_PREFIX=/home/rho9/chapt2/install/demo_cpp_pkg
[2.781s] Invoking command in '/home/rho9/chapt2/build/demo_cpp_pkg': CMAKE_PREFIX_PATH=${CMAKE_PREFIX_PATH}:/opt/ros/jazzy /usr/bin/cmake --build /home/rho9/chapt2/build/demo_cpp_pkg -- -j20 -l20
[2.822s] [ 50%] [32mBuilding CXX object CMakeFiles/cpp_node.dir/src/cpp_node.cpp.o[0m
[2.822s] [ 50%] [32mBuilding CXX object CMakeFiles/person_node.dir/src/person_node.cpp.o[0m
[6.158s] [ 75%] [32m[1mLinking CXX executable person_node[0m
[6.171s] [100%] [32m[1mLinking CXX executable cpp_node[0m
[6.408s] [100%] Built target person_node
[6.408s] [100%] Built target cpp_node
[6.421s] Invoked command in '/home/rho9/chapt2/build/demo_cpp_pkg' returned '0': CMAKE_PREFIX_PATH=${CMAKE_PREFIX_PATH}:/opt/ros/jazzy /usr/bin/cmake --build /home/rho9/chapt2/build/demo_cpp_pkg -- -j20 -l20
[6.432s] Invoking command in '/home/rho9/chapt2/build/demo_cpp_pkg': CMAKE_PREFIX_PATH=${CMAKE_PREFIX_PATH}:/opt/ros/jazzy /usr/bin/cmake --install /home/rho9/chapt2/build/demo_cpp_pkg
[6.439s] -- Install configuration: ""
[6.439s] -- Installing: /home/rho9/chapt2/install/demo_cpp_pkg/lib/demo_cpp_pkg/cpp_node
[6.440s] -- Set non-toolchain portion of runtime path of "/home/rho9/chapt2/install/demo_cpp_pkg/lib/demo_cpp_pkg/cpp_node" to ""
[6.440s] -- Installing: /home/rho9/chapt2/install/demo_cpp_pkg/lib/demo_cpp_pkg/person_node
[6.441s] -- Set non-toolchain portion of runtime path of "/home/rho9/chapt2/install/demo_cpp_pkg/lib/demo_cpp_pkg/person_node" to ""
[6.441s] -- Installing: /home/rho9/chapt2/install/demo_cpp_pkg/share/ament_index/resource_index/package_run_dependencies/demo_cpp_pkg
[6.441s] -- Installing: /home/rho9/chapt2/install/demo_cpp_pkg/share/ament_index/resource_index/parent_prefix_path/demo_cpp_pkg
[6.442s] -- Installing: /home/rho9/chapt2/install/demo_cpp_pkg/share/demo_cpp_pkg/environment/ament_prefix_path.sh
[6.443s] -- Installing: /home/rho9/chapt2/install/demo_cpp_pkg/share/demo_cpp_pkg/environment/ament_prefix_path.dsv
[6.443s] -- Installing: /home/rho9/chapt2/install/demo_cpp_pkg/share/demo_cpp_pkg/environment/path.sh
[6.443s] -- Installing: /home/rho9/chapt2/install/demo_cpp_pkg/share/demo_cpp_pkg/environment/path.dsv
[6.443s] -- Installing: /home/rho9/chapt2/install/demo_cpp_pkg/share/demo_cpp_pkg/local_setup.bash
[6.443s] -- Installing: /home/rho9/chapt2/install/demo_cpp_pkg/share/demo_cpp_pkg/local_setup.sh
[6.443s] -- Installing: /home/rho9/chapt2/install/demo_cpp_pkg/share/demo_cpp_pkg/local_setup.zsh
[6.443s] -- Installing: /home/rho9/chapt2/install/demo_cpp_pkg/share/demo_cpp_pkg/local_setup.dsv
[6.444s] -- Installing: /home/rho9/chapt2/install/demo_cpp_pkg/share/demo_cpp_pkg/package.dsv
[6.444s] -- Installing: /home/rho9/chapt2/install/demo_cpp_pkg/share/ament_index/resource_index/packages/demo_cpp_pkg
[6.444s] -- Installing: /home/rho9/chapt2/install/demo_cpp_pkg/share/demo_cpp_pkg/cmake/demo_cpp_pkgConfig.cmake
[6.444s] -- Installing: /home/rho9/chapt2/install/demo_cpp_pkg/share/demo_cpp_pkg/cmake/demo_cpp_pkgConfig-version.cmake
[6.444s] -- Installing: /home/rho9/chapt2/install/demo_cpp_pkg/share/demo_cpp_pkg/package.xml
[6.447s] Invoked command in '/home/rho9/chapt2/build/demo_cpp_pkg' returned '0': CMAKE_PREFIX_PATH=${CMAKE_PREFIX_PATH}:/opt/ros/jazzy /usr/bin/cmake --install /home/rho9/chapt2/build/demo_cpp_pkg
