[1.451s] Invoking command in '/home/rho9/chapt4/chapt4_ws/src/demo_python_service': PYTHONPATH=/home/rho9/chapt4/chapt4_ws/build/demo_python_service/prefix_override:/usr/lib/python3/dist-packages/colcon_core/task/python/colcon_distutils_commands:/home/rho9/chapt4/chapt4_ws/install/demo_python_service/lib/python3.12/site-packages:${PYTHONPATH} /usr/bin/python3 -W ignore:setup.py install is deprecated -W ignore:easy_install command is deprecated setup.py egg_info --egg-base ../../build/demo_python_service build --build-base /home/rho9/chapt4/chapt4_ws/build/demo_python_service/build install --record /home/rho9/chapt4/chapt4_ws/build/demo_python_service/install.log --single-version-externally-managed install_data
[1.754s] running egg_info
[1.755s] creating ../../build/demo_python_service/demo_python_service.egg-info
[1.775s] writing ../../build/demo_python_service/demo_python_service.egg-info/PKG-INFO
[1.775s] writing dependency_links to ../../build/demo_python_service/demo_python_service.egg-info/dependency_links.txt
[1.776s] writing requirements to ../../build/demo_python_service/demo_python_service.egg-info/requires.txt
[1.776s] writing top-level names to ../../build/demo_python_service/demo_python_service.egg-info/top_level.txt
[1.776s] writing manifest file '../../build/demo_python_service/demo_python_service.egg-info/SOURCES.txt'
[1.817s] reading manifest file '../../build/demo_python_service/demo_python_service.egg-info/SOURCES.txt'
[1.817s] adding license file 'LICENSE'
[1.818s] writing manifest file '../../build/demo_python_service/demo_python_service.egg-info/SOURCES.txt'
[1.818s] running build
[1.818s] running build_py
[1.818s] creating /home/rho9/chapt4/chapt4_ws/build/demo_python_service/build
[1.819s] creating /home/rho9/chapt4/chapt4_ws/build/demo_python_service/build/lib
[1.819s] creating /home/rho9/chapt4/chapt4_ws/build/demo_python_service/build/lib/demo_python_service
[1.819s] copying demo_python_service/__init__.py -> /home/rho9/chapt4/chapt4_ws/build/demo_python_service/build/lib/demo_python_service
[1.820s] running install
[1.829s] running install_lib
[1.855s] creating /home/rho9/chapt4/chapt4_ws/install/demo_python_service/lib/python3.12/site-packages/demo_python_service
[1.855s] copying /home/rho9/chapt4/chapt4_ws/build/demo_python_service/build/lib/demo_python_service/__init__.py -> /home/rho9/chapt4/chapt4_ws/install/demo_python_service/lib/python3.12/site-packages/demo_python_service
[1.856s] byte-compiling /home/rho9/chapt4/chapt4_ws/install/demo_python_service/lib/python3.12/site-packages/demo_python_service/__init__.py to __init__.cpython-312.pyc
[1.856s] running install_data
[1.857s] creating /home/rho9/chapt4/chapt4_ws/install/demo_python_service/share
[1.857s] creating /home/rho9/chapt4/chapt4_ws/install/demo_python_service/share/ament_index
[1.857s] creating /home/rho9/chapt4/chapt4_ws/install/demo_python_service/share/ament_index/resource_index
[1.857s] creating /home/rho9/chapt4/chapt4_ws/install/demo_python_service/share/ament_index/resource_index/packages
[1.857s] copying resource/demo_python_service -> /home/rho9/chapt4/chapt4_ws/install/demo_python_service/share/ament_index/resource_index/packages
[1.858s] creating /home/rho9/chapt4/chapt4_ws/install/demo_python_service/share/demo_python_service
[1.858s] copying package.xml -> /home/rho9/chapt4/chapt4_ws/install/demo_python_service/share/demo_python_service
[1.858s] running install_egg_info
[1.878s] Copying ../../build/demo_python_service/demo_python_service.egg-info to /home/rho9/chapt4/chapt4_ws/install/demo_python_service/lib/python3.12/site-packages/demo_python_service-0.0.0-py3.12.egg-info
[1.879s] running install_scripts
[2.004s] writing list of installed files to '/home/rho9/chapt4/chapt4_ws/build/demo_python_service/install.log'
[2.032s] Invoked command in '/home/rho9/chapt4/chapt4_ws/src/demo_python_service' returned '0': PYTHONPATH=/home/rho9/chapt4/chapt4_ws/build/demo_python_service/prefix_override:/usr/lib/python3/dist-packages/colcon_core/task/python/colcon_distutils_commands:/home/rho9/chapt4/chapt4_ws/install/demo_python_service/lib/python3.12/site-packages:${PYTHONPATH} /usr/bin/python3 -W ignore:setup.py install is deprecated -W ignore:easy_install command is deprecated setup.py egg_info --egg-base ../../build/demo_python_service build --build-base /home/rho9/chapt4/chapt4_ws/build/demo_python_service/build install --record /home/rho9/chapt4/chapt4_ws/build/demo_python_service/install.log --single-version-externally-managed install_data
