[0.008s] Invoking command in '/home/rho9/chapt6/chapt6_ws/build/fishbot_description': CMAKE_PREFIX_PATH=${CMAKE_PREFIX_PATH}:/opt/ros/jazzy /usr/bin/cmake /home/rho9/chapt6/chapt6_ws/src/fishbot_description -DCMAKE_INSTALL_PREFIX=/home/rho9/chapt6/chapt6_ws/install/fishbot_description
[0.164s] -- The C compiler identification is GNU 13.3.0
[0.895s] -- The CXX compiler identification is GNU 13.3.0
[1.238s] -- Detecting C compiler ABI info
[1.387s] -- Detecting C compiler ABI info - done
[1.393s] -- Check for working C compiler: /usr/bin/cc - skipped
[1.394s] -- Detecting C compile features
[1.394s] -- Detecting C compile features - done
[1.445s] -- Detecting CXX compiler ABI info
[1.597s] -- Detecting CXX compiler ABI info - done
[1.605s] -- Check for working CXX compiler: /usr/bin/c++ - skipped
[1.605s] -- Detecting CXX compile features
[1.605s] -- Detecting CXX compile features - done
[1.637s] -- Found ament_cmake: 2.5.5 (/opt/ros/jazzy/share/ament_cmake/cmake)
[1.749s] -- Found Python3: /usr/bin/python3 (found version "3.12.3") found components: Interpreter 
[1.847s] -- Found ament_lint_auto: 0.17.4 (/opt/ros/jazzy/share/ament_lint_auto/cmake)
[1.933s] -- Added test 'copyright' to check source files copyright and LICENSE
[1.937s] -- Added test 'flake8' to check Python code syntax and style conventions
[1.937s] -- Configured 'flake8' exclude dirs and/or files: 
[1.937s] -- Added test 'lint_cmake' to check CMake code style
[1.938s] -- Added test 'pep257' to check Python code against some of the docstring style conventions in PEP 257
[1.940s] -- Added test 'xmllint' to check XML markup files
[1.941s] -- Configuring done (1.9s)
[1.944s] -- Generating done (0.0s)
[1.945s] -- Build files have been written to: /home/rho9/chapt6/chapt6_ws/build/fishbot_description
[1.949s] Invoked command in '/home/rho9/chapt6/chapt6_ws/build/fishbot_description' returned '0': CMAKE_PREFIX_PATH=${CMAKE_PREFIX_PATH}:/opt/ros/jazzy /usr/bin/cmake /home/rho9/chapt6/chapt6_ws/src/fishbot_description -DCMAKE_INSTALL_PREFIX=/home/rho9/chapt6/chapt6_ws/install/fishbot_description
[1.950s] Invoking command in '/home/rho9/chapt6/chapt6_ws/build/fishbot_description': CMAKE_PREFIX_PATH=${CMAKE_PREFIX_PATH}:/opt/ros/jazzy /usr/bin/cmake --build /home/rho9/chapt6/chapt6_ws/build/fishbot_description -- -j20 -l20
[1.975s] Invoked command in '/home/rho9/chapt6/chapt6_ws/build/fishbot_description' returned '0': CMAKE_PREFIX_PATH=${CMAKE_PREFIX_PATH}:/opt/ros/jazzy /usr/bin/cmake --build /home/rho9/chapt6/chapt6_ws/build/fishbot_description -- -j20 -l20
[1.982s] Invoking command in '/home/rho9/chapt6/chapt6_ws/build/fishbot_description': CMAKE_PREFIX_PATH=${CMAKE_PREFIX_PATH}:/opt/ros/jazzy /usr/bin/cmake --install /home/rho9/chapt6/chapt6_ws/build/fishbot_description
[1.988s] -- Install configuration: ""
[1.988s] -- Installing: /home/rho9/chapt6/chapt6_ws/install/fishbot_description/share/fishbot_description/urdf
[1.988s] -- Installing: /home/rho9/chapt6/chapt6_ws/install/fishbot_description/share/fishbot_description/urdf/first_robot.xacro
[1.989s] -- Installing: /home/rho9/chapt6/chapt6_ws/install/fishbot_description/share/fishbot_description/urdf/fishbot
[1.989s] -- Installing: /home/rho9/chapt6/chapt6_ws/install/fishbot_description/share/fishbot_description/urdf/fishbot/sensor
[1.989s] -- Installing: /home/rho9/chapt6/chapt6_ws/install/fishbot_description/share/fishbot_description/urdf/fishbot/sensor/camera.urdf.xacro
[1.990s] -- Installing: /home/rho9/chapt6/chapt6_ws/install/fishbot_description/share/fishbot_description/urdf/fishbot/sensor/laser.urdf.xacro
[1.990s] -- Installing: /home/rho9/chapt6/chapt6_ws/install/fishbot_description/share/fishbot_description/urdf/fishbot/sensor/imu.urdf.xacro
[1.990s] -- Installing: /home/rho9/chapt6/chapt6_ws/install/fishbot_description/share/fishbot_description/urdf/fishbot/fishbot.urdf.xacro
[1.991s] -- Installing: /home/rho9/chapt6/chapt6_ws/install/fishbot_description/share/fishbot_description/urdf/fishbot/actuator
[1.991s] -- Installing: /home/rho9/chapt6/chapt6_ws/install/fishbot_description/share/fishbot_description/urdf/fishbot/actuator/caster.urdf.xacro
[1.992s] -- Installing: /home/rho9/chapt6/chapt6_ws/install/fishbot_description/share/fishbot_description/urdf/fishbot/actuator/wheel.urdf.xacro
[1.992s] -- Installing: /home/rho9/chapt6/chapt6_ws/install/fishbot_description/share/fishbot_description/urdf/fishbot/common_inertia.xacro
[1.992s] -- Installing: /home/rho9/chapt6/chapt6_ws/install/fishbot_description/share/fishbot_description/urdf/fishbot/base.urdf.xacro
[1.993s] -- Installing: /home/rho9/chapt6/chapt6_ws/install/fishbot_description/share/fishbot_description/urdf/first_robot.urdf
[1.993s] -- Installing: /home/rho9/chapt6/chapt6_ws/install/fishbot_description/share/fishbot_description/urdf/first_robot.pdf
[1.993s] -- Installing: /home/rho9/chapt6/chapt6_ws/install/fishbot_description/share/fishbot_description/urdf/fishbot.urdf
[1.994s] -- Installing: /home/rho9/chapt6/chapt6_ws/install/fishbot_description/share/fishbot_description/urdf/first_robot.gv
[1.994s] -- Installing: /home/rho9/chapt6/chapt6_ws/install/fishbot_description/share/fishbot_description/launch
[1.994s] -- Installing: /home/rho9/chapt6/chapt6_ws/install/fishbot_description/share/fishbot_description/launch/__pycache__
[1.995s] -- Installing: /home/rho9/chapt6/chapt6_ws/install/fishbot_description/share/fishbot_description/launch/__pycache__/display_robot.launch.cpython-312.pyc
[1.995s] -- Installing: /home/rho9/chapt6/chapt6_ws/install/fishbot_description/share/fishbot_description/launch/log
[1.996s] -- Installing: /home/rho9/chapt6/chapt6_ws/install/fishbot_description/share/fishbot_description/launch/log/COLCON_IGNORE
[1.996s] -- Installing: /home/rho9/chapt6/chapt6_ws/install/fishbot_description/share/fishbot_description/launch/log/build_2026-04-11_17-44-05
[1.996s] -- Installing: /home/rho9/chapt6/chapt6_ws/install/fishbot_description/share/fishbot_description/launch/log/build_2026-04-11_17-44-05/logger_all.log
[1.996s] -- Installing: /home/rho9/chapt6/chapt6_ws/install/fishbot_description/share/fishbot_description/launch/log/build_2026-04-11_17-44-05/events.log
[1.996s] -- Installing: /home/rho9/chapt6/chapt6_ws/install/fishbot_description/share/fishbot_description/launch/log/build_2026-04-11_17-50-56
[1.996s] -- Installing: /home/rho9/chapt6/chapt6_ws/install/fishbot_description/share/fishbot_description/launch/log/build_2026-04-11_17-50-56/logger_all.log
[1.997s] -- Installing: /home/rho9/chapt6/chapt6_ws/install/fishbot_description/share/fishbot_description/launch/log/build_2026-04-11_17-50-56/events.log
[1.997s] -- Installing: /home/rho9/chapt6/chapt6_ws/install/fishbot_description/share/fishbot_description/launch/log/latest_build
[1.997s] -- Installing: /home/rho9/chapt6/chapt6_ws/install/fishbot_description/share/fishbot_description/launch/log/build_2026-04-11_17-46-47
[1.997s] -- Installing: /home/rho9/chapt6/chapt6_ws/install/fishbot_description/share/fishbot_description/launch/log/build_2026-04-11_17-46-47/logger_all.log
[1.998s] -- Installing: /home/rho9/chapt6/chapt6_ws/install/fishbot_description/share/fishbot_description/launch/log/build_2026-04-11_17-46-47/events.log
[1.998s] -- Installing: /home/rho9/chapt6/chapt6_ws/install/fishbot_description/share/fishbot_description/launch/log/build_2026-04-11_17-45-38
[1.998s] -- Installing: /home/rho9/chapt6/chapt6_ws/install/fishbot_description/share/fishbot_description/launch/log/build_2026-04-11_17-45-38/logger_all.log
[1.998s] -- Installing: /home/rho9/chapt6/chapt6_ws/install/fishbot_description/share/fishbot_description/launch/log/build_2026-04-11_17-45-38/events.log
[1.999s] -- Installing: /home/rho9/chapt6/chapt6_ws/install/fishbot_description/share/fishbot_description/launch/log/latest
[1.999s] -- Installing: /home/rho9/chapt6/chapt6_ws/install/fishbot_description/share/fishbot_description/launch/display_robot.launch.py
[1.999s] -- Installing: /home/rho9/chapt6/chapt6_ws/install/fishbot_description/share/fishbot_description/launch/build
[1.999s] -- Installing: /home/rho9/chapt6/chapt6_ws/install/fishbot_description/share/fishbot_description/launch/build/COLCON_IGNORE
[1.999s] -- Installing: /home/rho9/chapt6/chapt6_ws/install/fishbot_description/share/fishbot_description/launch/build/.built_by
[1.999s] -- Installing: /home/rho9/chapt6/chapt6_ws/install/fishbot_description/share/fishbot_description/launch/gazebo_sim.launch.py
[1.999s] -- Installing: /home/rho9/chapt6/chapt6_ws/install/fishbot_description/share/fishbot_description/launch/install
[2.000s] -- Installing: /home/rho9/chapt6/chapt6_ws/install/fishbot_description/share/fishbot_description/launch/install/COLCON_IGNORE
[2.000s] -- Installing: /home/rho9/chapt6/chapt6_ws/install/fishbot_description/share/fishbot_description/launch/install/local_setup.sh
[2.000s] -- Installing: /home/rho9/chapt6/chapt6_ws/install/fishbot_description/share/fishbot_description/launch/install/_local_setup_util_sh.py
[2.000s] -- Installing: /home/rho9/chapt6/chapt6_ws/install/fishbot_description/share/fishbot_description/launch/install/setup.bash
[2.000s] -- Installing: /home/rho9/chapt6/chapt6_ws/install/fishbot_description/share/fishbot_description/launch/install/local_setup.bash
[2.001s] -- Installing: /home/rho9/chapt6/chapt6_ws/install/fishbot_description/share/fishbot_description/launch/install/setup.zsh
[2.001s] -- Installing: /home/rho9/chapt6/chapt6_ws/install/fishbot_description/share/fishbot_description/launch/install/.colcon_install_layout
[2.001s] -- Installing: /home/rho9/chapt6/chapt6_ws/install/fishbot_description/share/fishbot_description/launch/install/setup.sh
[2.002s] -- Installing: /home/rho9/chapt6/chapt6_ws/install/fishbot_description/share/fishbot_description/launch/install/local_setup.zsh
[2.002s] -- Installing: /home/rho9/chapt6/chapt6_ws/install/fishbot_description/share/fishbot_description/world
[2.002s] -- Installing: /home/rho9/chapt6/chapt6_ws/install/fishbot_description/share/fishbot_description/world/three_room_world.sdf
[2.003s] -- Installing: /home/rho9/chapt6/chapt6_ws/install/fishbot_description/share/ament_index/resource_index/package_run_dependencies/fishbot_description
[2.003s] -- Installing: /home/rho9/chapt6/chapt6_ws/install/fishbot_description/share/ament_index/resource_index/parent_prefix_path/fishbot_description
[2.003s] -- Installing: /home/rho9/chapt6/chapt6_ws/install/fishbot_description/share/fishbot_description/environment/ament_prefix_path.sh
[2.004s] -- Installing: /home/rho9/chapt6/chapt6_ws/install/fishbot_description/share/fishbot_description/environment/ament_prefix_path.dsv
[2.004s] -- Installing: /home/rho9/chapt6/chapt6_ws/install/fishbot_description/share/fishbot_description/environment/path.sh
[2.004s] -- Installing: /home/rho9/chapt6/chapt6_ws/install/fishbot_description/share/fishbot_description/environment/path.dsv
[2.004s] -- Installing: /home/rho9/chapt6/chapt6_ws/install/fishbot_description/share/fishbot_description/local_setup.bash
[2.004s] -- Installing: /home/rho9/chapt6/chapt6_ws/install/fishbot_description/share/fishbot_description/local_setup.sh
[2.004s] -- Installing: /home/rho9/chapt6/chapt6_ws/install/fishbot_description/share/fishbot_description/local_setup.zsh
[2.004s] -- Installing: /home/rho9/chapt6/chapt6_ws/install/fishbot_description/share/fishbot_description/local_setup.dsv
[2.004s] -- Installing: /home/rho9/chapt6/chapt6_ws/install/fishbot_description/share/fishbot_description/package.dsv
[2.004s] -- Installing: /home/rho9/chapt6/chapt6_ws/install/fishbot_description/share/ament_index/resource_index/packages/fishbot_description
[2.004s] -- Installing: /home/rho9/chapt6/chapt6_ws/install/fishbot_description/share/fishbot_description/cmake/fishbot_descriptionConfig.cmake
[2.005s] -- Installing: /home/rho9/chapt6/chapt6_ws/install/fishbot_description/share/fishbot_description/cmake/fishbot_descriptionConfig-version.cmake
[2.005s] -- Installing: /home/rho9/chapt6/chapt6_ws/install/fishbot_description/share/fishbot_description/package.xml
[2.006s] Invoked command in '/home/rho9/chapt6/chapt6_ws/build/fishbot_description' returned '0': CMAKE_PREFIX_PATH=${CMAKE_PREFIX_PATH}:/opt/ros/jazzy /usr/bin/cmake --install /home/rho9/chapt6/chapt6_ws/build/fishbot_description
