[0.151s] DEBUG:colcon:Command line arguments: ['/usr/bin/colcon', 'build', '--packages-select', 'fishbot_description']
[0.151s] DEBUG:colcon:Parsed command line arguments: Namespace(log_base=None, log_level=None, verb_name='build', build_base='build', install_base='install', merge_install=False, symlink_install=False, test_result_base=None, continue_on_error=False, executor='parallel', parallel_workers=20, event_handlers=None, ignore_user_meta=False, metas=['./colcon.meta'], base_paths=['.'], packages_ignore=None, packages_ignore_regex=None, paths=None, packages_up_to=None, packages_up_to_regex=None, packages_above=None, packages_above_and_dependencies=None, packages_above_depth=None, packages_select_by_dep=None, packages_skip_by_dep=None, packages_skip_up_to=None, packages_select_build_failed=False, packages_skip_build_finished=False, packages_select_test_failures=False, packages_skip_test_passed=False, packages_select=['fishbot_description'], packages_skip=None, packages_select_regex=None, packages_skip_regex=None, packages_start=None, packages_end=None, cmake_args=None, cmake_target=None, cmake_target_skip_unavailable=False, cmake_clean_cache=False, cmake_clean_first=False, cmake_force_configure=False, ament_cmake_args=None, catkin_cmake_args=None, catkin_skip_building_tests=False, verb_parser=<colcon_defaults.argument_parser.defaults.DefaultArgumentsDecorator object at 0x7f23080126c0>, verb_extension=<colcon_core.verb.build.BuildVerb object at 0x7f2308011bb0>, main=<bound method BuildVerb.main of <colcon_core.verb.build.BuildVerb object at 0x7f2308011bb0>>)
[0.178s] Level 1:colcon.colcon_core.package_discovery:discover_packages(colcon_meta) check parameters
[0.179s] Level 1:colcon.colcon_core.package_discovery:discover_packages(recursive) check parameters
[0.179s] Level 1:colcon.colcon_core.package_discovery:discover_packages(ignore) check parameters
[0.179s] Level 1:colcon.colcon_core.package_discovery:discover_packages(path) check parameters
[0.179s] Level 1:colcon.colcon_core.package_discovery:discover_packages(colcon_meta) discover
[0.179s] Level 1:colcon.colcon_core.package_discovery:discover_packages(recursive) discover
[0.179s] INFO:colcon.colcon_core.package_discovery:Crawling recursively for packages in '/home/rho9/chapt6/chapt6_ws'
[0.179s] Level 1:colcon.colcon_core.package_identification:_identify(.) by extensions ['ignore', 'ignore_ament_install']
[0.179s] Level 1:colcon.colcon_core.package_identification:_identify(.) by extension 'ignore'
[0.179s] Level 1:colcon.colcon_core.package_identification:_identify(.) by extension 'ignore_ament_install'
[0.179s] Level 1:colcon.colcon_core.package_identification:_identify(.) by extensions ['colcon_pkg']
[0.179s] Level 1:colcon.colcon_core.package_identification:_identify(.) by extension 'colcon_pkg'
[0.179s] Level 1:colcon.colcon_core.package_identification:_identify(.) by extensions ['colcon_meta']
[0.179s] Level 1:colcon.colcon_core.package_identification:_identify(.) by extension 'colcon_meta'
[0.179s] Level 1:colcon.colcon_core.package_identification:_identify(.) by extensions ['ros']
[0.179s] Level 1:colcon.colcon_core.package_identification:_identify(.) by extension 'ros'
[0.202s] Level 1:colcon.colcon_core.package_identification:_identify(.) by extensions ['cmake', 'python']
[0.203s] Level 1:colcon.colcon_core.package_identification:_identify(.) by extension 'cmake'
[0.203s] Level 1:colcon.colcon_core.package_identification:_identify(.) by extension 'python'
[0.203s] Level 1:colcon.colcon_core.package_identification:_identify(.) by extensions ['python_setup_py']
[0.203s] Level 1:colcon.colcon_core.package_identification:_identify(.) by extension 'python_setup_py'
[0.203s] Level 1:colcon.colcon_core.package_identification:_identify(build) by extensions ['ignore', 'ignore_ament_install']
[0.203s] Level 1:colcon.colcon_core.package_identification:_identify(build) by extension 'ignore'
[0.203s] Level 1:colcon.colcon_core.package_identification:_identify(build) ignored
[0.203s] Level 1:colcon.colcon_core.package_identification:_identify(install) by extensions ['ignore', 'ignore_ament_install']
[0.203s] Level 1:colcon.colcon_core.package_identification:_identify(install) by extension 'ignore'
[0.203s] Level 1:colcon.colcon_core.package_identification:_identify(install) ignored
[0.203s] Level 1:colcon.colcon_core.package_identification:_identify(log) by extensions ['ignore', 'ignore_ament_install']
[0.203s] Level 1:colcon.colcon_core.package_identification:_identify(log) by extension 'ignore'
[0.203s] Level 1:colcon.colcon_core.package_identification:_identify(log) ignored
[0.203s] Level 1:colcon.colcon_core.package_identification:_identify(src) by extensions ['ignore', 'ignore_ament_install']
[0.203s] Level 1:colcon.colcon_core.package_identification:_identify(src) by extension 'ignore'
[0.204s] Level 1:colcon.colcon_core.package_identification:_identify(src) by extension 'ignore_ament_install'
[0.204s] Level 1:colcon.colcon_core.package_identification:_identify(src) by extensions ['colcon_pkg']
[0.204s] Level 1:colcon.colcon_core.package_identification:_identify(src) by extension 'colcon_pkg'
[0.204s] Level 1:colcon.colcon_core.package_identification:_identify(src) by extensions ['colcon_meta']
[0.204s] Level 1:colcon.colcon_core.package_identification:_identify(src) by extension 'colcon_meta'
[0.204s] Level 1:colcon.colcon_core.package_identification:_identify(src) by extensions ['ros']
[0.204s] Level 1:colcon.colcon_core.package_identification:_identify(src) by extension 'ros'
[0.204s] Level 1:colcon.colcon_core.package_identification:_identify(src) by extensions ['cmake', 'python']
[0.204s] Level 1:colcon.colcon_core.package_identification:_identify(src) by extension 'cmake'
[0.204s] Level 1:colcon.colcon_core.package_identification:_identify(src) by extension 'python'
[0.204s] Level 1:colcon.colcon_core.package_identification:_identify(src) by extensions ['python_setup_py']
[0.204s] Level 1:colcon.colcon_core.package_identification:_identify(src) by extension 'python_setup_py'
[0.204s] Level 1:colcon.colcon_core.package_identification:_identify(src/fishbot_description) by extensions ['ignore', 'ignore_ament_install']
[0.204s] Level 1:colcon.colcon_core.package_identification:_identify(src/fishbot_description) by extension 'ignore'
[0.204s] Level 1:colcon.colcon_core.package_identification:_identify(src/fishbot_description) by extension 'ignore_ament_install'
[0.204s] Level 1:colcon.colcon_core.package_identification:_identify(src/fishbot_description) by extensions ['colcon_pkg']
[0.204s] Level 1:colcon.colcon_core.package_identification:_identify(src/fishbot_description) by extension 'colcon_pkg'
[0.204s] Level 1:colcon.colcon_core.package_identification:_identify(src/fishbot_description) by extensions ['colcon_meta']
[0.204s] Level 1:colcon.colcon_core.package_identification:_identify(src/fishbot_description) by extension 'colcon_meta'
[0.204s] Level 1:colcon.colcon_core.package_identification:_identify(src/fishbot_description) by extensions ['ros']
[0.204s] Level 1:colcon.colcon_core.package_identification:_identify(src/fishbot_description) by extension 'ros'
[0.206s] DEBUG:colcon.colcon_core.package_identification:Package 'src/fishbot_description' with type 'ros.ament_cmake' and name 'fishbot_description'
[0.207s] Level 1:colcon.colcon_core.package_discovery:discover_packages(recursive) using defaults
[0.207s] Level 1:colcon.colcon_core.package_discovery:discover_packages(ignore) discover
[0.207s] Level 1:colcon.colcon_core.package_discovery:discover_packages(ignore) using defaults
[0.207s] Level 1:colcon.colcon_core.package_discovery:discover_packages(path) discover
[0.207s] Level 1:colcon.colcon_core.package_discovery:discover_packages(path) using defaults
[0.221s] Level 5:colcon.colcon_core.verb:set package 'fishbot_description' build argument 'cmake_args' from command line to 'None'
[0.221s] Level 5:colcon.colcon_core.verb:set package 'fishbot_description' build argument 'cmake_target' from command line to 'None'
[0.221s] Level 5:colcon.colcon_core.verb:set package 'fishbot_description' build argument 'cmake_target_skip_unavailable' from command line to 'False'
[0.221s] Level 5:colcon.colcon_core.verb:set package 'fishbot_description' build argument 'cmake_clean_cache' from command line to 'False'
[0.221s] Level 5:colcon.colcon_core.verb:set package 'fishbot_description' build argument 'cmake_clean_first' from command line to 'False'
[0.221s] Level 5:colcon.colcon_core.verb:set package 'fishbot_description' build argument 'cmake_force_configure' from command line to 'False'
[0.221s] Level 5:colcon.colcon_core.verb:set package 'fishbot_description' build argument 'ament_cmake_args' from command line to 'None'
[0.221s] Level 5:colcon.colcon_core.verb:set package 'fishbot_description' build argument 'catkin_cmake_args' from command line to 'None'
[0.221s] Level 5:colcon.colcon_core.verb:set package 'fishbot_description' build argument 'catkin_skip_building_tests' from command line to 'False'
[0.221s] DEBUG:colcon.colcon_core.verb:Building package 'fishbot_description' with the following arguments: {'ament_cmake_args': None, 'build_base': '/home/rho9/chapt6/chapt6_ws/build/fishbot_description', 'catkin_cmake_args': None, 'catkin_skip_building_tests': False, 'cmake_args': None, 'cmake_clean_cache': False, 'cmake_clean_first': False, 'cmake_force_configure': False, 'cmake_target': None, 'cmake_target_skip_unavailable': False, 'install_base': '/home/rho9/chapt6/chapt6_ws/install/fishbot_description', 'merge_install': False, 'path': '/home/rho9/chapt6/chapt6_ws/src/fishbot_description', 'symlink_install': False, 'test_result_base': None}
[0.222s] INFO:colcon.colcon_core.executor:Executing jobs using 'parallel' executor
[0.222s] DEBUG:colcon.colcon_parallel_executor.executor.parallel:run_until_complete
[0.223s] INFO:colcon.colcon_ros.task.ament_cmake.build:Building ROS package in '/home/rho9/chapt6/chapt6_ws/src/fishbot_description' with build type 'ament_cmake'
[0.223s] INFO:colcon.colcon_cmake.task.cmake.build:Building CMake package in '/home/rho9/chapt6/chapt6_ws/src/fishbot_description'
[0.224s] INFO:colcon.colcon_core.plugin_system:Skipping extension 'colcon_core.shell.bat': Not used on non-Windows systems
[0.224s] DEBUG:colcon.colcon_core.shell:Skip shell extension 'dsv' for command environment
[0.231s] DEBUG:colcon.colcon_core.event_handler.log_command:Invoking command in '/home/rho9/chapt6/chapt6_ws/build/fishbot_description': CMAKE_PREFIX_PATH=${CMAKE_PREFIX_PATH}:/opt/ros/jazzy /usr/bin/cmake --build /home/rho9/chapt6/chapt6_ws/build/fishbot_description -- -j20 -l20
[0.269s] DEBUG:colcon.colcon_core.event_handler.log_command:Invoked command in '/home/rho9/chapt6/chapt6_ws/build/fishbot_description' returned '0': CMAKE_PREFIX_PATH=${CMAKE_PREFIX_PATH}:/opt/ros/jazzy /usr/bin/cmake --build /home/rho9/chapt6/chapt6_ws/build/fishbot_description -- -j20 -l20
[0.280s] DEBUG:colcon.colcon_core.event_handler.log_command:Invoking command in '/home/rho9/chapt6/chapt6_ws/build/fishbot_description': CMAKE_PREFIX_PATH=${CMAKE_PREFIX_PATH}:/opt/ros/jazzy /usr/bin/cmake --install /home/rho9/chapt6/chapt6_ws/build/fishbot_description
[0.293s] Level 1:colcon.colcon_core.environment:create_environment_scripts_only(fishbot_description)
[0.293s] DEBUG:colcon.colcon_core.event_handler.log_command:Invoked command in '/home/rho9/chapt6/chapt6_ws/build/fishbot_description' returned '0': CMAKE_PREFIX_PATH=${CMAKE_PREFIX_PATH}:/opt/ros/jazzy /usr/bin/cmake --install /home/rho9/chapt6/chapt6_ws/build/fishbot_description
[0.295s] Level 1:colcon.colcon_core.environment:checking '/home/rho9/chapt6/chapt6_ws/install/fishbot_description' for CMake module files
[0.296s] Level 1:colcon.colcon_core.environment:checking '/home/rho9/chapt6/chapt6_ws/install/fishbot_description' for CMake config files
[0.296s] Level 1:colcon.colcon_core.shell:create_environment_hook('fishbot_description', 'cmake_prefix_path')
[0.296s] INFO:colcon.colcon_core.shell:Creating environment descriptor '/home/rho9/chapt6/chapt6_ws/install/fishbot_description/share/fishbot_description/hook/cmake_prefix_path.dsv'
[0.296s] INFO:colcon.colcon_core.shell:Creating environment hook '/home/rho9/chapt6/chapt6_ws/install/fishbot_description/share/fishbot_description/hook/cmake_prefix_path.sh'
[0.297s] Level 1:colcon.colcon_core.environment:checking '/home/rho9/chapt6/chapt6_ws/install/fishbot_description/bin'
[0.297s] Level 1:colcon.colcon_core.environment:checking '/home/rho9/chapt6/chapt6_ws/install/fishbot_description/lib/pkgconfig/fishbot_description.pc'
[0.299s] Level 1:colcon.colcon_core.environment:checking '/home/rho9/chapt6/chapt6_ws/install/fishbot_description/lib/python3.12/site-packages'
[0.299s] Level 1:colcon.colcon_core.environment:checking '/home/rho9/chapt6/chapt6_ws/install/fishbot_description/bin'
[0.299s] INFO:colcon.colcon_core.shell:Creating package descriptor '/home/rho9/chapt6/chapt6_ws/install/fishbot_description/share/fishbot_description/package.dsv'
[0.300s] INFO:colcon.colcon_core.shell:Creating package script '/home/rho9/chapt6/chapt6_ws/install/fishbot_description/share/fishbot_description/package.sh'
[0.300s] INFO:colcon.colcon_core.shell:Creating package script '/home/rho9/chapt6/chapt6_ws/install/fishbot_description/share/fishbot_description/package.bash'
[0.301s] INFO:colcon.colcon_core.shell:Creating package script '/home/rho9/chapt6/chapt6_ws/install/fishbot_description/share/fishbot_description/package.zsh'
[0.301s] Level 1:colcon.colcon_core.environment:create_file_with_runtime_dependencies(/home/rho9/chapt6/chapt6_ws/install/fishbot_description/share/colcon-core/packages/fishbot_description)
[0.302s] Level 1:colcon.colcon_core.environment:create_environment_scripts_only(fishbot_description)
[0.302s] Level 1:colcon.colcon_core.environment:checking '/home/rho9/chapt6/chapt6_ws/install/fishbot_description' for CMake module files
[0.302s] Level 1:colcon.colcon_core.environment:checking '/home/rho9/chapt6/chapt6_ws/install/fishbot_description' for CMake config files
[0.302s] Level 1:colcon.colcon_core.shell:create_environment_hook('fishbot_description', 'cmake_prefix_path')
[0.302s] INFO:colcon.colcon_core.shell:Creating environment descriptor '/home/rho9/chapt6/chapt6_ws/install/fishbot_description/share/fishbot_description/hook/cmake_prefix_path.dsv'
[0.303s] INFO:colcon.colcon_core.shell:Creating environment hook '/home/rho9/chapt6/chapt6_ws/install/fishbot_description/share/fishbot_description/hook/cmake_prefix_path.sh'
[0.303s] Level 1:colcon.colcon_core.environment:checking '/home/rho9/chapt6/chapt6_ws/install/fishbot_description/bin'
[0.303s] Level 1:colcon.colcon_core.environment:checking '/home/rho9/chapt6/chapt6_ws/install/fishbot_description/lib/pkgconfig/fishbot_description.pc'
[0.303s] Level 1:colcon.colcon_core.environment:checking '/home/rho9/chapt6/chapt6_ws/install/fishbot_description/lib/python3.12/site-packages'
[0.304s] Level 1:colcon.colcon_core.environment:checking '/home/rho9/chapt6/chapt6_ws/install/fishbot_description/bin'
[0.304s] INFO:colcon.colcon_core.shell:Creating package descriptor '/home/rho9/chapt6/chapt6_ws/install/fishbot_description/share/fishbot_description/package.dsv'
[0.304s] INFO:colcon.colcon_core.shell:Creating package script '/home/rho9/chapt6/chapt6_ws/install/fishbot_description/share/fishbot_description/package.sh'
[0.305s] INFO:colcon.colcon_core.shell:Creating package script '/home/rho9/chapt6/chapt6_ws/install/fishbot_description/share/fishbot_description/package.bash'
[0.305s] INFO:colcon.colcon_core.shell:Creating package script '/home/rho9/chapt6/chapt6_ws/install/fishbot_description/share/fishbot_description/package.zsh'
[0.305s] Level 1:colcon.colcon_core.environment:create_file_with_runtime_dependencies(/home/rho9/chapt6/chapt6_ws/install/fishbot_description/share/colcon-core/packages/fishbot_description)
[0.305s] DEBUG:colcon.colcon_parallel_executor.executor.parallel:closing loop
[0.306s] DEBUG:colcon.colcon_parallel_executor.executor.parallel:loop closed
[0.306s] DEBUG:colcon.colcon_parallel_executor.executor.parallel:run_until_complete finished with '0'
[0.306s] DEBUG:colcon.colcon_core.event_reactor:joining thread
[0.336s] INFO:colcon.colcon_core.plugin_system:Skipping extension 'colcon_notification.desktop_notification.notify_send': Could not find 'notify-send'
[0.336s] INFO:colcon.colcon_core.plugin_system:Skipping extension 'colcon_notification.desktop_notification.terminal_notifier': Not used on non-Darwin systems
[0.337s] INFO:colcon.colcon_core.plugin_system:Skipping extension 'colcon_notification.desktop_notification.win32': Not used on non-Windows systems
[0.337s] INFO:colcon.colcon_notification.desktop_notification:Sending desktop notification using 'notify2'
[0.337s] DEBUG:colcon.colcon_notification.desktop_notification.notify2:Failed to initialize notify2: org.freedesktop.DBus.Error.ServiceUnknown: The name org.freedesktop.Notifications was not provided by any .service files
[0.338s] DEBUG:colcon.colcon_core.event_reactor:joined thread
[0.338s] INFO:colcon.colcon_core.shell:Creating prefix script '/home/rho9/chapt6/chapt6_ws/install/local_setup.sh'
[0.339s] INFO:colcon.colcon_core.shell:Creating prefix util module '/home/rho9/chapt6/chapt6_ws/install/_local_setup_util_sh.py'
[0.340s] INFO:colcon.colcon_core.shell:Creating prefix chain script '/home/rho9/chapt6/chapt6_ws/install/setup.sh'
[0.341s] INFO:colcon.colcon_core.shell:Creating prefix script '/home/rho9/chapt6/chapt6_ws/install/local_setup.bash'
[0.341s] INFO:colcon.colcon_core.shell:Creating prefix chain script '/home/rho9/chapt6/chapt6_ws/install/setup.bash'
[0.342s] INFO:colcon.colcon_core.shell:Creating prefix script '/home/rho9/chapt6/chapt6_ws/install/local_setup.zsh'
[0.342s] INFO:colcon.colcon_core.shell:Creating prefix chain script '/home/rho9/chapt6/chapt6_ws/install/setup.zsh'
