[0.018s] Invoking command in '/home/rho922/chapt7/chapt7_ws/build/fishbot_navigation2': CMAKE_PREFIX_PATH=/opt/ros/humble /usr/bin/cmake /home/rho922/chapt7/chapt7_ws/src/fishbot_navigation2 -DCMAKE_INSTALL_PREFIX=/home/rho922/chapt7/chapt7_ws/install/fishbot_navigation2
[0.341s] -- The C compiler identification is GNU 11.4.0
[0.892s] -- The CXX compiler identification is GNU 11.4.0
[1.212s] -- Detecting C compiler ABI info
[1.344s] -- Detecting C compiler ABI info - done
[1.351s] -- Check for working C compiler: /usr/bin/cc - skipped
[1.353s] -- Detecting C compile features
[1.353s] -- Detecting C compile features - done
[1.357s] -- Detecting CXX compiler ABI info
[1.498s] -- Detecting CXX compiler ABI info - done
[1.505s] -- Check for working CXX compiler: /usr/bin/c++ - skipped
[1.505s] -- Detecting CXX compile features
[1.505s] -- Detecting CXX compile features - done
[1.514s] -- Found ament_cmake: 1.3.14 (/opt/ros/humble/share/ament_cmake/cmake)
[1.658s] -- Found Python3: /usr/bin/python3 (found version "3.10.12") found components: Interpreter 
[1.759s] -- Found ament_lint_auto: 0.12.15 (/opt/ros/humble/share/ament_lint_auto/cmake)
[1.846s] -- Added test 'flake8' to check Python code syntax and style conventions
[1.847s] -- Added test 'lint_cmake' to check CMake code style
[1.848s] -- Added test 'pep257' to check Python code against some of the docstring style conventions in PEP 257
[1.850s] -- Added test 'xmllint' to check XML markup files
[1.852s] -- Configuring done
[1.855s] -- Generating done
[1.857s] -- Build files have been written to: /home/rho922/chapt7/chapt7_ws/build/fishbot_navigation2
[1.861s] Invoked command in '/home/rho922/chapt7/chapt7_ws/build/fishbot_navigation2' returned '0': CMAKE_PREFIX_PATH=/opt/ros/humble /usr/bin/cmake /home/rho922/chapt7/chapt7_ws/src/fishbot_navigation2 -DCMAKE_INSTALL_PREFIX=/home/rho922/chapt7/chapt7_ws/install/fishbot_navigation2
[1.862s] Invoking command in '/home/rho922/chapt7/chapt7_ws/build/fishbot_navigation2': CMAKE_PREFIX_PATH=/opt/ros/humble /usr/bin/cmake --build /home/rho922/chapt7/chapt7_ws/build/fishbot_navigation2 -- -j20 -l20
[1.893s] Invoked command in '/home/rho922/chapt7/chapt7_ws/build/fishbot_navigation2' returned '0': CMAKE_PREFIX_PATH=/opt/ros/humble /usr/bin/cmake --build /home/rho922/chapt7/chapt7_ws/build/fishbot_navigation2 -- -j20 -l20
[1.894s] Invoking command in '/home/rho922/chapt7/chapt7_ws/build/fishbot_navigation2': CMAKE_PREFIX_PATH=/opt/ros/humble /usr/bin/cmake --install /home/rho922/chapt7/chapt7_ws/build/fishbot_navigation2
[1.900s] -- Install configuration: ""
[1.900s] -- Installing: /home/rho922/chapt7/chapt7_ws/install/fishbot_navigation2/share/fishbot_navigation2/launch
[1.901s] -- Installing: /home/rho922/chapt7/chapt7_ws/install/fishbot_navigation2/share/fishbot_navigation2/launch/navigation2.launch.py
[1.901s] -- Installing: /home/rho922/chapt7/chapt7_ws/install/fishbot_navigation2/share/fishbot_navigation2/maps
[1.901s] -- Installing: /home/rho922/chapt7/chapt7_ws/install/fishbot_navigation2/share/fishbot_navigation2/maps/room.yaml
[1.902s] -- Installing: /home/rho922/chapt7/chapt7_ws/install/fishbot_navigation2/share/fishbot_navigation2/maps/room.pgm
[1.903s] -- Installing: /home/rho922/chapt7/chapt7_ws/install/fishbot_navigation2/share/fishbot_navigation2/config
[1.904s] -- Installing: /home/rho922/chapt7/chapt7_ws/install/fishbot_navigation2/share/fishbot_navigation2/config/nav2_params.yaml
[1.904s] -- Installing: /home/rho922/chapt7/chapt7_ws/install/fishbot_navigation2/share/ament_index/resource_index/package_run_dependencies/fishbot_navigation2
[1.904s] -- Installing: /home/rho922/chapt7/chapt7_ws/install/fishbot_navigation2/share/ament_index/resource_index/parent_prefix_path/fishbot_navigation2
[1.905s] -- Installing: /home/rho922/chapt7/chapt7_ws/install/fishbot_navigation2/share/fishbot_navigation2/environment/ament_prefix_path.sh
[1.905s] -- Installing: /home/rho922/chapt7/chapt7_ws/install/fishbot_navigation2/share/fishbot_navigation2/environment/ament_prefix_path.dsv
[1.905s] -- Installing: /home/rho922/chapt7/chapt7_ws/install/fishbot_navigation2/share/fishbot_navigation2/environment/path.sh
[1.905s] -- Installing: /home/rho922/chapt7/chapt7_ws/install/fishbot_navigation2/share/fishbot_navigation2/environment/path.dsv
[1.905s] -- Installing: /home/rho922/chapt7/chapt7_ws/install/fishbot_navigation2/share/fishbot_navigation2/local_setup.bash
[1.905s] -- Installing: /home/rho922/chapt7/chapt7_ws/install/fishbot_navigation2/share/fishbot_navigation2/local_setup.sh
[1.906s] -- Installing: /home/rho922/chapt7/chapt7_ws/install/fishbot_navigation2/share/fishbot_navigation2/local_setup.zsh
[1.906s] -- Installing: /home/rho922/chapt7/chapt7_ws/install/fishbot_navigation2/share/fishbot_navigation2/local_setup.dsv
[1.906s] -- Installing: /home/rho922/chapt7/chapt7_ws/install/fishbot_navigation2/share/fishbot_navigation2/package.dsv
[1.906s] -- Installing: /home/rho922/chapt7/chapt7_ws/install/fishbot_navigation2/share/ament_index/resource_index/packages/fishbot_navigation2
[1.906s] -- Installing: /home/rho922/chapt7/chapt7_ws/install/fishbot_navigation2/share/fishbot_navigation2/cmake/fishbot_navigation2Config.cmake
[1.907s] -- Installing: /home/rho922/chapt7/chapt7_ws/install/fishbot_navigation2/share/fishbot_navigation2/cmake/fishbot_navigation2Config-version.cmake
[1.907s] -- Installing: /home/rho922/chapt7/chapt7_ws/install/fishbot_navigation2/share/fishbot_navigation2/package.xml
[1.910s] Invoked command in '/home/rho922/chapt7/chapt7_ws/build/fishbot_navigation2' returned '0': CMAKE_PREFIX_PATH=/opt/ros/humble /usr/bin/cmake --install /home/rho922/chapt7/chapt7_ws/build/fishbot_navigation2
