[0.793s] Invoking command in '/home/rho9/chapt3/topic_ws/src/demo_python_topic': PYTHONPATH=/home/rho9/chapt3/topic_ws/build/demo_python_topic/prefix_override:/usr/lib/python3/dist-packages/colcon_core/task/python/colcon_distutils_commands:/home/rho9/chapt3/topic_ws/install/demo_python_topic/lib/python3.12/site-packages:${PYTHONPATH} /usr/bin/python3 -W ignore:setup.py install is deprecated -W ignore:easy_install command is deprecated setup.py egg_info --egg-base ../../build/demo_python_topic build --build-base /home/rho9/chapt3/topic_ws/build/demo_python_topic/build install --record /home/rho9/chapt3/topic_ws/build/demo_python_topic/install.log --single-version-externally-managed install_data
[0.979s] running egg_info
[0.979s] creating ../../build/demo_python_topic/demo_python_topic.egg-info
[0.989s] writing ../../build/demo_python_topic/demo_python_topic.egg-info/PKG-INFO
[0.989s] writing dependency_links to ../../build/demo_python_topic/demo_python_topic.egg-info/dependency_links.txt
[0.989s] writing requirements to ../../build/demo_python_topic/demo_python_topic.egg-info/requires.txt
[0.990s] writing top-level names to ../../build/demo_python_topic/demo_python_topic.egg-info/top_level.txt
[0.990s] writing manifest file '../../build/demo_python_topic/demo_python_topic.egg-info/SOURCES.txt'
[1.009s] reading manifest file '../../build/demo_python_topic/demo_python_topic.egg-info/SOURCES.txt'
[1.010s] adding license file 'LICENSE'
[1.011s] writing manifest file '../../build/demo_python_topic/demo_python_topic.egg-info/SOURCES.txt'
[1.011s] running build
[1.011s] running build_py
[1.012s] creating /home/rho9/chapt3/topic_ws/build/demo_python_topic/build
[1.012s] creating /home/rho9/chapt3/topic_ws/build/demo_python_topic/build/lib
[1.012s] creating /home/rho9/chapt3/topic_ws/build/demo_python_topic/build/lib/demo_python_topic
[1.013s] copying demo_python_topic/__init__.py -> /home/rho9/chapt3/topic_ws/build/demo_python_topic/build/lib/demo_python_topic
[1.013s] running install
[1.018s] running install_lib
[1.028s] creating /home/rho9/chapt3/topic_ws/install/demo_python_topic/lib/python3.12/site-packages/demo_python_topic
[1.029s] copying /home/rho9/chapt3/topic_ws/build/demo_python_topic/build/lib/demo_python_topic/__init__.py -> /home/rho9/chapt3/topic_ws/install/demo_python_topic/lib/python3.12/site-packages/demo_python_topic
[1.029s] byte-compiling /home/rho9/chapt3/topic_ws/install/demo_python_topic/lib/python3.12/site-packages/demo_python_topic/__init__.py to __init__.cpython-312.pyc
[1.030s] running install_data
[1.030s] creating /home/rho9/chapt3/topic_ws/install/demo_python_topic/share/ament_index
[1.030s] creating /home/rho9/chapt3/topic_ws/install/demo_python_topic/share/ament_index/resource_index
[1.031s] creating /home/rho9/chapt3/topic_ws/install/demo_python_topic/share/ament_index/resource_index/packages
[1.031s] copying resource/demo_python_topic -> /home/rho9/chapt3/topic_ws/install/demo_python_topic/share/ament_index/resource_index/packages
[1.031s] copying package.xml -> /home/rho9/chapt3/topic_ws/install/demo_python_topic/share/demo_python_topic
[1.031s] running install_egg_info
[1.041s] Copying ../../build/demo_python_topic/demo_python_topic.egg-info to /home/rho9/chapt3/topic_ws/install/demo_python_topic/lib/python3.12/site-packages/demo_python_topic-0.0.0-py3.12.egg-info
[1.042s] running install_scripts
[1.117s] writing list of installed files to '/home/rho9/chapt3/topic_ws/build/demo_python_topic/install.log'
[1.134s] Invoked command in '/home/rho9/chapt3/topic_ws/src/demo_python_topic' returned '0': PYTHONPATH=/home/rho9/chapt3/topic_ws/build/demo_python_topic/prefix_override:/usr/lib/python3/dist-packages/colcon_core/task/python/colcon_distutils_commands:/home/rho9/chapt3/topic_ws/install/demo_python_topic/lib/python3.12/site-packages:${PYTHONPATH} /usr/bin/python3 -W ignore:setup.py install is deprecated -W ignore:easy_install command is deprecated setup.py egg_info --egg-base ../../build/demo_python_topic build --build-base /home/rho9/chapt3/topic_ws/build/demo_python_topic/build install --record /home/rho9/chapt3/topic_ws/build/demo_python_topic/install.log --single-version-externally-managed install_data
