[1.101s] Invoking command in '/home/rho9/chapt3/topic_practise_ws/src/status_publisher': AMENT_PREFIX_PATH=/home/rho9/chapt3/topic_practise_ws/install/status_interfaces:${AMENT_PREFIX_PATH} CMAKE_PREFIX_PATH=/home/rho9/chapt3/topic_practise_ws/install/status_interfaces:${CMAKE_PREFIX_PATH} LD_LIBRARY_PATH=/home/rho9/chapt3/topic_practise_ws/install/status_interfaces/lib:${LD_LIBRARY_PATH} PYTHONPATH=/home/rho9/chapt3/topic_practise_ws/build/status_publisher/prefix_override:/usr/lib/python3/dist-packages/colcon_core/task/python/colcon_distutils_commands:/home/rho9/chapt3/topic_practise_ws/install/status_publisher/lib/python3.12/site-packages:/home/rho9/chapt3/topic_practise_ws/install/status_interfaces/lib/python3.12/site-packages:${PYTHONPATH} /usr/bin/python3 -W ignore:setup.py install is deprecated -W ignore:easy_install command is deprecated setup.py egg_info --egg-base ../../build/status_publisher build --build-base /home/rho9/chapt3/topic_practise_ws/build/status_publisher/build install --record /home/rho9/chapt3/topic_practise_ws/build/status_publisher/install.log --single-version-externally-managed install_data
[1.371s] running egg_info
[1.389s] writing ../../build/status_publisher/status_publisher.egg-info/PKG-INFO
[1.390s] writing dependency_links to ../../build/status_publisher/status_publisher.egg-info/dependency_links.txt
[1.390s] writing entry points to ../../build/status_publisher/status_publisher.egg-info/entry_points.txt
[1.391s] writing requirements to ../../build/status_publisher/status_publisher.egg-info/requires.txt
[1.391s] writing top-level names to ../../build/status_publisher/status_publisher.egg-info/top_level.txt
[1.428s] reading manifest file '../../build/status_publisher/status_publisher.egg-info/SOURCES.txt'
[1.429s] adding license file 'LICENSE'
[1.429s] writing manifest file '../../build/status_publisher/status_publisher.egg-info/SOURCES.txt'
[1.429s] running build
[1.430s] running build_py
[1.430s] running install
[1.439s] running install_lib
[1.459s] running install_data
[1.459s] running install_egg_info
[1.479s] removing '/home/rho9/chapt3/topic_practise_ws/install/status_publisher/lib/python3.12/site-packages/status_publisher-0.0.0-py3.12.egg-info' (and everything under it)
[1.479s] Copying ../../build/status_publisher/status_publisher.egg-info to /home/rho9/chapt3/topic_practise_ws/install/status_publisher/lib/python3.12/site-packages/status_publisher-0.0.0-py3.12.egg-info
[1.481s] running install_scripts
[1.617s] Installing sys_status_pub script to /home/rho9/chapt3/topic_practise_ws/install/status_publisher/lib/status_publisher
[1.617s] writing list of installed files to '/home/rho9/chapt3/topic_practise_ws/build/status_publisher/install.log'
[1.656s] Invoked command in '/home/rho9/chapt3/topic_practise_ws/src/status_publisher' returned '0': AMENT_PREFIX_PATH=/home/rho9/chapt3/topic_practise_ws/install/status_interfaces:${AMENT_PREFIX_PATH} CMAKE_PREFIX_PATH=/home/rho9/chapt3/topic_practise_ws/install/status_interfaces:${CMAKE_PREFIX_PATH} LD_LIBRARY_PATH=/home/rho9/chapt3/topic_practise_ws/install/status_interfaces/lib:${LD_LIBRARY_PATH} PYTHONPATH=/home/rho9/chapt3/topic_practise_ws/build/status_publisher/prefix_override:/usr/lib/python3/dist-packages/colcon_core/task/python/colcon_distutils_commands:/home/rho9/chapt3/topic_practise_ws/install/status_publisher/lib/python3.12/site-packages:/home/rho9/chapt3/topic_practise_ws/install/status_interfaces/lib/python3.12/site-packages:${PYTHONPATH} /usr/bin/python3 -W ignore:setup.py install is deprecated -W ignore:easy_install command is deprecated setup.py egg_info --egg-base ../../build/status_publisher build --build-base /home/rho9/chapt3/topic_practise_ws/build/status_publisher/build install --record /home/rho9/chapt3/topic_practise_ws/build/status_publisher/install.log --single-version-externally-managed install_data
