[0.679s] Invoking command in '/home/rho9/chapt3/topic_ws/src/demo_python_topic': PYTHONPATH=/home/rho9/chapt3/topic_ws/build/demo_python_topic/prefix_override:/usr/lib/python3/dist-packages/colcon_core/task/python/colcon_distutils_commands:/home/rho9/chapt3/topic_ws/install/demo_python_topic/lib/python3.12/site-packages:${PYTHONPATH} /usr/bin/python3 -W ignore:setup.py install is deprecated -W ignore:easy_install command is deprecated setup.py egg_info --egg-base ../../build/demo_python_topic build --build-base /home/rho9/chapt3/topic_ws/build/demo_python_topic/build install --record /home/rho9/chapt3/topic_ws/build/demo_python_topic/install.log --single-version-externally-managed install_data
[0.897s] running egg_info
[0.910s] writing ../../build/demo_python_topic/demo_python_topic.egg-info/PKG-INFO
[0.911s] writing dependency_links to ../../build/demo_python_topic/demo_python_topic.egg-info/dependency_links.txt
[0.911s] writing entry points to ../../build/demo_python_topic/demo_python_topic.egg-info/entry_points.txt
[0.911s] writing requirements to ../../build/demo_python_topic/demo_python_topic.egg-info/requires.txt
[0.912s] writing top-level names to ../../build/demo_python_topic/demo_python_topic.egg-info/top_level.txt
[0.943s] reading manifest file '../../build/demo_python_topic/demo_python_topic.egg-info/SOURCES.txt'
[0.943s] adding license file 'LICENSE'
[0.944s] writing manifest file '../../build/demo_python_topic/demo_python_topic.egg-info/SOURCES.txt'
[0.944s] running build
[0.944s] running build_py
[0.945s] running install
[0.951s] running install_lib
[0.965s] running install_data
[0.965s] running install_egg_info
[0.980s] removing '/home/rho9/chapt3/topic_ws/install/demo_python_topic/lib/python3.12/site-packages/demo_python_topic-0.0.0-py3.12.egg-info' (and everything under it)
[0.980s] Copying ../../build/demo_python_topic/demo_python_topic.egg-info to /home/rho9/chapt3/topic_ws/install/demo_python_topic/lib/python3.12/site-packages/demo_python_topic-0.0.0-py3.12.egg-info
[0.981s] running install_scripts
[1.074s] Installing novel_pub_node script to /home/rho9/chapt3/topic_ws/install/demo_python_topic/lib/demo_python_topic
[1.075s] writing list of installed files to '/home/rho9/chapt3/topic_ws/build/demo_python_topic/install.log'
