[0.953s] Invoking command in '/home/rho9/chapt4/chapt4_ws/src/demo_python_service': AMENT_PREFIX_PATH=/home/rho9/chapt4/chapt4_ws/install/chapt4_interfaces:${AMENT_PREFIX_PATH} CMAKE_PREFIX_PATH=/home/rho9/chapt4/chapt4_ws/install/chapt4_interfaces:${CMAKE_PREFIX_PATH} LD_LIBRARY_PATH=/home/rho9/chapt4/chapt4_ws/install/chapt4_interfaces/lib:${LD_LIBRARY_PATH} PYTHONPATH=/home/rho9/chapt4/chapt4_ws/build/demo_python_service/prefix_override:/usr/lib/python3/dist-packages/colcon_core/task/python/colcon_distutils_commands:/home/rho9/chapt4/chapt4_ws/install/demo_python_service/lib/python3.12/site-packages:/home/rho9/chapt4/chapt4_ws/install/chapt4_interfaces/lib/python3.12/site-packages:${PYTHONPATH} /usr/bin/python3 -W ignore:setup.py install is deprecated -W ignore:easy_install command is deprecated setup.py egg_info --egg-base ../../build/demo_python_service build --build-base /home/rho9/chapt4/chapt4_ws/build/demo_python_service/build install --record /home/rho9/chapt4/chapt4_ws/build/demo_python_service/install.log --single-version-externally-managed install_data
[1.171s] running egg_info
[1.185s] writing ../../build/demo_python_service/demo_python_service.egg-info/PKG-INFO
[1.186s] writing dependency_links to ../../build/demo_python_service/demo_python_service.egg-info/dependency_links.txt
[1.186s] writing entry points to ../../build/demo_python_service/demo_python_service.egg-info/entry_points.txt
[1.187s] writing requirements to ../../build/demo_python_service/demo_python_service.egg-info/requires.txt
[1.187s] writing top-level names to ../../build/demo_python_service/demo_python_service.egg-info/top_level.txt
[1.217s] reading manifest file '../../build/demo_python_service/demo_python_service.egg-info/SOURCES.txt'
[1.218s] adding license file 'LICENSE'
[1.219s] writing manifest file '../../build/demo_python_service/demo_python_service.egg-info/SOURCES.txt'
[1.219s] running build
[1.219s] running build_py
[1.219s] copying demo_python_service/face_detect_node.py -> /home/rho9/chapt4/chapt4_ws/build/demo_python_service/build/lib/demo_python_service
[1.220s] copying demo_python_service/learn_face_detect.py -> /home/rho9/chapt4/chapt4_ws/build/demo_python_service/build/lib/demo_python_service
[1.220s] running install
[1.226s] running install_lib
[1.245s] copying /home/rho9/chapt4/chapt4_ws/build/demo_python_service/build/lib/demo_python_service/face_detect_node.py -> /home/rho9/chapt4/chapt4_ws/install/demo_python_service/lib/python3.12/site-packages/demo_python_service
[1.245s] copying /home/rho9/chapt4/chapt4_ws/build/demo_python_service/build/lib/demo_python_service/learn_face_detect.py -> /home/rho9/chapt4/chapt4_ws/install/demo_python_service/lib/python3.12/site-packages/demo_python_service
[1.246s] byte-compiling /home/rho9/chapt4/chapt4_ws/install/demo_python_service/lib/python3.12/site-packages/demo_python_service/face_detect_node.py to face_detect_node.cpython-312.pyc
[1.247s] byte-compiling /home/rho9/chapt4/chapt4_ws/install/demo_python_service/lib/python3.12/site-packages/demo_python_service/learn_face_detect.py to learn_face_detect.cpython-312.pyc
[1.248s] running install_data
[1.248s] running install_egg_info
[1.274s] removing '/home/rho9/chapt4/chapt4_ws/install/demo_python_service/lib/python3.12/site-packages/demo_python_service-0.0.0-py3.12.egg-info' (and everything under it)
[1.276s] Copying ../../build/demo_python_service/demo_python_service.egg-info to /home/rho9/chapt4/chapt4_ws/install/demo_python_service/lib/python3.12/site-packages/demo_python_service-0.0.0-py3.12.egg-info
[1.278s] running install_scripts
[1.381s] Installing face_detect_node script to /home/rho9/chapt4/chapt4_ws/install/demo_python_service/lib/demo_python_service
[1.382s] Installing learn_face_detect script to /home/rho9/chapt4/chapt4_ws/install/demo_python_service/lib/demo_python_service
[1.383s] writing list of installed files to '/home/rho9/chapt4/chapt4_ws/build/demo_python_service/install.log'
[1.412s] Invoked command in '/home/rho9/chapt4/chapt4_ws/src/demo_python_service' returned '0': AMENT_PREFIX_PATH=/home/rho9/chapt4/chapt4_ws/install/chapt4_interfaces:${AMENT_PREFIX_PATH} CMAKE_PREFIX_PATH=/home/rho9/chapt4/chapt4_ws/install/chapt4_interfaces:${CMAKE_PREFIX_PATH} LD_LIBRARY_PATH=/home/rho9/chapt4/chapt4_ws/install/chapt4_interfaces/lib:${LD_LIBRARY_PATH} PYTHONPATH=/home/rho9/chapt4/chapt4_ws/build/demo_python_service/prefix_override:/usr/lib/python3/dist-packages/colcon_core/task/python/colcon_distutils_commands:/home/rho9/chapt4/chapt4_ws/install/demo_python_service/lib/python3.12/site-packages:/home/rho9/chapt4/chapt4_ws/install/chapt4_interfaces/lib/python3.12/site-packages:${PYTHONPATH} /usr/bin/python3 -W ignore:setup.py install is deprecated -W ignore:easy_install command is deprecated setup.py egg_info --egg-base ../../build/demo_python_service build --build-base /home/rho9/chapt4/chapt4_ws/build/demo_python_service/build install --record /home/rho9/chapt4/chapt4_ws/build/demo_python_service/install.log --single-version-externally-managed install_data
