[0.007s] Invoking command in '/home/rho922/chapt7/chapt7_ws/build/autopartol_interfaces': CMAKE_PREFIX_PATH=/opt/ros/humble /usr/bin/cmake /home/rho922/chapt7/chapt7_ws/src/autopartol_interfaces -DCMAKE_INSTALL_PREFIX=/home/rho922/chapt7/chapt7_ws/install/autopartol_interfaces
[0.022s] -- Found ament_cmake: 1.3.14 (/opt/ros/humble/share/ament_cmake/cmake)
[0.105s] -- Found rosidl_default_generators: 1.2.1 (/opt/ros/humble/share/rosidl_default_generators/cmake)
[0.106s] -- Using all available rosidl_typesupport_c: rosidl_typesupport_fastrtps_c;rosidl_typesupport_introspection_c
[0.108s] -- Found rosidl_adapter: 3.1.8 (/opt/ros/humble/share/rosidl_adapter/cmake)
[0.266s] -- Using all available rosidl_typesupport_cpp: rosidl_typesupport_fastrtps_cpp;rosidl_typesupport_introspection_cpp
[0.449s] -- Found ament_cmake_ros: 0.10.0 (/opt/ros/humble/share/ament_cmake_ros/cmake)
[0.593s] -- Using all available rosidl_typesupport_c: rosidl_typesupport_fastrtps_c;rosidl_typesupport_introspection_c
[0.746s] -- Using all available rosidl_typesupport_cpp: rosidl_typesupport_fastrtps_cpp;rosidl_typesupport_introspection_cpp
[0.877s] -- Found PythonInterp: /usr/bin/python3 (found suitable version "3.10.12", minimum required is "3.6") 
[0.878s] -- Found python_cmake_module: 0.10.0 (/opt/ros/humble/share/python_cmake_module/cmake)
[1.534s] -- Found PythonLibs: /usr/lib/x86_64-linux-gnu/libpython3.10.so (found suitable version "3.10.12", minimum required is "3.5") 
[1.534s] -- Using PYTHON_EXECUTABLE: /usr/bin/python3
[1.534s] -- Using PYTHON_INCLUDE_DIRS: /usr/include/python3.10
[1.534s] -- Using PYTHON_LIBRARIES: /usr/lib/x86_64-linux-gnu/libpython3.10.so
[1.552s] -- Found PythonExtra: .so  
[1.689s] -- Found ament_lint_auto: 0.12.15 (/opt/ros/humble/share/ament_lint_auto/cmake)
[1.728s] -- Added test 'lint_cmake' to check CMake code style
[1.729s] -- Added test 'xmllint' to check XML markup files
[1.733s] -- Configuring done
[1.764s] -- Generating done
[1.772s] -- Build files have been written to: /home/rho922/chapt7/chapt7_ws/build/autopartol_interfaces
[1.778s] Invoked command in '/home/rho922/chapt7/chapt7_ws/build/autopartol_interfaces' returned '0': CMAKE_PREFIX_PATH=/opt/ros/humble /usr/bin/cmake /home/rho922/chapt7/chapt7_ws/src/autopartol_interfaces -DCMAKE_INSTALL_PREFIX=/home/rho922/chapt7/chapt7_ws/install/autopartol_interfaces
[1.779s] Invoking command in '/home/rho922/chapt7/chapt7_ws/build/autopartol_interfaces': CMAKE_PREFIX_PATH=/opt/ros/humble /usr/bin/cmake --build /home/rho922/chapt7/chapt7_ws/build/autopartol_interfaces -- -j20 -l20
[1.805s] [  3%] Generating C code for ROS interfaces
[1.811s] [  6%] Generating Rust code for ROS interfaces
[1.813s] [  9%] Generating C++ code for ROS interfaces
[1.820s] [  9%] Built target ament_cmake_python_copy_autopartol_interfaces
[2.056s] [  9%] Built target autopartol_interfaces__rs
[2.069s] running egg_info
[2.070s] creating autopartol_interfaces.egg-info
[2.070s] writing autopartol_interfaces.egg-info/PKG-INFO
[2.070s] writing dependency_links to autopartol_interfaces.egg-info/dependency_links.txt
[2.070s] writing top-level names to autopartol_interfaces.egg-info/top_level.txt
[2.070s] writing manifest file 'autopartol_interfaces.egg-info/SOURCES.txt'
[2.072s] reading manifest file 'autopartol_interfaces.egg-info/SOURCES.txt'
[2.073s] writing manifest file 'autopartol_interfaces.egg-info/SOURCES.txt'
[2.096s] [  9%] Built target autopartol_interfaces__cpp
[2.099s] [  9%] Built target ament_cmake_python_build_autopartol_interfaces_egg
[2.100s] [ 12%] Building C object CMakeFiles/autopartol_interfaces__rosidl_generator_c.dir/rosidl_generator_c/autopartol_interfaces/srv/detail/speech_text__functions.c.o
[2.105s] [ 15%] Generating C++ introspection for ROS interfaces
[2.105s] [ 18%] Generating C++ type support for eProsima Fast-RTPS
[2.105s] [ 21%] Generating C++ type support dispatch for ROS interfaces
[2.195s] [ 25%] Linking C shared library libautopartol_interfaces__rosidl_generator_c.so
[2.339s] [ 28%] Building CXX object CMakeFiles/autopartol_interfaces__rosidl_typesupport_cpp.dir/rosidl_typesupport_cpp/autopartol_interfaces/srv/speech_text__type_support.cpp.o
[2.354s] [ 31%] Building CXX object CMakeFiles/autopartol_interfaces__rosidl_typesupport_introspection_cpp.dir/rosidl_typesupport_introspection_cpp/autopartol_interfaces/srv/detail/speech_text__type_support.cpp.o
[2.364s] [ 34%] Building CXX object CMakeFiles/autopartol_interfaces__rosidl_typesupport_fastrtps_cpp.dir/rosidl_typesupport_fastrtps_cpp/autopartol_interfaces/srv/detail/dds_fastrtps/speech_text__type_support.cpp.o
[2.594s] [ 34%] Built target autopartol_interfaces__rosidl_generator_c
[2.604s] [ 37%] Generating C introspection for ROS interfaces
[2.605s] [ 40%] Generating C type support for eProsima Fast-RTPS
[2.605s] [ 43%] Generating C type support dispatch for ROS interfaces
[2.644s] [ 46%] Linking CXX shared library libautopartol_interfaces__rosidl_typesupport_cpp.so
[2.780s] [ 50%] Linking CXX shared library libautopartol_interfaces__rosidl_typesupport_introspection_cpp.so
[2.822s] [ 53%] Linking CXX shared library libautopartol_interfaces__rosidl_typesupport_fastrtps_cpp.so
[2.875s] [ 56%] Building CXX object CMakeFiles/autopartol_interfaces__rosidl_typesupport_c.dir/rosidl_typesupport_c/autopartol_interfaces/srv/speech_text__type_support.cpp.o
[2.899s] [ 59%] Building C object CMakeFiles/autopartol_interfaces__rosidl_typesupport_introspection_c.dir/rosidl_typesupport_introspection_c/autopartol_interfaces/srv/detail/speech_text__type_support.c.o
[2.906s] [ 62%] Building CXX object CMakeFiles/autopartol_interfaces__rosidl_typesupport_fastrtps_c.dir/rosidl_typesupport_fastrtps_c/autopartol_interfaces/srv/detail/speech_text__type_support_c.cpp.o
[2.908s] [ 65%] Linking CXX shared library libautopartol_interfaces__rosidl_typesupport_c.so
[2.934s] [ 68%] Linking C shared library libautopartol_interfaces__rosidl_typesupport_introspection_c.so
[2.935s] [ 68%] Built target autopartol_interfaces__rosidl_typesupport_cpp
[3.053s] [ 68%] Built target autopartol_interfaces__rosidl_typesupport_introspection_cpp
[3.070s] [ 68%] Built target autopartol_interfaces__rosidl_typesupport_fastrtps_cpp
[3.111s] [ 68%] Built target autopartol_interfaces__rosidl_typesupport_c
[3.131s] [ 68%] Built target autopartol_interfaces__rosidl_typesupport_introspection_c
[3.206s] [ 71%] Linking CXX shared library libautopartol_interfaces__rosidl_typesupport_fastrtps_c.so
[3.351s] [ 71%] Built target autopartol_interfaces__rosidl_typesupport_fastrtps_c
[3.363s] [ 71%] Built target autopartol_interfaces
[3.377s] [ 75%] Generating Python code for ROS interfaces
[3.617s] [ 75%] Built target autopartol_interfaces__py
[3.628s] [ 78%] Building C object CMakeFiles/autopartol_interfaces__rosidl_generator_py.dir/rosidl_generator_py/autopartol_interfaces/srv/_speech_text_s.c.o
[3.736s] [ 81%] Linking C shared library rosidl_generator_py/autopartol_interfaces/libautopartol_interfaces__rosidl_generator_py.so
[3.861s] [ 81%] Built target autopartol_interfaces__rosidl_generator_py
[3.876s] [ 84%] Building C object CMakeFiles/autopartol_interfaces__rosidl_typesupport_fastrtps_c__pyext.dir/rosidl_generator_py/autopartol_interfaces/_autopartol_interfaces_s.ep.rosidl_typesupport_fastrtps_c.c.o
[3.876s] [ 87%] Building C object CMakeFiles/autopartol_interfaces__rosidl_typesupport_introspection_c__pyext.dir/rosidl_generator_py/autopartol_interfaces/_autopartol_interfaces_s.ep.rosidl_typesupport_introspection_c.c.o
[3.876s] [ 90%] Building C object CMakeFiles/autopartol_interfaces__rosidl_typesupport_c__pyext.dir/rosidl_generator_py/autopartol_interfaces/_autopartol_interfaces_s.ep.rosidl_typesupport_c.c.o
[3.958s] [100%] Linking C shared library rosidl_generator_py/autopartol_interfaces/autopartol_interfaces_s__rosidl_typesupport_introspection_c.cpython-310-x86_64-linux-gnu.so
[3.958s] [100%] Linking C shared library rosidl_generator_py/autopartol_interfaces/autopartol_interfaces_s__rosidl_typesupport_fastrtps_c.cpython-310-x86_64-linux-gnu.so
[3.958s] [100%] Linking C shared library rosidl_generator_py/autopartol_interfaces/autopartol_interfaces_s__rosidl_typesupport_c.cpython-310-x86_64-linux-gnu.so
[4.044s] [100%] Built target autopartol_interfaces__rosidl_typesupport_introspection_c__pyext
[4.044s] [100%] Built target autopartol_interfaces__rosidl_typesupport_c__pyext
[4.090s] [100%] Built target autopartol_interfaces__rosidl_typesupport_fastrtps_c__pyext
[4.099s] Invoked command in '/home/rho922/chapt7/chapt7_ws/build/autopartol_interfaces' returned '0': CMAKE_PREFIX_PATH=/opt/ros/humble /usr/bin/cmake --build /home/rho922/chapt7/chapt7_ws/build/autopartol_interfaces -- -j20 -l20
[4.106s] Invoking command in '/home/rho922/chapt7/chapt7_ws/build/autopartol_interfaces': CMAKE_PREFIX_PATH=/opt/ros/humble /usr/bin/cmake --install /home/rho922/chapt7/chapt7_ws/build/autopartol_interfaces
[4.111s] -- Install configuration: ""
[4.111s] -- Installing: /home/rho922/chapt7/chapt7_ws/install/autopartol_interfaces/share/ament_index/resource_index/rosidl_interfaces/autopartol_interfaces
[4.111s] -- Installing: /home/rho922/chapt7/chapt7_ws/install/autopartol_interfaces/include/autopartol_interfaces/autopartol_interfaces
[4.112s] -- Installing: /home/rho922/chapt7/chapt7_ws/install/autopartol_interfaces/include/autopartol_interfaces/autopartol_interfaces/srv
[4.112s] -- Installing: /home/rho922/chapt7/chapt7_ws/install/autopartol_interfaces/include/autopartol_interfaces/autopartol_interfaces/srv/speech_text.h
[4.112s] -- Installing: /home/rho922/chapt7/chapt7_ws/install/autopartol_interfaces/include/autopartol_interfaces/autopartol_interfaces/srv/detail
[4.112s] -- Installing: /home/rho922/chapt7/chapt7_ws/install/autopartol_interfaces/include/autopartol_interfaces/autopartol_interfaces/srv/detail/speech_text__functions.h
[4.112s] -- Installing: /home/rho922/chapt7/chapt7_ws/install/autopartol_interfaces/include/autopartol_interfaces/autopartol_interfaces/srv/detail/speech_text__functions.c
[4.113s] -- Installing: /home/rho922/chapt7/chapt7_ws/install/autopartol_interfaces/include/autopartol_interfaces/autopartol_interfaces/srv/detail/speech_text__type_support.h
[4.113s] -- Installing: /home/rho922/chapt7/chapt7_ws/install/autopartol_interfaces/include/autopartol_interfaces/autopartol_interfaces/srv/detail/speech_text__struct.h
[4.113s] -- Installing: /home/rho922/chapt7/chapt7_ws/install/autopartol_interfaces/include/autopartol_interfaces/autopartol_interfaces/msg
[4.113s] -- Installing: /home/rho922/chapt7/chapt7_ws/install/autopartol_interfaces/include/autopartol_interfaces/autopartol_interfaces/msg/rosidl_generator_c__visibility_control.h
[4.113s] -- Installing: /home/rho922/chapt7/chapt7_ws/install/autopartol_interfaces/share/autopartol_interfaces/environment/library_path.sh
[4.114s] -- Installing: /home/rho922/chapt7/chapt7_ws/install/autopartol_interfaces/share/autopartol_interfaces/environment/library_path.dsv
[4.114s] -- Installing: /home/rho922/chapt7/chapt7_ws/install/autopartol_interfaces/lib/libautopartol_interfaces__rosidl_generator_c.so
[4.114s] -- Set runtime path of "/home/rho922/chapt7/chapt7_ws/install/autopartol_interfaces/lib/libautopartol_interfaces__rosidl_generator_c.so" to ""
[4.114s] -- Up-to-date: /home/rho922/chapt7/chapt7_ws/install/autopartol_interfaces/include/autopartol_interfaces/autopartol_interfaces
[4.114s] -- Up-to-date: /home/rho922/chapt7/chapt7_ws/install/autopartol_interfaces/include/autopartol_interfaces/autopartol_interfaces/srv
[4.114s] -- Up-to-date: /home/rho922/chapt7/chapt7_ws/install/autopartol_interfaces/include/autopartol_interfaces/autopartol_interfaces/srv/detail
[4.114s] -- Installing: /home/rho922/chapt7/chapt7_ws/install/autopartol_interfaces/include/autopartol_interfaces/autopartol_interfaces/srv/detail/speech_text__rosidl_typesupport_fastrtps_c.h
[4.115s] -- Up-to-date: /home/rho922/chapt7/chapt7_ws/install/autopartol_interfaces/include/autopartol_interfaces/autopartol_interfaces/msg
[4.115s] -- Installing: /home/rho922/chapt7/chapt7_ws/install/autopartol_interfaces/include/autopartol_interfaces/autopartol_interfaces/msg/rosidl_typesupport_fastrtps_c__visibility_control.h
[4.115s] -- Installing: /home/rho922/chapt7/chapt7_ws/install/autopartol_interfaces/lib/libautopartol_interfaces__rosidl_typesupport_fastrtps_c.so
[4.116s] -- Set runtime path of "/home/rho922/chapt7/chapt7_ws/install/autopartol_interfaces/lib/libautopartol_interfaces__rosidl_typesupport_fastrtps_c.so" to ""
[4.116s] -- Up-to-date: /home/rho922/chapt7/chapt7_ws/install/autopartol_interfaces/include/autopartol_interfaces/autopartol_interfaces
[4.116s] -- Up-to-date: /home/rho922/chapt7/chapt7_ws/install/autopartol_interfaces/include/autopartol_interfaces/autopartol_interfaces/srv
[4.116s] -- Up-to-date: /home/rho922/chapt7/chapt7_ws/install/autopartol_interfaces/include/autopartol_interfaces/autopartol_interfaces/srv/detail
[4.116s] -- Installing: /home/rho922/chapt7/chapt7_ws/install/autopartol_interfaces/include/autopartol_interfaces/autopartol_interfaces/srv/detail/speech_text__rosidl_typesupport_introspection_c.h
[4.116s] -- Installing: /home/rho922/chapt7/chapt7_ws/install/autopartol_interfaces/include/autopartol_interfaces/autopartol_interfaces/srv/detail/speech_text__type_support.c
[4.116s] -- Up-to-date: /home/rho922/chapt7/chapt7_ws/install/autopartol_interfaces/include/autopartol_interfaces/autopartol_interfaces/msg
[4.116s] -- Installing: /home/rho922/chapt7/chapt7_ws/install/autopartol_interfaces/include/autopartol_interfaces/autopartol_interfaces/msg/rosidl_typesupport_introspection_c__visibility_control.h
[4.116s] -- Installing: /home/rho922/chapt7/chapt7_ws/install/autopartol_interfaces/lib/libautopartol_interfaces__rosidl_typesupport_introspection_c.so
[4.117s] -- Set runtime path of "/home/rho922/chapt7/chapt7_ws/install/autopartol_interfaces/lib/libautopartol_interfaces__rosidl_typesupport_introspection_c.so" to ""
[4.117s] -- Installing: /home/rho922/chapt7/chapt7_ws/install/autopartol_interfaces/lib/libautopartol_interfaces__rosidl_typesupport_c.so
[4.117s] -- Set runtime path of "/home/rho922/chapt7/chapt7_ws/install/autopartol_interfaces/lib/libautopartol_interfaces__rosidl_typesupport_c.so" to ""
[4.117s] -- Up-to-date: /home/rho922/chapt7/chapt7_ws/install/autopartol_interfaces/include/autopartol_interfaces/autopartol_interfaces
[4.117s] -- Up-to-date: /home/rho922/chapt7/chapt7_ws/install/autopartol_interfaces/include/autopartol_interfaces/autopartol_interfaces/srv
[4.118s] -- Installing: /home/rho922/chapt7/chapt7_ws/install/autopartol_interfaces/include/autopartol_interfaces/autopartol_interfaces/srv/speech_text.hpp
[4.118s] -- Up-to-date: /home/rho922/chapt7/chapt7_ws/install/autopartol_interfaces/include/autopartol_interfaces/autopartol_interfaces/srv/detail
[4.118s] -- Installing: /home/rho922/chapt7/chapt7_ws/install/autopartol_interfaces/include/autopartol_interfaces/autopartol_interfaces/srv/detail/speech_text__struct.hpp
[4.118s] -- Installing: /home/rho922/chapt7/chapt7_ws/install/autopartol_interfaces/include/autopartol_interfaces/autopartol_interfaces/srv/detail/speech_text__traits.hpp
[4.118s] -- Installing: /home/rho922/chapt7/chapt7_ws/install/autopartol_interfaces/include/autopartol_interfaces/autopartol_interfaces/srv/detail/speech_text__type_support.hpp
[4.118s] -- Installing: /home/rho922/chapt7/chapt7_ws/install/autopartol_interfaces/include/autopartol_interfaces/autopartol_interfaces/srv/detail/speech_text__builder.hpp
[4.118s] -- Up-to-date: /home/rho922/chapt7/chapt7_ws/install/autopartol_interfaces/include/autopartol_interfaces/autopartol_interfaces/msg
[4.118s] -- Installing: /home/rho922/chapt7/chapt7_ws/install/autopartol_interfaces/include/autopartol_interfaces/autopartol_interfaces/msg/rosidl_generator_cpp__visibility_control.hpp
[4.118s] -- Up-to-date: /home/rho922/chapt7/chapt7_ws/install/autopartol_interfaces/include/autopartol_interfaces/autopartol_interfaces
[4.118s] -- Up-to-date: /home/rho922/chapt7/chapt7_ws/install/autopartol_interfaces/include/autopartol_interfaces/autopartol_interfaces/srv
[4.119s] -- Up-to-date: /home/rho922/chapt7/chapt7_ws/install/autopartol_interfaces/include/autopartol_interfaces/autopartol_interfaces/srv/detail
[4.119s] -- Installing: /home/rho922/chapt7/chapt7_ws/install/autopartol_interfaces/include/autopartol_interfaces/autopartol_interfaces/srv/detail/speech_text__rosidl_typesupport_fastrtps_cpp.hpp
[4.119s] -- Installing: /home/rho922/chapt7/chapt7_ws/install/autopartol_interfaces/include/autopartol_interfaces/autopartol_interfaces/srv/detail/dds_fastrtps
[4.119s] -- Up-to-date: /home/rho922/chapt7/chapt7_ws/install/autopartol_interfaces/include/autopartol_interfaces/autopartol_interfaces/msg
[4.119s] -- Installing: /home/rho922/chapt7/chapt7_ws/install/autopartol_interfaces/include/autopartol_interfaces/autopartol_interfaces/msg/rosidl_typesupport_fastrtps_cpp__visibility_control.h
[4.119s] -- Installing: /home/rho922/chapt7/chapt7_ws/install/autopartol_interfaces/lib/libautopartol_interfaces__rosidl_typesupport_fastrtps_cpp.so
[4.119s] -- Set runtime path of "/home/rho922/chapt7/chapt7_ws/install/autopartol_interfaces/lib/libautopartol_interfaces__rosidl_typesupport_fastrtps_cpp.so" to ""
[4.119s] -- Up-to-date: /home/rho922/chapt7/chapt7_ws/install/autopartol_interfaces/include/autopartol_interfaces/autopartol_interfaces
[4.119s] -- Up-to-date: /home/rho922/chapt7/chapt7_ws/install/autopartol_interfaces/include/autopartol_interfaces/autopartol_interfaces/srv
[4.119s] -- Up-to-date: /home/rho922/chapt7/chapt7_ws/install/autopartol_interfaces/include/autopartol_interfaces/autopartol_interfaces/srv/detail
[4.119s] -- Installing: /home/rho922/chapt7/chapt7_ws/install/autopartol_interfaces/include/autopartol_interfaces/autopartol_interfaces/srv/detail/speech_text__type_support.cpp
[4.120s] -- Installing: /home/rho922/chapt7/chapt7_ws/install/autopartol_interfaces/include/autopartol_interfaces/autopartol_interfaces/srv/detail/speech_text__rosidl_typesupport_introspection_cpp.hpp
[4.120s] -- Installing: /home/rho922/chapt7/chapt7_ws/install/autopartol_interfaces/lib/libautopartol_interfaces__rosidl_typesupport_introspection_cpp.so
[4.120s] -- Set runtime path of "/home/rho922/chapt7/chapt7_ws/install/autopartol_interfaces/lib/libautopartol_interfaces__rosidl_typesupport_introspection_cpp.so" to ""
[4.120s] -- Installing: /home/rho922/chapt7/chapt7_ws/install/autopartol_interfaces/lib/libautopartol_interfaces__rosidl_typesupport_cpp.so
[4.120s] -- Set runtime path of "/home/rho922/chapt7/chapt7_ws/install/autopartol_interfaces/lib/libautopartol_interfaces__rosidl_typesupport_cpp.so" to ""
[4.120s] -- Installing: /home/rho922/chapt7/chapt7_ws/install/autopartol_interfaces/share/autopartol_interfaces/environment/pythonpath.sh
[4.120s] -- Installing: /home/rho922/chapt7/chapt7_ws/install/autopartol_interfaces/share/autopartol_interfaces/environment/pythonpath.dsv
[4.120s] -- Installing: /home/rho922/chapt7/chapt7_ws/install/autopartol_interfaces/local/lib/python3.10/dist-packages/autopartol_interfaces-0.0.0-py3.10.egg-info
[4.120s] -- Installing: /home/rho922/chapt7/chapt7_ws/install/autopartol_interfaces/local/lib/python3.10/dist-packages/autopartol_interfaces-0.0.0-py3.10.egg-info/SOURCES.txt
[4.121s] -- Installing: /home/rho922/chapt7/chapt7_ws/install/autopartol_interfaces/local/lib/python3.10/dist-packages/autopartol_interfaces-0.0.0-py3.10.egg-info/top_level.txt
[4.121s] -- Installing: /home/rho922/chapt7/chapt7_ws/install/autopartol_interfaces/local/lib/python3.10/dist-packages/autopartol_interfaces-0.0.0-py3.10.egg-info/dependency_links.txt
[4.121s] -- Installing: /home/rho922/chapt7/chapt7_ws/install/autopartol_interfaces/local/lib/python3.10/dist-packages/autopartol_interfaces-0.0.0-py3.10.egg-info/PKG-INFO
[4.121s] -- Installing: /home/rho922/chapt7/chapt7_ws/install/autopartol_interfaces/local/lib/python3.10/dist-packages/autopartol_interfaces
[4.121s] -- Installing: /home/rho922/chapt7/chapt7_ws/install/autopartol_interfaces/local/lib/python3.10/dist-packages/autopartol_interfaces/_autopartol_interfaces_s.ep.rosidl_typesupport_introspection_c.c
[4.121s] -- Installing: /home/rho922/chapt7/chapt7_ws/install/autopartol_interfaces/local/lib/python3.10/dist-packages/autopartol_interfaces/srv
[4.121s] -- Installing: /home/rho922/chapt7/chapt7_ws/install/autopartol_interfaces/local/lib/python3.10/dist-packages/autopartol_interfaces/srv/_speech_text_s.c
[4.121s] -- Installing: /home/rho922/chapt7/chapt7_ws/install/autopartol_interfaces/local/lib/python3.10/dist-packages/autopartol_interfaces/srv/__init__.py
[4.121s] -- Installing: /home/rho922/chapt7/chapt7_ws/install/autopartol_interfaces/local/lib/python3.10/dist-packages/autopartol_interfaces/srv/_speech_text.py
[4.122s] -- Installing: /home/rho922/chapt7/chapt7_ws/install/autopartol_interfaces/local/lib/python3.10/dist-packages/autopartol_interfaces/libautopartol_interfaces__rosidl_generator_py.so
[4.122s] -- Installing: /home/rho922/chapt7/chapt7_ws/install/autopartol_interfaces/local/lib/python3.10/dist-packages/autopartol_interfaces/__init__.py
[4.122s] -- Installing: /home/rho922/chapt7/chapt7_ws/install/autopartol_interfaces/local/lib/python3.10/dist-packages/autopartol_interfaces/autopartol_interfaces_s__rosidl_typesupport_fastrtps_c.cpython-310-x86_64-linux-gnu.so
[4.122s] -- Installing: /home/rho922/chapt7/chapt7_ws/install/autopartol_interfaces/local/lib/python3.10/dist-packages/autopartol_interfaces/_autopartol_interfaces_s.ep.rosidl_typesupport_c.c
[4.122s] -- Installing: /home/rho922/chapt7/chapt7_ws/install/autopartol_interfaces/local/lib/python3.10/dist-packages/autopartol_interfaces/autopartol_interfaces_s__rosidl_typesupport_introspection_c.cpython-310-x86_64-linux-gnu.so
[4.122s] -- Installing: /home/rho922/chapt7/chapt7_ws/install/autopartol_interfaces/local/lib/python3.10/dist-packages/autopartol_interfaces/autopartol_interfaces_s__rosidl_typesupport_c.cpython-310-x86_64-linux-gnu.so
[4.122s] -- Installing: /home/rho922/chapt7/chapt7_ws/install/autopartol_interfaces/local/lib/python3.10/dist-packages/autopartol_interfaces/_autopartol_interfaces_s.ep.rosidl_typesupport_fastrtps_c.c
[4.148s] Listing '/home/rho922/chapt7/chapt7_ws/install/autopartol_interfaces/local/lib/python3.10/dist-packages/autopartol_interfaces'...
[4.148s] Compiling '/home/rho922/chapt7/chapt7_ws/install/autopartol_interfaces/local/lib/python3.10/dist-packages/autopartol_interfaces/__init__.py'...
[4.148s] Listing '/home/rho922/chapt7/chapt7_ws/install/autopartol_interfaces/local/lib/python3.10/dist-packages/autopartol_interfaces/srv'...
[4.148s] Compiling '/home/rho922/chapt7/chapt7_ws/install/autopartol_interfaces/local/lib/python3.10/dist-packages/autopartol_interfaces/srv/__init__.py'...
[4.148s] Compiling '/home/rho922/chapt7/chapt7_ws/install/autopartol_interfaces/local/lib/python3.10/dist-packages/autopartol_interfaces/srv/_speech_text.py'...
[4.152s] -- Installing: /home/rho922/chapt7/chapt7_ws/install/autopartol_interfaces/local/lib/python3.10/dist-packages/autopartol_interfaces/autopartol_interfaces_s__rosidl_typesupport_fastrtps_c.cpython-310-x86_64-linux-gnu.so
[4.152s] -- Set runtime path of "/home/rho922/chapt7/chapt7_ws/install/autopartol_interfaces/local/lib/python3.10/dist-packages/autopartol_interfaces/autopartol_interfaces_s__rosidl_typesupport_fastrtps_c.cpython-310-x86_64-linux-gnu.so" to ""
[4.152s] -- Installing: /home/rho922/chapt7/chapt7_ws/install/autopartol_interfaces/local/lib/python3.10/dist-packages/autopartol_interfaces/autopartol_interfaces_s__rosidl_typesupport_introspection_c.cpython-310-x86_64-linux-gnu.so
[4.152s] -- Set runtime path of "/home/rho922/chapt7/chapt7_ws/install/autopartol_interfaces/local/lib/python3.10/dist-packages/autopartol_interfaces/autopartol_interfaces_s__rosidl_typesupport_introspection_c.cpython-310-x86_64-linux-gnu.so" to ""
[4.153s] -- Installing: /home/rho922/chapt7/chapt7_ws/install/autopartol_interfaces/local/lib/python3.10/dist-packages/autopartol_interfaces/autopartol_interfaces_s__rosidl_typesupport_c.cpython-310-x86_64-linux-gnu.so
[4.153s] -- Set runtime path of "/home/rho922/chapt7/chapt7_ws/install/autopartol_interfaces/local/lib/python3.10/dist-packages/autopartol_interfaces/autopartol_interfaces_s__rosidl_typesupport_c.cpython-310-x86_64-linux-gnu.so" to ""
[4.153s] -- Installing: /home/rho922/chapt7/chapt7_ws/install/autopartol_interfaces/lib/libautopartol_interfaces__rosidl_generator_py.so
[4.153s] -- Set runtime path of "/home/rho922/chapt7/chapt7_ws/install/autopartol_interfaces/lib/libautopartol_interfaces__rosidl_generator_py.so" to ""
[4.153s] -- Installing: /home/rho922/chapt7/chapt7_ws/install/autopartol_interfaces/share/ament_index/resource_index/rust_packages/autopartol_interfaces
[4.153s] -- Installing: /home/rho922/chapt7/chapt7_ws/install/autopartol_interfaces/share/autopartol_interfaces/rust
[4.154s] -- Installing: /home/rho922/chapt7/chapt7_ws/install/autopartol_interfaces/share/autopartol_interfaces/rust/src
[4.154s] -- Installing: /home/rho922/chapt7/chapt7_ws/install/autopartol_interfaces/share/autopartol_interfaces/rust/src/srv.rs
[4.154s] -- Installing: /home/rho922/chapt7/chapt7_ws/install/autopartol_interfaces/share/autopartol_interfaces/rust/src/srv
[4.154s] -- Installing: /home/rho922/chapt7/chapt7_ws/install/autopartol_interfaces/share/autopartol_interfaces/rust/src/srv/rmw.rs
[4.154s] -- Installing: /home/rho922/chapt7/chapt7_ws/install/autopartol_interfaces/share/autopartol_interfaces/rust/src/lib.rs
[4.154s] -- Installing: /home/rho922/chapt7/chapt7_ws/install/autopartol_interfaces/share/autopartol_interfaces/rust/build.rs
[4.154s] -- Installing: /home/rho922/chapt7/chapt7_ws/install/autopartol_interfaces/share/autopartol_interfaces/rust/Cargo.toml
[4.155s] -- Installing: /home/rho922/chapt7/chapt7_ws/install/autopartol_interfaces/share/autopartol_interfaces/srv/SpeechText.idl
[4.155s] -- Installing: /home/rho922/chapt7/chapt7_ws/install/autopartol_interfaces/share/autopartol_interfaces/srv/SpeechText.srv
[4.155s] -- Installing: /home/rho922/chapt7/chapt7_ws/install/autopartol_interfaces/share/autopartol_interfaces/srv/SpeechText_Request.msg
[4.155s] -- Installing: /home/rho922/chapt7/chapt7_ws/install/autopartol_interfaces/share/autopartol_interfaces/srv/SpeechText_Response.msg
[4.155s] -- Installing: /home/rho922/chapt7/chapt7_ws/install/autopartol_interfaces/share/ament_index/resource_index/package_run_dependencies/autopartol_interfaces
[4.155s] -- Installing: /home/rho922/chapt7/chapt7_ws/install/autopartol_interfaces/share/ament_index/resource_index/parent_prefix_path/autopartol_interfaces
[4.155s] -- Installing: /home/rho922/chapt7/chapt7_ws/install/autopartol_interfaces/share/autopartol_interfaces/environment/ament_prefix_path.sh
[4.156s] -- Installing: /home/rho922/chapt7/chapt7_ws/install/autopartol_interfaces/share/autopartol_interfaces/environment/ament_prefix_path.dsv
[4.156s] -- Installing: /home/rho922/chapt7/chapt7_ws/install/autopartol_interfaces/share/autopartol_interfaces/environment/path.sh
[4.156s] -- Installing: /home/rho922/chapt7/chapt7_ws/install/autopartol_interfaces/share/autopartol_interfaces/environment/path.dsv
[4.156s] -- Installing: /home/rho922/chapt7/chapt7_ws/install/autopartol_interfaces/share/autopartol_interfaces/local_setup.bash
[4.156s] -- Installing: /home/rho922/chapt7/chapt7_ws/install/autopartol_interfaces/share/autopartol_interfaces/local_setup.sh
[4.156s] -- Installing: /home/rho922/chapt7/chapt7_ws/install/autopartol_interfaces/share/autopartol_interfaces/local_setup.zsh
[4.156s] -- Installing: /home/rho922/chapt7/chapt7_ws/install/autopartol_interfaces/share/autopartol_interfaces/local_setup.dsv
[4.156s] -- Installing: /home/rho922/chapt7/chapt7_ws/install/autopartol_interfaces/share/autopartol_interfaces/package.dsv
[4.157s] -- Installing: /home/rho922/chapt7/chapt7_ws/install/autopartol_interfaces/share/ament_index/resource_index/packages/autopartol_interfaces
[4.157s] -- Installing: /home/rho922/chapt7/chapt7_ws/install/autopartol_interfaces/share/autopartol_interfaces/cmake/export_autopartol_interfaces__rosidl_generator_cExport.cmake
[4.157s] -- Installing: /home/rho922/chapt7/chapt7_ws/install/autopartol_interfaces/share/autopartol_interfaces/cmake/export_autopartol_interfaces__rosidl_generator_cExport-noconfig.cmake
[4.157s] -- Installing: /home/rho922/chapt7/chapt7_ws/install/autopartol_interfaces/share/autopartol_interfaces/cmake/export_autopartol_interfaces__rosidl_typesupport_fastrtps_cExport.cmake
[4.157s] -- Installing: /home/rho922/chapt7/chapt7_ws/install/autopartol_interfaces/share/autopartol_interfaces/cmake/export_autopartol_interfaces__rosidl_typesupport_fastrtps_cExport-noconfig.cmake
[4.157s] -- Installing: /home/rho922/chapt7/chapt7_ws/install/autopartol_interfaces/share/autopartol_interfaces/cmake/autopartol_interfaces__rosidl_typesupport_introspection_cExport.cmake
[4.157s] -- Installing: /home/rho922/chapt7/chapt7_ws/install/autopartol_interfaces/share/autopartol_interfaces/cmake/autopartol_interfaces__rosidl_typesupport_introspection_cExport-noconfig.cmake
[4.157s] -- Installing: /home/rho922/chapt7/chapt7_ws/install/autopartol_interfaces/share/autopartol_interfaces/cmake/autopartol_interfaces__rosidl_typesupport_cExport.cmake
[4.157s] -- Installing: /home/rho922/chapt7/chapt7_ws/install/autopartol_interfaces/share/autopartol_interfaces/cmake/autopartol_interfaces__rosidl_typesupport_cExport-noconfig.cmake
[4.157s] -- Installing: /home/rho922/chapt7/chapt7_ws/install/autopartol_interfaces/share/autopartol_interfaces/cmake/export_autopartol_interfaces__rosidl_generator_cppExport.cmake
[4.157s] -- Installing: /home/rho922/chapt7/chapt7_ws/install/autopartol_interfaces/share/autopartol_interfaces/cmake/export_autopartol_interfaces__rosidl_typesupport_fastrtps_cppExport.cmake
[4.158s] -- Installing: /home/rho922/chapt7/chapt7_ws/install/autopartol_interfaces/share/autopartol_interfaces/cmake/export_autopartol_interfaces__rosidl_typesupport_fastrtps_cppExport-noconfig.cmake
[4.158s] -- Installing: /home/rho922/chapt7/chapt7_ws/install/autopartol_interfaces/share/autopartol_interfaces/cmake/autopartol_interfaces__rosidl_typesupport_introspection_cppExport.cmake
[4.158s] -- Installing: /home/rho922/chapt7/chapt7_ws/install/autopartol_interfaces/share/autopartol_interfaces/cmake/autopartol_interfaces__rosidl_typesupport_introspection_cppExport-noconfig.cmake
[4.158s] -- Installing: /home/rho922/chapt7/chapt7_ws/install/autopartol_interfaces/share/autopartol_interfaces/cmake/autopartol_interfaces__rosidl_typesupport_cppExport.cmake
[4.158s] -- Installing: /home/rho922/chapt7/chapt7_ws/install/autopartol_interfaces/share/autopartol_interfaces/cmake/autopartol_interfaces__rosidl_typesupport_cppExport-noconfig.cmake
[4.158s] -- Installing: /home/rho922/chapt7/chapt7_ws/install/autopartol_interfaces/share/autopartol_interfaces/cmake/export_autopartol_interfaces__rosidl_generator_pyExport.cmake
[4.158s] -- Installing: /home/rho922/chapt7/chapt7_ws/install/autopartol_interfaces/share/autopartol_interfaces/cmake/export_autopartol_interfaces__rosidl_generator_pyExport-noconfig.cmake
[4.158s] -- Installing: /home/rho922/chapt7/chapt7_ws/install/autopartol_interfaces/share/autopartol_interfaces/cmake/rosidl_cmake-extras.cmake
[4.158s] -- Installing: /home/rho922/chapt7/chapt7_ws/install/autopartol_interfaces/share/autopartol_interfaces/cmake/ament_cmake_export_include_directories-extras.cmake
[4.158s] -- Installing: /home/rho922/chapt7/chapt7_ws/install/autopartol_interfaces/share/autopartol_interfaces/cmake/ament_cmake_export_libraries-extras.cmake
[4.158s] -- Installing: /home/rho922/chapt7/chapt7_ws/install/autopartol_interfaces/share/autopartol_interfaces/cmake/ament_cmake_export_targets-extras.cmake
[4.159s] -- Installing: /home/rho922/chapt7/chapt7_ws/install/autopartol_interfaces/share/autopartol_interfaces/cmake/rosidl_cmake_export_typesupport_targets-extras.cmake
[4.159s] -- Installing: /home/rho922/chapt7/chapt7_ws/install/autopartol_interfaces/share/autopartol_interfaces/cmake/ament_cmake_export_dependencies-extras.cmake
[4.159s] -- Installing: /home/rho922/chapt7/chapt7_ws/install/autopartol_interfaces/share/autopartol_interfaces/cmake/rosidl_cmake_export_typesupport_libraries-extras.cmake
[4.159s] -- Installing: /home/rho922/chapt7/chapt7_ws/install/autopartol_interfaces/share/autopartol_interfaces/cmake/autopartol_interfacesConfig.cmake
[4.159s] -- Installing: /home/rho922/chapt7/chapt7_ws/install/autopartol_interfaces/share/autopartol_interfaces/cmake/autopartol_interfacesConfig-version.cmake
[4.159s] -- Installing: /home/rho922/chapt7/chapt7_ws/install/autopartol_interfaces/share/autopartol_interfaces/package.xml
[4.161s] Invoked command in '/home/rho922/chapt7/chapt7_ws/build/autopartol_interfaces' returned '0': CMAKE_PREFIX_PATH=/opt/ros/humble /usr/bin/cmake --install /home/rho922/chapt7/chapt7_ws/build/autopartol_interfaces
