[0.952s] Invoking command in '/home/rho9/chapt2/chapt2_ws/src/demo_python_pkg': PYTHONPATH=/home/rho9/chapt2/chapt2_ws/build/demo_python_pkg/prefix_override:/usr/lib/python3/dist-packages/colcon_core/task/python/colcon_distutils_commands:/home/rho9/chapt2/chapt2_ws/install/demo_python_pkg/lib/python3.12/site-packages:${PYTHONPATH} /usr/bin/python3 -W ignore:setup.py install is deprecated -W ignore:easy_install command is deprecated setup.py egg_info --egg-base ../../build/demo_python_pkg build --build-base /home/rho9/chapt2/chapt2_ws/build/demo_python_pkg/build install --record /home/rho9/chapt2/chapt2_ws/build/demo_python_pkg/install.log --single-version-externally-managed install_data
[1.140s] running egg_info
[1.156s] writing ../../build/demo_python_pkg/demo_python_pkg.egg-info/PKG-INFO
[1.157s] writing dependency_links to ../../build/demo_python_pkg/demo_python_pkg.egg-info/dependency_links.txt
[1.157s] writing entry points to ../../build/demo_python_pkg/demo_python_pkg.egg-info/entry_points.txt
[1.157s] writing requirements to ../../build/demo_python_pkg/demo_python_pkg.egg-info/requires.txt
[1.157s] writing top-level names to ../../build/demo_python_pkg/demo_python_pkg.egg-info/top_level.txt
[1.189s] reading manifest file '../../build/demo_python_pkg/demo_python_pkg.egg-info/SOURCES.txt'
[1.190s] adding license file 'LICENSE'
[1.190s] writing manifest file '../../build/demo_python_pkg/demo_python_pkg.egg-info/SOURCES.txt'
[1.191s] running build
[1.191s] running build_py
[1.191s] copying demo_python_pkg/writer_node.py -> /home/rho9/chapt2/chapt2_ws/build/demo_python_pkg/build/lib/demo_python_pkg
[1.191s] running install
[1.196s] running install_lib
[1.213s] copying /home/rho9/chapt2/chapt2_ws/build/demo_python_pkg/build/lib/demo_python_pkg/writer_node.py -> /home/rho9/chapt2/chapt2_ws/install/demo_python_pkg/lib/python3.12/site-packages/demo_python_pkg
[1.214s] byte-compiling /home/rho9/chapt2/chapt2_ws/install/demo_python_pkg/lib/python3.12/site-packages/demo_python_pkg/writer_node.py to writer_node.cpython-312.pyc
[1.215s] running install_data
[1.215s] running install_egg_info
[1.230s] removing '/home/rho9/chapt2/chapt2_ws/install/demo_python_pkg/lib/python3.12/site-packages/demo_python_pkg-0.0.0-py3.12.egg-info' (and everything under it)
[1.230s] Copying ../../build/demo_python_pkg/demo_python_pkg.egg-info to /home/rho9/chapt2/chapt2_ws/install/demo_python_pkg/lib/python3.12/site-packages/demo_python_pkg-0.0.0-py3.12.egg-info
[1.232s] running install_scripts
[1.324s] Installing person_node script to /home/rho9/chapt2/chapt2_ws/install/demo_python_pkg/lib/demo_python_pkg
[1.324s] Installing python_node script to /home/rho9/chapt2/chapt2_ws/install/demo_python_pkg/lib/demo_python_pkg
[1.324s] Installing writer_node script to /home/rho9/chapt2/chapt2_ws/install/demo_python_pkg/lib/demo_python_pkg
[1.325s] writing list of installed files to '/home/rho9/chapt2/chapt2_ws/build/demo_python_pkg/install.log'
[1.349s] Invoked command in '/home/rho9/chapt2/chapt2_ws/src/demo_python_pkg' returned '0': PYTHONPATH=/home/rho9/chapt2/chapt2_ws/build/demo_python_pkg/prefix_override:/usr/lib/python3/dist-packages/colcon_core/task/python/colcon_distutils_commands:/home/rho9/chapt2/chapt2_ws/install/demo_python_pkg/lib/python3.12/site-packages:${PYTHONPATH} /usr/bin/python3 -W ignore:setup.py install is deprecated -W ignore:easy_install command is deprecated setup.py egg_info --egg-base ../../build/demo_python_pkg build --build-base /home/rho9/chapt2/chapt2_ws/build/demo_python_pkg/build install --record /home/rho9/chapt2/chapt2_ws/build/demo_python_pkg/install.log --single-version-externally-managed install_data
