[0.390s] DEBUG:colcon:Command line arguments: ['/usr/bin/colcon', 'build']
[0.390s] DEBUG:colcon:Parsed command line arguments: Namespace(log_base=None, log_level=None, verb_name='build', build_base='build', install_base='install', merge_install=False, symlink_install=False, test_result_base=None, continue_on_error=False, executor='parallel', parallel_workers=20, event_handlers=None, ignore_user_meta=False, metas=['./colcon.meta'], base_paths=['.'], packages_ignore=None, packages_ignore_regex=None, paths=None, packages_up_to=None, packages_up_to_regex=None, packages_above=None, packages_above_and_dependencies=None, packages_above_depth=None, packages_select_by_dep=None, packages_skip_by_dep=None, packages_skip_up_to=None, packages_select_build_failed=False, packages_skip_build_finished=False, packages_select_test_failures=False, packages_skip_test_passed=False, packages_select=None, packages_skip=None, packages_select_regex=None, packages_skip_regex=None, packages_start=None, packages_end=None, cmake_args=None, cmake_target=None, cmake_target_skip_unavailable=False, cmake_clean_cache=False, cmake_clean_first=False, cmake_force_configure=False, ament_cmake_args=None, catkin_cmake_args=None, catkin_skip_building_tests=False, verb_parser=<colcon_defaults.argument_parser.defaults.DefaultArgumentsDecorator object at 0x7df011f00d10>, verb_extension=<colcon_core.verb.build.BuildVerb object at 0x7df011f002f0>, main=<bound method BuildVerb.main of <colcon_core.verb.build.BuildVerb object at 0x7df011f002f0>>)
[0.505s] Level 1:colcon.colcon_core.package_discovery:discover_packages(colcon_meta) check parameters
[0.505s] Level 1:colcon.colcon_core.package_discovery:discover_packages(recursive) check parameters
[0.505s] Level 1:colcon.colcon_core.package_discovery:discover_packages(ignore) check parameters
[0.506s] Level 1:colcon.colcon_core.package_discovery:discover_packages(path) check parameters
[0.506s] Level 1:colcon.colcon_core.package_discovery:discover_packages(colcon_meta) discover
[0.506s] Level 1:colcon.colcon_core.package_discovery:discover_packages(recursive) discover
[0.506s] INFO:colcon.colcon_core.package_discovery:Crawling recursively for packages in '/home/rho9/chapt3/topic_practise_ws'
[0.506s] Level 1:colcon.colcon_core.package_identification:_identify(.) by extensions ['ignore', 'ignore_ament_install']
[0.506s] Level 1:colcon.colcon_core.package_identification:_identify(.) by extension 'ignore'
[0.506s] Level 1:colcon.colcon_core.package_identification:_identify(.) by extension 'ignore_ament_install'
[0.506s] Level 1:colcon.colcon_core.package_identification:_identify(.) by extensions ['colcon_pkg']
[0.506s] Level 1:colcon.colcon_core.package_identification:_identify(.) by extension 'colcon_pkg'
[0.506s] Level 1:colcon.colcon_core.package_identification:_identify(.) by extensions ['colcon_meta']
[0.506s] Level 1:colcon.colcon_core.package_identification:_identify(.) by extension 'colcon_meta'
[0.506s] Level 1:colcon.colcon_core.package_identification:_identify(.) by extensions ['ros']
[0.506s] Level 1:colcon.colcon_core.package_identification:_identify(.) by extension 'ros'
[0.566s] Level 1:colcon.colcon_core.package_identification:_identify(.) by extensions ['cmake', 'python']
[0.566s] Level 1:colcon.colcon_core.package_identification:_identify(.) by extension 'cmake'
[0.566s] Level 1:colcon.colcon_core.package_identification:_identify(.) by extension 'python'
[0.566s] Level 1:colcon.colcon_core.package_identification:_identify(.) by extensions ['python_setup_py']
[0.566s] Level 1:colcon.colcon_core.package_identification:_identify(.) by extension 'python_setup_py'
[0.566s] Level 1:colcon.colcon_core.package_identification:_identify(build) by extensions ['ignore', 'ignore_ament_install']
[0.566s] Level 1:colcon.colcon_core.package_identification:_identify(build) by extension 'ignore'
[0.566s] Level 1:colcon.colcon_core.package_identification:_identify(build) ignored
[0.567s] Level 1:colcon.colcon_core.package_identification:_identify(install) by extensions ['ignore', 'ignore_ament_install']
[0.567s] Level 1:colcon.colcon_core.package_identification:_identify(install) by extension 'ignore'
[0.567s] Level 1:colcon.colcon_core.package_identification:_identify(install) ignored
[0.567s] Level 1:colcon.colcon_core.package_identification:_identify(log) by extensions ['ignore', 'ignore_ament_install']
[0.567s] Level 1:colcon.colcon_core.package_identification:_identify(log) by extension 'ignore'
[0.567s] Level 1:colcon.colcon_core.package_identification:_identify(log) ignored
[0.567s] Level 1:colcon.colcon_core.package_identification:_identify(src) by extensions ['ignore', 'ignore_ament_install']
[0.567s] Level 1:colcon.colcon_core.package_identification:_identify(src) by extension 'ignore'
[0.567s] Level 1:colcon.colcon_core.package_identification:_identify(src) by extension 'ignore_ament_install'
[0.567s] Level 1:colcon.colcon_core.package_identification:_identify(src) by extensions ['colcon_pkg']
[0.567s] Level 1:colcon.colcon_core.package_identification:_identify(src) by extension 'colcon_pkg'
[0.567s] Level 1:colcon.colcon_core.package_identification:_identify(src) by extensions ['colcon_meta']
[0.567s] Level 1:colcon.colcon_core.package_identification:_identify(src) by extension 'colcon_meta'
[0.567s] Level 1:colcon.colcon_core.package_identification:_identify(src) by extensions ['ros']
[0.567s] Level 1:colcon.colcon_core.package_identification:_identify(src) by extension 'ros'
[0.568s] Level 1:colcon.colcon_core.package_identification:_identify(src) by extensions ['cmake', 'python']
[0.568s] Level 1:colcon.colcon_core.package_identification:_identify(src) by extension 'cmake'
[0.568s] Level 1:colcon.colcon_core.package_identification:_identify(src) by extension 'python'
[0.568s] Level 1:colcon.colcon_core.package_identification:_identify(src) by extensions ['python_setup_py']
[0.568s] Level 1:colcon.colcon_core.package_identification:_identify(src) by extension 'python_setup_py'
[0.568s] Level 1:colcon.colcon_core.package_identification:_identify(src/status_display) by extensions ['ignore', 'ignore_ament_install']
[0.568s] Level 1:colcon.colcon_core.package_identification:_identify(src/status_display) by extension 'ignore'
[0.568s] Level 1:colcon.colcon_core.package_identification:_identify(src/status_display) by extension 'ignore_ament_install'
[0.568s] Level 1:colcon.colcon_core.package_identification:_identify(src/status_display) by extensions ['colcon_pkg']
[0.568s] Level 1:colcon.colcon_core.package_identification:_identify(src/status_display) by extension 'colcon_pkg'
[0.568s] Level 1:colcon.colcon_core.package_identification:_identify(src/status_display) by extensions ['colcon_meta']
[0.568s] Level 1:colcon.colcon_core.package_identification:_identify(src/status_display) by extension 'colcon_meta'
[0.568s] Level 1:colcon.colcon_core.package_identification:_identify(src/status_display) by extensions ['ros']
[0.568s] Level 1:colcon.colcon_core.package_identification:_identify(src/status_display) by extension 'ros'
[0.573s] DEBUG:colcon.colcon_core.package_identification:Package 'src/status_display' with type 'ros.ament_cmake' and name 'status_display'
[0.573s] Level 1:colcon.colcon_core.package_identification:_identify(src/status_interfaces) by extensions ['ignore', 'ignore_ament_install']
[0.573s] Level 1:colcon.colcon_core.package_identification:_identify(src/status_interfaces) by extension 'ignore'
[0.574s] Level 1:colcon.colcon_core.package_identification:_identify(src/status_interfaces) by extension 'ignore_ament_install'
[0.574s] Level 1:colcon.colcon_core.package_identification:_identify(src/status_interfaces) by extensions ['colcon_pkg']
[0.574s] Level 1:colcon.colcon_core.package_identification:_identify(src/status_interfaces) by extension 'colcon_pkg'
[0.574s] Level 1:colcon.colcon_core.package_identification:_identify(src/status_interfaces) by extensions ['colcon_meta']
[0.574s] Level 1:colcon.colcon_core.package_identification:_identify(src/status_interfaces) by extension 'colcon_meta'
[0.574s] Level 1:colcon.colcon_core.package_identification:_identify(src/status_interfaces) by extensions ['ros']
[0.574s] Level 1:colcon.colcon_core.package_identification:_identify(src/status_interfaces) by extension 'ros'
[0.575s] DEBUG:colcon.colcon_core.package_identification:Package 'src/status_interfaces' with type 'ros.ament_cmake' and name 'status_interfaces'
[0.575s] Level 1:colcon.colcon_core.package_identification:_identify(src/status_publisher) by extensions ['ignore', 'ignore_ament_install']
[0.575s] Level 1:colcon.colcon_core.package_identification:_identify(src/status_publisher) by extension 'ignore'
[0.575s] Level 1:colcon.colcon_core.package_identification:_identify(src/status_publisher) by extension 'ignore_ament_install'
[0.576s] Level 1:colcon.colcon_core.package_identification:_identify(src/status_publisher) by extensions ['colcon_pkg']
[0.576s] Level 1:colcon.colcon_core.package_identification:_identify(src/status_publisher) by extension 'colcon_pkg'
[0.576s] Level 1:colcon.colcon_core.package_identification:_identify(src/status_publisher) by extensions ['colcon_meta']
[0.576s] Level 1:colcon.colcon_core.package_identification:_identify(src/status_publisher) by extension 'colcon_meta'
[0.576s] Level 1:colcon.colcon_core.package_identification:_identify(src/status_publisher) by extensions ['ros']
[0.576s] Level 1:colcon.colcon_core.package_identification:_identify(src/status_publisher) by extension 'ros'
[0.577s] DEBUG:colcon.colcon_core.package_identification:Package 'src/status_publisher' with type 'ros.ament_python' and name 'status_publisher'
[0.577s] Level 1:colcon.colcon_core.package_discovery:discover_packages(recursive) using defaults
[0.577s] Level 1:colcon.colcon_core.package_discovery:discover_packages(ignore) discover
[0.577s] Level 1:colcon.colcon_core.package_discovery:discover_packages(ignore) using defaults
[0.577s] Level 1:colcon.colcon_core.package_discovery:discover_packages(path) discover
[0.577s] Level 1:colcon.colcon_core.package_discovery:discover_packages(path) using defaults
[0.613s] Level 5:colcon.colcon_core.verb:set package 'status_interfaces' build argument 'cmake_args' from command line to 'None'
[0.613s] Level 5:colcon.colcon_core.verb:set package 'status_interfaces' build argument 'cmake_target' from command line to 'None'
[0.613s] Level 5:colcon.colcon_core.verb:set package 'status_interfaces' build argument 'cmake_target_skip_unavailable' from command line to 'False'
[0.613s] Level 5:colcon.colcon_core.verb:set package 'status_interfaces' build argument 'cmake_clean_cache' from command line to 'False'
[0.613s] Level 5:colcon.colcon_core.verb:set package 'status_interfaces' build argument 'cmake_clean_first' from command line to 'False'
[0.613s] Level 5:colcon.colcon_core.verb:set package 'status_interfaces' build argument 'cmake_force_configure' from command line to 'False'
[0.613s] Level 5:colcon.colcon_core.verb:set package 'status_interfaces' build argument 'ament_cmake_args' from command line to 'None'
[0.613s] Level 5:colcon.colcon_core.verb:set package 'status_interfaces' build argument 'catkin_cmake_args' from command line to 'None'
[0.613s] Level 5:colcon.colcon_core.verb:set package 'status_interfaces' build argument 'catkin_skip_building_tests' from command line to 'False'
[0.613s] DEBUG:colcon.colcon_core.verb:Building package 'status_interfaces' with the following arguments: {'ament_cmake_args': None, 'build_base': '/home/rho9/chapt3/topic_practise_ws/build/status_interfaces', 'catkin_cmake_args': None, 'catkin_skip_building_tests': False, 'cmake_args': None, 'cmake_clean_cache': False, 'cmake_clean_first': False, 'cmake_force_configure': False, 'cmake_target': None, 'cmake_target_skip_unavailable': False, 'install_base': '/home/rho9/chapt3/topic_practise_ws/install/status_interfaces', 'merge_install': False, 'path': '/home/rho9/chapt3/topic_practise_ws/src/status_interfaces', 'symlink_install': False, 'test_result_base': None}
[0.614s] Level 5:colcon.colcon_core.verb:set package 'status_display' build argument 'cmake_args' from command line to 'None'
[0.614s] Level 5:colcon.colcon_core.verb:set package 'status_display' build argument 'cmake_target' from command line to 'None'
[0.614s] Level 5:colcon.colcon_core.verb:set package 'status_display' build argument 'cmake_target_skip_unavailable' from command line to 'False'
[0.614s] Level 5:colcon.colcon_core.verb:set package 'status_display' build argument 'cmake_clean_cache' from command line to 'False'
[0.614s] Level 5:colcon.colcon_core.verb:set package 'status_display' build argument 'cmake_clean_first' from command line to 'False'
[0.614s] Level 5:colcon.colcon_core.verb:set package 'status_display' build argument 'cmake_force_configure' from command line to 'False'
[0.614s] Level 5:colcon.colcon_core.verb:set package 'status_display' build argument 'ament_cmake_args' from command line to 'None'
[0.614s] Level 5:colcon.colcon_core.verb:set package 'status_display' build argument 'catkin_cmake_args' from command line to 'None'
[0.614s] Level 5:colcon.colcon_core.verb:set package 'status_display' build argument 'catkin_skip_building_tests' from command line to 'False'
[0.614s] DEBUG:colcon.colcon_core.verb:Building package 'status_display' with the following arguments: {'ament_cmake_args': None, 'build_base': '/home/rho9/chapt3/topic_practise_ws/build/status_display', 'catkin_cmake_args': None, 'catkin_skip_building_tests': False, 'cmake_args': None, 'cmake_clean_cache': False, 'cmake_clean_first': False, 'cmake_force_configure': False, 'cmake_target': None, 'cmake_target_skip_unavailable': False, 'install_base': '/home/rho9/chapt3/topic_practise_ws/install/status_display', 'merge_install': False, 'path': '/home/rho9/chapt3/topic_practise_ws/src/status_display', 'symlink_install': False, 'test_result_base': None}
[0.614s] Level 5:colcon.colcon_core.verb:set package 'status_publisher' build argument 'cmake_args' from command line to 'None'
[0.614s] Level 5:colcon.colcon_core.verb:set package 'status_publisher' build argument 'cmake_target' from command line to 'None'
[0.614s] Level 5:colcon.colcon_core.verb:set package 'status_publisher' build argument 'cmake_target_skip_unavailable' from command line to 'False'
[0.614s] Level 5:colcon.colcon_core.verb:set package 'status_publisher' build argument 'cmake_clean_cache' from command line to 'False'
[0.614s] Level 5:colcon.colcon_core.verb:set package 'status_publisher' build argument 'cmake_clean_first' from command line to 'False'
[0.614s] Level 5:colcon.colcon_core.verb:set package 'status_publisher' build argument 'cmake_force_configure' from command line to 'False'
[0.614s] Level 5:colcon.colcon_core.verb:set package 'status_publisher' build argument 'ament_cmake_args' from command line to 'None'
[0.614s] Level 5:colcon.colcon_core.verb:set package 'status_publisher' build argument 'catkin_cmake_args' from command line to 'None'
[0.614s] Level 5:colcon.colcon_core.verb:set package 'status_publisher' build argument 'catkin_skip_building_tests' from command line to 'False'
[0.614s] DEBUG:colcon.colcon_core.verb:Building package 'status_publisher' with the following arguments: {'ament_cmake_args': None, 'build_base': '/home/rho9/chapt3/topic_practise_ws/build/status_publisher', 'catkin_cmake_args': None, 'catkin_skip_building_tests': False, 'cmake_args': None, 'cmake_clean_cache': False, 'cmake_clean_first': False, 'cmake_force_configure': False, 'cmake_target': None, 'cmake_target_skip_unavailable': False, 'install_base': '/home/rho9/chapt3/topic_practise_ws/install/status_publisher', 'merge_install': False, 'path': '/home/rho9/chapt3/topic_practise_ws/src/status_publisher', 'symlink_install': False, 'test_result_base': None}
[0.614s] INFO:colcon.colcon_core.executor:Executing jobs using 'parallel' executor
[0.615s] DEBUG:colcon.colcon_parallel_executor.executor.parallel:run_until_complete
[0.616s] INFO:colcon.colcon_ros.task.ament_cmake.build:Building ROS package in '/home/rho9/chapt3/topic_practise_ws/src/status_interfaces' with build type 'ament_cmake'
[0.616s] INFO:colcon.colcon_cmake.task.cmake.build:Building CMake package in '/home/rho9/chapt3/topic_practise_ws/src/status_interfaces'
[0.624s] INFO:colcon.colcon_core.plugin_system:Skipping extension 'colcon_core.shell.bat': Not used on non-Windows systems
[0.624s] DEBUG:colcon.colcon_core.shell:Skip shell extension 'dsv' for command environment
[0.642s] DEBUG:colcon.colcon_core.event_handler.log_command:Invoking command in '/home/rho9/chapt3/topic_practise_ws/build/status_interfaces': CMAKE_PREFIX_PATH=${CMAKE_PREFIX_PATH}:/opt/ros/jazzy /usr/bin/cmake --build /home/rho9/chapt3/topic_practise_ws/build/status_interfaces -- -j20 -l20
[1.320s] DEBUG:colcon.colcon_core.event_handler.log_command:Invoked command in '/home/rho9/chapt3/topic_practise_ws/build/status_interfaces' returned '0': CMAKE_PREFIX_PATH=${CMAKE_PREFIX_PATH}:/opt/ros/jazzy /usr/bin/cmake --build /home/rho9/chapt3/topic_practise_ws/build/status_interfaces -- -j20 -l20
[1.339s] DEBUG:colcon.colcon_core.event_handler.log_command:Invoking command in '/home/rho9/chapt3/topic_practise_ws/build/status_interfaces': CMAKE_PREFIX_PATH=${CMAKE_PREFIX_PATH}:/opt/ros/jazzy /usr/bin/cmake --install /home/rho9/chapt3/topic_practise_ws/build/status_interfaces
[1.535s] Level 1:colcon.colcon_core.environment:create_environment_scripts_only(status_interfaces)
[1.537s] DEBUG:colcon.colcon_core.event_handler.log_command:Invoked command in '/home/rho9/chapt3/topic_practise_ws/build/status_interfaces' returned '0': CMAKE_PREFIX_PATH=${CMAKE_PREFIX_PATH}:/opt/ros/jazzy /usr/bin/cmake --install /home/rho9/chapt3/topic_practise_ws/build/status_interfaces
[1.554s] Level 1:colcon.colcon_core.environment:checking '/home/rho9/chapt3/topic_practise_ws/install/status_interfaces' for CMake module files
[1.555s] Level 1:colcon.colcon_core.environment:checking '/home/rho9/chapt3/topic_practise_ws/install/status_interfaces' for CMake config files
[1.556s] Level 1:colcon.colcon_core.shell:create_environment_hook('status_interfaces', 'cmake_prefix_path')
[1.556s] INFO:colcon.colcon_core.shell:Creating environment descriptor '/home/rho9/chapt3/topic_practise_ws/install/status_interfaces/share/status_interfaces/hook/cmake_prefix_path.dsv'
[1.560s] INFO:colcon.colcon_core.shell:Creating environment hook '/home/rho9/chapt3/topic_practise_ws/install/status_interfaces/share/status_interfaces/hook/cmake_prefix_path.sh'
[1.562s] Level 1:colcon.colcon_core.environment:checking '/home/rho9/chapt3/topic_practise_ws/install/status_interfaces/lib'
[1.562s] Level 1:colcon.colcon_core.shell:create_environment_hook('status_interfaces', 'ld_library_path_lib')
[1.563s] INFO:colcon.colcon_core.shell:Creating environment descriptor '/home/rho9/chapt3/topic_practise_ws/install/status_interfaces/share/status_interfaces/hook/ld_library_path_lib.dsv'
[1.563s] INFO:colcon.colcon_core.shell:Creating environment hook '/home/rho9/chapt3/topic_practise_ws/install/status_interfaces/share/status_interfaces/hook/ld_library_path_lib.sh'
[1.564s] Level 1:colcon.colcon_core.environment:checking '/home/rho9/chapt3/topic_practise_ws/install/status_interfaces/bin'
[1.564s] Level 1:colcon.colcon_core.environment:checking '/home/rho9/chapt3/topic_practise_ws/install/status_interfaces/lib/pkgconfig/status_interfaces.pc'
[1.570s] Level 1:colcon.colcon_core.environment:checking '/home/rho9/chapt3/topic_practise_ws/install/status_interfaces/lib/python3.12/site-packages'
[1.570s] Level 1:colcon.colcon_core.shell:create_environment_hook('status_interfaces', 'pythonpath')
[1.570s] INFO:colcon.colcon_core.shell:Creating environment descriptor '/home/rho9/chapt3/topic_practise_ws/install/status_interfaces/share/status_interfaces/hook/pythonpath.dsv'
[1.571s] INFO:colcon.colcon_core.shell:Creating environment hook '/home/rho9/chapt3/topic_practise_ws/install/status_interfaces/share/status_interfaces/hook/pythonpath.sh'
[1.572s] Level 1:colcon.colcon_core.environment:checking '/home/rho9/chapt3/topic_practise_ws/install/status_interfaces/bin'
[1.573s] INFO:colcon.colcon_core.shell:Creating package descriptor '/home/rho9/chapt3/topic_practise_ws/install/status_interfaces/share/status_interfaces/package.dsv'
[1.575s] INFO:colcon.colcon_core.shell:Creating package script '/home/rho9/chapt3/topic_practise_ws/install/status_interfaces/share/status_interfaces/package.sh'
[1.576s] INFO:colcon.colcon_core.shell:Creating package script '/home/rho9/chapt3/topic_practise_ws/install/status_interfaces/share/status_interfaces/package.bash'
[1.578s] INFO:colcon.colcon_core.shell:Creating package script '/home/rho9/chapt3/topic_practise_ws/install/status_interfaces/share/status_interfaces/package.zsh'
[1.581s] Level 1:colcon.colcon_core.environment:create_file_with_runtime_dependencies(/home/rho9/chapt3/topic_practise_ws/install/status_interfaces/share/colcon-core/packages/status_interfaces)
[1.582s] Level 1:colcon.colcon_core.environment:create_environment_scripts_only(status_interfaces)
[1.583s] Level 1:colcon.colcon_core.environment:checking '/home/rho9/chapt3/topic_practise_ws/install/status_interfaces' for CMake module files
[1.584s] Level 1:colcon.colcon_core.environment:checking '/home/rho9/chapt3/topic_practise_ws/install/status_interfaces' for CMake config files
[1.584s] Level 1:colcon.colcon_core.shell:create_environment_hook('status_interfaces', 'cmake_prefix_path')
[1.585s] INFO:colcon.colcon_core.shell:Creating environment descriptor '/home/rho9/chapt3/topic_practise_ws/install/status_interfaces/share/status_interfaces/hook/cmake_prefix_path.dsv'
[1.585s] INFO:colcon.colcon_core.shell:Creating environment hook '/home/rho9/chapt3/topic_practise_ws/install/status_interfaces/share/status_interfaces/hook/cmake_prefix_path.sh'
[1.587s] Level 1:colcon.colcon_core.environment:checking '/home/rho9/chapt3/topic_practise_ws/install/status_interfaces/lib'
[1.587s] Level 1:colcon.colcon_core.shell:create_environment_hook('status_interfaces', 'ld_library_path_lib')
[1.587s] INFO:colcon.colcon_core.shell:Creating environment descriptor '/home/rho9/chapt3/topic_practise_ws/install/status_interfaces/share/status_interfaces/hook/ld_library_path_lib.dsv'
[1.587s] INFO:colcon.colcon_core.shell:Creating environment hook '/home/rho9/chapt3/topic_practise_ws/install/status_interfaces/share/status_interfaces/hook/ld_library_path_lib.sh'
[1.588s] Level 1:colcon.colcon_core.environment:checking '/home/rho9/chapt3/topic_practise_ws/install/status_interfaces/bin'
[1.588s] Level 1:colcon.colcon_core.environment:checking '/home/rho9/chapt3/topic_practise_ws/install/status_interfaces/lib/pkgconfig/status_interfaces.pc'
[1.588s] Level 1:colcon.colcon_core.environment:checking '/home/rho9/chapt3/topic_practise_ws/install/status_interfaces/lib/python3.12/site-packages'
[1.588s] Level 1:colcon.colcon_core.shell:create_environment_hook('status_interfaces', 'pythonpath')
[1.589s] INFO:colcon.colcon_core.shell:Creating environment descriptor '/home/rho9/chapt3/topic_practise_ws/install/status_interfaces/share/status_interfaces/hook/pythonpath.dsv'
[1.589s] INFO:colcon.colcon_core.shell:Creating environment hook '/home/rho9/chapt3/topic_practise_ws/install/status_interfaces/share/status_interfaces/hook/pythonpath.sh'
[1.590s] Level 1:colcon.colcon_core.environment:checking '/home/rho9/chapt3/topic_practise_ws/install/status_interfaces/bin'
[1.590s] INFO:colcon.colcon_core.shell:Creating package descriptor '/home/rho9/chapt3/topic_practise_ws/install/status_interfaces/share/status_interfaces/package.dsv'
[1.591s] INFO:colcon.colcon_core.shell:Creating package script '/home/rho9/chapt3/topic_practise_ws/install/status_interfaces/share/status_interfaces/package.sh'
[1.591s] INFO:colcon.colcon_core.shell:Creating package script '/home/rho9/chapt3/topic_practise_ws/install/status_interfaces/share/status_interfaces/package.bash'
[1.593s] INFO:colcon.colcon_core.shell:Creating package script '/home/rho9/chapt3/topic_practise_ws/install/status_interfaces/share/status_interfaces/package.zsh'
[1.594s] Level 1:colcon.colcon_core.environment:create_file_with_runtime_dependencies(/home/rho9/chapt3/topic_practise_ws/install/status_interfaces/share/colcon-core/packages/status_interfaces)
[1.595s] INFO:colcon.colcon_ros.task.ament_cmake.build:Building ROS package in '/home/rho9/chapt3/topic_practise_ws/src/status_display' with build type 'ament_cmake'
[1.595s] INFO:colcon.colcon_cmake.task.cmake.build:Building CMake package in '/home/rho9/chapt3/topic_practise_ws/src/status_display'
[1.596s] DEBUG:colcon.colcon_core.shell:Skip shell extension 'dsv' for command environment
[1.602s] INFO:colcon.colcon_ros.task.ament_python.build:Building ROS package in '/home/rho9/chapt3/topic_practise_ws/src/status_publisher' with build type 'ament_python'
[1.602s] Level 1:colcon.colcon_core.shell:create_environment_hook('status_publisher', 'ament_prefix_path')
[1.603s] INFO:colcon.colcon_core.shell:Creating environment descriptor '/home/rho9/chapt3/topic_practise_ws/install/status_publisher/share/status_publisher/hook/ament_prefix_path.dsv'
[1.604s] INFO:colcon.colcon_core.shell:Creating environment hook '/home/rho9/chapt3/topic_practise_ws/install/status_publisher/share/status_publisher/hook/ament_prefix_path.sh'
[1.605s] DEBUG:colcon.colcon_core.shell:Skip shell extension 'dsv' for command environment
[1.772s] DEBUG:colcon.colcon_core.event_handler.log_command:Invoking command in '/home/rho9/chapt3/topic_practise_ws/build/status_display': AMENT_PREFIX_PATH=/home/rho9/chapt3/topic_practise_ws/install/status_interfaces:${AMENT_PREFIX_PATH} CMAKE_PREFIX_PATH=/home/rho9/chapt3/topic_practise_ws/install/status_interfaces:/opt/ros/jazzy/opt/gz_math_vendor:/opt/ros/jazzy/opt/gz_utils_vendor:/opt/ros/jazzy/opt/gz_cmake_vendor:/opt/ros/jazzy LD_LIBRARY_PATH=/home/rho9/chapt3/topic_practise_ws/install/status_interfaces/lib:${LD_LIBRARY_PATH} PYTHONPATH=/home/rho9/chapt3/topic_practise_ws/install/status_interfaces/lib/python3.12/site-packages:${PYTHONPATH} /usr/bin/cmake --build /home/rho9/chapt3/topic_practise_ws/build/status_display -- -j20 -l20
[2.091s] INFO:colcon.colcon_core.task.python.build:Building Python package in '/home/rho9/chapt3/topic_practise_ws/src/status_publisher'
[2.091s] DEBUG:colcon.colcon_core.shell:Skip shell extension 'dsv' for command environment
[3.296s] DEBUG:colcon.colcon_core.event_handler.log_command:Invoking command in '/home/rho9/chapt3/topic_practise_ws/src/status_publisher': AMENT_PREFIX_PATH=/home/rho9/chapt3/topic_practise_ws/install/status_interfaces:${AMENT_PREFIX_PATH} CMAKE_PREFIX_PATH=/home/rho9/chapt3/topic_practise_ws/install/status_interfaces:${CMAKE_PREFIX_PATH} LD_LIBRARY_PATH=/home/rho9/chapt3/topic_practise_ws/install/status_interfaces/lib:${LD_LIBRARY_PATH} PYTHONPATH=/home/rho9/chapt3/topic_practise_ws/build/status_publisher/prefix_override:/usr/lib/python3/dist-packages/colcon_core/task/python/colcon_distutils_commands:/home/rho9/chapt3/topic_practise_ws/install/status_publisher/lib/python3.12/site-packages:/home/rho9/chapt3/topic_practise_ws/install/status_interfaces/lib/python3.12/site-packages:${PYTHONPATH} /usr/bin/python3 -W ignore:setup.py install is deprecated -W ignore:easy_install command is deprecated setup.py egg_info --egg-base ../../build/status_publisher build --build-base /home/rho9/chapt3/topic_practise_ws/build/status_publisher/build install --record /home/rho9/chapt3/topic_practise_ws/build/status_publisher/install.log --single-version-externally-managed install_data
[3.888s] Level 1:colcon.colcon_core.environment:checking '/home/rho9/chapt3/topic_practise_ws/install/status_publisher' for CMake module files
[3.888s] DEBUG:colcon.colcon_core.event_handler.log_command:Invoked command in '/home/rho9/chapt3/topic_practise_ws/src/status_publisher' returned '0': AMENT_PREFIX_PATH=/home/rho9/chapt3/topic_practise_ws/install/status_interfaces:${AMENT_PREFIX_PATH} CMAKE_PREFIX_PATH=/home/rho9/chapt3/topic_practise_ws/install/status_interfaces:${CMAKE_PREFIX_PATH} LD_LIBRARY_PATH=/home/rho9/chapt3/topic_practise_ws/install/status_interfaces/lib:${LD_LIBRARY_PATH} PYTHONPATH=/home/rho9/chapt3/topic_practise_ws/build/status_publisher/prefix_override:/usr/lib/python3/dist-packages/colcon_core/task/python/colcon_distutils_commands:/home/rho9/chapt3/topic_practise_ws/install/status_publisher/lib/python3.12/site-packages:/home/rho9/chapt3/topic_practise_ws/install/status_interfaces/lib/python3.12/site-packages:${PYTHONPATH} /usr/bin/python3 -W ignore:setup.py install is deprecated -W ignore:easy_install command is deprecated setup.py egg_info --egg-base ../../build/status_publisher build --build-base /home/rho9/chapt3/topic_practise_ws/build/status_publisher/build install --record /home/rho9/chapt3/topic_practise_ws/build/status_publisher/install.log --single-version-externally-managed install_data
[3.889s] Level 1:colcon.colcon_core.environment:checking '/home/rho9/chapt3/topic_practise_ws/install/status_publisher' for CMake config files
[3.890s] Level 1:colcon.colcon_core.environment:checking '/home/rho9/chapt3/topic_practise_ws/install/status_publisher/lib'
[3.890s] Level 1:colcon.colcon_core.environment:checking '/home/rho9/chapt3/topic_practise_ws/install/status_publisher/bin'
[3.890s] Level 1:colcon.colcon_core.environment:checking '/home/rho9/chapt3/topic_practise_ws/install/status_publisher/lib/pkgconfig/status_publisher.pc'
[3.890s] Level 1:colcon.colcon_core.environment:checking '/home/rho9/chapt3/topic_practise_ws/install/status_publisher/lib/python3.12/site-packages'
[3.891s] Level 1:colcon.colcon_core.shell:create_environment_hook('status_publisher', 'pythonpath')
[3.891s] INFO:colcon.colcon_core.shell:Creating environment descriptor '/home/rho9/chapt3/topic_practise_ws/install/status_publisher/share/status_publisher/hook/pythonpath.dsv'
[3.891s] INFO:colcon.colcon_core.shell:Creating environment hook '/home/rho9/chapt3/topic_practise_ws/install/status_publisher/share/status_publisher/hook/pythonpath.sh'
[3.892s] Level 1:colcon.colcon_core.environment:checking '/home/rho9/chapt3/topic_practise_ws/install/status_publisher/bin'
[3.892s] Level 1:colcon.colcon_core.environment:create_environment_scripts_only(status_publisher)
[3.893s] INFO:colcon.colcon_core.shell:Creating package descriptor '/home/rho9/chapt3/topic_practise_ws/install/status_publisher/share/status_publisher/package.dsv'
[3.893s] INFO:colcon.colcon_core.shell:Creating package script '/home/rho9/chapt3/topic_practise_ws/install/status_publisher/share/status_publisher/package.sh'
[3.894s] INFO:colcon.colcon_core.shell:Creating package script '/home/rho9/chapt3/topic_practise_ws/install/status_publisher/share/status_publisher/package.bash'
[3.894s] INFO:colcon.colcon_core.shell:Creating package script '/home/rho9/chapt3/topic_practise_ws/install/status_publisher/share/status_publisher/package.zsh'
[3.895s] Level 1:colcon.colcon_core.environment:create_file_with_runtime_dependencies(/home/rho9/chapt3/topic_practise_ws/install/status_publisher/share/colcon-core/packages/status_publisher)
[8.484s] DEBUG:colcon.colcon_core.event_handler.log_command:Invoked command in '/home/rho9/chapt3/topic_practise_ws/build/status_display' returned '2': AMENT_PREFIX_PATH=/home/rho9/chapt3/topic_practise_ws/install/status_interfaces:${AMENT_PREFIX_PATH} CMAKE_PREFIX_PATH=/home/rho9/chapt3/topic_practise_ws/install/status_interfaces:/opt/ros/jazzy/opt/gz_math_vendor:/opt/ros/jazzy/opt/gz_utils_vendor:/opt/ros/jazzy/opt/gz_cmake_vendor:/opt/ros/jazzy LD_LIBRARY_PATH=/home/rho9/chapt3/topic_practise_ws/install/status_interfaces/lib:${LD_LIBRARY_PATH} PYTHONPATH=/home/rho9/chapt3/topic_practise_ws/install/status_interfaces/lib/python3.12/site-packages:${PYTHONPATH} /usr/bin/cmake --build /home/rho9/chapt3/topic_practise_ws/build/status_display -- -j20 -l20
[8.484s] Level 1:colcon.colcon_core.environment:create_environment_scripts_only(status_display)
[8.485s] Level 1:colcon.colcon_core.environment:checking '/home/rho9/chapt3/topic_practise_ws/install/status_display' for CMake module files
[8.485s] Level 1:colcon.colcon_core.environment:checking '/home/rho9/chapt3/topic_practise_ws/install/status_display' for CMake config files
[8.485s] Level 1:colcon.colcon_core.shell:create_environment_hook('status_display', 'cmake_prefix_path')
[8.486s] INFO:colcon.colcon_core.shell:Creating environment descriptor '/home/rho9/chapt3/topic_practise_ws/install/status_display/share/status_display/hook/cmake_prefix_path.dsv'
[8.486s] INFO:colcon.colcon_core.shell:Creating environment hook '/home/rho9/chapt3/topic_practise_ws/install/status_display/share/status_display/hook/cmake_prefix_path.sh'
[8.487s] Level 1:colcon.colcon_core.environment:checking '/home/rho9/chapt3/topic_practise_ws/install/status_display/lib'
[8.487s] Level 1:colcon.colcon_core.environment:checking '/home/rho9/chapt3/topic_practise_ws/install/status_display/bin'
[8.487s] Level 1:colcon.colcon_core.environment:checking '/home/rho9/chapt3/topic_practise_ws/install/status_display/lib/pkgconfig/status_display.pc'
[8.488s] Level 1:colcon.colcon_core.environment:checking '/home/rho9/chapt3/topic_practise_ws/install/status_display/lib/python3.12/site-packages'
[8.488s] Level 1:colcon.colcon_core.environment:checking '/home/rho9/chapt3/topic_practise_ws/install/status_display/bin'
[8.489s] INFO:colcon.colcon_core.shell:Creating package descriptor '/home/rho9/chapt3/topic_practise_ws/install/status_display/share/status_display/package.dsv'
[8.490s] INFO:colcon.colcon_core.shell:Creating package script '/home/rho9/chapt3/topic_practise_ws/install/status_display/share/status_display/package.sh'
[8.490s] INFO:colcon.colcon_core.shell:Creating package script '/home/rho9/chapt3/topic_practise_ws/install/status_display/share/status_display/package.bash'
[8.490s] INFO:colcon.colcon_core.shell:Creating package script '/home/rho9/chapt3/topic_practise_ws/install/status_display/share/status_display/package.zsh'
[8.491s] Level 1:colcon.colcon_core.environment:create_file_with_runtime_dependencies(/home/rho9/chapt3/topic_practise_ws/install/status_display/share/colcon-core/packages/status_display)
[8.501s] DEBUG:colcon.colcon_parallel_executor.executor.parallel:closing loop
[8.502s] DEBUG:colcon.colcon_parallel_executor.executor.parallel:loop closed
[8.502s] DEBUG:colcon.colcon_parallel_executor.executor.parallel:run_until_complete finished with '2'
[8.502s] DEBUG:colcon.colcon_core.event_reactor:joining thread
[8.584s] INFO:colcon.colcon_core.plugin_system:Skipping extension 'colcon_notification.desktop_notification.notify_send': Could not find 'notify-send'
[8.584s] INFO:colcon.colcon_core.plugin_system:Skipping extension 'colcon_notification.desktop_notification.terminal_notifier': Not used on non-Darwin systems
[8.584s] INFO:colcon.colcon_core.plugin_system:Skipping extension 'colcon_notification.desktop_notification.win32': Not used on non-Windows systems
[8.584s] INFO:colcon.colcon_notification.desktop_notification:Sending desktop notification using 'notify2'
[8.650s] DEBUG:colcon.colcon_notification.desktop_notification.notify2:Failed to initialize notify2: org.freedesktop.DBus.Error.ServiceUnknown: The name org.freedesktop.Notifications was not provided by any .service files
[8.651s] DEBUG:colcon.colcon_core.event_reactor:joined thread
[8.651s] INFO:colcon.colcon_core.shell:Creating prefix script '/home/rho9/chapt3/topic_practise_ws/install/local_setup.sh'
[8.652s] INFO:colcon.colcon_core.shell:Creating prefix util module '/home/rho9/chapt3/topic_practise_ws/install/_local_setup_util_sh.py'
[8.654s] INFO:colcon.colcon_core.shell:Creating prefix chain script '/home/rho9/chapt3/topic_practise_ws/install/setup.sh'
[8.655s] INFO:colcon.colcon_core.shell:Creating prefix script '/home/rho9/chapt3/topic_practise_ws/install/local_setup.bash'
[8.656s] INFO:colcon.colcon_core.shell:Creating prefix chain script '/home/rho9/chapt3/topic_practise_ws/install/setup.bash'
[8.657s] INFO:colcon.colcon_core.shell:Creating prefix script '/home/rho9/chapt3/topic_practise_ws/install/local_setup.zsh'
[8.658s] INFO:colcon.colcon_core.shell:Creating prefix chain script '/home/rho9/chapt3/topic_practise_ws/install/setup.zsh'
