[0.020s] Invoking command in '/home/rho9/chapt6/build/fishbot_description': CMAKE_PREFIX_PATH=${CMAKE_PREFIX_PATH}:/opt/ros/jazzy /usr/bin/cmake /home/rho9/chapt6/chapt6_ws/src/fishbot_description -DCMAKE_INSTALL_PREFIX=/home/rho9/chapt6/install/fishbot_description
[0.262s] -- The C compiler identification is GNU 13.3.0
[0.772s] -- The CXX compiler identification is GNU 13.3.0
[1.079s] -- Detecting C compiler ABI info
[1.242s] -- Detecting C compiler ABI info - done
[1.248s] -- Check for working C compiler: /usr/bin/cc - skipped
[1.249s] -- Detecting C compile features
[1.249s] -- Detecting C compile features - done
[1.298s] -- Detecting CXX compiler ABI info
[1.459s] -- Detecting CXX compiler ABI info - done
[1.464s] -- Check for working CXX compiler: /usr/bin/c++ - skipped
[1.464s] -- Detecting CXX compile features
[1.465s] -- Detecting CXX compile features - done
[1.471s] -- Found ament_cmake: 2.5.5 (/opt/ros/jazzy/share/ament_cmake/cmake)
[1.581s] -- Found Python3: /usr/bin/python3 (found version "3.12.3") found components: Interpreter 
[1.691s] -- Found ament_lint_auto: 0.17.4 (/opt/ros/jazzy/share/ament_lint_auto/cmake)
[1.854s] -- Added test 'copyright' to check source files copyright and LICENSE
[1.864s] -- Added test 'flake8' to check Python code syntax and style conventions
[1.864s] -- Configured 'flake8' exclude dirs and/or files: 
[1.865s] -- Added test 'lint_cmake' to check CMake code style
[1.866s] -- Added test 'pep257' to check Python code against some of the docstring style conventions in PEP 257
[1.869s] -- Added test 'xmllint' to check XML markup files
[1.871s] -- Configuring done (1.8s)
[1.875s] -- Generating done (0.0s)
[1.876s] -- Build files have been written to: /home/rho9/chapt6/build/fishbot_description
[1.880s] Invoked command in '/home/rho9/chapt6/build/fishbot_description' returned '0': CMAKE_PREFIX_PATH=${CMAKE_PREFIX_PATH}:/opt/ros/jazzy /usr/bin/cmake /home/rho9/chapt6/chapt6_ws/src/fishbot_description -DCMAKE_INSTALL_PREFIX=/home/rho9/chapt6/install/fishbot_description
[1.882s] Invoking command in '/home/rho9/chapt6/build/fishbot_description': CMAKE_PREFIX_PATH=${CMAKE_PREFIX_PATH}:/opt/ros/jazzy /usr/bin/cmake --build /home/rho9/chapt6/build/fishbot_description -- -j20 -l20
[1.916s] Invoked command in '/home/rho9/chapt6/build/fishbot_description' returned '0': CMAKE_PREFIX_PATH=${CMAKE_PREFIX_PATH}:/opt/ros/jazzy /usr/bin/cmake --build /home/rho9/chapt6/build/fishbot_description -- -j20 -l20
[1.923s] Invoking command in '/home/rho9/chapt6/build/fishbot_description': CMAKE_PREFIX_PATH=${CMAKE_PREFIX_PATH}:/opt/ros/jazzy /usr/bin/cmake --install /home/rho9/chapt6/build/fishbot_description
[1.929s] -- Install configuration: ""
[1.929s] -- Installing: /home/rho9/chapt6/install/fishbot_description/share/fishbot_description/urdf
[1.929s] -- Installing: /home/rho9/chapt6/install/fishbot_description/share/fishbot_description/urdf/first_robot.xacro
[1.929s] -- Installing: /home/rho9/chapt6/install/fishbot_description/share/fishbot_description/urdf/fishbot
[1.929s] -- Installing: /home/rho9/chapt6/install/fishbot_description/share/fishbot_description/urdf/fishbot/common_interial.xacro
[1.930s] -- Installing: /home/rho9/chapt6/install/fishbot_description/share/fishbot_description/urdf/fishbot/sensor
[1.930s] -- Installing: /home/rho9/chapt6/install/fishbot_description/share/fishbot_description/urdf/fishbot/sensor/camera.urdf.xacro
[1.930s] -- Installing: /home/rho9/chapt6/install/fishbot_description/share/fishbot_description/urdf/fishbot/sensor/laser.urdf.xacro
[1.931s] -- Installing: /home/rho9/chapt6/install/fishbot_description/share/fishbot_description/urdf/fishbot/sensor/imu.urdf.xacro
[1.931s] -- Installing: /home/rho9/chapt6/install/fishbot_description/share/fishbot_description/urdf/fishbot/fishbot.urdf.xacro
[1.931s] -- Installing: /home/rho9/chapt6/install/fishbot_description/share/fishbot_description/urdf/fishbot/actuator
[1.932s] -- Installing: /home/rho9/chapt6/install/fishbot_description/share/fishbot_description/urdf/fishbot/actuator/caster.urdf.xacro
[1.932s] -- Installing: /home/rho9/chapt6/install/fishbot_description/share/fishbot_description/urdf/fishbot/actuator/wheel.urdf.xacro
[1.932s] -- Installing: /home/rho9/chapt6/install/fishbot_description/share/fishbot_description/urdf/fishbot/base.urdf.xacro
[1.932s] -- Installing: /home/rho9/chapt6/install/fishbot_description/share/fishbot_description/urdf/first_robot.urdf
[1.933s] -- Installing: /home/rho9/chapt6/install/fishbot_description/share/fishbot_description/urdf/first_robot.pdf
[1.933s] -- Installing: /home/rho9/chapt6/install/fishbot_description/share/fishbot_description/urdf/fishbot.urdf
[1.933s] -- Installing: /home/rho9/chapt6/install/fishbot_description/share/fishbot_description/urdf/first_robot.gv
[1.933s] -- Installing: /home/rho9/chapt6/install/fishbot_description/share/fishbot_description/launch
[1.933s] -- Installing: /home/rho9/chapt6/install/fishbot_description/share/fishbot_description/launch/__pycache__
[1.934s] -- Installing: /home/rho9/chapt6/install/fishbot_description/share/fishbot_description/launch/__pycache__/display_robot.launch.cpython-312.pyc
[1.934s] -- Installing: /home/rho9/chapt6/install/fishbot_description/share/fishbot_description/launch/log
[1.934s] -- Installing: /home/rho9/chapt6/install/fishbot_description/share/fishbot_description/launch/log/COLCON_IGNORE
[1.934s] -- Installing: /home/rho9/chapt6/install/fishbot_description/share/fishbot_description/launch/log/build_2026-04-11_17-44-05
[1.934s] -- Installing: /home/rho9/chapt6/install/fishbot_description/share/fishbot_description/launch/log/build_2026-04-11_17-44-05/logger_all.log
[1.935s] -- Installing: /home/rho9/chapt6/install/fishbot_description/share/fishbot_description/launch/log/build_2026-04-11_17-44-05/events.log
[1.935s] -- Installing: /home/rho9/chapt6/install/fishbot_description/share/fishbot_description/launch/log/build_2026-04-11_17-50-56
[1.935s] -- Installing: /home/rho9/chapt6/install/fishbot_description/share/fishbot_description/launch/log/build_2026-04-11_17-50-56/logger_all.log
[1.935s] -- Installing: /home/rho9/chapt6/install/fishbot_description/share/fishbot_description/launch/log/build_2026-04-11_17-50-56/events.log
[1.936s] -- Installing: /home/rho9/chapt6/install/fishbot_description/share/fishbot_description/launch/log/latest_build
[1.936s] -- Installing: /home/rho9/chapt6/install/fishbot_description/share/fishbot_description/launch/log/build_2026-04-11_17-46-47
[1.936s] -- Installing: /home/rho9/chapt6/install/fishbot_description/share/fishbot_description/launch/log/build_2026-04-11_17-46-47/logger_all.log
[1.936s] -- Installing: /home/rho9/chapt6/install/fishbot_description/share/fishbot_description/launch/log/build_2026-04-11_17-46-47/events.log
[1.936s] -- Installing: /home/rho9/chapt6/install/fishbot_description/share/fishbot_description/launch/log/build_2026-04-11_17-45-38
[1.937s] -- Installing: /home/rho9/chapt6/install/fishbot_description/share/fishbot_description/launch/log/build_2026-04-11_17-45-38/logger_all.log
[1.937s] -- Installing: /home/rho9/chapt6/install/fishbot_description/share/fishbot_description/launch/log/build_2026-04-11_17-45-38/events.log
[1.937s] -- Installing: /home/rho9/chapt6/install/fishbot_description/share/fishbot_description/launch/log/latest
[1.938s] -- Installing: /home/rho9/chapt6/install/fishbot_description/share/fishbot_description/launch/display_robot.launch.py
[1.938s] -- Installing: /home/rho9/chapt6/install/fishbot_description/share/fishbot_description/launch/build
[1.938s] -- Installing: /home/rho9/chapt6/install/fishbot_description/share/fishbot_description/launch/build/COLCON_IGNORE
[1.938s] -- Installing: /home/rho9/chapt6/install/fishbot_description/share/fishbot_description/launch/build/.built_by
[1.938s] -- Installing: /home/rho9/chapt6/install/fishbot_description/share/fishbot_description/launch/install
[1.938s] -- Installing: /home/rho9/chapt6/install/fishbot_description/share/fishbot_description/launch/install/COLCON_IGNORE
[1.938s] -- Installing: /home/rho9/chapt6/install/fishbot_description/share/fishbot_description/launch/install/local_setup.sh
[1.939s] -- Installing: /home/rho9/chapt6/install/fishbot_description/share/fishbot_description/launch/install/_local_setup_util_sh.py
[1.939s] -- Installing: /home/rho9/chapt6/install/fishbot_description/share/fishbot_description/launch/install/setup.bash
[1.939s] -- Installing: /home/rho9/chapt6/install/fishbot_description/share/fishbot_description/launch/install/local_setup.bash
[1.939s] -- Installing: /home/rho9/chapt6/install/fishbot_description/share/fishbot_description/launch/install/setup.zsh
[1.940s] -- Installing: /home/rho9/chapt6/install/fishbot_description/share/fishbot_description/launch/install/.colcon_install_layout
[1.940s] -- Installing: /home/rho9/chapt6/install/fishbot_description/share/fishbot_description/launch/install/setup.sh
[1.940s] -- Installing: /home/rho9/chapt6/install/fishbot_description/share/fishbot_description/launch/install/local_setup.zsh
[1.941s] -- Installing: /home/rho9/chapt6/install/fishbot_description/share/ament_index/resource_index/package_run_dependencies/fishbot_description
[1.941s] -- Installing: /home/rho9/chapt6/install/fishbot_description/share/ament_index/resource_index/parent_prefix_path/fishbot_description
[1.941s] -- Installing: /home/rho9/chapt6/install/fishbot_description/share/fishbot_description/environment/ament_prefix_path.sh
[1.941s] -- Installing: /home/rho9/chapt6/install/fishbot_description/share/fishbot_description/environment/ament_prefix_path.dsv
[1.942s] -- Installing: /home/rho9/chapt6/install/fishbot_description/share/fishbot_description/environment/path.sh
[1.942s] -- Installing: /home/rho9/chapt6/install/fishbot_description/share/fishbot_description/environment/path.dsv
[1.942s] -- Installing: /home/rho9/chapt6/install/fishbot_description/share/fishbot_description/local_setup.bash
[1.942s] -- Installing: /home/rho9/chapt6/install/fishbot_description/share/fishbot_description/local_setup.sh
[1.942s] -- Installing: /home/rho9/chapt6/install/fishbot_description/share/fishbot_description/local_setup.zsh
[1.942s] -- Installing: /home/rho9/chapt6/install/fishbot_description/share/fishbot_description/local_setup.dsv
[1.942s] -- Installing: /home/rho9/chapt6/install/fishbot_description/share/fishbot_description/package.dsv
[1.942s] -- Installing: /home/rho9/chapt6/install/fishbot_description/share/ament_index/resource_index/packages/fishbot_description
[1.943s] -- Installing: /home/rho9/chapt6/install/fishbot_description/share/fishbot_description/cmake/fishbot_descriptionConfig.cmake
[1.943s] -- Installing: /home/rho9/chapt6/install/fishbot_description/share/fishbot_description/cmake/fishbot_descriptionConfig-version.cmake
[1.943s] -- Installing: /home/rho9/chapt6/install/fishbot_description/share/fishbot_description/package.xml
[1.944s] Invoked command in '/home/rho9/chapt6/build/fishbot_description' returned '0': CMAKE_PREFIX_PATH=${CMAKE_PREFIX_PATH}:/opt/ros/jazzy /usr/bin/cmake --install /home/rho9/chapt6/build/fishbot_description
