[0.011s] Invoking command in '/home/rho9/chapt4/chapt4_ws/src/build/chapt4_interfaces': CMAKE_PREFIX_PATH=${CMAKE_PREFIX_PATH}:/opt/ros/jazzy /usr/bin/cmake /home/rho9/chapt4/chapt4_ws/src/chapt4_interfaces -DCMAKE_INSTALL_PREFIX=/home/rho9/chapt4/chapt4_ws/src/install/chapt4_interfaces
[0.329s] -- The C compiler identification is GNU 13.3.0
[1.041s] -- The CXX compiler identification is GNU 13.3.0
[1.589s] -- Detecting C compiler ABI info
[1.843s] -- Detecting C compiler ABI info - done
[1.852s] -- Check for working C compiler: /usr/bin/cc - skipped
[1.853s] -- Detecting C compile features
[1.854s] -- Detecting C compile features - done
[1.945s] -- Detecting CXX compiler ABI info
[2.219s] -- Detecting CXX compiler ABI info - done
[2.230s] -- Check for working CXX compiler: /usr/bin/c++ - skipped
[2.230s] -- Detecting CXX compile features
[2.231s] -- Detecting CXX compile features - done
[2.251s] -- Found ament_cmake: 2.5.5 (/opt/ros/jazzy/share/ament_cmake/cmake)
[2.391s] -- Found Python3: /usr/bin/python3 (found version "3.12.3") found components: Interpreter 
[2.515s] -- Found rosidl_default_generators: 1.6.0 (/opt/ros/jazzy/share/rosidl_default_generators/cmake)
[2.526s] -- Using all available rosidl_typesupport_c: rosidl_typesupport_fastrtps_c;rosidl_typesupport_introspection_c
[2.733s] -- Using all available rosidl_typesupport_cpp: rosidl_typesupport_fastrtps_cpp;rosidl_typesupport_introspection_cpp
[2.804s] -- Found rosidl_adapter: 4.6.7 (/opt/ros/jazzy/share/rosidl_adapter/cmake)
[2.812s] -- Found sensor_msgs: 5.3.6 (/opt/ros/jazzy/share/sensor_msgs/cmake)
[3.616s] -- Found ament_cmake_ros: 0.12.0 (/opt/ros/jazzy/share/ament_cmake_ros/cmake)
[4.157s] -- Using all available rosidl_typesupport_c: rosidl_typesupport_fastrtps_c;rosidl_typesupport_introspection_c
[4.887s] -- Using all available rosidl_typesupport_cpp: rosidl_typesupport_fastrtps_cpp;rosidl_typesupport_introspection_cpp
[4.891s] -- Found python_cmake_module: 0.11.1 (/opt/ros/jazzy/share/python_cmake_module/cmake)
[5.049s] -- Found PythonExtra: /usr/bin/python3  
[5.561s] -- Found Python3: /usr/bin/python3 (found version "3.12.3") found components: Interpreter Development NumPy Development.Module Development.Embed 
[5.639s] -- Found ament_lint_auto: 0.17.4 (/opt/ros/jazzy/share/ament_lint_auto/cmake)
[5.675s] -- Added test 'lint_cmake' to check CMake code style
[5.676s] -- Added test 'xmllint' to check XML markup files
[5.680s] -- Configuring done (5.7s)
[5.740s] -- Generating done (0.1s)
[5.757s] -- Build files have been written to: /home/rho9/chapt4/chapt4_ws/src/build/chapt4_interfaces
[5.771s] Invoked command in '/home/rho9/chapt4/chapt4_ws/src/build/chapt4_interfaces' returned '0': CMAKE_PREFIX_PATH=${CMAKE_PREFIX_PATH}:/opt/ros/jazzy /usr/bin/cmake /home/rho9/chapt4/chapt4_ws/src/chapt4_interfaces -DCMAKE_INSTALL_PREFIX=/home/rho9/chapt4/chapt4_ws/src/install/chapt4_interfaces
[5.772s] Invoking command in '/home/rho9/chapt4/chapt4_ws/src/build/chapt4_interfaces': CMAKE_PREFIX_PATH=${CMAKE_PREFIX_PATH}:/opt/ros/jazzy /usr/bin/cmake --build /home/rho9/chapt4/chapt4_ws/src/build/chapt4_interfaces -- -j20 -l20
[5.826s] [  2%] [34m[1mGenerating type hashes for ROS interfaces[0m
[5.838s] [  2%] Built target ament_cmake_python_copy_chapt4_interfaces
[6.105s] [  2%] Built target chapt4_interfaces__rosidl_generator_type_description
[6.120s] [  5%] [34m[1mGenerating C code for ROS interfaces[0m
[6.125s] running egg_info
[6.126s] creating chapt4_interfaces.egg-info
[6.137s] [  8%] [34m[1mGenerating C++ code for ROS interfaces[0m
[6.152s] writing chapt4_interfaces.egg-info/PKG-INFO
[6.153s] writing dependency_links to chapt4_interfaces.egg-info/dependency_links.txt
[6.153s] writing top-level names to chapt4_interfaces.egg-info/top_level.txt
[6.153s] writing manifest file 'chapt4_interfaces.egg-info/SOURCES.txt'
[6.240s] reading manifest file 'chapt4_interfaces.egg-info/SOURCES.txt'
[6.241s] writing manifest file 'chapt4_interfaces.egg-info/SOURCES.txt'
[6.290s] [  8%] Built target ament_cmake_python_build_chapt4_interfaces_egg
[6.582s] [  8%] Built target chapt4_interfaces__cpp
[6.607s] [ 11%] [32mBuilding C object CMakeFiles/chapt4_interfaces__rosidl_generator_c.dir/rosidl_generator_c/chapt4_interfaces/srv/detail/face_detector__description.c.o[0m
[6.608s] [ 14%] [32mBuilding C object CMakeFiles/chapt4_interfaces__rosidl_generator_c.dir/rosidl_generator_c/chapt4_interfaces/srv/detail/face_detector__type_support.c.o[0m
[6.608s] [ 17%] [32mBuilding C object CMakeFiles/chapt4_interfaces__rosidl_generator_c.dir/rosidl_generator_c/chapt4_interfaces/srv/detail/face_detector__functions.c.o[0m
[6.760s] [ 20%] [32m[1mLinking C shared library libchapt4_interfaces__rosidl_generator_c.so[0m
[6.938s] [ 20%] Built target chapt4_interfaces__rosidl_generator_c
[6.954s] [ 26%] [34m[1mGenerating C introspection for ROS interfaces[0m
[6.954s] [ 26%] [34m[1mGenerating C++ type support for eProsima Fast-RTPS[0m
[6.954s] [ 29%] [34m[1mGenerating C type support dispatch for ROS interfaces[0m
[6.955s] [ 32%] [34m[1mGenerating C++ type support dispatch for ROS interfaces[0m
[6.955s] [ 35%] [34m[1mGenerating C type support for eProsima Fast-RTPS[0m
[6.955s] [ 38%] [34m[1mGenerating C++ introspection for ROS interfaces[0m
[7.434s] [ 41%] [32mBuilding CXX object CMakeFiles/chapt4_interfaces__rosidl_typesupport_c.dir/rosidl_typesupport_c/chapt4_interfaces/srv/face_detector__type_support.cpp.o[0m
[7.459s] [ 44%] [32mBuilding CXX object CMakeFiles/chapt4_interfaces__rosidl_typesupport_cpp.dir/rosidl_typesupport_cpp/chapt4_interfaces/srv/face_detector__type_support.cpp.o[0m
[7.505s] [ 47%] [32mBuilding C object CMakeFiles/chapt4_interfaces__rosidl_typesupport_introspection_c.dir/rosidl_typesupport_introspection_c/chapt4_interfaces/srv/detail/face_detector__type_support.c.o[0m
[7.522s] [ 50%] [32mBuilding CXX object CMakeFiles/chapt4_interfaces__rosidl_typesupport_introspection_cpp.dir/rosidl_typesupport_introspection_cpp/chapt4_interfaces/srv/detail/face_detector__type_support.cpp.o[0m
[7.533s] [ 52%] [32m[1mLinking CXX shared library libchapt4_interfaces__rosidl_typesupport_c.so[0m
[7.555s] [ 55%] [32mBuilding CXX object CMakeFiles/chapt4_interfaces__rosidl_typesupport_fastrtps_cpp.dir/rosidl_typesupport_fastrtps_cpp/chapt4_interfaces/srv/detail/dds_fastrtps/face_detector__type_support.cpp.o[0m
[7.591s] [ 58%] [32mBuilding CXX object CMakeFiles/chapt4_interfaces__rosidl_typesupport_fastrtps_c.dir/rosidl_typesupport_fastrtps_c/chapt4_interfaces/srv/detail/face_detector__type_support_c.cpp.o[0m
[7.599s] [ 61%] [32m[1mLinking C shared library libchapt4_interfaces__rosidl_typesupport_introspection_c.so[0m
[7.744s] [ 61%] Built target chapt4_interfaces__rosidl_typesupport_c
[7.773s] [ 61%] Built target chapt4_interfaces__rosidl_typesupport_introspection_c
[8.148s] [ 64%] [32m[1mLinking CXX shared library libchapt4_interfaces__rosidl_typesupport_cpp.so[0m
[8.253s] [ 67%] [32m[1mLinking CXX shared library libchapt4_interfaces__rosidl_typesupport_fastrtps_c.so[0m
[8.263s] [ 70%] [32m[1mLinking CXX shared library libchapt4_interfaces__rosidl_typesupport_introspection_cpp.so[0m
[8.342s] [ 70%] Built target chapt4_interfaces__rosidl_typesupport_cpp
[8.402s] [ 70%] Built target chapt4_interfaces__rosidl_typesupport_fastrtps_c
[8.428s] [ 70%] Built target chapt4_interfaces__rosidl_typesupport_introspection_cpp
[8.475s] [ 73%] [32m[1mLinking CXX shared library libchapt4_interfaces__rosidl_typesupport_fastrtps_cpp.so[0m
[8.599s] [ 73%] Built target chapt4_interfaces__rosidl_typesupport_fastrtps_cpp
[8.618s] [ 73%] Built target chapt4_interfaces
[8.636s] [ 76%] [34m[1mGenerating Python code for ROS interfaces[0m
[8.918s] [ 76%] Built target chapt4_interfaces__py
[8.935s] [ 79%] [32mBuilding C object CMakeFiles/chapt4_interfaces__rosidl_generator_py.dir/rosidl_generator_py/chapt4_interfaces/srv/_face_detector_s.c.o[0m
[9.133s] [ 82%] [32m[1mLinking C shared library libchapt4_interfaces__rosidl_generator_py.so[0m
[9.236s] [ 82%] Built target chapt4_interfaces__rosidl_generator_py
[9.257s] [ 88%] [32mBuilding C object CMakeFiles/chapt4_interfaces_s__rosidl_typesupport_c.dir/rosidl_generator_py/chapt4_interfaces/_chapt4_interfaces_s.ep.rosidl_typesupport_c.c.o[0m
[9.257s] [ 88%] [32mBuilding C object CMakeFiles/chapt4_interfaces_s__rosidl_typesupport_fastrtps_c.dir/rosidl_generator_py/chapt4_interfaces/_chapt4_interfaces_s.ep.rosidl_typesupport_fastrtps_c.c.o[0m
[9.257s] [ 91%] [32mBuilding C object CMakeFiles/chapt4_interfaces_s__rosidl_typesupport_introspection_c.dir/rosidl_generator_py/chapt4_interfaces/_chapt4_interfaces_s.ep.rosidl_typesupport_introspection_c.c.o[0m
[9.373s] [ 94%] [32m[1mLinking C shared module rosidl_generator_py/chapt4_interfaces/chapt4_interfaces_s__rosidl_typesupport_c.so[0m
[9.375s] [ 97%] [32m[1mLinking C shared module rosidl_generator_py/chapt4_interfaces/chapt4_interfaces_s__rosidl_typesupport_introspection_c.so[0m
[9.379s] [100%] [32m[1mLinking C shared module rosidl_generator_py/chapt4_interfaces/chapt4_interfaces_s__rosidl_typesupport_fastrtps_c.so[0m
[9.456s] [100%] Built target chapt4_interfaces_s__rosidl_typesupport_introspection_c
[9.459s] [100%] Built target chapt4_interfaces_s__rosidl_typesupport_c
[9.484s] [100%] Built target chapt4_interfaces_s__rosidl_typesupport_fastrtps_c
[9.494s] Invoked command in '/home/rho9/chapt4/chapt4_ws/src/build/chapt4_interfaces' returned '0': CMAKE_PREFIX_PATH=${CMAKE_PREFIX_PATH}:/opt/ros/jazzy /usr/bin/cmake --build /home/rho9/chapt4/chapt4_ws/src/build/chapt4_interfaces -- -j20 -l20
[9.501s] Invoking command in '/home/rho9/chapt4/chapt4_ws/src/build/chapt4_interfaces': CMAKE_PREFIX_PATH=${CMAKE_PREFIX_PATH}:/opt/ros/jazzy /usr/bin/cmake --install /home/rho9/chapt4/chapt4_ws/src/build/chapt4_interfaces
[9.507s] -- Install configuration: ""
[9.508s] -- Installing: /home/rho9/chapt4/chapt4_ws/src/install/chapt4_interfaces/share/ament_index/resource_index/rosidl_interfaces/chapt4_interfaces
[9.508s] -- Installing: /home/rho9/chapt4/chapt4_ws/src/install/chapt4_interfaces/share/chapt4_interfaces/srv/FaceDetector.json
[9.509s] -- Installing: /home/rho9/chapt4/chapt4_ws/src/install/chapt4_interfaces/include/chapt4_interfaces/chapt4_interfaces
[9.509s] -- Installing: /home/rho9/chapt4/chapt4_ws/src/install/chapt4_interfaces/include/chapt4_interfaces/chapt4_interfaces/msg
[9.509s] -- Installing: /home/rho9/chapt4/chapt4_ws/src/install/chapt4_interfaces/include/chapt4_interfaces/chapt4_interfaces/msg/rosidl_generator_c__visibility_control.h
[9.509s] -- Installing: /home/rho9/chapt4/chapt4_ws/src/install/chapt4_interfaces/include/chapt4_interfaces/chapt4_interfaces/srv
[9.510s] -- Installing: /home/rho9/chapt4/chapt4_ws/src/install/chapt4_interfaces/include/chapt4_interfaces/chapt4_interfaces/srv/face_detector.h
[9.510s] -- Installing: /home/rho9/chapt4/chapt4_ws/src/install/chapt4_interfaces/include/chapt4_interfaces/chapt4_interfaces/srv/detail
[9.510s] -- Installing: /home/rho9/chapt4/chapt4_ws/src/install/chapt4_interfaces/include/chapt4_interfaces/chapt4_interfaces/srv/detail/face_detector__struct.h
[9.510s] -- Installing: /home/rho9/chapt4/chapt4_ws/src/install/chapt4_interfaces/include/chapt4_interfaces/chapt4_interfaces/srv/detail/face_detector__type_support.c
[9.510s] -- Installing: /home/rho9/chapt4/chapt4_ws/src/install/chapt4_interfaces/include/chapt4_interfaces/chapt4_interfaces/srv/detail/face_detector__description.c
[9.510s] -- Installing: /home/rho9/chapt4/chapt4_ws/src/install/chapt4_interfaces/include/chapt4_interfaces/chapt4_interfaces/srv/detail/face_detector__functions.c
[9.510s] -- Installing: /home/rho9/chapt4/chapt4_ws/src/install/chapt4_interfaces/include/chapt4_interfaces/chapt4_interfaces/srv/detail/face_detector__functions.h
[9.511s] -- Installing: /home/rho9/chapt4/chapt4_ws/src/install/chapt4_interfaces/include/chapt4_interfaces/chapt4_interfaces/srv/detail/face_detector__type_support.h
[9.511s] -- Installing: /home/rho9/chapt4/chapt4_ws/src/install/chapt4_interfaces/share/chapt4_interfaces/environment/library_path.sh
[9.511s] -- Installing: /home/rho9/chapt4/chapt4_ws/src/install/chapt4_interfaces/share/chapt4_interfaces/environment/library_path.dsv
[9.511s] -- Installing: /home/rho9/chapt4/chapt4_ws/src/install/chapt4_interfaces/lib/libchapt4_interfaces__rosidl_generator_c.so
[9.511s] -- Set non-toolchain portion of runtime path of "/home/rho9/chapt4/chapt4_ws/src/install/chapt4_interfaces/lib/libchapt4_interfaces__rosidl_generator_c.so" to ""
[9.511s] -- Up-to-date: /home/rho9/chapt4/chapt4_ws/src/install/chapt4_interfaces/include/chapt4_interfaces/chapt4_interfaces
[9.512s] -- Up-to-date: /home/rho9/chapt4/chapt4_ws/src/install/chapt4_interfaces/include/chapt4_interfaces/chapt4_interfaces/msg
[9.512s] -- Installing: /home/rho9/chapt4/chapt4_ws/src/install/chapt4_interfaces/include/chapt4_interfaces/chapt4_interfaces/msg/rosidl_typesupport_fastrtps_c__visibility_control.h
[9.512s] -- Up-to-date: /home/rho9/chapt4/chapt4_ws/src/install/chapt4_interfaces/include/chapt4_interfaces/chapt4_interfaces/srv
[9.512s] -- Up-to-date: /home/rho9/chapt4/chapt4_ws/src/install/chapt4_interfaces/include/chapt4_interfaces/chapt4_interfaces/srv/detail
[9.512s] -- Installing: /home/rho9/chapt4/chapt4_ws/src/install/chapt4_interfaces/include/chapt4_interfaces/chapt4_interfaces/srv/detail/face_detector__rosidl_typesupport_fastrtps_c.h
[9.512s] -- Installing: /home/rho9/chapt4/chapt4_ws/src/install/chapt4_interfaces/lib/libchapt4_interfaces__rosidl_typesupport_fastrtps_c.so
[9.513s] -- Set non-toolchain portion of runtime path of "/home/rho9/chapt4/chapt4_ws/src/install/chapt4_interfaces/lib/libchapt4_interfaces__rosidl_typesupport_fastrtps_c.so" to ""
[9.513s] -- Up-to-date: /home/rho9/chapt4/chapt4_ws/src/install/chapt4_interfaces/include/chapt4_interfaces/chapt4_interfaces
[9.513s] -- Up-to-date: /home/rho9/chapt4/chapt4_ws/src/install/chapt4_interfaces/include/chapt4_interfaces/chapt4_interfaces/msg
[9.513s] -- Installing: /home/rho9/chapt4/chapt4_ws/src/install/chapt4_interfaces/include/chapt4_interfaces/chapt4_interfaces/msg/rosidl_typesupport_introspection_c__visibility_control.h
[9.513s] -- Up-to-date: /home/rho9/chapt4/chapt4_ws/src/install/chapt4_interfaces/include/chapt4_interfaces/chapt4_interfaces/srv
[9.513s] -- Up-to-date: /home/rho9/chapt4/chapt4_ws/src/install/chapt4_interfaces/include/chapt4_interfaces/chapt4_interfaces/srv/detail
[9.513s] -- Installing: /home/rho9/chapt4/chapt4_ws/src/install/chapt4_interfaces/include/chapt4_interfaces/chapt4_interfaces/srv/detail/face_detector__rosidl_typesupport_introspection_c.h
[9.513s] -- Installing: /home/rho9/chapt4/chapt4_ws/src/install/chapt4_interfaces/include/chapt4_interfaces/chapt4_interfaces/srv/detail/face_detector__type_support.c
[9.513s] -- Installing: /home/rho9/chapt4/chapt4_ws/src/install/chapt4_interfaces/lib/libchapt4_interfaces__rosidl_typesupport_introspection_c.so
[9.513s] -- Set non-toolchain portion of runtime path of "/home/rho9/chapt4/chapt4_ws/src/install/chapt4_interfaces/lib/libchapt4_interfaces__rosidl_typesupport_introspection_c.so" to ""
[9.514s] -- Installing: /home/rho9/chapt4/chapt4_ws/src/install/chapt4_interfaces/lib/libchapt4_interfaces__rosidl_typesupport_c.so
[9.514s] -- Set non-toolchain portion of runtime path of "/home/rho9/chapt4/chapt4_ws/src/install/chapt4_interfaces/lib/libchapt4_interfaces__rosidl_typesupport_c.so" to ""
[9.514s] -- Up-to-date: /home/rho9/chapt4/chapt4_ws/src/install/chapt4_interfaces/include/chapt4_interfaces/chapt4_interfaces
[9.514s] -- Up-to-date: /home/rho9/chapt4/chapt4_ws/src/install/chapt4_interfaces/include/chapt4_interfaces/chapt4_interfaces/msg
[9.514s] -- Installing: /home/rho9/chapt4/chapt4_ws/src/install/chapt4_interfaces/include/chapt4_interfaces/chapt4_interfaces/msg/rosidl_generator_cpp__visibility_control.hpp
[9.514s] -- Up-to-date: /home/rho9/chapt4/chapt4_ws/src/install/chapt4_interfaces/include/chapt4_interfaces/chapt4_interfaces/srv
[9.514s] -- Up-to-date: /home/rho9/chapt4/chapt4_ws/src/install/chapt4_interfaces/include/chapt4_interfaces/chapt4_interfaces/srv/detail
[9.515s] -- Installing: /home/rho9/chapt4/chapt4_ws/src/install/chapt4_interfaces/include/chapt4_interfaces/chapt4_interfaces/srv/detail/face_detector__type_support.hpp
[9.515s] -- Installing: /home/rho9/chapt4/chapt4_ws/src/install/chapt4_interfaces/include/chapt4_interfaces/chapt4_interfaces/srv/detail/face_detector__traits.hpp
[9.515s] -- Installing: /home/rho9/chapt4/chapt4_ws/src/install/chapt4_interfaces/include/chapt4_interfaces/chapt4_interfaces/srv/detail/face_detector__builder.hpp
[9.515s] -- Installing: /home/rho9/chapt4/chapt4_ws/src/install/chapt4_interfaces/include/chapt4_interfaces/chapt4_interfaces/srv/detail/face_detector__struct.hpp
[9.515s] -- Installing: /home/rho9/chapt4/chapt4_ws/src/install/chapt4_interfaces/include/chapt4_interfaces/chapt4_interfaces/srv/face_detector.hpp
[9.515s] -- Up-to-date: /home/rho9/chapt4/chapt4_ws/src/install/chapt4_interfaces/include/chapt4_interfaces/chapt4_interfaces
[9.515s] -- Up-to-date: /home/rho9/chapt4/chapt4_ws/src/install/chapt4_interfaces/include/chapt4_interfaces/chapt4_interfaces/msg
[9.515s] -- Installing: /home/rho9/chapt4/chapt4_ws/src/install/chapt4_interfaces/include/chapt4_interfaces/chapt4_interfaces/msg/rosidl_typesupport_fastrtps_cpp__visibility_control.h
[9.515s] -- Up-to-date: /home/rho9/chapt4/chapt4_ws/src/install/chapt4_interfaces/include/chapt4_interfaces/chapt4_interfaces/srv
[9.516s] -- Up-to-date: /home/rho9/chapt4/chapt4_ws/src/install/chapt4_interfaces/include/chapt4_interfaces/chapt4_interfaces/srv/detail
[9.516s] -- Installing: /home/rho9/chapt4/chapt4_ws/src/install/chapt4_interfaces/include/chapt4_interfaces/chapt4_interfaces/srv/detail/face_detector__rosidl_typesupport_fastrtps_cpp.hpp
[9.516s] -- Installing: /home/rho9/chapt4/chapt4_ws/src/install/chapt4_interfaces/include/chapt4_interfaces/chapt4_interfaces/srv/detail/dds_fastrtps
[9.516s] -- Installing: /home/rho9/chapt4/chapt4_ws/src/install/chapt4_interfaces/lib/libchapt4_interfaces__rosidl_typesupport_fastrtps_cpp.so
[9.516s] -- Set non-toolchain portion of runtime path of "/home/rho9/chapt4/chapt4_ws/src/install/chapt4_interfaces/lib/libchapt4_interfaces__rosidl_typesupport_fastrtps_cpp.so" to ""
[9.516s] -- Up-to-date: /home/rho9/chapt4/chapt4_ws/src/install/chapt4_interfaces/include/chapt4_interfaces/chapt4_interfaces
[9.516s] -- Up-to-date: /home/rho9/chapt4/chapt4_ws/src/install/chapt4_interfaces/include/chapt4_interfaces/chapt4_interfaces/srv
[9.516s] -- Up-to-date: /home/rho9/chapt4/chapt4_ws/src/install/chapt4_interfaces/include/chapt4_interfaces/chapt4_interfaces/srv/detail
[9.516s] -- Installing: /home/rho9/chapt4/chapt4_ws/src/install/chapt4_interfaces/include/chapt4_interfaces/chapt4_interfaces/srv/detail/face_detector__type_support.cpp
[9.516s] -- Installing: /home/rho9/chapt4/chapt4_ws/src/install/chapt4_interfaces/include/chapt4_interfaces/chapt4_interfaces/srv/detail/face_detector__rosidl_typesupport_introspection_cpp.hpp
[9.517s] -- Installing: /home/rho9/chapt4/chapt4_ws/src/install/chapt4_interfaces/lib/libchapt4_interfaces__rosidl_typesupport_introspection_cpp.so
[9.517s] -- Set non-toolchain portion of runtime path of "/home/rho9/chapt4/chapt4_ws/src/install/chapt4_interfaces/lib/libchapt4_interfaces__rosidl_typesupport_introspection_cpp.so" to ""
[9.517s] -- Installing: /home/rho9/chapt4/chapt4_ws/src/install/chapt4_interfaces/lib/libchapt4_interfaces__rosidl_typesupport_cpp.so
[9.517s] -- Set non-toolchain portion of runtime path of "/home/rho9/chapt4/chapt4_ws/src/install/chapt4_interfaces/lib/libchapt4_interfaces__rosidl_typesupport_cpp.so" to ""
[9.517s] -- Installing: /home/rho9/chapt4/chapt4_ws/src/install/chapt4_interfaces/share/chapt4_interfaces/environment/pythonpath.sh
[9.517s] -- Installing: /home/rho9/chapt4/chapt4_ws/src/install/chapt4_interfaces/share/chapt4_interfaces/environment/pythonpath.dsv
[9.517s] -- Installing: /home/rho9/chapt4/chapt4_ws/src/install/chapt4_interfaces/lib/python3.12/site-packages/chapt4_interfaces-0.0.0-py3.12.egg-info
[9.517s] -- Installing: /home/rho9/chapt4/chapt4_ws/src/install/chapt4_interfaces/lib/python3.12/site-packages/chapt4_interfaces-0.0.0-py3.12.egg-info/PKG-INFO
[9.517s] -- Installing: /home/rho9/chapt4/chapt4_ws/src/install/chapt4_interfaces/lib/python3.12/site-packages/chapt4_interfaces-0.0.0-py3.12.egg-info/SOURCES.txt
[9.518s] -- Installing: /home/rho9/chapt4/chapt4_ws/src/install/chapt4_interfaces/lib/python3.12/site-packages/chapt4_interfaces-0.0.0-py3.12.egg-info/top_level.txt
[9.518s] -- Installing: /home/rho9/chapt4/chapt4_ws/src/install/chapt4_interfaces/lib/python3.12/site-packages/chapt4_interfaces-0.0.0-py3.12.egg-info/dependency_links.txt
[9.518s] -- Installing: /home/rho9/chapt4/chapt4_ws/src/install/chapt4_interfaces/lib/python3.12/site-packages/chapt4_interfaces
[9.518s] -- Installing: /home/rho9/chapt4/chapt4_ws/src/install/chapt4_interfaces/lib/python3.12/site-packages/chapt4_interfaces/chapt4_interfaces_s__rosidl_typesupport_c.so
[9.518s] -- Installing: /home/rho9/chapt4/chapt4_ws/src/install/chapt4_interfaces/lib/python3.12/site-packages/chapt4_interfaces/__init__.py
[9.518s] -- Installing: /home/rho9/chapt4/chapt4_ws/src/install/chapt4_interfaces/lib/python3.12/site-packages/chapt4_interfaces/_chapt4_interfaces_s.ep.rosidl_typesupport_introspection_c.c
[9.518s] -- Installing: /home/rho9/chapt4/chapt4_ws/src/install/chapt4_interfaces/lib/python3.12/site-packages/chapt4_interfaces/srv
[9.518s] -- Installing: /home/rho9/chapt4/chapt4_ws/src/install/chapt4_interfaces/lib/python3.12/site-packages/chapt4_interfaces/srv/_face_detector_s.c
[9.518s] -- Installing: /home/rho9/chapt4/chapt4_ws/src/install/chapt4_interfaces/lib/python3.12/site-packages/chapt4_interfaces/srv/__init__.py
[9.518s] -- Installing: /home/rho9/chapt4/chapt4_ws/src/install/chapt4_interfaces/lib/python3.12/site-packages/chapt4_interfaces/srv/_face_detector.py
[9.519s] -- Installing: /home/rho9/chapt4/chapt4_ws/src/install/chapt4_interfaces/lib/python3.12/site-packages/chapt4_interfaces/chapt4_interfaces_s__rosidl_typesupport_introspection_c.so
[9.519s] -- Installing: /home/rho9/chapt4/chapt4_ws/src/install/chapt4_interfaces/lib/python3.12/site-packages/chapt4_interfaces/_chapt4_interfaces_s.ep.rosidl_typesupport_fastrtps_c.c
[9.519s] -- Installing: /home/rho9/chapt4/chapt4_ws/src/install/chapt4_interfaces/lib/python3.12/site-packages/chapt4_interfaces/_chapt4_interfaces_s.ep.rosidl_typesupport_c.c
[9.519s] -- Installing: /home/rho9/chapt4/chapt4_ws/src/install/chapt4_interfaces/lib/python3.12/site-packages/chapt4_interfaces/chapt4_interfaces_s__rosidl_typesupport_fastrtps_c.so
[9.568s] Listing '/home/rho9/chapt4/chapt4_ws/src/install/chapt4_interfaces/lib/python3.12/site-packages/chapt4_interfaces'...
[9.568s] Compiling '/home/rho9/chapt4/chapt4_ws/src/install/chapt4_interfaces/lib/python3.12/site-packages/chapt4_interfaces/__init__.py'...
[9.568s] Listing '/home/rho9/chapt4/chapt4_ws/src/install/chapt4_interfaces/lib/python3.12/site-packages/chapt4_interfaces/srv'...
[9.568s] Compiling '/home/rho9/chapt4/chapt4_ws/src/install/chapt4_interfaces/lib/python3.12/site-packages/chapt4_interfaces/srv/__init__.py'...
[9.568s] Compiling '/home/rho9/chapt4/chapt4_ws/src/install/chapt4_interfaces/lib/python3.12/site-packages/chapt4_interfaces/srv/_face_detector.py'...
[9.574s] -- Installing: /home/rho9/chapt4/chapt4_ws/src/install/chapt4_interfaces/lib/python3.12/site-packages/chapt4_interfaces/chapt4_interfaces_s__rosidl_typesupport_fastrtps_c.so
[9.574s] -- Set non-toolchain portion of runtime path of "/home/rho9/chapt4/chapt4_ws/src/install/chapt4_interfaces/lib/python3.12/site-packages/chapt4_interfaces/chapt4_interfaces_s__rosidl_typesupport_fastrtps_c.so" to ""
[9.574s] -- Installing: /home/rho9/chapt4/chapt4_ws/src/install/chapt4_interfaces/lib/python3.12/site-packages/chapt4_interfaces/chapt4_interfaces_s__rosidl_typesupport_introspection_c.so
[9.574s] -- Set non-toolchain portion of runtime path of "/home/rho9/chapt4/chapt4_ws/src/install/chapt4_interfaces/lib/python3.12/site-packages/chapt4_interfaces/chapt4_interfaces_s__rosidl_typesupport_introspection_c.so" to ""
[9.574s] -- Installing: /home/rho9/chapt4/chapt4_ws/src/install/chapt4_interfaces/lib/python3.12/site-packages/chapt4_interfaces/chapt4_interfaces_s__rosidl_typesupport_c.so
[9.575s] -- Set non-toolchain portion of runtime path of "/home/rho9/chapt4/chapt4_ws/src/install/chapt4_interfaces/lib/python3.12/site-packages/chapt4_interfaces/chapt4_interfaces_s__rosidl_typesupport_c.so" to ""
[9.575s] -- Installing: /home/rho9/chapt4/chapt4_ws/src/install/chapt4_interfaces/lib/libchapt4_interfaces__rosidl_generator_py.so
[9.575s] -- Set non-toolchain portion of runtime path of "/home/rho9/chapt4/chapt4_ws/src/install/chapt4_interfaces/lib/libchapt4_interfaces__rosidl_generator_py.so" to ""
[9.575s] -- Installing: /home/rho9/chapt4/chapt4_ws/src/install/chapt4_interfaces/share/chapt4_interfaces/srv/FaceDetector.idl
[9.575s] -- Installing: /home/rho9/chapt4/chapt4_ws/src/install/chapt4_interfaces/share/chapt4_interfaces/srv/FaceDetector.srv
[9.576s] -- Installing: /home/rho9/chapt4/chapt4_ws/src/install/chapt4_interfaces/share/ament_index/resource_index/package_run_dependencies/chapt4_interfaces
[9.576s] -- Installing: /home/rho9/chapt4/chapt4_ws/src/install/chapt4_interfaces/share/ament_index/resource_index/parent_prefix_path/chapt4_interfaces
[9.576s] -- Installing: /home/rho9/chapt4/chapt4_ws/src/install/chapt4_interfaces/share/chapt4_interfaces/environment/ament_prefix_path.sh
[9.576s] -- Installing: /home/rho9/chapt4/chapt4_ws/src/install/chapt4_interfaces/share/chapt4_interfaces/environment/ament_prefix_path.dsv
[9.576s] -- Installing: /home/rho9/chapt4/chapt4_ws/src/install/chapt4_interfaces/share/chapt4_interfaces/environment/path.sh
[9.576s] -- Installing: /home/rho9/chapt4/chapt4_ws/src/install/chapt4_interfaces/share/chapt4_interfaces/environment/path.dsv
[9.576s] -- Installing: /home/rho9/chapt4/chapt4_ws/src/install/chapt4_interfaces/share/chapt4_interfaces/local_setup.bash
[9.577s] -- Installing: /home/rho9/chapt4/chapt4_ws/src/install/chapt4_interfaces/share/chapt4_interfaces/local_setup.sh
[9.577s] -- Installing: /home/rho9/chapt4/chapt4_ws/src/install/chapt4_interfaces/share/chapt4_interfaces/local_setup.zsh
[9.577s] -- Installing: /home/rho9/chapt4/chapt4_ws/src/install/chapt4_interfaces/share/chapt4_interfaces/local_setup.dsv
[9.577s] -- Installing: /home/rho9/chapt4/chapt4_ws/src/install/chapt4_interfaces/share/chapt4_interfaces/package.dsv
[9.577s] -- Installing: /home/rho9/chapt4/chapt4_ws/src/install/chapt4_interfaces/share/ament_index/resource_index/packages/chapt4_interfaces
[9.577s] -- Installing: /home/rho9/chapt4/chapt4_ws/src/install/chapt4_interfaces/share/chapt4_interfaces/cmake/export_chapt4_interfaces__rosidl_generator_cExport.cmake
[9.577s] -- Installing: /home/rho9/chapt4/chapt4_ws/src/install/chapt4_interfaces/share/chapt4_interfaces/cmake/export_chapt4_interfaces__rosidl_generator_cExport-noconfig.cmake
[9.578s] -- Installing: /home/rho9/chapt4/chapt4_ws/src/install/chapt4_interfaces/share/chapt4_interfaces/cmake/export_chapt4_interfaces__rosidl_typesupport_fastrtps_cExport.cmake
[9.578s] -- Installing: /home/rho9/chapt4/chapt4_ws/src/install/chapt4_interfaces/share/chapt4_interfaces/cmake/export_chapt4_interfaces__rosidl_typesupport_fastrtps_cExport-noconfig.cmake
[9.578s] -- Installing: /home/rho9/chapt4/chapt4_ws/src/install/chapt4_interfaces/share/chapt4_interfaces/cmake/chapt4_interfaces__rosidl_typesupport_introspection_cExport.cmake
[9.578s] -- Installing: /home/rho9/chapt4/chapt4_ws/src/install/chapt4_interfaces/share/chapt4_interfaces/cmake/chapt4_interfaces__rosidl_typesupport_introspection_cExport-noconfig.cmake
[9.578s] -- Installing: /home/rho9/chapt4/chapt4_ws/src/install/chapt4_interfaces/share/chapt4_interfaces/cmake/chapt4_interfaces__rosidl_typesupport_cExport.cmake
[9.578s] -- Installing: /home/rho9/chapt4/chapt4_ws/src/install/chapt4_interfaces/share/chapt4_interfaces/cmake/chapt4_interfaces__rosidl_typesupport_cExport-noconfig.cmake
[9.579s] -- Installing: /home/rho9/chapt4/chapt4_ws/src/install/chapt4_interfaces/share/chapt4_interfaces/cmake/export_chapt4_interfaces__rosidl_generator_cppExport.cmake
[9.579s] -- Installing: /home/rho9/chapt4/chapt4_ws/src/install/chapt4_interfaces/share/chapt4_interfaces/cmake/export_chapt4_interfaces__rosidl_typesupport_fastrtps_cppExport.cmake
[9.579s] -- Installing: /home/rho9/chapt4/chapt4_ws/src/install/chapt4_interfaces/share/chapt4_interfaces/cmake/export_chapt4_interfaces__rosidl_typesupport_fastrtps_cppExport-noconfig.cmake
[9.579s] -- Installing: /home/rho9/chapt4/chapt4_ws/src/install/chapt4_interfaces/share/chapt4_interfaces/cmake/chapt4_interfaces__rosidl_typesupport_introspection_cppExport.cmake
[9.579s] -- Installing: /home/rho9/chapt4/chapt4_ws/src/install/chapt4_interfaces/share/chapt4_interfaces/cmake/chapt4_interfaces__rosidl_typesupport_introspection_cppExport-noconfig.cmake
[9.580s] -- Installing: /home/rho9/chapt4/chapt4_ws/src/install/chapt4_interfaces/share/chapt4_interfaces/cmake/chapt4_interfaces__rosidl_typesupport_cppExport.cmake
[9.580s] -- Installing: /home/rho9/chapt4/chapt4_ws/src/install/chapt4_interfaces/share/chapt4_interfaces/cmake/chapt4_interfaces__rosidl_typesupport_cppExport-noconfig.cmake
[9.580s] -- Installing: /home/rho9/chapt4/chapt4_ws/src/install/chapt4_interfaces/share/chapt4_interfaces/cmake/export_chapt4_interfaces__rosidl_generator_pyExport.cmake
[9.580s] -- Installing: /home/rho9/chapt4/chapt4_ws/src/install/chapt4_interfaces/share/chapt4_interfaces/cmake/export_chapt4_interfaces__rosidl_generator_pyExport-noconfig.cmake
[9.580s] -- Installing: /home/rho9/chapt4/chapt4_ws/src/install/chapt4_interfaces/share/chapt4_interfaces/cmake/rosidl_cmake-extras.cmake
[9.581s] -- Installing: /home/rho9/chapt4/chapt4_ws/src/install/chapt4_interfaces/share/chapt4_interfaces/cmake/ament_cmake_export_dependencies-extras.cmake
[9.581s] -- Installing: /home/rho9/chapt4/chapt4_ws/src/install/chapt4_interfaces/share/chapt4_interfaces/cmake/ament_cmake_export_include_directories-extras.cmake
[9.581s] -- Installing: /home/rho9/chapt4/chapt4_ws/src/install/chapt4_interfaces/share/chapt4_interfaces/cmake/ament_cmake_export_libraries-extras.cmake
[9.581s] -- Installing: /home/rho9/chapt4/chapt4_ws/src/install/chapt4_interfaces/share/chapt4_interfaces/cmake/ament_cmake_export_targets-extras.cmake
[9.581s] -- Installing: /home/rho9/chapt4/chapt4_ws/src/install/chapt4_interfaces/share/chapt4_interfaces/cmake/rosidl_cmake_export_typesupport_targets-extras.cmake
[9.581s] -- Installing: /home/rho9/chapt4/chapt4_ws/src/install/chapt4_interfaces/share/chapt4_interfaces/cmake/rosidl_cmake_export_typesupport_libraries-extras.cmake
[9.581s] -- Installing: /home/rho9/chapt4/chapt4_ws/src/install/chapt4_interfaces/share/chapt4_interfaces/cmake/chapt4_interfacesConfig.cmake
[9.581s] -- Installing: /home/rho9/chapt4/chapt4_ws/src/install/chapt4_interfaces/share/chapt4_interfaces/cmake/chapt4_interfacesConfig-version.cmake
[9.581s] -- Installing: /home/rho9/chapt4/chapt4_ws/src/install/chapt4_interfaces/share/chapt4_interfaces/package.xml
[9.583s] Invoked command in '/home/rho9/chapt4/chapt4_ws/src/build/chapt4_interfaces' returned '0': CMAKE_PREFIX_PATH=${CMAKE_PREFIX_PATH}:/opt/ros/jazzy /usr/bin/cmake --install /home/rho9/chapt4/chapt4_ws/src/build/chapt4_interfaces
