[0.033s] Invoking command in '/home/rho922/chapt7/chapt7_ws/build/autopartol_interfaces': CMAKE_PREFIX_PATH=/opt/ros/humble /usr/bin/cmake --build /home/rho922/chapt7/chapt7_ws/build/autopartol_interfaces -- -j20 -l20
[0.511s] [  3%] Built target autopartol_interfaces__cpp
[0.512s] [ 12%] Built target autopartol_interfaces__rosidl_generator_c
[0.512s] [ 15%] Built target autopartol_interfaces__rs
[0.512s] [ 15%] Built target ament_cmake_python_copy_autopartol_interfaces
[0.512s] [ 34%] Built target autopartol_interfaces__rosidl_typesupport_introspection_cpp
[0.512s] [ 34%] Built target autopartol_interfaces__rosidl_typesupport_fastrtps_cpp
[0.512s] [ 43%] Built target autopartol_interfaces__rosidl_typesupport_introspection_c
[0.512s] [ 53%] Built target autopartol_interfaces__rosidl_typesupport_fastrtps_c
[0.513s] [ 62%] Built target autopartol_interfaces__rosidl_typesupport_c
[0.513s] [ 71%] Built target autopartol_interfaces__rosidl_typesupport_cpp
[0.513s] [ 71%] Built target autopartol_interfaces
[0.513s] [ 75%] Built target autopartol_interfaces__py
[0.513s] [ 81%] Built target autopartol_interfaces__rosidl_generator_py
[0.513s] [ 90%] Built target autopartol_interfaces__rosidl_typesupport_c__pyext
[0.513s] [ 93%] Built target autopartol_interfaces__rosidl_typesupport_fastrtps_c__pyext
[0.513s] [100%] Built target autopartol_interfaces__rosidl_typesupport_introspection_c__pyext
[0.513s] running egg_info
[0.513s] writing autopartol_interfaces.egg-info/PKG-INFO
[0.513s] writing dependency_links to autopartol_interfaces.egg-info/dependency_links.txt
[0.513s] writing top-level names to autopartol_interfaces.egg-info/top_level.txt
[0.513s] reading manifest file 'autopartol_interfaces.egg-info/SOURCES.txt'
[0.513s] writing manifest file 'autopartol_interfaces.egg-info/SOURCES.txt'
[0.513s] [100%] Built target ament_cmake_python_build_autopartol_interfaces_egg
[0.518s] Invoked command in '/home/rho922/chapt7/chapt7_ws/build/autopartol_interfaces' returned '0': CMAKE_PREFIX_PATH=/opt/ros/humble /usr/bin/cmake --build /home/rho922/chapt7/chapt7_ws/build/autopartol_interfaces -- -j20 -l20
[0.527s] Invoking command in '/home/rho922/chapt7/chapt7_ws/build/autopartol_interfaces': CMAKE_PREFIX_PATH=/opt/ros/humble /usr/bin/cmake --install /home/rho922/chapt7/chapt7_ws/build/autopartol_interfaces
[0.535s] -- Install configuration: ""
[0.536s] -- Up-to-date: /home/rho922/chapt7/chapt7_ws/install/autopartol_interfaces/share/ament_index/resource_index/rosidl_interfaces/autopartol_interfaces
[0.536s] -- Up-to-date: /home/rho922/chapt7/chapt7_ws/install/autopartol_interfaces/include/autopartol_interfaces/autopartol_interfaces
[0.537s] -- Up-to-date: /home/rho922/chapt7/chapt7_ws/install/autopartol_interfaces/include/autopartol_interfaces/autopartol_interfaces/srv
[0.537s] -- Up-to-date: /home/rho922/chapt7/chapt7_ws/install/autopartol_interfaces/include/autopartol_interfaces/autopartol_interfaces/srv/speech_text.h
[0.537s] -- Up-to-date: /home/rho922/chapt7/chapt7_ws/install/autopartol_interfaces/include/autopartol_interfaces/autopartol_interfaces/srv/detail
[0.538s] -- Up-to-date: /home/rho922/chapt7/chapt7_ws/install/autopartol_interfaces/include/autopartol_interfaces/autopartol_interfaces/srv/detail/speech_text__functions.h
[0.538s] -- Up-to-date: /home/rho922/chapt7/chapt7_ws/install/autopartol_interfaces/include/autopartol_interfaces/autopartol_interfaces/srv/detail/speech_text__functions.c
[0.538s] -- Up-to-date: /home/rho922/chapt7/chapt7_ws/install/autopartol_interfaces/include/autopartol_interfaces/autopartol_interfaces/srv/detail/speech_text__type_support.h
[0.538s] -- Up-to-date: /home/rho922/chapt7/chapt7_ws/install/autopartol_interfaces/include/autopartol_interfaces/autopartol_interfaces/srv/detail/speech_text__struct.h
[0.538s] -- Up-to-date: /home/rho922/chapt7/chapt7_ws/install/autopartol_interfaces/include/autopartol_interfaces/autopartol_interfaces/msg
[0.538s] -- Up-to-date: /home/rho922/chapt7/chapt7_ws/install/autopartol_interfaces/include/autopartol_interfaces/autopartol_interfaces/msg/rosidl_generator_c__visibility_control.h
[0.538s] -- Up-to-date: /home/rho922/chapt7/chapt7_ws/install/autopartol_interfaces/share/autopartol_interfaces/environment/library_path.sh
[0.538s] -- Up-to-date: /home/rho922/chapt7/chapt7_ws/install/autopartol_interfaces/share/autopartol_interfaces/environment/library_path.dsv
[0.542s] -- Up-to-date: /home/rho922/chapt7/chapt7_ws/install/autopartol_interfaces/lib/libautopartol_interfaces__rosidl_generator_c.so
[0.542s] -- Up-to-date: /home/rho922/chapt7/chapt7_ws/install/autopartol_interfaces/include/autopartol_interfaces/autopartol_interfaces
[0.542s] -- Up-to-date: /home/rho922/chapt7/chapt7_ws/install/autopartol_interfaces/include/autopartol_interfaces/autopartol_interfaces/srv
[0.543s] -- Up-to-date: /home/rho922/chapt7/chapt7_ws/install/autopartol_interfaces/include/autopartol_interfaces/autopartol_interfaces/srv/detail
[0.545s] -- Up-to-date: /home/rho922/chapt7/chapt7_ws/install/autopartol_interfaces/include/autopartol_interfaces/autopartol_interfaces/srv/detail/speech_text__rosidl_typesupport_fastrtps_c.h
[0.545s] -- Up-to-date: /home/rho922/chapt7/chapt7_ws/install/autopartol_interfaces/include/autopartol_interfaces/autopartol_interfaces/msg
[0.545s] -- Up-to-date: /home/rho922/chapt7/chapt7_ws/install/autopartol_interfaces/include/autopartol_interfaces/autopartol_interfaces/msg/rosidl_typesupport_fastrtps_c__visibility_control.h
[0.548s] -- Up-to-date: /home/rho922/chapt7/chapt7_ws/install/autopartol_interfaces/lib/libautopartol_interfaces__rosidl_typesupport_fastrtps_c.so
[0.550s] -- Up-to-date: /home/rho922/chapt7/chapt7_ws/install/autopartol_interfaces/include/autopartol_interfaces/autopartol_interfaces
[0.551s] -- Up-to-date: /home/rho922/chapt7/chapt7_ws/install/autopartol_interfaces/include/autopartol_interfaces/autopartol_interfaces/srv
[0.551s] -- Up-to-date: /home/rho922/chapt7/chapt7_ws/install/autopartol_interfaces/include/autopartol_interfaces/autopartol_interfaces/srv/detail
[0.551s] -- Up-to-date: /home/rho922/chapt7/chapt7_ws/install/autopartol_interfaces/include/autopartol_interfaces/autopartol_interfaces/srv/detail/speech_text__rosidl_typesupport_introspection_c.h
[0.552s] -- Up-to-date: /home/rho922/chapt7/chapt7_ws/install/autopartol_interfaces/include/autopartol_interfaces/autopartol_interfaces/srv/detail/speech_text__type_support.c
[0.554s] -- Up-to-date: /home/rho922/chapt7/chapt7_ws/install/autopartol_interfaces/include/autopartol_interfaces/autopartol_interfaces/msg
[0.555s] -- Up-to-date: /home/rho922/chapt7/chapt7_ws/install/autopartol_interfaces/include/autopartol_interfaces/autopartol_interfaces/msg/rosidl_typesupport_introspection_c__visibility_control.h
[0.555s] -- Up-to-date: /home/rho922/chapt7/chapt7_ws/install/autopartol_interfaces/lib/libautopartol_interfaces__rosidl_typesupport_introspection_c.so
[0.555s] -- Up-to-date: /home/rho922/chapt7/chapt7_ws/install/autopartol_interfaces/lib/libautopartol_interfaces__rosidl_typesupport_c.so
[0.555s] -- Up-to-date: /home/rho922/chapt7/chapt7_ws/install/autopartol_interfaces/include/autopartol_interfaces/autopartol_interfaces
[0.558s] -- Up-to-date: /home/rho922/chapt7/chapt7_ws/install/autopartol_interfaces/include/autopartol_interfaces/autopartol_interfaces/srv
[0.559s] -- Up-to-date: /home/rho922/chapt7/chapt7_ws/install/autopartol_interfaces/include/autopartol_interfaces/autopartol_interfaces/srv/speech_text.hpp
[0.561s] -- Up-to-date: /home/rho922/chapt7/chapt7_ws/install/autopartol_interfaces/include/autopartol_interfaces/autopartol_interfaces/srv/detail
[0.562s] -- Up-to-date: /home/rho922/chapt7/chapt7_ws/install/autopartol_interfaces/include/autopartol_interfaces/autopartol_interfaces/srv/detail/speech_text__struct.hpp
[0.563s] -- Up-to-date: /home/rho922/chapt7/chapt7_ws/install/autopartol_interfaces/include/autopartol_interfaces/autopartol_interfaces/srv/detail/speech_text__traits.hpp
[0.563s] -- Up-to-date: /home/rho922/chapt7/chapt7_ws/install/autopartol_interfaces/include/autopartol_interfaces/autopartol_interfaces/srv/detail/speech_text__type_support.hpp
[0.563s] -- Up-to-date: /home/rho922/chapt7/chapt7_ws/install/autopartol_interfaces/include/autopartol_interfaces/autopartol_interfaces/srv/detail/speech_text__builder.hpp
[0.564s] -- Up-to-date: /home/rho922/chapt7/chapt7_ws/install/autopartol_interfaces/include/autopartol_interfaces/autopartol_interfaces/msg
[0.564s] -- Up-to-date: /home/rho922/chapt7/chapt7_ws/install/autopartol_interfaces/include/autopartol_interfaces/autopartol_interfaces/msg/rosidl_generator_cpp__visibility_control.hpp
[0.564s] -- Up-to-date: /home/rho922/chapt7/chapt7_ws/install/autopartol_interfaces/include/autopartol_interfaces/autopartol_interfaces
[0.564s] -- Up-to-date: /home/rho922/chapt7/chapt7_ws/install/autopartol_interfaces/include/autopartol_interfaces/autopartol_interfaces/srv
[0.564s] -- Up-to-date: /home/rho922/chapt7/chapt7_ws/install/autopartol_interfaces/include/autopartol_interfaces/autopartol_interfaces/srv/detail
[0.564s] -- Up-to-date: /home/rho922/chapt7/chapt7_ws/install/autopartol_interfaces/include/autopartol_interfaces/autopartol_interfaces/srv/detail/speech_text__rosidl_typesupport_fastrtps_cpp.hpp
[0.564s] -- Up-to-date: /home/rho922/chapt7/chapt7_ws/install/autopartol_interfaces/include/autopartol_interfaces/autopartol_interfaces/srv/detail/dds_fastrtps
[0.565s] -- Up-to-date: /home/rho922/chapt7/chapt7_ws/install/autopartol_interfaces/include/autopartol_interfaces/autopartol_interfaces/msg
[0.565s] -- Up-to-date: /home/rho922/chapt7/chapt7_ws/install/autopartol_interfaces/include/autopartol_interfaces/autopartol_interfaces/msg/rosidl_typesupport_fastrtps_cpp__visibility_control.h
[0.565s] -- Up-to-date: /home/rho922/chapt7/chapt7_ws/install/autopartol_interfaces/lib/libautopartol_interfaces__rosidl_typesupport_fastrtps_cpp.so
[0.565s] -- Up-to-date: /home/rho922/chapt7/chapt7_ws/install/autopartol_interfaces/include/autopartol_interfaces/autopartol_interfaces
[0.566s] -- Up-to-date: /home/rho922/chapt7/chapt7_ws/install/autopartol_interfaces/include/autopartol_interfaces/autopartol_interfaces/srv
[0.566s] -- Up-to-date: /home/rho922/chapt7/chapt7_ws/install/autopartol_interfaces/include/autopartol_interfaces/autopartol_interfaces/srv/detail
[0.566s] -- Up-to-date: /home/rho922/chapt7/chapt7_ws/install/autopartol_interfaces/include/autopartol_interfaces/autopartol_interfaces/srv/detail/speech_text__type_support.cpp
[0.566s] -- Up-to-date: /home/rho922/chapt7/chapt7_ws/install/autopartol_interfaces/include/autopartol_interfaces/autopartol_interfaces/srv/detail/speech_text__rosidl_typesupport_introspection_cpp.hpp
[0.567s] -- Up-to-date: /home/rho922/chapt7/chapt7_ws/install/autopartol_interfaces/lib/libautopartol_interfaces__rosidl_typesupport_introspection_cpp.so
[0.569s] -- Up-to-date: /home/rho922/chapt7/chapt7_ws/install/autopartol_interfaces/lib/libautopartol_interfaces__rosidl_typesupport_cpp.so
[0.571s] -- Up-to-date: /home/rho922/chapt7/chapt7_ws/install/autopartol_interfaces/share/autopartol_interfaces/environment/pythonpath.sh
[0.572s] -- Up-to-date: /home/rho922/chapt7/chapt7_ws/install/autopartol_interfaces/share/autopartol_interfaces/environment/pythonpath.dsv
[0.573s] -- Up-to-date: /home/rho922/chapt7/chapt7_ws/install/autopartol_interfaces/local/lib/python3.10/dist-packages/autopartol_interfaces-0.0.0-py3.10.egg-info
[0.573s] -- Installing: /home/rho922/chapt7/chapt7_ws/install/autopartol_interfaces/local/lib/python3.10/dist-packages/autopartol_interfaces-0.0.0-py3.10.egg-info/SOURCES.txt
[0.573s] -- Installing: /home/rho922/chapt7/chapt7_ws/install/autopartol_interfaces/local/lib/python3.10/dist-packages/autopartol_interfaces-0.0.0-py3.10.egg-info/top_level.txt
[0.578s] -- Installing: /home/rho922/chapt7/chapt7_ws/install/autopartol_interfaces/local/lib/python3.10/dist-packages/autopartol_interfaces-0.0.0-py3.10.egg-info/dependency_links.txt
[0.578s] -- Installing: /home/rho922/chapt7/chapt7_ws/install/autopartol_interfaces/local/lib/python3.10/dist-packages/autopartol_interfaces-0.0.0-py3.10.egg-info/PKG-INFO
[0.578s] -- Up-to-date: /home/rho922/chapt7/chapt7_ws/install/autopartol_interfaces/local/lib/python3.10/dist-packages/autopartol_interfaces
[0.578s] -- Up-to-date: /home/rho922/chapt7/chapt7_ws/install/autopartol_interfaces/local/lib/python3.10/dist-packages/autopartol_interfaces/_autopartol_interfaces_s.ep.rosidl_typesupport_introspection_c.c
[0.578s] -- Up-to-date: /home/rho922/chapt7/chapt7_ws/install/autopartol_interfaces/local/lib/python3.10/dist-packages/autopartol_interfaces/srv
[0.578s] -- Up-to-date: /home/rho922/chapt7/chapt7_ws/install/autopartol_interfaces/local/lib/python3.10/dist-packages/autopartol_interfaces/srv/_speech_text_s.c
[0.579s] -- Up-to-date: /home/rho922/chapt7/chapt7_ws/install/autopartol_interfaces/local/lib/python3.10/dist-packages/autopartol_interfaces/srv/__init__.py
[0.579s] -- Up-to-date: /home/rho922/chapt7/chapt7_ws/install/autopartol_interfaces/local/lib/python3.10/dist-packages/autopartol_interfaces/srv/_speech_text.py
[0.579s] -- Up-to-date: /home/rho922/chapt7/chapt7_ws/install/autopartol_interfaces/local/lib/python3.10/dist-packages/autopartol_interfaces/libautopartol_interfaces__rosidl_generator_py.so
[0.579s] -- Up-to-date: /home/rho922/chapt7/chapt7_ws/install/autopartol_interfaces/local/lib/python3.10/dist-packages/autopartol_interfaces/__init__.py
[0.580s] -- Up-to-date: /home/rho922/chapt7/chapt7_ws/install/autopartol_interfaces/local/lib/python3.10/dist-packages/autopartol_interfaces/autopartol_interfaces_s__rosidl_typesupport_fastrtps_c.cpython-310-x86_64-linux-gnu.so
[0.580s] -- Up-to-date: /home/rho922/chapt7/chapt7_ws/install/autopartol_interfaces/local/lib/python3.10/dist-packages/autopartol_interfaces/_autopartol_interfaces_s.ep.rosidl_typesupport_c.c
[0.580s] -- Up-to-date: /home/rho922/chapt7/chapt7_ws/install/autopartol_interfaces/local/lib/python3.10/dist-packages/autopartol_interfaces/autopartol_interfaces_s__rosidl_typesupport_introspection_c.cpython-310-x86_64-linux-gnu.so
[0.581s] -- Up-to-date: /home/rho922/chapt7/chapt7_ws/install/autopartol_interfaces/local/lib/python3.10/dist-packages/autopartol_interfaces/autopartol_interfaces_s__rosidl_typesupport_c.cpython-310-x86_64-linux-gnu.so
[0.581s] -- Up-to-date: /home/rho922/chapt7/chapt7_ws/install/autopartol_interfaces/local/lib/python3.10/dist-packages/autopartol_interfaces/_autopartol_interfaces_s.ep.rosidl_typesupport_fastrtps_c.c
[0.602s] Listing '/home/rho922/chapt7/chapt7_ws/install/autopartol_interfaces/local/lib/python3.10/dist-packages/autopartol_interfaces'...
[0.603s] Listing '/home/rho922/chapt7/chapt7_ws/install/autopartol_interfaces/local/lib/python3.10/dist-packages/autopartol_interfaces/srv'...
[0.607s] -- Up-to-date: /home/rho922/chapt7/chapt7_ws/install/autopartol_interfaces/local/lib/python3.10/dist-packages/autopartol_interfaces/autopartol_interfaces_s__rosidl_typesupport_fastrtps_c.cpython-310-x86_64-linux-gnu.so
[0.608s] -- Up-to-date: /home/rho922/chapt7/chapt7_ws/install/autopartol_interfaces/local/lib/python3.10/dist-packages/autopartol_interfaces/autopartol_interfaces_s__rosidl_typesupport_introspection_c.cpython-310-x86_64-linux-gnu.so
[0.609s] -- Up-to-date: /home/rho922/chapt7/chapt7_ws/install/autopartol_interfaces/local/lib/python3.10/dist-packages/autopartol_interfaces/autopartol_interfaces_s__rosidl_typesupport_c.cpython-310-x86_64-linux-gnu.so
[0.611s] -- Up-to-date: /home/rho922/chapt7/chapt7_ws/install/autopartol_interfaces/lib/libautopartol_interfaces__rosidl_generator_py.so
[0.611s] -- Up-to-date: /home/rho922/chapt7/chapt7_ws/install/autopartol_interfaces/share/ament_index/resource_index/rust_packages/autopartol_interfaces
[0.613s] -- Up-to-date: /home/rho922/chapt7/chapt7_ws/install/autopartol_interfaces/share/autopartol_interfaces/rust
[0.614s] -- Up-to-date: /home/rho922/chapt7/chapt7_ws/install/autopartol_interfaces/share/autopartol_interfaces/rust/src
[0.614s] -- Up-to-date: /home/rho922/chapt7/chapt7_ws/install/autopartol_interfaces/share/autopartol_interfaces/rust/src/srv.rs
[0.614s] -- Up-to-date: /home/rho922/chapt7/chapt7_ws/install/autopartol_interfaces/share/autopartol_interfaces/rust/src/srv
[0.614s] -- Up-to-date: /home/rho922/chapt7/chapt7_ws/install/autopartol_interfaces/share/autopartol_interfaces/rust/src/srv/rmw.rs
[0.615s] -- Up-to-date: /home/rho922/chapt7/chapt7_ws/install/autopartol_interfaces/share/autopartol_interfaces/rust/src/lib.rs
[0.615s] -- Up-to-date: /home/rho922/chapt7/chapt7_ws/install/autopartol_interfaces/share/autopartol_interfaces/rust/build.rs
[0.616s] -- Up-to-date: /home/rho922/chapt7/chapt7_ws/install/autopartol_interfaces/share/autopartol_interfaces/rust/Cargo.toml
[0.616s] -- Up-to-date: /home/rho922/chapt7/chapt7_ws/install/autopartol_interfaces/share/autopartol_interfaces/srv/SpeechText.idl
[0.616s] -- Up-to-date: /home/rho922/chapt7/chapt7_ws/install/autopartol_interfaces/share/autopartol_interfaces/srv/SpeechText.srv
[0.617s] -- Up-to-date: /home/rho922/chapt7/chapt7_ws/install/autopartol_interfaces/share/autopartol_interfaces/srv/SpeechText_Request.msg
[0.617s] -- Up-to-date: /home/rho922/chapt7/chapt7_ws/install/autopartol_interfaces/share/autopartol_interfaces/srv/SpeechText_Response.msg
[0.618s] -- Up-to-date: /home/rho922/chapt7/chapt7_ws/install/autopartol_interfaces/share/ament_index/resource_index/package_run_dependencies/autopartol_interfaces
[0.619s] -- Up-to-date: /home/rho922/chapt7/chapt7_ws/install/autopartol_interfaces/share/ament_index/resource_index/parent_prefix_path/autopartol_interfaces
[0.619s] -- Up-to-date: /home/rho922/chapt7/chapt7_ws/install/autopartol_interfaces/share/autopartol_interfaces/environment/ament_prefix_path.sh
[0.619s] -- Up-to-date: /home/rho922/chapt7/chapt7_ws/install/autopartol_interfaces/share/autopartol_interfaces/environment/ament_prefix_path.dsv
[0.619s] -- Up-to-date: /home/rho922/chapt7/chapt7_ws/install/autopartol_interfaces/share/autopartol_interfaces/environment/path.sh
[0.620s] -- Up-to-date: /home/rho922/chapt7/chapt7_ws/install/autopartol_interfaces/share/autopartol_interfaces/environment/path.dsv
[0.620s] -- Up-to-date: /home/rho922/chapt7/chapt7_ws/install/autopartol_interfaces/share/autopartol_interfaces/local_setup.bash
[0.620s] -- Up-to-date: /home/rho922/chapt7/chapt7_ws/install/autopartol_interfaces/share/autopartol_interfaces/local_setup.sh
[0.622s] -- Up-to-date: /home/rho922/chapt7/chapt7_ws/install/autopartol_interfaces/share/autopartol_interfaces/local_setup.zsh
[0.623s] -- Up-to-date: /home/rho922/chapt7/chapt7_ws/install/autopartol_interfaces/share/autopartol_interfaces/local_setup.dsv
[0.623s] -- Installing: /home/rho922/chapt7/chapt7_ws/install/autopartol_interfaces/share/autopartol_interfaces/package.dsv
[0.623s] -- Up-to-date: /home/rho922/chapt7/chapt7_ws/install/autopartol_interfaces/share/ament_index/resource_index/packages/autopartol_interfaces
[0.624s] -- Up-to-date: /home/rho922/chapt7/chapt7_ws/install/autopartol_interfaces/share/autopartol_interfaces/cmake/export_autopartol_interfaces__rosidl_generator_cExport.cmake
[0.624s] -- Up-to-date: /home/rho922/chapt7/chapt7_ws/install/autopartol_interfaces/share/autopartol_interfaces/cmake/export_autopartol_interfaces__rosidl_generator_cExport-noconfig.cmake
[0.625s] -- Up-to-date: /home/rho922/chapt7/chapt7_ws/install/autopartol_interfaces/share/autopartol_interfaces/cmake/export_autopartol_interfaces__rosidl_typesupport_fastrtps_cExport.cmake
[0.625s] -- Up-to-date: /home/rho922/chapt7/chapt7_ws/install/autopartol_interfaces/share/autopartol_interfaces/cmake/export_autopartol_interfaces__rosidl_typesupport_fastrtps_cExport-noconfig.cmake
[0.625s] -- Up-to-date: /home/rho922/chapt7/chapt7_ws/install/autopartol_interfaces/share/autopartol_interfaces/cmake/autopartol_interfaces__rosidl_typesupport_introspection_cExport.cmake
[0.626s] -- Up-to-date: /home/rho922/chapt7/chapt7_ws/install/autopartol_interfaces/share/autopartol_interfaces/cmake/autopartol_interfaces__rosidl_typesupport_introspection_cExport-noconfig.cmake
[0.626s] -- Up-to-date: /home/rho922/chapt7/chapt7_ws/install/autopartol_interfaces/share/autopartol_interfaces/cmake/autopartol_interfaces__rosidl_typesupport_cExport.cmake
[0.626s] -- Up-to-date: /home/rho922/chapt7/chapt7_ws/install/autopartol_interfaces/share/autopartol_interfaces/cmake/autopartol_interfaces__rosidl_typesupport_cExport-noconfig.cmake
[0.626s] -- Up-to-date: /home/rho922/chapt7/chapt7_ws/install/autopartol_interfaces/share/autopartol_interfaces/cmake/export_autopartol_interfaces__rosidl_generator_cppExport.cmake
[0.626s] -- Up-to-date: /home/rho922/chapt7/chapt7_ws/install/autopartol_interfaces/share/autopartol_interfaces/cmake/export_autopartol_interfaces__rosidl_typesupport_fastrtps_cppExport.cmake
[0.627s] -- Up-to-date: /home/rho922/chapt7/chapt7_ws/install/autopartol_interfaces/share/autopartol_interfaces/cmake/export_autopartol_interfaces__rosidl_typesupport_fastrtps_cppExport-noconfig.cmake
[0.627s] -- Up-to-date: /home/rho922/chapt7/chapt7_ws/install/autopartol_interfaces/share/autopartol_interfaces/cmake/autopartol_interfaces__rosidl_typesupport_introspection_cppExport.cmake
[0.627s] -- Up-to-date: /home/rho922/chapt7/chapt7_ws/install/autopartol_interfaces/share/autopartol_interfaces/cmake/autopartol_interfaces__rosidl_typesupport_introspection_cppExport-noconfig.cmake
[0.627s] -- Up-to-date: /home/rho922/chapt7/chapt7_ws/install/autopartol_interfaces/share/autopartol_interfaces/cmake/autopartol_interfaces__rosidl_typesupport_cppExport.cmake
[0.627s] -- Up-to-date: /home/rho922/chapt7/chapt7_ws/install/autopartol_interfaces/share/autopartol_interfaces/cmake/autopartol_interfaces__rosidl_typesupport_cppExport-noconfig.cmake
[0.628s] -- Up-to-date: /home/rho922/chapt7/chapt7_ws/install/autopartol_interfaces/share/autopartol_interfaces/cmake/export_autopartol_interfaces__rosidl_generator_pyExport.cmake
[0.628s] -- Up-to-date: /home/rho922/chapt7/chapt7_ws/install/autopartol_interfaces/share/autopartol_interfaces/cmake/export_autopartol_interfaces__rosidl_generator_pyExport-noconfig.cmake
[0.628s] -- Up-to-date: /home/rho922/chapt7/chapt7_ws/install/autopartol_interfaces/share/autopartol_interfaces/cmake/rosidl_cmake-extras.cmake
[0.629s] -- Up-to-date: /home/rho922/chapt7/chapt7_ws/install/autopartol_interfaces/share/autopartol_interfaces/cmake/ament_cmake_export_include_directories-extras.cmake
[0.629s] -- Up-to-date: /home/rho922/chapt7/chapt7_ws/install/autopartol_interfaces/share/autopartol_interfaces/cmake/ament_cmake_export_libraries-extras.cmake
[0.629s] -- Up-to-date: /home/rho922/chapt7/chapt7_ws/install/autopartol_interfaces/share/autopartol_interfaces/cmake/ament_cmake_export_targets-extras.cmake
[0.629s] -- Up-to-date: /home/rho922/chapt7/chapt7_ws/install/autopartol_interfaces/share/autopartol_interfaces/cmake/rosidl_cmake_export_typesupport_targets-extras.cmake
[0.629s] -- Up-to-date: /home/rho922/chapt7/chapt7_ws/install/autopartol_interfaces/share/autopartol_interfaces/cmake/ament_cmake_export_dependencies-extras.cmake
[0.629s] -- Up-to-date: /home/rho922/chapt7/chapt7_ws/install/autopartol_interfaces/share/autopartol_interfaces/cmake/rosidl_cmake_export_typesupport_libraries-extras.cmake
[0.630s] -- Up-to-date: /home/rho922/chapt7/chapt7_ws/install/autopartol_interfaces/share/autopartol_interfaces/cmake/autopartol_interfacesConfig.cmake
[0.630s] -- Up-to-date: /home/rho922/chapt7/chapt7_ws/install/autopartol_interfaces/share/autopartol_interfaces/cmake/autopartol_interfacesConfig-version.cmake
[0.630s] -- Up-to-date: /home/rho922/chapt7/chapt7_ws/install/autopartol_interfaces/share/autopartol_interfaces/package.xml
[0.657s] Invoked command in '/home/rho922/chapt7/chapt7_ws/build/autopartol_interfaces' returned '0': CMAKE_PREFIX_PATH=/opt/ros/humble /usr/bin/cmake --install /home/rho922/chapt7/chapt7_ws/build/autopartol_interfaces
