-- Found ament_cmake: 2.5.5 (/opt/ros/jazzy/share/ament_cmake/cmake)
-- Found rclcpp: 28.1.16 (/opt/ros/jazzy/share/rclcpp/cmake)
-- Found rosidl_generator_c: 4.6.7 (/opt/ros/jazzy/share/rosidl_generator_c/cmake)
-- Found rosidl_generator_cpp: 4.6.7 (/opt/ros/jazzy/share/rosidl_generator_cpp/cmake)
-- Using all available rosidl_typesupport_c: rosidl_typesupport_fastrtps_c;rosidl_typesupport_introspection_c
-- Using all available rosidl_typesupport_cpp: rosidl_typesupport_fastrtps_cpp;rosidl_typesupport_introspection_cpp
-- Found rmw_implementation_cmake: 7.3.3 (/opt/ros/jazzy/share/rmw_implementation_cmake/cmake)
-- Found rmw_fastrtps_cpp: 8.4.3 (/opt/ros/jazzy/share/rmw_fastrtps_cpp/cmake)
-- Using RMW implementation 'rmw_fastrtps_cpp' as default
-- Found geometry_msgs: 5.3.6 (/opt/ros/jazzy/share/geometry_msgs/cmake)
-- Found turtlesim: 1.8.3 (/opt/ros/jazzy/share/turtlesim/cmake)
-- Found ament_lint_auto: 0.17.4 (/opt/ros/jazzy/share/ament_lint_auto/cmake)
-- Added test 'cppcheck' to perform static code analysis on C / C++ code
-- Configured cppcheck include dirs: 
-- Configured cppcheck exclude dirs and/or files: 
-- Added test 'lint_cmake' to check CMake code style
-- Added test 'uncrustify' to check C / C++ code style
-- Configured uncrustify additional arguments: 
-- Added test 'xmllint' to check XML markup files
-- Configuring done (1.0s)
-- Generating done (0.0s)
-- Build files have been written to: /home/rho9/chapt3/topic_ws/build/demo_cpp_topic
[ 50%] [32mBuilding CXX object CMakeFiles/turtle_circle.dir/src/turtle_circle.cpp.o[0m
[01m[K/home/rho9/chapt3/topic_ws/src/demo_cpp_topic/src/turtle_circle.cpp:35:43:[m[K [01;35m[Kwarning: [m[Kcharacter constant too long for its type
   35 |     auto node = make_shared<TurtleCircle>([01;35m[K'turtle_circle'[m[K);
      |                                           [01;35m[K^~~~~~~~~~~~~~~[m[K
[01m[K/home/rho9/chapt3/topic_ws/src/demo_cpp_topic/src/turtle_circle.cpp:[m[K In constructor ‘[01m[KTurtleCircle::[01;32m[KTurtleCircle[m[K(const std::string&)[m[K’:
[01m[K/home/rho9/chapt3/topic_ws/src/demo_cpp_topic/src/turtle_circle.cpp:22:5:[m[K [01;31m[Kerror: [m[Kexpected ‘[01m[K;[m[K’ before ‘[01m[K}[m[K’ token
   22 |     [01;31m[K}[m[K
      |     [01;31m[K^[m[K
In file included from [01m[K/usr/include/c++/13/bits/stl_tempbuf.h:61[m[K,
                 from [01m[K/usr/include/c++/13/memory:66[m[K,
                 from [01m[K/opt/ros/jazzy/include/rclcpp/rclcpp/rclcpp.hpp:169[m[K,
                 from [01m[K/home/rho9/chapt3/topic_ws/src/demo_cpp_topic/src/turtle_circle.cpp:1[m[K:
/usr/include/c++/13/bits/stl_construct.h: In instantiation of ‘[01m[Kvoid std::[01;32m[K_Construct[m[K(_Tp*, _Args&& ...) [35m[K[with _Tp = TurtleCircle; _Args = {int}][m[K[m[K’:
[01m[K/usr/include/c++/13/bits/alloc_traits.h:661:19:[m[K   required from ‘[01m[Kstatic void std::allocator_traits<std::allocator<void> >::[01;32m[Kconstruct[m[K(allocator_type&, _Up*, _Args&& ...) [35m[K[with _Up = TurtleCircle; _Args = {int}; allocator_type = std::allocator<void>][m[K[m[K’
[01m[K/usr/include/c++/13/bits/shared_ptr_base.h:604:39:[m[K   required from ‘[01m[Kstd::_Sp_counted_ptr_inplace<_Tp, _Alloc, _Lp>::[01;32m[K_Sp_counted_ptr_inplace[m[K(_Alloc, _Args&& ...) [35m[K[with _Args = {int}; _Tp = TurtleCircle; _Alloc = std::allocator<void>; __gnu_cxx::_Lock_policy _Lp = __gnu_cxx::_S_atomic][m[K[m[K’
[01m[K/usr/include/c++/13/bits/shared_ptr_base.h:971:16:[m[K   required from ‘[01m[Kstd::__shared_count<_Lp>::[01;32m[K__shared_count[m[K(_Tp*&, std::_Sp_alloc_shared_tag<_Alloc>, _Args&& ...) [35m[K[with _Tp = TurtleCircle; _Alloc = std::allocator<void>; _Args = {int}; __gnu_cxx::_Lock_policy _Lp = __gnu_cxx::_S_atomic][m[K[m[K’
[01m[K/usr/include/c++/13/bits/shared_ptr_base.h:1712:14:[m[K   required from ‘[01m[Kstd::__shared_ptr<_Tp, _Lp>::[01;32m[K__shared_ptr[m[K(std::_Sp_alloc_shared_tag<_Tp>, _Args&& ...) [35m[K[with _Alloc = std::allocator<void>; _Args = {int}; _Tp = TurtleCircle; __gnu_cxx::_Lock_policy _Lp = __gnu_cxx::_S_atomic][m[K[m[K’
[01m[K/usr/include/c++/13/bits/shared_ptr.h:464:59:[m[K   required from ‘[01m[Kstd::shared_ptr<_Tp>::[01;32m[Kshared_ptr[m[K(std::_Sp_alloc_shared_tag<_Tp>, _Args&& ...) [35m[K[with _Alloc = std::allocator<void>; _Args = {int}; _Tp = TurtleCircle][m[K[m[K’
[01m[K/usr/include/c++/13/bits/shared_ptr.h:1009:14:[m[K   required from ‘[01m[Kstd::shared_ptr<typename std::enable_if<(! std::is_array< <template-parameter-1-1> >::value), _Tp>::type> std::[01;32m[Kmake_shared[m[K(_Args&& ...) [35m[K[with _Tp = TurtleCircle; _Args = {int}; typename enable_if<(! is_array< <template-parameter-1-1> >::value), _Tp>::type = TurtleCircle][m[K[m[K’
[01m[K/home/rho9/chapt3/topic_ws/src/demo_cpp_topic/src/turtle_circle.cpp:35:42:[m[K   required from here
[01m[K/usr/include/c++/13/bits/stl_construct.h:119:7:[m[K [01;31m[Kerror: [m[Kno matching function for call to ‘[01m[KTurtleCircle::TurtleCircle(int)[m[K’
  119 |       [01;31m[K::new((void*)__p) _Tp(std::forward<_Args>(__args)...)[m[K;
      |       [01;31m[K^~~~~~~~~~~~~~~~~~~~~~~~~~~~~~~~~~~~~~~~~~~~~~~~~~~~~[m[K
[01m[K/home/rho9/chapt3/topic_ws/src/demo_cpp_topic/src/turtle_circle.cpp:15:14:[m[K [01;36m[Knote: [m[Kcandidate: ‘[01m[KTurtleCircle::[01;32m[KTurtleCircle[m[K(const std::string&)[m[K’
   15 |     explicit [01;36m[KTurtleCircle[m[K(const string&
      |              [01;36m[K^~~~~~~~~~~~[m[K
[01m[K/home/rho9/chapt3/topic_ws/src/demo_cpp_topic/src/turtle_circle.cpp:16:9:[m[K [01;36m[Knote: [m[K  no known conversion for argument 1 from ‘[01m[Kint[m[K’ to ‘[01m[Kconst std::string&[m[K’ {aka ‘[01m[Kconst std::__cxx11::basic_string<char>&[m[K’}
   15 |     explicit TurtleCircle([01;36m[Kconst string&[m[K
      |                           [01;36m[K~~~~~~~~~~~~~[m[K
   16 | [01;36m[K        node_name[m[K):Node(node_name)
      |         [01;36m[K^~~~~~~~~[m[K
gmake[2]: *** [CMakeFiles/turtle_circle.dir/build.make:76: CMakeFiles/turtle_circle.dir/src/turtle_circle.cpp.o] Error 1
gmake[1]: *** [CMakeFiles/Makefile2:137: CMakeFiles/turtle_circle.dir/all] Error 2
gmake: *** [Makefile:146: all] Error 2
