[0.000000] (-) TimerEvent: {}
[0.000252] (-) JobUnselected: {'identifier': 'autopartol_interfaces'}
[0.000284] (-) JobUnselected: {'identifier': 'fishbot_application'}
[0.000295] (-) JobUnselected: {'identifier': 'fishbot_description'}
[0.000304] (-) JobUnselected: {'identifier': 'fishbot_navigation2'}
[0.000313] (autopartol_robot) JobQueued: {'identifier': 'autopartol_robot', 'dependencies': OrderedDict()}
[0.000324] (autopartol_robot) JobStarted: {'identifier': 'autopartol_robot'}
[0.099658] (-) TimerEvent: {}
[0.199987] (-) TimerEvent: {}
[0.300257] (-) TimerEvent: {}
[0.400524] (-) TimerEvent: {}
[0.468702] (autopartol_robot) Command: {'cmd': ['/usr/bin/python3', '-W', 'ignore:setup.py install is deprecated', '-W', 'ignore:easy_install command is deprecated', 'setup.py', 'egg_info', '--egg-base', '../../build/autopartol_robot', 'build', '--build-base', '/home/rho922/chapt7/chapt7_ws/build/autopartol_robot/build', 'install', '--record', '/home/rho922/chapt7/chapt7_ws/build/autopartol_robot/install.log', '--single-version-externally-managed', 'install_data'], 'cwd': '/home/rho922/chapt7/chapt7_ws/src/autopartol_robot', 'env': {'USER': 'rho922', 'SHLVL': '0', 'LD_LIBRARY_PATH': '/usr/lib/x86_64-linux-gnu/gazebo-11/plugins:/opt/ros/humble/opt/rviz_ogre_vendor/lib:/opt/ros/humble/lib/x86_64-linux-gnu:/opt/ros/humble/lib', 'HOME': '/home/rho922', 'OLDPWD': '/mnt/d/cv/c work', 'ROS_PYTHON_VERSION': '3', 'WSL_DISTRO_NAME': 'Ubuntu-22.04', 'WAYLAND_DISPLAY': 'wayland-0', 'ROS_DISTRO': 'humble', 'LOGNAME': 'rho922', 'NAME': 'rho9', 'WSL_INTEROP': '/run/WSL/2429_interop', 'PULSE_SERVER': 'unix:/mnt/wslg/PulseServer', '_': '/usr/bin/colcon', 'ROS_VERSION': '2', 'TERM': 'xterm-256color', 'ROS_LOCALHOST_ONLY': '0', 'PATH': '/opt/ros/humble/bin:/usr/local/sbin:/usr/local/bin:/usr/sbin:/usr/bin:/sbin:/bin:/usr/games:/usr/local/games:/usr/lib/wsl/lib:/mnt/c/Users/36327/bin:/mnt/c/Program Files/Git/mingw64/bin:/mnt/c/Program Files/Git/usr/local/bin:/mnt/c/Program Files/Git/usr/bin:/mnt/c/Program Files/Git/usr/bin:/mnt/c/Program Files/Git/mingw64/bin:/mnt/c/Program Files/Git/usr/bin:/mnt/c/Users/36327/bin:/mnt/c/Users/36327/AppData/Local/Programs/Python/Python311/Scripts:/mnt/d/cv/Microsoft VS Code:/mnt/c/Program Files/Python310/Scripts:/mnt/c/Program Files/Python310:/mnt/c/Windows/system32:/mnt/c/Windows:/mnt/c/Windows/System32/Wbem:/mnt/c/Windows/System32/WindowsPowerShell/v1.0:/mnt/c/Windows/System32/OpenSSH:/mnt/c/Program Files/dotnet:/mnt/c/Program Files/NVIDIA Corporation/NVIDIA App/NvDLISR:/mnt/c/mingw64/bin:/mnt/c/Program Files/nodejs:/mnt/c/Program Files/Git/cmd:/mnt/c/Program Files (x86)/NVIDIA Corporation/PhysX/Common:/mnt/c/Users/36327/.pixi/bin:/mnt/c/Users/36327/AppData/Local/Programs/Python/Python311/Scripts:/mnt/c/Users/36327/AppData/Local/Programs/Python/Python311:/mnt/c/Users/36327/AppData/Local/Microsoft/WindowsApps:/mnt/d/cv/Microsoft VS Code/bin:/mnt/c/Users/36327/AppData/Roaming/npm:/mnt/c/dev/ros2_humble/ros2-windows/bin:/mnt/c/Program Files/Git/usr/bin/vendor_perl:/mnt/c/Program Files/Git/usr/bin/core_perl:/mnt/c/Users/36327/AppData/Roaming/npm/node_modules/@z_ai/coding-helper/zai-coding-plugins/plugins/glm-plan-usage/bin:/mnt/c/Users/36327/AppData/Roaming/npm/node_modules/@z_ai/coding-helper/zai-coding-plugins/plugins/glm-plan-bug/bin', 'XDG_RUNTIME_DIR': '/mnt/wslg/runtime-dir', 'DISPLAY': ':0', 'LANG': 'C.UTF-8', 'AMENT_PREFIX_PATH': '/opt/ros/humble', 'SHELL': '/bin/bash', 'PWD': '/home/rho922/chapt7/chapt7_ws/build/autopartol_robot', 'PYTHONPATH': '/home/rho922/chapt7/chapt7_ws/build/autopartol_robot/prefix_override:/usr/lib/python3/dist-packages/colcon_core/task/python/colcon_distutils_commands:/home/rho922/chapt7/chapt7_ws/install/autopartol_robot/lib/python3.10/site-packages:/opt/ros/humble/lib/python3.10/site-packages:/opt/ros/humble/local/lib/python3.10/dist-packages', 'COLCON': '1', 'WSL2_GUI_APPS_ENABLED': '1', 'HOSTTYPE': 'x86_64', 'WSLENV': ''}, 'shell': False}
[0.500707] (-) TimerEvent: {}
[0.601047] (-) TimerEvent: {}
[0.633849] (autopartol_robot) StdoutLine: {'line': b'running egg_info\n'}
[0.634553] (autopartol_robot) StdoutLine: {'line': b'writing ../../build/autopartol_robot/autopartol_robot.egg-info/PKG-INFO\n'}
[0.635121] (autopartol_robot) StdoutLine: {'line': b'writing dependency_links to ../../build/autopartol_robot/autopartol_robot.egg-info/dependency_links.txt\n'}
[0.635218] (autopartol_robot) StdoutLine: {'line': b'writing entry points to ../../build/autopartol_robot/autopartol_robot.egg-info/entry_points.txt\n'}
[0.635461] (autopartol_robot) StdoutLine: {'line': b'writing requirements to ../../build/autopartol_robot/autopartol_robot.egg-info/requires.txt\n'}
[0.635617] (autopartol_robot) StdoutLine: {'line': b'writing top-level names to ../../build/autopartol_robot/autopartol_robot.egg-info/top_level.txt\n'}
[0.636727] (autopartol_robot) StdoutLine: {'line': b"reading manifest file '../../build/autopartol_robot/autopartol_robot.egg-info/SOURCES.txt'\n"}
[0.637253] (autopartol_robot) StdoutLine: {'line': b"writing manifest file '../../build/autopartol_robot/autopartol_robot.egg-info/SOURCES.txt'\n"}
[0.637388] (autopartol_robot) StdoutLine: {'line': b'running build\n'}
[0.637444] (autopartol_robot) StdoutLine: {'line': b'running build_py\n'}
[0.637618] (autopartol_robot) StdoutLine: {'line': b'copying autopartol_robot/speaker.py -> /home/rho922/chapt7/chapt7_ws/build/autopartol_robot/build/lib/autopartol_robot\n'}
[0.637803] (autopartol_robot) StdoutLine: {'line': b'running install\n'}
[0.638026] (autopartol_robot) StdoutLine: {'line': b'running install_lib\n'}
[0.638677] (autopartol_robot) StdoutLine: {'line': b'copying /home/rho922/chapt7/chapt7_ws/build/autopartol_robot/build/lib/autopartol_robot/speaker.py -> /home/rho922/chapt7/chapt7_ws/install/autopartol_robot/lib/python3.10/site-packages/autopartol_robot\n'}
[0.638947] (autopartol_robot) StdoutLine: {'line': b'byte-compiling /home/rho922/chapt7/chapt7_ws/install/autopartol_robot/lib/python3.10/site-packages/autopartol_robot/speaker.py to speaker.cpython-310.pyc\n'}
[0.639295] (autopartol_robot) StdoutLine: {'line': b'running install_data\n'}
[0.639548] (autopartol_robot) StdoutLine: {'line': b'running install_egg_info\n'}
[0.640682] (autopartol_robot) StdoutLine: {'line': b"removing '/home/rho922/chapt7/chapt7_ws/install/autopartol_robot/lib/python3.10/site-packages/autopartol_robot-0.0.0-py3.10.egg-info' (and everything under it)\n"}
[0.640938] (autopartol_robot) StdoutLine: {'line': b'Copying ../../build/autopartol_robot/autopartol_robot.egg-info to /home/rho922/chapt7/chapt7_ws/install/autopartol_robot/lib/python3.10/site-packages/autopartol_robot-0.0.0-py3.10.egg-info\n'}
[0.641732] (autopartol_robot) StdoutLine: {'line': b'running install_scripts\n'}
[0.654637] (autopartol_robot) StdoutLine: {'line': b'Installing partol_node script to /home/rho922/chapt7/chapt7_ws/install/autopartol_robot/lib/autopartol_robot\n'}
[0.654886] (autopartol_robot) StdoutLine: {'line': b'Installing speaker script to /home/rho922/chapt7/chapt7_ws/install/autopartol_robot/lib/autopartol_robot\n'}
[0.655192] (autopartol_robot) StdoutLine: {'line': b"writing list of installed files to '/home/rho922/chapt7/chapt7_ws/build/autopartol_robot/install.log'\n"}
[0.668508] (autopartol_robot) CommandEnded: {'returncode': 0}
[0.675966] (autopartol_robot) JobEnded: {'identifier': 'autopartol_robot', 'rc': 0}
[0.676299] (-) EventReactorShutdown: {}
