[0.383s] Invoking command in '/home/rho922/chapt7/chapt7_ws/build/fishbot_navigation2': CMAKE_PREFIX_PATH=/opt/ros/humble /usr/bin/cmake --build /home/rho922/chapt7/chapt7_ws/build/fishbot_navigation2 -- -j20 -l20
[0.417s] Invoked command in '/home/rho922/chapt7/chapt7_ws/build/fishbot_navigation2' returned '0': CMAKE_PREFIX_PATH=/opt/ros/humble /usr/bin/cmake --build /home/rho922/chapt7/chapt7_ws/build/fishbot_navigation2 -- -j20 -l20
[0.419s] Invoking command in '/home/rho922/chapt7/chapt7_ws/build/fishbot_navigation2': CMAKE_PREFIX_PATH=/opt/ros/humble /usr/bin/cmake --install /home/rho922/chapt7/chapt7_ws/build/fishbot_navigation2
[0.448s] -- Install configuration: ""
[0.448s] -- Up-to-date: /home/rho922/chapt7/chapt7_ws/install/fishbot_navigation2/share/fishbot_navigation2/launch
[0.448s] -- Up-to-date: /home/rho922/chapt7/chapt7_ws/install/fishbot_navigation2/share/fishbot_navigation2/launch/navigation2.launch.py
[0.449s] -- Up-to-date: /home/rho922/chapt7/chapt7_ws/install/fishbot_navigation2/share/fishbot_navigation2/maps
[0.450s] -- Up-to-date: /home/rho922/chapt7/chapt7_ws/install/fishbot_navigation2/share/fishbot_navigation2/maps/room.yaml
[0.450s] -- Up-to-date: /home/rho922/chapt7/chapt7_ws/install/fishbot_navigation2/share/fishbot_navigation2/maps/room.pgm
[0.450s] -- Up-to-date: /home/rho922/chapt7/chapt7_ws/install/fishbot_navigation2/share/fishbot_navigation2/config
[0.450s] -- Up-to-date: /home/rho922/chapt7/chapt7_ws/install/fishbot_navigation2/share/fishbot_navigation2/config/nav2_params.yaml
[0.450s] -- Up-to-date: /home/rho922/chapt7/chapt7_ws/install/fishbot_navigation2/share/ament_index/resource_index/package_run_dependencies/fishbot_navigation2
[0.450s] -- Up-to-date: /home/rho922/chapt7/chapt7_ws/install/fishbot_navigation2/share/ament_index/resource_index/parent_prefix_path/fishbot_navigation2
[0.451s] -- Up-to-date: /home/rho922/chapt7/chapt7_ws/install/fishbot_navigation2/share/fishbot_navigation2/environment/ament_prefix_path.sh
[0.451s] -- Up-to-date: /home/rho922/chapt7/chapt7_ws/install/fishbot_navigation2/share/fishbot_navigation2/environment/ament_prefix_path.dsv
[0.451s] -- Up-to-date: /home/rho922/chapt7/chapt7_ws/install/fishbot_navigation2/share/fishbot_navigation2/environment/path.sh
[0.451s] -- Up-to-date: /home/rho922/chapt7/chapt7_ws/install/fishbot_navigation2/share/fishbot_navigation2/environment/path.dsv
[0.451s] -- Up-to-date: /home/rho922/chapt7/chapt7_ws/install/fishbot_navigation2/share/fishbot_navigation2/local_setup.bash
[0.451s] -- Up-to-date: /home/rho922/chapt7/chapt7_ws/install/fishbot_navigation2/share/fishbot_navigation2/local_setup.sh
[0.451s] -- Up-to-date: /home/rho922/chapt7/chapt7_ws/install/fishbot_navigation2/share/fishbot_navigation2/local_setup.zsh
[0.452s] -- Up-to-date: /home/rho922/chapt7/chapt7_ws/install/fishbot_navigation2/share/fishbot_navigation2/local_setup.dsv
[0.452s] -- Installing: /home/rho922/chapt7/chapt7_ws/install/fishbot_navigation2/share/fishbot_navigation2/package.dsv
[0.452s] -- Up-to-date: /home/rho922/chapt7/chapt7_ws/install/fishbot_navigation2/share/ament_index/resource_index/packages/fishbot_navigation2
[0.452s] -- Up-to-date: /home/rho922/chapt7/chapt7_ws/install/fishbot_navigation2/share/fishbot_navigation2/cmake/fishbot_navigation2Config.cmake
[0.453s] -- Up-to-date: /home/rho922/chapt7/chapt7_ws/install/fishbot_navigation2/share/fishbot_navigation2/cmake/fishbot_navigation2Config-version.cmake
[0.453s] -- Up-to-date: /home/rho922/chapt7/chapt7_ws/install/fishbot_navigation2/share/fishbot_navigation2/package.xml
[0.485s] Invoked command in '/home/rho922/chapt7/chapt7_ws/build/fishbot_navigation2' returned '0': CMAKE_PREFIX_PATH=/opt/ros/humble /usr/bin/cmake --install /home/rho922/chapt7/chapt7_ws/build/fishbot_navigation2
