[0.834s] Invoking command in '/home/rho922/chapt7/chapt7_ws/src/autopartol_robot': PYTHONPATH=/home/rho922/chapt7/chapt7_ws/build/autopartol_robot/prefix_override:/usr/lib/python3/dist-packages/colcon_core/task/python/colcon_distutils_commands:/home/rho922/chapt7/chapt7_ws/install/autopartol_robot/lib/python3.10/site-packages:${PYTHONPATH} /usr/bin/python3 -W ignore:setup.py install is deprecated -W ignore:easy_install command is deprecated setup.py egg_info --egg-base ../../build/autopartol_robot build --build-base /home/rho922/chapt7/chapt7_ws/build/autopartol_robot/build install --record /home/rho922/chapt7/chapt7_ws/build/autopartol_robot/install.log --single-version-externally-managed install_data
[1.061s] running egg_info
[1.061s] writing ../../build/autopartol_robot/autopartol_robot.egg-info/PKG-INFO
[1.062s] writing dependency_links to ../../build/autopartol_robot/autopartol_robot.egg-info/dependency_links.txt
[1.063s] writing entry points to ../../build/autopartol_robot/autopartol_robot.egg-info/entry_points.txt
[1.063s] writing requirements to ../../build/autopartol_robot/autopartol_robot.egg-info/requires.txt
[1.063s] writing top-level names to ../../build/autopartol_robot/autopartol_robot.egg-info/top_level.txt
[1.065s] reading manifest file '../../build/autopartol_robot/autopartol_robot.egg-info/SOURCES.txt'
[1.066s] writing manifest file '../../build/autopartol_robot/autopartol_robot.egg-info/SOURCES.txt'
[1.066s] running build
[1.066s] running build_py
[1.067s] copying autopartol_robot/partol_node.py -> /home/rho922/chapt7/chapt7_ws/build/autopartol_robot/build/lib/autopartol_robot
[1.067s] running install
[1.067s] running install_lib
[1.069s] copying /home/rho922/chapt7/chapt7_ws/build/autopartol_robot/build/lib/autopartol_robot/partol_node.py -> /home/rho922/chapt7/chapt7_ws/install/autopartol_robot/lib/python3.10/site-packages/autopartol_robot
[1.070s] byte-compiling /home/rho922/chapt7/chapt7_ws/install/autopartol_robot/lib/python3.10/site-packages/autopartol_robot/partol_node.py to partol_node.cpython-310.pyc
[1.070s] running install_data
[1.071s] running install_egg_info
[1.073s] removing '/home/rho922/chapt7/chapt7_ws/install/autopartol_robot/lib/python3.10/site-packages/autopartol_robot-0.0.0-py3.10.egg-info' (and everything under it)
[1.073s] Copying ../../build/autopartol_robot/autopartol_robot.egg-info to /home/rho922/chapt7/chapt7_ws/install/autopartol_robot/lib/python3.10/site-packages/autopartol_robot-0.0.0-py3.10.egg-info
[1.074s] running install_scripts
[1.098s] Installing partol_node script to /home/rho922/chapt7/chapt7_ws/install/autopartol_robot/lib/autopartol_robot
[1.099s] writing list of installed files to '/home/rho922/chapt7/chapt7_ws/build/autopartol_robot/install.log'
[1.122s] Invoked command in '/home/rho922/chapt7/chapt7_ws/src/autopartol_robot' returned '0': PYTHONPATH=/home/rho922/chapt7/chapt7_ws/build/autopartol_robot/prefix_override:/usr/lib/python3/dist-packages/colcon_core/task/python/colcon_distutils_commands:/home/rho922/chapt7/chapt7_ws/install/autopartol_robot/lib/python3.10/site-packages:${PYTHONPATH} /usr/bin/python3 -W ignore:setup.py install is deprecated -W ignore:easy_install command is deprecated setup.py egg_info --egg-base ../../build/autopartol_robot build --build-base /home/rho922/chapt7/chapt7_ws/build/autopartol_robot/build install --record /home/rho922/chapt7/chapt7_ws/build/autopartol_robot/install.log --single-version-externally-managed install_data
