[0.017s] Invoking command in '/home/rho9/chapt4/chapt4_ws/build/chapt4_interfaces': /usr/bin/cmake --build /home/rho9/chapt4/chapt4_ws/build/chapt4_interfaces -- -j20 -l20
[0.115s] -- Found ament_cmake: 2.5.5 (/opt/ros/jazzy/share/ament_cmake/cmake)
[0.271s] -- Found rosidl_default_generators: 1.6.0 (/opt/ros/jazzy/share/rosidl_default_generators/cmake)
[0.277s] -- Using all available rosidl_typesupport_c: rosidl_typesupport_fastrtps_c;rosidl_typesupport_introspection_c
[0.460s] -- Using all available rosidl_typesupport_cpp: rosidl_typesupport_fastrtps_cpp;rosidl_typesupport_introspection_cpp
[0.509s] -- Found rosidl_adapter: 4.6.7 (/opt/ros/jazzy/share/rosidl_adapter/cmake)
[0.515s] -- Found sensor_msgs: 5.3.6 (/opt/ros/jazzy/share/sensor_msgs/cmake)
[0.821s] Error parsing '/home/rho9/chapt4/chapt4_ws/src/chapt4_interfaces/package.xml':
[2.562s] Traceback (most recent call last):
[2.562s]   File "/usr/lib/python3/dist-packages/catkin_pkg/package.py", line 610, in parse_package_string
[2.562s]     root = dom.parseString(data)
[2.562s]            ^^^^^^^^^^^^^^^^^^^^^
[2.562s]   File "/usr/lib/python3.12/xml/dom/minidom.py", line 1995, in parseString
[2.562s]     return expatbuilder.parseString(string)
[2.562s]            ^^^^^^^^^^^^^^^^^^^^^^^^^^^^^^^^
[2.562s]   File "/usr/lib/python3.12/xml/dom/expatbuilder.py", line 922, in parseString
[2.562s]     return builder.parseString(string)
[2.563s]            ^^^^^^^^^^^^^^^^^^^^^^^^^^^
[2.563s]   File "/usr/lib/python3.12/xml/dom/expatbuilder.py", line 220, in parseString
[2.563s]     parser.Parse(string, True)
[2.563s] xml.parsers.expat.ExpatError: XML declaration not well-formed: line 1, column 14
[2.563s] 
[2.563s] During handling of the above exception, another exception occurred:
[2.563s] 
[2.563s] Traceback (most recent call last):
[2.563s]   File "/opt/ros/jazzy/share/ament_cmake_core/cmake/core/package_xml_2_cmake.py", line 150, in <module>
[2.563s]     main()
[2.563s]   File "/opt/ros/jazzy/share/ament_cmake_core/cmake/core/package_xml_2_cmake.py", line 53, in main
[2.563s]     raise e
[2.563s]   File "/opt/ros/jazzy/share/ament_cmake_core/cmake/core/package_xml_2_cmake.py", line 49, in main
[2.563s]     package = parse_package_string(
[2.563s]               ^^^^^^^^^^^^^^^^^^^^^
[2.563s]   File "/usr/lib/python3/dist-packages/catkin_pkg/package.py", line 612, in parse_package_string
[2.563s]     raise InvalidPackage('The manifest contains invalid XML:\n%s' % ex, filename)
[2.564s] catkin_pkg.package.InvalidPackage: Error(s) in package '/home/rho9/chapt4/chapt4_ws/src/chapt4_interfaces/package.xml':
[2.564s] The manifest contains invalid XML:
[2.564s] XML declaration not well-formed: line 1, column 14
[2.595s] [31mCMake Error at /opt/ros/jazzy/share/ament_cmake_core/cmake/core/ament_package_xml.cmake:95 (message):
[2.595s]   execute_process(/usr/bin/python3
[2.595s]   /opt/ros/jazzy/share/ament_cmake_core/cmake/core/package_xml_2_cmake.py
[2.595s]   /home/rho9/chapt4/chapt4_ws/src/chapt4_interfaces/package.xml
[2.595s]   /home/rho9/chapt4/chapt4_ws/build/chapt4_interfaces/ament_cmake_core/package.cmake)
[2.595s]   returned error code 1
[2.595s] Call Stack (most recent call first):
[2.595s]   /opt/ros/jazzy/share/ament_cmake_core/cmake/core/ament_package_xml.cmake:49 (_ament_package_xml)
[2.595s]   /opt/ros/jazzy/share/rosidl_cmake/cmake/rosidl_generate_interfaces.cmake:220 (ament_package_xml)
[2.595s]   CMakeLists.txt:13 (rosidl_generate_interfaces)
[2.596s] 
[2.596s] [0m
[2.596s] -- Configuring incomplete, errors occurred!
[2.605s] gmake: *** [Makefile:815: cmake_check_build_system] Error 1
[2.607s] Invoked command in '/home/rho9/chapt4/chapt4_ws/build/chapt4_interfaces' returned '2': /usr/bin/cmake --build /home/rho9/chapt4/chapt4_ws/build/chapt4_interfaces -- -j20 -l20
