[0.863s] Invoking command in '/home/rho922/chapt7/chapt7_ws/build/fishbot_description': CMAKE_PREFIX_PATH=${CMAKE_PREFIX_PATH}:/home/rho922/chapt7/chapt7_ws/install/fishbot_application:/home/rho922/chapt7/chapt7_ws/install/autopartol_robot:/opt/ros/humble /usr/bin/cmake --build /home/rho922/chapt7/chapt7_ws/build/fishbot_description -- -j20 -l20
[0.932s] Invoked command in '/home/rho922/chapt7/chapt7_ws/build/fishbot_description' returned '0': CMAKE_PREFIX_PATH=${CMAKE_PREFIX_PATH}:/home/rho922/chapt7/chapt7_ws/install/fishbot_application:/home/rho922/chapt7/chapt7_ws/install/autopartol_robot:/opt/ros/humble /usr/bin/cmake --build /home/rho922/chapt7/chapt7_ws/build/fishbot_description -- -j20 -l20
[0.932s] Invoking command in '/home/rho922/chapt7/chapt7_ws/build/fishbot_description': CMAKE_PREFIX_PATH=${CMAKE_PREFIX_PATH}:/home/rho922/chapt7/chapt7_ws/install/fishbot_application:/home/rho922/chapt7/chapt7_ws/install/autopartol_robot:/opt/ros/humble /usr/bin/cmake --install /home/rho922/chapt7/chapt7_ws/build/fishbot_description
[0.944s] -- Install configuration: ""
[0.945s] -- Up-to-date: /home/rho922/chapt7/chapt7_ws/install/fishbot_description/share/fishbot_description/urdf
[0.947s] -- Up-to-date: /home/rho922/chapt7/chapt7_ws/install/fishbot_description/share/fishbot_description/urdf/fishbot
[0.948s] -- Up-to-date: /home/rho922/chapt7/chapt7_ws/install/fishbot_description/share/fishbot_description/urdf/fishbot/fishbot.ros2_control.xacro
[0.950s] -- Up-to-date: /home/rho922/chapt7/chapt7_ws/install/fishbot_description/share/fishbot_description/urdf/fishbot/base.urdf.xacro
[0.953s] -- Up-to-date: /home/rho922/chapt7/chapt7_ws/install/fishbot_description/share/fishbot_description/urdf/fishbot/actuator
[0.955s] -- Up-to-date: /home/rho922/chapt7/chapt7_ws/install/fishbot_description/share/fishbot_description/urdf/fishbot/actuator/caster.urdf.xacro
[0.957s] -- Up-to-date: /home/rho922/chapt7/chapt7_ws/install/fishbot_description/share/fishbot_description/urdf/fishbot/actuator/wheel.urdf.xacro
[0.958s] -- Up-to-date: /home/rho922/chapt7/chapt7_ws/install/fishbot_description/share/fishbot_description/urdf/fishbot/common_inertia.xacro
[0.958s] -- Up-to-date: /home/rho922/chapt7/chapt7_ws/install/fishbot_description/share/fishbot_description/urdf/fishbot/fishbot_with_control.urdf.xacro
[0.958s] -- Up-to-date: /home/rho922/chapt7/chapt7_ws/install/fishbot_description/share/fishbot_description/urdf/fishbot/plugins
[0.960s] -- Up-to-date: /home/rho922/chapt7/chapt7_ws/install/fishbot_description/share/fishbot_description/urdf/fishbot/plugins/gazebo_sensor_plugin.xacro
[0.963s] -- Up-to-date: /home/rho922/chapt7/chapt7_ws/install/fishbot_description/share/fishbot_description/urdf/fishbot/plugins/gazebo_control_plugin.xacro
[0.965s] -- Up-to-date: /home/rho922/chapt7/chapt7_ws/install/fishbot_description/share/fishbot_description/urdf/fishbot/gazebo_diff_drive.urdf.xacro
[0.966s] -- Up-to-date: /home/rho922/chapt7/chapt7_ws/install/fishbot_description/share/fishbot_description/urdf/fishbot/fishbot.urdf.xacro
[0.968s] -- Up-to-date: /home/rho922/chapt7/chapt7_ws/install/fishbot_description/share/fishbot_description/urdf/fishbot/sensor
[0.968s] -- Up-to-date: /home/rho922/chapt7/chapt7_ws/install/fishbot_description/share/fishbot_description/urdf/fishbot/sensor/laser.urdf.xacro
[0.969s] -- Up-to-date: /home/rho922/chapt7/chapt7_ws/install/fishbot_description/share/fishbot_description/urdf/fishbot/sensor/imu.urdf.xacro
[0.969s] -- Up-to-date: /home/rho922/chapt7/chapt7_ws/install/fishbot_description/share/fishbot_description/urdf/fishbot/sensor/camera.urdf.xacro
[0.969s] -- Up-to-date: /home/rho922/chapt7/chapt7_ws/install/fishbot_description/share/fishbot_description/urdf/fishbot.urdf
[0.969s] -- Up-to-date: /home/rho922/chapt7/chapt7_ws/install/fishbot_description/share/fishbot_description/urdf/first_robot.urdf
[0.970s] -- Up-to-date: /home/rho922/chapt7/chapt7_ws/install/fishbot_description/share/fishbot_description/urdf/first_robot.gv
[0.970s] -- Up-to-date: /home/rho922/chapt7/chapt7_ws/install/fishbot_description/share/fishbot_description/urdf/first_robot.pdf
[0.972s] -- Up-to-date: /home/rho922/chapt7/chapt7_ws/install/fishbot_description/share/fishbot_description/urdf/first_robot.xacro
[0.973s] -- Up-to-date: /home/rho922/chapt7/chapt7_ws/install/fishbot_description/share/fishbot_description/launch
[0.973s] -- Up-to-date: /home/rho922/chapt7/chapt7_ws/install/fishbot_description/share/fishbot_description/launch/gazebo_sim.launch.py
[0.976s] -- Up-to-date: /home/rho922/chapt7/chapt7_ws/install/fishbot_description/share/fishbot_description/launch/display_robot.launch.py
[0.976s] -- Up-to-date: /home/rho922/chapt7/chapt7_ws/install/fishbot_description/share/fishbot_description/launch/__pycache__
[0.977s] -- Up-to-date: /home/rho922/chapt7/chapt7_ws/install/fishbot_description/share/fishbot_description/launch/__pycache__/display_robot.launch.cpython-312.pyc
[0.977s] -- Up-to-date: /home/rho922/chapt7/chapt7_ws/install/fishbot_description/share/fishbot_description/launch/install
[0.977s] -- Up-to-date: /home/rho922/chapt7/chapt7_ws/install/fishbot_description/share/fishbot_description/launch/install/local_setup.sh
[0.977s] -- Up-to-date: /home/rho922/chapt7/chapt7_ws/install/fishbot_description/share/fishbot_description/launch/install/setup.sh
[0.977s] -- Up-to-date: /home/rho922/chapt7/chapt7_ws/install/fishbot_description/share/fishbot_description/launch/install/local_setup.bash
[0.978s] -- Up-to-date: /home/rho922/chapt7/chapt7_ws/install/fishbot_description/share/fishbot_description/launch/install/setup.zsh
[0.980s] -- Up-to-date: /home/rho922/chapt7/chapt7_ws/install/fishbot_description/share/fishbot_description/launch/install/local_setup.zsh
[0.981s] -- Up-to-date: /home/rho922/chapt7/chapt7_ws/install/fishbot_description/share/fishbot_description/launch/install/COLCON_IGNORE
[0.982s] -- Up-to-date: /home/rho922/chapt7/chapt7_ws/install/fishbot_description/share/fishbot_description/launch/install/.colcon_install_layout
[0.983s] -- Up-to-date: /home/rho922/chapt7/chapt7_ws/install/fishbot_description/share/fishbot_description/launch/install/setup.bash
[0.984s] -- Up-to-date: /home/rho922/chapt7/chapt7_ws/install/fishbot_description/share/fishbot_description/launch/install/_local_setup_util_sh.py
[0.985s] -- Up-to-date: /home/rho922/chapt7/chapt7_ws/install/fishbot_description/share/fishbot_description/launch/build
[0.987s] -- Up-to-date: /home/rho922/chapt7/chapt7_ws/install/fishbot_description/share/fishbot_description/launch/build/.built_by
[0.989s] -- Up-to-date: /home/rho922/chapt7/chapt7_ws/install/fishbot_description/share/fishbot_description/launch/build/COLCON_IGNORE
[0.990s] -- Up-to-date: /home/rho922/chapt7/chapt7_ws/install/fishbot_description/share/fishbot_description/launch/log
[0.992s] -- Up-to-date: /home/rho922/chapt7/chapt7_ws/install/fishbot_description/share/fishbot_description/launch/log/build_2026-04-11_17-45-38
[0.993s] -- Up-to-date: /home/rho922/chapt7/chapt7_ws/install/fishbot_description/share/fishbot_description/launch/log/build_2026-04-11_17-45-38/events.log
[0.993s] -- Up-to-date: /home/rho922/chapt7/chapt7_ws/install/fishbot_description/share/fishbot_description/launch/log/build_2026-04-11_17-45-38/logger_all.log
[0.994s] -- Up-to-date: /home/rho922/chapt7/chapt7_ws/install/fishbot_description/share/fishbot_description/launch/log/latest_build
[0.994s] -- Up-to-date: /home/rho922/chapt7/chapt7_ws/install/fishbot_description/share/fishbot_description/launch/log/COLCON_IGNORE
[0.994s] -- Up-to-date: /home/rho922/chapt7/chapt7_ws/install/fishbot_description/share/fishbot_description/launch/log/latest
[0.995s] -- Up-to-date: /home/rho922/chapt7/chapt7_ws/install/fishbot_description/share/fishbot_description/launch/log/build_2026-04-11_17-50-56
[0.995s] -- Up-to-date: /home/rho922/chapt7/chapt7_ws/install/fishbot_description/share/fishbot_description/launch/log/build_2026-04-11_17-50-56/events.log
[0.996s] -- Up-to-date: /home/rho922/chapt7/chapt7_ws/install/fishbot_description/share/fishbot_description/launch/log/build_2026-04-11_17-50-56/logger_all.log
[0.997s] -- Up-to-date: /home/rho922/chapt7/chapt7_ws/install/fishbot_description/share/fishbot_description/launch/log/build_2026-04-11_17-46-47
[0.997s] -- Up-to-date: /home/rho922/chapt7/chapt7_ws/install/fishbot_description/share/fishbot_description/launch/log/build_2026-04-11_17-46-47/events.log
[0.998s] -- Up-to-date: /home/rho922/chapt7/chapt7_ws/install/fishbot_description/share/fishbot_description/launch/log/build_2026-04-11_17-46-47/logger_all.log
[0.999s] -- Up-to-date: /home/rho922/chapt7/chapt7_ws/install/fishbot_description/share/fishbot_description/launch/log/build_2026-04-11_17-44-05
[1.000s] -- Up-to-date: /home/rho922/chapt7/chapt7_ws/install/fishbot_description/share/fishbot_description/launch/log/build_2026-04-11_17-44-05/events.log
[1.002s] -- Up-to-date: /home/rho922/chapt7/chapt7_ws/install/fishbot_description/share/fishbot_description/launch/log/build_2026-04-11_17-44-05/logger_all.log
[1.003s] -- Up-to-date: /home/rho922/chapt7/chapt7_ws/install/fishbot_description/share/fishbot_description/world
[1.003s] -- Up-to-date: /home/rho922/chapt7/chapt7_ws/install/fishbot_description/share/fishbot_description/world/room
[1.004s] -- Up-to-date: /home/rho922/chapt7/chapt7_ws/install/fishbot_description/share/fishbot_description/world/room/model.sdf
[1.004s] -- Up-to-date: /home/rho922/chapt7/chapt7_ws/install/fishbot_description/share/fishbot_description/world/room/model.config
[1.004s] -- Up-to-date: /home/rho922/chapt7/chapt7_ws/install/fishbot_description/share/fishbot_description/world/custom_room.world
[1.004s] -- Up-to-date: /home/rho922/chapt7/chapt7_ws/install/fishbot_description/share/fishbot_description/config
[1.007s] -- Up-to-date: /home/rho922/chapt7/chapt7_ws/install/fishbot_description/share/fishbot_description/config/fishbot_ros2_controller.yaml
[1.008s] -- Up-to-date: /home/rho922/chapt7/chapt7_ws/install/fishbot_description/share/fishbot_description/config/rviz
[1.013s] -- Up-to-date: /home/rho922/chapt7/chapt7_ws/install/fishbot_description/share/fishbot_description/config/rviz/displsy_robot_model.rviz
[1.015s] -- Up-to-date: /home/rho922/chapt7/chapt7_ws/install/fishbot_description/share/ament_index/resource_index/package_run_dependencies/fishbot_description
[1.015s] -- Up-to-date: /home/rho922/chapt7/chapt7_ws/install/fishbot_description/share/ament_index/resource_index/parent_prefix_path/fishbot_description
[1.016s] -- Up-to-date: /home/rho922/chapt7/chapt7_ws/install/fishbot_description/share/fishbot_description/environment/ament_prefix_path.sh
[1.016s] -- Up-to-date: /home/rho922/chapt7/chapt7_ws/install/fishbot_description/share/fishbot_description/environment/ament_prefix_path.dsv
[1.016s] -- Up-to-date: /home/rho922/chapt7/chapt7_ws/install/fishbot_description/share/fishbot_description/environment/path.sh
[1.016s] -- Up-to-date: /home/rho922/chapt7/chapt7_ws/install/fishbot_description/share/fishbot_description/environment/path.dsv
[1.018s] -- Up-to-date: /home/rho922/chapt7/chapt7_ws/install/fishbot_description/share/fishbot_description/local_setup.bash
[1.019s] -- Up-to-date: /home/rho922/chapt7/chapt7_ws/install/fishbot_description/share/fishbot_description/local_setup.sh
[1.019s] -- Up-to-date: /home/rho922/chapt7/chapt7_ws/install/fishbot_description/share/fishbot_description/local_setup.zsh
[1.019s] -- Up-to-date: /home/rho922/chapt7/chapt7_ws/install/fishbot_description/share/fishbot_description/local_setup.dsv
[1.020s] -- Installing: /home/rho922/chapt7/chapt7_ws/install/fishbot_description/share/fishbot_description/package.dsv
[1.020s] -- Up-to-date: /home/rho922/chapt7/chapt7_ws/install/fishbot_description/share/ament_index/resource_index/packages/fishbot_description
[1.020s] -- Up-to-date: /home/rho922/chapt7/chapt7_ws/install/fishbot_description/share/fishbot_description/cmake/fishbot_descriptionConfig.cmake
[1.023s] -- Up-to-date: /home/rho922/chapt7/chapt7_ws/install/fishbot_description/share/fishbot_description/cmake/fishbot_descriptionConfig-version.cmake
[1.024s] -- Up-to-date: /home/rho922/chapt7/chapt7_ws/install/fishbot_description/share/fishbot_description/package.xml
[1.024s] Invoked command in '/home/rho922/chapt7/chapt7_ws/build/fishbot_description' returned '0': CMAKE_PREFIX_PATH=${CMAKE_PREFIX_PATH}:/home/rho922/chapt7/chapt7_ws/install/fishbot_application:/home/rho922/chapt7/chapt7_ws/install/autopartol_robot:/opt/ros/humble /usr/bin/cmake --install /home/rho922/chapt7/chapt7_ws/build/fishbot_description
