[0.332s] DEBUG:colcon:Command line arguments: ['/usr/bin/colcon', 'build']
[0.333s] DEBUG:colcon:Parsed command line arguments: Namespace(log_base=None, log_level=None, verb_name='build', build_base='build', install_base='install', merge_install=False, symlink_install=False, test_result_base=None, continue_on_error=False, executor='parallel', parallel_workers=20, event_handlers=None, ignore_user_meta=False, metas=['./colcon.meta'], base_paths=['.'], packages_ignore=None, packages_ignore_regex=None, paths=None, packages_up_to=None, packages_up_to_regex=None, packages_above=None, packages_above_and_dependencies=None, packages_above_depth=None, packages_select_by_dep=None, packages_skip_by_dep=None, packages_skip_up_to=None, packages_select_build_failed=False, packages_skip_build_finished=False, packages_select_test_failures=False, packages_skip_test_passed=False, packages_select=None, packages_skip=None, packages_select_regex=None, packages_skip_regex=None, packages_start=None, packages_end=None, allow_overriding=[], cmake_args=None, cmake_target=None, cmake_target_skip_unavailable=False, cmake_clean_cache=False, cmake_clean_first=False, cmake_force_configure=False, ament_cmake_args=None, catkin_cmake_args=None, catkin_skip_building_tests=False, verb_parser=<colcon_defaults.argument_parser.defaults.DefaultArgumentsDecorator object at 0x7a307a64caf0>, verb_extension=<colcon_core.verb.build.BuildVerb object at 0x7a307a75dff0>, main=<bound method BuildVerb.main of <colcon_core.verb.build.BuildVerb object at 0x7a307a75dff0>>)
[0.796s] Level 1:colcon.colcon_core.package_discovery:discover_packages(colcon_meta) check parameters
[0.796s] Level 1:colcon.colcon_core.package_discovery:discover_packages(recursive) check parameters
[0.796s] Level 1:colcon.colcon_core.package_discovery:discover_packages(ignore) check parameters
[0.796s] Level 1:colcon.colcon_core.package_discovery:discover_packages(path) check parameters
[0.796s] Level 1:colcon.colcon_core.package_discovery:discover_packages(colcon_meta) discover
[0.796s] Level 1:colcon.colcon_core.package_discovery:discover_packages(recursive) discover
[0.796s] INFO:colcon.colcon_core.package_discovery:Crawling recursively for packages in '/home/rho922/chapt7/chapt7_ws'
[0.797s] Level 1:colcon.colcon_core.package_identification:_identify(.) by extensions ['ignore', 'ignore_ament_install']
[0.797s] Level 1:colcon.colcon_core.package_identification:_identify(.) by extension 'ignore'
[0.797s] Level 1:colcon.colcon_core.package_identification:_identify(.) by extension 'ignore_ament_install'
[0.797s] Level 1:colcon.colcon_core.package_identification:_identify(.) by extensions ['colcon_pkg']
[0.797s] Level 1:colcon.colcon_core.package_identification:_identify(.) by extension 'colcon_pkg'
[0.797s] Level 1:colcon.colcon_core.package_identification:_identify(.) by extensions ['colcon_meta']
[0.797s] Level 1:colcon.colcon_core.package_identification:_identify(.) by extension 'colcon_meta'
[0.797s] Level 1:colcon.colcon_core.package_identification:_identify(.) by extensions ['ros']
[0.797s] Level 1:colcon.colcon_core.package_identification:_identify(.) by extension 'ros'
[0.811s] Level 1:colcon.colcon_core.package_identification:_identify(.) by extensions ['cmake', 'python']
[0.812s] Level 1:colcon.colcon_core.package_identification:_identify(.) by extension 'cmake'
[0.812s] Level 1:colcon.colcon_core.package_identification:_identify(.) by extension 'python'
[0.812s] Level 1:colcon.colcon_core.package_identification:_identify(.) by extensions ['python_setup_py']
[0.812s] Level 1:colcon.colcon_core.package_identification:_identify(.) by extension 'python_setup_py'
[0.812s] Level 1:colcon.colcon_core.package_identification:_identify(build) by extensions ['ignore', 'ignore_ament_install']
[0.813s] Level 1:colcon.colcon_core.package_identification:_identify(build) by extension 'ignore'
[0.813s] Level 1:colcon.colcon_core.package_identification:_identify(build) ignored
[0.813s] Level 1:colcon.colcon_core.package_identification:_identify(install) by extensions ['ignore', 'ignore_ament_install']
[0.813s] Level 1:colcon.colcon_core.package_identification:_identify(install) by extension 'ignore'
[0.813s] Level 1:colcon.colcon_core.package_identification:_identify(install) ignored
[0.813s] Level 1:colcon.colcon_core.package_identification:_identify(log) by extensions ['ignore', 'ignore_ament_install']
[0.813s] Level 1:colcon.colcon_core.package_identification:_identify(log) by extension 'ignore'
[0.813s] Level 1:colcon.colcon_core.package_identification:_identify(log) ignored
[0.814s] Level 1:colcon.colcon_core.package_identification:_identify(src) by extensions ['ignore', 'ignore_ament_install']
[0.814s] Level 1:colcon.colcon_core.package_identification:_identify(src) by extension 'ignore'
[0.814s] Level 1:colcon.colcon_core.package_identification:_identify(src) by extension 'ignore_ament_install'
[0.814s] Level 1:colcon.colcon_core.package_identification:_identify(src) by extensions ['colcon_pkg']
[0.814s] Level 1:colcon.colcon_core.package_identification:_identify(src) by extension 'colcon_pkg'
[0.814s] Level 1:colcon.colcon_core.package_identification:_identify(src) by extensions ['colcon_meta']
[0.814s] Level 1:colcon.colcon_core.package_identification:_identify(src) by extension 'colcon_meta'
[0.814s] Level 1:colcon.colcon_core.package_identification:_identify(src) by extensions ['ros']
[0.814s] Level 1:colcon.colcon_core.package_identification:_identify(src) by extension 'ros'
[0.814s] Level 1:colcon.colcon_core.package_identification:_identify(src) by extensions ['cmake', 'python']
[0.814s] Level 1:colcon.colcon_core.package_identification:_identify(src) by extension 'cmake'
[0.814s] Level 1:colcon.colcon_core.package_identification:_identify(src) by extension 'python'
[0.814s] Level 1:colcon.colcon_core.package_identification:_identify(src) by extensions ['python_setup_py']
[0.814s] Level 1:colcon.colcon_core.package_identification:_identify(src) by extension 'python_setup_py'
[0.815s] Level 1:colcon.colcon_core.package_identification:_identify(src/autopartol_interfaces) by extensions ['ignore', 'ignore_ament_install']
[0.815s] Level 1:colcon.colcon_core.package_identification:_identify(src/autopartol_interfaces) by extension 'ignore'
[0.815s] Level 1:colcon.colcon_core.package_identification:_identify(src/autopartol_interfaces) by extension 'ignore_ament_install'
[0.815s] Level 1:colcon.colcon_core.package_identification:_identify(src/autopartol_interfaces) by extensions ['colcon_pkg']
[0.815s] Level 1:colcon.colcon_core.package_identification:_identify(src/autopartol_interfaces) by extension 'colcon_pkg'
[0.815s] Level 1:colcon.colcon_core.package_identification:_identify(src/autopartol_interfaces) by extensions ['colcon_meta']
[0.815s] Level 1:colcon.colcon_core.package_identification:_identify(src/autopartol_interfaces) by extension 'colcon_meta'
[0.815s] Level 1:colcon.colcon_core.package_identification:_identify(src/autopartol_interfaces) by extensions ['ros']
[0.815s] Level 1:colcon.colcon_core.package_identification:_identify(src/autopartol_interfaces) by extension 'ros'
[0.819s] DEBUG:colcon.colcon_core.package_identification:Package 'src/autopartol_interfaces' with type 'ros.ament_cmake' and name 'autopartol_interfaces'
[0.819s] Level 1:colcon.colcon_core.package_identification:_identify(src/autopartol_robot) by extensions ['ignore', 'ignore_ament_install']
[0.819s] Level 1:colcon.colcon_core.package_identification:_identify(src/autopartol_robot) by extension 'ignore'
[0.819s] Level 1:colcon.colcon_core.package_identification:_identify(src/autopartol_robot) by extension 'ignore_ament_install'
[0.820s] Level 1:colcon.colcon_core.package_identification:_identify(src/autopartol_robot) by extensions ['colcon_pkg']
[0.820s] Level 1:colcon.colcon_core.package_identification:_identify(src/autopartol_robot) by extension 'colcon_pkg'
[0.820s] Level 1:colcon.colcon_core.package_identification:_identify(src/autopartol_robot) by extensions ['colcon_meta']
[0.820s] Level 1:colcon.colcon_core.package_identification:_identify(src/autopartol_robot) by extension 'colcon_meta'
[0.820s] Level 1:colcon.colcon_core.package_identification:_identify(src/autopartol_robot) by extensions ['ros']
[0.820s] Level 1:colcon.colcon_core.package_identification:_identify(src/autopartol_robot) by extension 'ros'
[0.821s] DEBUG:colcon.colcon_core.package_identification:Package 'src/autopartol_robot' with type 'ros.ament_python' and name 'autopartol_robot'
[0.822s] Level 1:colcon.colcon_core.package_identification:_identify(src/fishbot_application) by extensions ['ignore', 'ignore_ament_install']
[0.822s] Level 1:colcon.colcon_core.package_identification:_identify(src/fishbot_application) by extension 'ignore'
[0.822s] Level 1:colcon.colcon_core.package_identification:_identify(src/fishbot_application) by extension 'ignore_ament_install'
[0.823s] Level 1:colcon.colcon_core.package_identification:_identify(src/fishbot_application) by extensions ['colcon_pkg']
[0.823s] Level 1:colcon.colcon_core.package_identification:_identify(src/fishbot_application) by extension 'colcon_pkg'
[0.823s] Level 1:colcon.colcon_core.package_identification:_identify(src/fishbot_application) by extensions ['colcon_meta']
[0.823s] Level 1:colcon.colcon_core.package_identification:_identify(src/fishbot_application) by extension 'colcon_meta'
[0.823s] Level 1:colcon.colcon_core.package_identification:_identify(src/fishbot_application) by extensions ['ros']
[0.823s] Level 1:colcon.colcon_core.package_identification:_identify(src/fishbot_application) by extension 'ros'
[0.824s] DEBUG:colcon.colcon_core.package_identification:Package 'src/fishbot_application' with type 'ros.ament_python' and name 'fishbot_application'
[0.825s] Level 1:colcon.colcon_core.package_identification:_identify(src/fishbot_description) by extensions ['ignore', 'ignore_ament_install']
[0.825s] Level 1:colcon.colcon_core.package_identification:_identify(src/fishbot_description) by extension 'ignore'
[0.825s] Level 1:colcon.colcon_core.package_identification:_identify(src/fishbot_description) by extension 'ignore_ament_install'
[0.825s] Level 1:colcon.colcon_core.package_identification:_identify(src/fishbot_description) by extensions ['colcon_pkg']
[0.825s] Level 1:colcon.colcon_core.package_identification:_identify(src/fishbot_description) by extension 'colcon_pkg'
[0.825s] Level 1:colcon.colcon_core.package_identification:_identify(src/fishbot_description) by extensions ['colcon_meta']
[0.825s] Level 1:colcon.colcon_core.package_identification:_identify(src/fishbot_description) by extension 'colcon_meta'
[0.825s] Level 1:colcon.colcon_core.package_identification:_identify(src/fishbot_description) by extensions ['ros']
[0.825s] Level 1:colcon.colcon_core.package_identification:_identify(src/fishbot_description) by extension 'ros'
[0.826s] DEBUG:colcon.colcon_core.package_identification:Package 'src/fishbot_description' with type 'ros.ament_cmake' and name 'fishbot_description'
[0.827s] Level 1:colcon.colcon_core.package_identification:_identify(src/fishbot_navigation2) by extensions ['ignore', 'ignore_ament_install']
[0.827s] Level 1:colcon.colcon_core.package_identification:_identify(src/fishbot_navigation2) by extension 'ignore'
[0.827s] Level 1:colcon.colcon_core.package_identification:_identify(src/fishbot_navigation2) by extension 'ignore_ament_install'
[0.827s] Level 1:colcon.colcon_core.package_identification:_identify(src/fishbot_navigation2) by extensions ['colcon_pkg']
[0.827s] Level 1:colcon.colcon_core.package_identification:_identify(src/fishbot_navigation2) by extension 'colcon_pkg'
[0.827s] Level 1:colcon.colcon_core.package_identification:_identify(src/fishbot_navigation2) by extensions ['colcon_meta']
[0.827s] Level 1:colcon.colcon_core.package_identification:_identify(src/fishbot_navigation2) by extension 'colcon_meta'
[0.828s] Level 1:colcon.colcon_core.package_identification:_identify(src/fishbot_navigation2) by extensions ['ros']
[0.828s] Level 1:colcon.colcon_core.package_identification:_identify(src/fishbot_navigation2) by extension 'ros'
[0.828s] DEBUG:colcon.colcon_core.package_identification:Package 'src/fishbot_navigation2' with type 'ros.ament_cmake' and name 'fishbot_navigation2'
[0.829s] Level 1:colcon.colcon_core.package_discovery:discover_packages(recursive) using defaults
[0.829s] Level 1:colcon.colcon_core.package_discovery:discover_packages(ignore) discover
[0.829s] Level 1:colcon.colcon_core.package_discovery:discover_packages(ignore) using defaults
[0.829s] Level 1:colcon.colcon_core.package_discovery:discover_packages(path) discover
[0.829s] Level 1:colcon.colcon_core.package_discovery:discover_packages(path) using defaults
[0.878s] Level 1:colcon.colcon_core.package_discovery:discover_packages(prefix_path) check parameters
[0.878s] Level 1:colcon.colcon_core.package_discovery:discover_packages(prefix_path) discover
[0.884s] DEBUG:colcon.colcon_installed_package_information.package_discovery:Found 5 installed packages in /home/rho922/chapt7/chapt7_ws/install
[0.886s] DEBUG:colcon.colcon_installed_package_information.package_discovery:Found 405 installed packages in /opt/ros/humble
[0.888s] Level 1:colcon.colcon_core.package_discovery:discover_packages(prefix_path) using defaults
[0.951s] Level 5:colcon.colcon_core.verb:set package 'autopartol_interfaces' build argument 'cmake_args' from command line to 'None'
[0.952s] Level 5:colcon.colcon_core.verb:set package 'autopartol_interfaces' build argument 'cmake_target' from command line to 'None'
[0.952s] Level 5:colcon.colcon_core.verb:set package 'autopartol_interfaces' build argument 'cmake_target_skip_unavailable' from command line to 'False'
[0.952s] Level 5:colcon.colcon_core.verb:set package 'autopartol_interfaces' build argument 'cmake_clean_cache' from command line to 'False'
[0.952s] Level 5:colcon.colcon_core.verb:set package 'autopartol_interfaces' build argument 'cmake_clean_first' from command line to 'False'
[0.952s] Level 5:colcon.colcon_core.verb:set package 'autopartol_interfaces' build argument 'cmake_force_configure' from command line to 'False'
[0.952s] Level 5:colcon.colcon_core.verb:set package 'autopartol_interfaces' build argument 'ament_cmake_args' from command line to 'None'
[0.952s] Level 5:colcon.colcon_core.verb:set package 'autopartol_interfaces' build argument 'catkin_cmake_args' from command line to 'None'
[0.952s] Level 5:colcon.colcon_core.verb:set package 'autopartol_interfaces' build argument 'catkin_skip_building_tests' from command line to 'False'
[0.952s] DEBUG:colcon.colcon_core.verb:Building package 'autopartol_interfaces' with the following arguments: {'ament_cmake_args': None, 'build_base': '/home/rho922/chapt7/chapt7_ws/build/autopartol_interfaces', 'catkin_cmake_args': None, 'catkin_skip_building_tests': False, 'cmake_args': None, 'cmake_clean_cache': False, 'cmake_clean_first': False, 'cmake_force_configure': False, 'cmake_target': None, 'cmake_target_skip_unavailable': False, 'install_base': '/home/rho922/chapt7/chapt7_ws/install/autopartol_interfaces', 'merge_install': False, 'path': '/home/rho922/chapt7/chapt7_ws/src/autopartol_interfaces', 'symlink_install': False, 'test_result_base': None}
[0.952s] Level 5:colcon.colcon_core.verb:set package 'autopartol_robot' build argument 'cmake_args' from command line to 'None'
[0.952s] Level 5:colcon.colcon_core.verb:set package 'autopartol_robot' build argument 'cmake_target' from command line to 'None'
[0.952s] Level 5:colcon.colcon_core.verb:set package 'autopartol_robot' build argument 'cmake_target_skip_unavailable' from command line to 'False'
[0.952s] Level 5:colcon.colcon_core.verb:set package 'autopartol_robot' build argument 'cmake_clean_cache' from command line to 'False'
[0.952s] Level 5:colcon.colcon_core.verb:set package 'autopartol_robot' build argument 'cmake_clean_first' from command line to 'False'
[0.952s] Level 5:colcon.colcon_core.verb:set package 'autopartol_robot' build argument 'cmake_force_configure' from command line to 'False'
[0.952s] Level 5:colcon.colcon_core.verb:set package 'autopartol_robot' build argument 'ament_cmake_args' from command line to 'None'
[0.952s] Level 5:colcon.colcon_core.verb:set package 'autopartol_robot' build argument 'catkin_cmake_args' from command line to 'None'
[0.952s] Level 5:colcon.colcon_core.verb:set package 'autopartol_robot' build argument 'catkin_skip_building_tests' from command line to 'False'
[0.952s] DEBUG:colcon.colcon_core.verb:Building package 'autopartol_robot' with the following arguments: {'ament_cmake_args': None, 'build_base': '/home/rho922/chapt7/chapt7_ws/build/autopartol_robot', 'catkin_cmake_args': None, 'catkin_skip_building_tests': False, 'cmake_args': None, 'cmake_clean_cache': False, 'cmake_clean_first': False, 'cmake_force_configure': False, 'cmake_target': None, 'cmake_target_skip_unavailable': False, 'install_base': '/home/rho922/chapt7/chapt7_ws/install/autopartol_robot', 'merge_install': False, 'path': '/home/rho922/chapt7/chapt7_ws/src/autopartol_robot', 'symlink_install': False, 'test_result_base': None}
[0.953s] Level 5:colcon.colcon_core.verb:set package 'fishbot_application' build argument 'cmake_args' from command line to 'None'
[0.953s] Level 5:colcon.colcon_core.verb:set package 'fishbot_application' build argument 'cmake_target' from command line to 'None'
[0.953s] Level 5:colcon.colcon_core.verb:set package 'fishbot_application' build argument 'cmake_target_skip_unavailable' from command line to 'False'
[0.953s] Level 5:colcon.colcon_core.verb:set package 'fishbot_application' build argument 'cmake_clean_cache' from command line to 'False'
[0.953s] Level 5:colcon.colcon_core.verb:set package 'fishbot_application' build argument 'cmake_clean_first' from command line to 'False'
[0.953s] Level 5:colcon.colcon_core.verb:set package 'fishbot_application' build argument 'cmake_force_configure' from command line to 'False'
[0.953s] Level 5:colcon.colcon_core.verb:set package 'fishbot_application' build argument 'ament_cmake_args' from command line to 'None'
[0.953s] Level 5:colcon.colcon_core.verb:set package 'fishbot_application' build argument 'catkin_cmake_args' from command line to 'None'
[0.953s] Level 5:colcon.colcon_core.verb:set package 'fishbot_application' build argument 'catkin_skip_building_tests' from command line to 'False'
[0.953s] DEBUG:colcon.colcon_core.verb:Building package 'fishbot_application' with the following arguments: {'ament_cmake_args': None, 'build_base': '/home/rho922/chapt7/chapt7_ws/build/fishbot_application', 'catkin_cmake_args': None, 'catkin_skip_building_tests': False, 'cmake_args': None, 'cmake_clean_cache': False, 'cmake_clean_first': False, 'cmake_force_configure': False, 'cmake_target': None, 'cmake_target_skip_unavailable': False, 'install_base': '/home/rho922/chapt7/chapt7_ws/install/fishbot_application', 'merge_install': False, 'path': '/home/rho922/chapt7/chapt7_ws/src/fishbot_application', 'symlink_install': False, 'test_result_base': None}
[0.954s] Level 5:colcon.colcon_core.verb:set package 'fishbot_description' build argument 'cmake_args' from command line to 'None'
[0.954s] Level 5:colcon.colcon_core.verb:set package 'fishbot_description' build argument 'cmake_target' from command line to 'None'
[0.954s] Level 5:colcon.colcon_core.verb:set package 'fishbot_description' build argument 'cmake_target_skip_unavailable' from command line to 'False'
[0.954s] Level 5:colcon.colcon_core.verb:set package 'fishbot_description' build argument 'cmake_clean_cache' from command line to 'False'
[0.954s] Level 5:colcon.colcon_core.verb:set package 'fishbot_description' build argument 'cmake_clean_first' from command line to 'False'
[0.954s] Level 5:colcon.colcon_core.verb:set package 'fishbot_description' build argument 'cmake_force_configure' from command line to 'False'
[0.954s] Level 5:colcon.colcon_core.verb:set package 'fishbot_description' build argument 'ament_cmake_args' from command line to 'None'
[0.954s] Level 5:colcon.colcon_core.verb:set package 'fishbot_description' build argument 'catkin_cmake_args' from command line to 'None'
[0.954s] Level 5:colcon.colcon_core.verb:set package 'fishbot_description' build argument 'catkin_skip_building_tests' from command line to 'False'
[0.954s] DEBUG:colcon.colcon_core.verb:Building package 'fishbot_description' with the following arguments: {'ament_cmake_args': None, 'build_base': '/home/rho922/chapt7/chapt7_ws/build/fishbot_description', 'catkin_cmake_args': None, 'catkin_skip_building_tests': False, 'cmake_args': None, 'cmake_clean_cache': False, 'cmake_clean_first': False, 'cmake_force_configure': False, 'cmake_target': None, 'cmake_target_skip_unavailable': False, 'install_base': '/home/rho922/chapt7/chapt7_ws/install/fishbot_description', 'merge_install': False, 'path': '/home/rho922/chapt7/chapt7_ws/src/fishbot_description', 'symlink_install': False, 'test_result_base': None}
[0.954s] Level 5:colcon.colcon_core.verb:set package 'fishbot_navigation2' build argument 'cmake_args' from command line to 'None'
[0.954s] Level 5:colcon.colcon_core.verb:set package 'fishbot_navigation2' build argument 'cmake_target' from command line to 'None'
[0.954s] Level 5:colcon.colcon_core.verb:set package 'fishbot_navigation2' build argument 'cmake_target_skip_unavailable' from command line to 'False'
[0.954s] Level 5:colcon.colcon_core.verb:set package 'fishbot_navigation2' build argument 'cmake_clean_cache' from command line to 'False'
[0.954s] Level 5:colcon.colcon_core.verb:set package 'fishbot_navigation2' build argument 'cmake_clean_first' from command line to 'False'
[0.954s] Level 5:colcon.colcon_core.verb:set package 'fishbot_navigation2' build argument 'cmake_force_configure' from command line to 'False'
[0.954s] Level 5:colcon.colcon_core.verb:set package 'fishbot_navigation2' build argument 'ament_cmake_args' from command line to 'None'
[0.954s] Level 5:colcon.colcon_core.verb:set package 'fishbot_navigation2' build argument 'catkin_cmake_args' from command line to 'None'
[0.954s] Level 5:colcon.colcon_core.verb:set package 'fishbot_navigation2' build argument 'catkin_skip_building_tests' from command line to 'False'
[0.954s] DEBUG:colcon.colcon_core.verb:Building package 'fishbot_navigation2' with the following arguments: {'ament_cmake_args': None, 'build_base': '/home/rho922/chapt7/chapt7_ws/build/fishbot_navigation2', 'catkin_cmake_args': None, 'catkin_skip_building_tests': False, 'cmake_args': None, 'cmake_clean_cache': False, 'cmake_clean_first': False, 'cmake_force_configure': False, 'cmake_target': None, 'cmake_target_skip_unavailable': False, 'install_base': '/home/rho922/chapt7/chapt7_ws/install/fishbot_navigation2', 'merge_install': False, 'path': '/home/rho922/chapt7/chapt7_ws/src/fishbot_navigation2', 'symlink_install': False, 'test_result_base': None}
[0.955s] INFO:colcon.colcon_core.executor:Executing jobs using 'parallel' executor
[0.956s] DEBUG:colcon.colcon_parallel_executor.executor.parallel:run_until_complete
[0.957s] INFO:colcon.colcon_ros.task.ament_cmake.build:Building ROS package in '/home/rho922/chapt7/chapt7_ws/src/autopartol_interfaces' with build type 'ament_cmake'
[0.958s] INFO:colcon.colcon_cmake.task.cmake.build:Building CMake package in '/home/rho922/chapt7/chapt7_ws/src/autopartol_interfaces'
[0.967s] INFO:colcon.colcon_core.plugin_system:Skipping extension 'colcon_core.shell.bat': Not used on non-Windows systems
[0.968s] INFO:colcon.colcon_core.shell:Skip shell extension 'powershell' for command environment: Not usable outside of PowerShell
[0.968s] DEBUG:colcon.colcon_core.shell:Skip shell extension 'dsv' for command environment
[0.974s] INFO:colcon.colcon_ros.task.ament_python.build:Building ROS package in '/home/rho922/chapt7/chapt7_ws/src/autopartol_robot' with build type 'ament_python'
[0.975s] Level 1:colcon.colcon_core.shell:create_environment_hook('autopartol_robot', 'ament_prefix_path')
[0.975s] INFO:colcon.colcon_core.shell:Creating environment hook '/home/rho922/chapt7/chapt7_ws/install/autopartol_robot/share/autopartol_robot/hook/ament_prefix_path.ps1'
[0.976s] INFO:colcon.colcon_core.shell:Creating environment descriptor '/home/rho922/chapt7/chapt7_ws/install/autopartol_robot/share/autopartol_robot/hook/ament_prefix_path.dsv'
[0.978s] INFO:colcon.colcon_core.shell:Creating environment hook '/home/rho922/chapt7/chapt7_ws/install/autopartol_robot/share/autopartol_robot/hook/ament_prefix_path.sh'
[0.979s] INFO:colcon.colcon_core.shell:Skip shell extension 'powershell' for command environment: Not usable outside of PowerShell
[0.979s] DEBUG:colcon.colcon_core.shell:Skip shell extension 'dsv' for command environment
[0.984s] INFO:colcon.colcon_ros.task.ament_python.build:Building ROS package in '/home/rho922/chapt7/chapt7_ws/src/fishbot_application' with build type 'ament_python'
[0.985s] Level 1:colcon.colcon_core.shell:create_environment_hook('fishbot_application', 'ament_prefix_path')
[0.985s] INFO:colcon.colcon_core.shell:Creating environment hook '/home/rho922/chapt7/chapt7_ws/install/fishbot_application/share/fishbot_application/hook/ament_prefix_path.ps1'
[0.986s] INFO:colcon.colcon_core.shell:Creating environment descriptor '/home/rho922/chapt7/chapt7_ws/install/fishbot_application/share/fishbot_application/hook/ament_prefix_path.dsv'
[0.986s] INFO:colcon.colcon_core.shell:Creating environment hook '/home/rho922/chapt7/chapt7_ws/install/fishbot_application/share/fishbot_application/hook/ament_prefix_path.sh'
[0.987s] INFO:colcon.colcon_core.shell:Skip shell extension 'powershell' for command environment: Not usable outside of PowerShell
[0.987s] DEBUG:colcon.colcon_core.shell:Skip shell extension 'dsv' for command environment
[0.992s] INFO:colcon.colcon_ros.task.ament_cmake.build:Building ROS package in '/home/rho922/chapt7/chapt7_ws/src/fishbot_description' with build type 'ament_cmake'
[0.992s] INFO:colcon.colcon_cmake.task.cmake.build:Building CMake package in '/home/rho922/chapt7/chapt7_ws/src/fishbot_description'
[0.993s] INFO:colcon.colcon_core.shell:Skip shell extension 'powershell' for command environment: Not usable outside of PowerShell
[0.993s] DEBUG:colcon.colcon_core.shell:Skip shell extension 'dsv' for command environment
[0.999s] INFO:colcon.colcon_ros.task.ament_cmake.build:Building ROS package in '/home/rho922/chapt7/chapt7_ws/src/fishbot_navigation2' with build type 'ament_cmake'
[0.999s] INFO:colcon.colcon_cmake.task.cmake.build:Building CMake package in '/home/rho922/chapt7/chapt7_ws/src/fishbot_navigation2'
[0.999s] INFO:colcon.colcon_core.shell:Skip shell extension 'powershell' for command environment: Not usable outside of PowerShell
[1.000s] DEBUG:colcon.colcon_core.shell:Skip shell extension 'dsv' for command environment
[1.020s] DEBUG:colcon.colcon_core.event_handler.log_command:Invoking command in '/home/rho922/chapt7/chapt7_ws/build/autopartol_interfaces': CMAKE_PREFIX_PATH=${CMAKE_PREFIX_PATH}:/home/rho922/chapt7/chapt7_ws/install/fishbot_application:/home/rho922/chapt7/chapt7_ws/install/autopartol_robot:/opt/ros/humble /usr/bin/cmake --build /home/rho922/chapt7/chapt7_ws/build/autopartol_interfaces -- -j20 -l20
[1.417s] INFO:colcon.colcon_core.task.python.build:Building Python package in '/home/rho922/chapt7/chapt7_ws/src/autopartol_robot'
[1.418s] INFO:colcon.colcon_core.shell:Skip shell extension 'powershell' for command environment: Not usable outside of PowerShell
[1.418s] DEBUG:colcon.colcon_core.shell:Skip shell extension 'dsv' for command environment
[1.731s] INFO:colcon.colcon_core.task.python.build:Building Python package in '/home/rho922/chapt7/chapt7_ws/src/fishbot_application'
[1.732s] INFO:colcon.colcon_core.shell:Skip shell extension 'powershell' for command environment: Not usable outside of PowerShell
[1.732s] DEBUG:colcon.colcon_core.shell:Skip shell extension 'dsv' for command environment
[1.739s] DEBUG:colcon.colcon_core.event_handler.log_command:Invoking command in '/home/rho922/chapt7/chapt7_ws/build/fishbot_description': CMAKE_PREFIX_PATH=${CMAKE_PREFIX_PATH}:/home/rho922/chapt7/chapt7_ws/install/fishbot_application:/home/rho922/chapt7/chapt7_ws/install/autopartol_robot:/opt/ros/humble /usr/bin/cmake --build /home/rho922/chapt7/chapt7_ws/build/fishbot_description -- -j20 -l20
[1.744s] DEBUG:colcon.colcon_core.event_handler.log_command:Invoking command in '/home/rho922/chapt7/chapt7_ws/build/fishbot_navigation2': CMAKE_PREFIX_PATH=${CMAKE_PREFIX_PATH}:/home/rho922/chapt7/chapt7_ws/install/fishbot_application:/home/rho922/chapt7/chapt7_ws/install/autopartol_robot:/opt/ros/humble /usr/bin/cmake --build /home/rho922/chapt7/chapt7_ws/build/fishbot_navigation2 -- -j20 -l20
[1.752s] DEBUG:colcon.colcon_core.event_handler.log_command:Invoked command in '/home/rho922/chapt7/chapt7_ws/build/autopartol_interfaces' returned '0': CMAKE_PREFIX_PATH=${CMAKE_PREFIX_PATH}:/home/rho922/chapt7/chapt7_ws/install/fishbot_application:/home/rho922/chapt7/chapt7_ws/install/autopartol_robot:/opt/ros/humble /usr/bin/cmake --build /home/rho922/chapt7/chapt7_ws/build/autopartol_interfaces -- -j20 -l20
[1.766s] DEBUG:colcon.colcon_core.event_handler.log_command:Invoking command in '/home/rho922/chapt7/chapt7_ws/build/autopartol_interfaces': CMAKE_PREFIX_PATH=${CMAKE_PREFIX_PATH}:/home/rho922/chapt7/chapt7_ws/install/fishbot_application:/home/rho922/chapt7/chapt7_ws/install/autopartol_robot:/opt/ros/humble /usr/bin/cmake --install /home/rho922/chapt7/chapt7_ws/build/autopartol_interfaces
[1.799s] DEBUG:colcon.colcon_core.event_handler.log_command:Invoked command in '/home/rho922/chapt7/chapt7_ws/build/fishbot_description' returned '0': CMAKE_PREFIX_PATH=${CMAKE_PREFIX_PATH}:/home/rho922/chapt7/chapt7_ws/install/fishbot_application:/home/rho922/chapt7/chapt7_ws/install/autopartol_robot:/opt/ros/humble /usr/bin/cmake --build /home/rho922/chapt7/chapt7_ws/build/fishbot_description -- -j20 -l20
[1.821s] DEBUG:colcon.colcon_core.event_handler.log_command:Invoking command in '/home/rho922/chapt7/chapt7_ws/build/fishbot_description': CMAKE_PREFIX_PATH=${CMAKE_PREFIX_PATH}:/home/rho922/chapt7/chapt7_ws/install/fishbot_application:/home/rho922/chapt7/chapt7_ws/install/autopartol_robot:/opt/ros/humble /usr/bin/cmake --install /home/rho922/chapt7/chapt7_ws/build/fishbot_description
[1.824s] DEBUG:colcon.colcon_core.event_handler.log_command:Invoked command in '/home/rho922/chapt7/chapt7_ws/build/fishbot_navigation2' returned '0': CMAKE_PREFIX_PATH=${CMAKE_PREFIX_PATH}:/home/rho922/chapt7/chapt7_ws/install/fishbot_application:/home/rho922/chapt7/chapt7_ws/install/autopartol_robot:/opt/ros/humble /usr/bin/cmake --build /home/rho922/chapt7/chapt7_ws/build/fishbot_navigation2 -- -j20 -l20
[1.835s] Level 1:colcon.colcon_core.environment:create_environment_scripts_only(fishbot_description)
[1.837s] DEBUG:colcon.colcon_core.event_handler.log_command:Invoking command in '/home/rho922/chapt7/chapt7_ws/build/fishbot_navigation2': CMAKE_PREFIX_PATH=${CMAKE_PREFIX_PATH}:/home/rho922/chapt7/chapt7_ws/install/fishbot_application:/home/rho922/chapt7/chapt7_ws/install/autopartol_robot:/opt/ros/humble /usr/bin/cmake --install /home/rho922/chapt7/chapt7_ws/build/fishbot_navigation2
[1.860s] DEBUG:colcon.colcon_core.event_handler.log_command:Invoked command in '/home/rho922/chapt7/chapt7_ws/build/fishbot_description' returned '0': CMAKE_PREFIX_PATH=${CMAKE_PREFIX_PATH}:/home/rho922/chapt7/chapt7_ws/install/fishbot_application:/home/rho922/chapt7/chapt7_ws/install/autopartol_robot:/opt/ros/humble /usr/bin/cmake --install /home/rho922/chapt7/chapt7_ws/build/fishbot_description
[1.863s] Level 1:colcon.colcon_core.environment:checking '/home/rho922/chapt7/chapt7_ws/install/fishbot_description' for CMake module files
[1.864s] Level 1:colcon.colcon_core.environment:checking '/home/rho922/chapt7/chapt7_ws/install/fishbot_description' for CMake config files
[1.868s] Level 1:colcon.colcon_core.shell:create_environment_hook('fishbot_description', 'cmake_prefix_path')
[1.869s] INFO:colcon.colcon_core.shell:Creating environment hook '/home/rho922/chapt7/chapt7_ws/install/fishbot_description/share/fishbot_description/hook/cmake_prefix_path.ps1'
[1.871s] INFO:colcon.colcon_core.shell:Creating environment descriptor '/home/rho922/chapt7/chapt7_ws/install/fishbot_description/share/fishbot_description/hook/cmake_prefix_path.dsv'
[1.872s] INFO:colcon.colcon_core.shell:Creating environment hook '/home/rho922/chapt7/chapt7_ws/install/fishbot_description/share/fishbot_description/hook/cmake_prefix_path.sh'
[1.873s] Level 1:colcon.colcon_core.environment:checking '/home/rho922/chapt7/chapt7_ws/install/fishbot_description/bin'
[1.873s] Level 1:colcon.colcon_core.environment:checking '/home/rho922/chapt7/chapt7_ws/install/fishbot_description/lib/pkgconfig/fishbot_description.pc'
[1.873s] Level 1:colcon.colcon_core.environment:checking '/home/rho922/chapt7/chapt7_ws/install/fishbot_description/lib/python3.10/site-packages'
[1.874s] Level 1:colcon.colcon_core.environment:checking '/home/rho922/chapt7/chapt7_ws/install/fishbot_description/bin'
[1.874s] INFO:colcon.colcon_core.shell:Creating package script '/home/rho922/chapt7/chapt7_ws/install/fishbot_description/share/fishbot_description/package.ps1'
[1.878s] INFO:colcon.colcon_core.shell:Creating package descriptor '/home/rho922/chapt7/chapt7_ws/install/fishbot_description/share/fishbot_description/package.dsv'
[1.883s] INFO:colcon.colcon_core.shell:Creating package script '/home/rho922/chapt7/chapt7_ws/install/fishbot_description/share/fishbot_description/package.sh'
[1.889s] INFO:colcon.colcon_core.shell:Creating package script '/home/rho922/chapt7/chapt7_ws/install/fishbot_description/share/fishbot_description/package.bash'
[1.894s] INFO:colcon.colcon_core.shell:Creating package script '/home/rho922/chapt7/chapt7_ws/install/fishbot_description/share/fishbot_description/package.zsh'
[1.899s] Level 1:colcon.colcon_core.environment:create_file_with_runtime_dependencies(/home/rho922/chapt7/chapt7_ws/install/fishbot_description/share/colcon-core/packages/fishbot_description)
[1.905s] Level 1:colcon.colcon_core.environment:create_environment_scripts_only(fishbot_description)
[1.906s] Level 1:colcon.colcon_core.environment:checking '/home/rho922/chapt7/chapt7_ws/install/fishbot_description' for CMake module files
[1.912s] Level 1:colcon.colcon_core.environment:checking '/home/rho922/chapt7/chapt7_ws/install/fishbot_description' for CMake config files
[1.914s] Level 1:colcon.colcon_core.shell:create_environment_hook('fishbot_description', 'cmake_prefix_path')
[1.914s] INFO:colcon.colcon_core.shell:Creating environment hook '/home/rho922/chapt7/chapt7_ws/install/fishbot_description/share/fishbot_description/hook/cmake_prefix_path.ps1'
[1.916s] INFO:colcon.colcon_core.shell:Creating environment descriptor '/home/rho922/chapt7/chapt7_ws/install/fishbot_description/share/fishbot_description/hook/cmake_prefix_path.dsv'
[1.918s] INFO:colcon.colcon_core.shell:Creating environment hook '/home/rho922/chapt7/chapt7_ws/install/fishbot_description/share/fishbot_description/hook/cmake_prefix_path.sh'
[1.919s] Level 1:colcon.colcon_core.environment:checking '/home/rho922/chapt7/chapt7_ws/install/fishbot_description/bin'
[1.920s] Level 1:colcon.colcon_core.environment:checking '/home/rho922/chapt7/chapt7_ws/install/fishbot_description/lib/pkgconfig/fishbot_description.pc'
[1.920s] Level 1:colcon.colcon_core.environment:checking '/home/rho922/chapt7/chapt7_ws/install/fishbot_description/lib/python3.10/site-packages'
[1.921s] Level 1:colcon.colcon_core.environment:checking '/home/rho922/chapt7/chapt7_ws/install/fishbot_description/bin'
[1.922s] INFO:colcon.colcon_core.shell:Creating package script '/home/rho922/chapt7/chapt7_ws/install/fishbot_description/share/fishbot_description/package.ps1'
[1.923s] INFO:colcon.colcon_core.shell:Creating package descriptor '/home/rho922/chapt7/chapt7_ws/install/fishbot_description/share/fishbot_description/package.dsv'
[1.924s] INFO:colcon.colcon_core.shell:Creating package script '/home/rho922/chapt7/chapt7_ws/install/fishbot_description/share/fishbot_description/package.sh'
[1.924s] INFO:colcon.colcon_core.shell:Creating package script '/home/rho922/chapt7/chapt7_ws/install/fishbot_description/share/fishbot_description/package.bash'
[1.925s] INFO:colcon.colcon_core.shell:Creating package script '/home/rho922/chapt7/chapt7_ws/install/fishbot_description/share/fishbot_description/package.zsh'
[1.926s] Level 1:colcon.colcon_core.environment:create_file_with_runtime_dependencies(/home/rho922/chapt7/chapt7_ws/install/fishbot_description/share/colcon-core/packages/fishbot_description)
[1.928s] Level 1:colcon.colcon_core.environment:create_environment_scripts_only(fishbot_navigation2)
[1.929s] Level 1:colcon.colcon_core.environment:checking '/home/rho922/chapt7/chapt7_ws/install/fishbot_navigation2' for CMake module files
[1.930s] DEBUG:colcon.colcon_core.event_handler.log_command:Invoked command in '/home/rho922/chapt7/chapt7_ws/build/fishbot_navigation2' returned '0': CMAKE_PREFIX_PATH=${CMAKE_PREFIX_PATH}:/home/rho922/chapt7/chapt7_ws/install/fishbot_application:/home/rho922/chapt7/chapt7_ws/install/autopartol_robot:/opt/ros/humble /usr/bin/cmake --install /home/rho922/chapt7/chapt7_ws/build/fishbot_navigation2
[1.931s] Level 1:colcon.colcon_core.environment:checking '/home/rho922/chapt7/chapt7_ws/install/fishbot_navigation2' for CMake config files
[1.933s] Level 1:colcon.colcon_core.shell:create_environment_hook('fishbot_navigation2', 'cmake_prefix_path')
[1.933s] INFO:colcon.colcon_core.shell:Creating environment hook '/home/rho922/chapt7/chapt7_ws/install/fishbot_navigation2/share/fishbot_navigation2/hook/cmake_prefix_path.ps1'
[1.934s] INFO:colcon.colcon_core.shell:Creating environment descriptor '/home/rho922/chapt7/chapt7_ws/install/fishbot_navigation2/share/fishbot_navigation2/hook/cmake_prefix_path.dsv'
[1.934s] INFO:colcon.colcon_core.shell:Creating environment hook '/home/rho922/chapt7/chapt7_ws/install/fishbot_navigation2/share/fishbot_navigation2/hook/cmake_prefix_path.sh'
[1.935s] Level 1:colcon.colcon_core.environment:checking '/home/rho922/chapt7/chapt7_ws/install/fishbot_navigation2/bin'
[1.935s] Level 1:colcon.colcon_core.environment:checking '/home/rho922/chapt7/chapt7_ws/install/fishbot_navigation2/lib/pkgconfig/fishbot_navigation2.pc'
[1.935s] Level 1:colcon.colcon_core.environment:checking '/home/rho922/chapt7/chapt7_ws/install/fishbot_navigation2/lib/python3.10/site-packages'
[1.936s] Level 1:colcon.colcon_core.environment:checking '/home/rho922/chapt7/chapt7_ws/install/fishbot_navigation2/bin'
[1.936s] INFO:colcon.colcon_core.shell:Creating package script '/home/rho922/chapt7/chapt7_ws/install/fishbot_navigation2/share/fishbot_navigation2/package.ps1'
[1.937s] INFO:colcon.colcon_core.shell:Creating package descriptor '/home/rho922/chapt7/chapt7_ws/install/fishbot_navigation2/share/fishbot_navigation2/package.dsv'
[1.938s] INFO:colcon.colcon_core.shell:Creating package script '/home/rho922/chapt7/chapt7_ws/install/fishbot_navigation2/share/fishbot_navigation2/package.sh'
[1.938s] INFO:colcon.colcon_core.shell:Creating package script '/home/rho922/chapt7/chapt7_ws/install/fishbot_navigation2/share/fishbot_navigation2/package.bash'
[1.939s] INFO:colcon.colcon_core.shell:Creating package script '/home/rho922/chapt7/chapt7_ws/install/fishbot_navigation2/share/fishbot_navigation2/package.zsh'
[1.939s] Level 1:colcon.colcon_core.environment:create_file_with_runtime_dependencies(/home/rho922/chapt7/chapt7_ws/install/fishbot_navigation2/share/colcon-core/packages/fishbot_navigation2)
[1.940s] Level 1:colcon.colcon_core.environment:create_environment_scripts_only(fishbot_navigation2)
[1.940s] Level 1:colcon.colcon_core.environment:checking '/home/rho922/chapt7/chapt7_ws/install/fishbot_navigation2' for CMake module files
[1.941s] Level 1:colcon.colcon_core.environment:checking '/home/rho922/chapt7/chapt7_ws/install/fishbot_navigation2' for CMake config files
[1.942s] Level 1:colcon.colcon_core.shell:create_environment_hook('fishbot_navigation2', 'cmake_prefix_path')
[1.943s] INFO:colcon.colcon_core.shell:Creating environment hook '/home/rho922/chapt7/chapt7_ws/install/fishbot_navigation2/share/fishbot_navigation2/hook/cmake_prefix_path.ps1'
[1.944s] INFO:colcon.colcon_core.shell:Creating environment descriptor '/home/rho922/chapt7/chapt7_ws/install/fishbot_navigation2/share/fishbot_navigation2/hook/cmake_prefix_path.dsv'
[1.944s] INFO:colcon.colcon_core.shell:Creating environment hook '/home/rho922/chapt7/chapt7_ws/install/fishbot_navigation2/share/fishbot_navigation2/hook/cmake_prefix_path.sh'
[1.945s] Level 1:colcon.colcon_core.environment:checking '/home/rho922/chapt7/chapt7_ws/install/fishbot_navigation2/bin'
[1.945s] Level 1:colcon.colcon_core.environment:checking '/home/rho922/chapt7/chapt7_ws/install/fishbot_navigation2/lib/pkgconfig/fishbot_navigation2.pc'
[1.945s] Level 1:colcon.colcon_core.environment:checking '/home/rho922/chapt7/chapt7_ws/install/fishbot_navigation2/lib/python3.10/site-packages'
[1.946s] Level 1:colcon.colcon_core.environment:checking '/home/rho922/chapt7/chapt7_ws/install/fishbot_navigation2/bin'
[1.946s] INFO:colcon.colcon_core.shell:Creating package script '/home/rho922/chapt7/chapt7_ws/install/fishbot_navigation2/share/fishbot_navigation2/package.ps1'
[1.947s] INFO:colcon.colcon_core.shell:Creating package descriptor '/home/rho922/chapt7/chapt7_ws/install/fishbot_navigation2/share/fishbot_navigation2/package.dsv'
[1.948s] INFO:colcon.colcon_core.shell:Creating package script '/home/rho922/chapt7/chapt7_ws/install/fishbot_navigation2/share/fishbot_navigation2/package.sh'
[1.949s] INFO:colcon.colcon_core.shell:Creating package script '/home/rho922/chapt7/chapt7_ws/install/fishbot_navigation2/share/fishbot_navigation2/package.bash'
[1.950s] INFO:colcon.colcon_core.shell:Creating package script '/home/rho922/chapt7/chapt7_ws/install/fishbot_navigation2/share/fishbot_navigation2/package.zsh'
[1.951s] Level 1:colcon.colcon_core.environment:create_file_with_runtime_dependencies(/home/rho922/chapt7/chapt7_ws/install/fishbot_navigation2/share/colcon-core/packages/fishbot_navigation2)
[1.954s] Level 1:colcon.colcon_core.environment:create_environment_scripts_only(autopartol_interfaces)
[1.955s] Level 1:colcon.colcon_core.environment:checking '/home/rho922/chapt7/chapt7_ws/install/autopartol_interfaces' for CMake module files
[1.957s] DEBUG:colcon.colcon_core.event_handler.log_command:Invoked command in '/home/rho922/chapt7/chapt7_ws/build/autopartol_interfaces' returned '0': CMAKE_PREFIX_PATH=${CMAKE_PREFIX_PATH}:/home/rho922/chapt7/chapt7_ws/install/fishbot_application:/home/rho922/chapt7/chapt7_ws/install/autopartol_robot:/opt/ros/humble /usr/bin/cmake --install /home/rho922/chapt7/chapt7_ws/build/autopartol_interfaces
[1.958s] Level 1:colcon.colcon_core.environment:checking '/home/rho922/chapt7/chapt7_ws/install/autopartol_interfaces' for CMake config files
[1.960s] Level 1:colcon.colcon_core.shell:create_environment_hook('autopartol_interfaces', 'cmake_prefix_path')
[1.960s] INFO:colcon.colcon_core.shell:Creating environment hook '/home/rho922/chapt7/chapt7_ws/install/autopartol_interfaces/share/autopartol_interfaces/hook/cmake_prefix_path.ps1'
[1.962s] INFO:colcon.colcon_core.shell:Creating environment descriptor '/home/rho922/chapt7/chapt7_ws/install/autopartol_interfaces/share/autopartol_interfaces/hook/cmake_prefix_path.dsv'
[1.962s] INFO:colcon.colcon_core.shell:Creating environment hook '/home/rho922/chapt7/chapt7_ws/install/autopartol_interfaces/share/autopartol_interfaces/hook/cmake_prefix_path.sh'
[1.963s] Level 1:colcon.colcon_core.environment:checking '/home/rho922/chapt7/chapt7_ws/install/autopartol_interfaces/lib'
[1.964s] Level 1:colcon.colcon_core.shell:create_environment_hook('autopartol_interfaces', 'ld_library_path_lib')
[1.964s] INFO:colcon.colcon_core.shell:Creating environment hook '/home/rho922/chapt7/chapt7_ws/install/autopartol_interfaces/share/autopartol_interfaces/hook/ld_library_path_lib.ps1'
[1.965s] INFO:colcon.colcon_core.shell:Creating environment descriptor '/home/rho922/chapt7/chapt7_ws/install/autopartol_interfaces/share/autopartol_interfaces/hook/ld_library_path_lib.dsv'
[1.965s] INFO:colcon.colcon_core.shell:Creating environment hook '/home/rho922/chapt7/chapt7_ws/install/autopartol_interfaces/share/autopartol_interfaces/hook/ld_library_path_lib.sh'
[1.966s] Level 1:colcon.colcon_core.environment:checking '/home/rho922/chapt7/chapt7_ws/install/autopartol_interfaces/bin'
[1.966s] Level 1:colcon.colcon_core.environment:checking '/home/rho922/chapt7/chapt7_ws/install/autopartol_interfaces/lib/pkgconfig/autopartol_interfaces.pc'
[1.966s] Level 1:colcon.colcon_core.environment:checking '/home/rho922/chapt7/chapt7_ws/install/autopartol_interfaces/lib/python3.10/site-packages'
[1.967s] Level 1:colcon.colcon_core.environment:checking '/home/rho922/chapt7/chapt7_ws/install/autopartol_interfaces/bin'
[1.968s] INFO:colcon.colcon_core.shell:Creating package script '/home/rho922/chapt7/chapt7_ws/install/autopartol_interfaces/share/autopartol_interfaces/package.ps1'
[1.969s] INFO:colcon.colcon_core.shell:Creating package descriptor '/home/rho922/chapt7/chapt7_ws/install/autopartol_interfaces/share/autopartol_interfaces/package.dsv'
[1.970s] INFO:colcon.colcon_core.shell:Creating package script '/home/rho922/chapt7/chapt7_ws/install/autopartol_interfaces/share/autopartol_interfaces/package.sh'
[1.971s] INFO:colcon.colcon_core.shell:Creating package script '/home/rho922/chapt7/chapt7_ws/install/autopartol_interfaces/share/autopartol_interfaces/package.bash'
[1.972s] INFO:colcon.colcon_core.shell:Creating package script '/home/rho922/chapt7/chapt7_ws/install/autopartol_interfaces/share/autopartol_interfaces/package.zsh'
[1.973s] Level 1:colcon.colcon_core.environment:create_file_with_runtime_dependencies(/home/rho922/chapt7/chapt7_ws/install/autopartol_interfaces/share/colcon-core/packages/autopartol_interfaces)
[1.974s] Level 1:colcon.colcon_core.environment:create_environment_scripts_only(autopartol_interfaces)
[1.974s] Level 1:colcon.colcon_core.environment:checking '/home/rho922/chapt7/chapt7_ws/install/autopartol_interfaces' for CMake module files
[1.975s] Level 1:colcon.colcon_core.environment:checking '/home/rho922/chapt7/chapt7_ws/install/autopartol_interfaces' for CMake config files
[1.976s] Level 1:colcon.colcon_core.shell:create_environment_hook('autopartol_interfaces', 'cmake_prefix_path')
[1.976s] INFO:colcon.colcon_core.shell:Creating environment hook '/home/rho922/chapt7/chapt7_ws/install/autopartol_interfaces/share/autopartol_interfaces/hook/cmake_prefix_path.ps1'
[1.977s] INFO:colcon.colcon_core.shell:Creating environment descriptor '/home/rho922/chapt7/chapt7_ws/install/autopartol_interfaces/share/autopartol_interfaces/hook/cmake_prefix_path.dsv'
[1.978s] INFO:colcon.colcon_core.shell:Creating environment hook '/home/rho922/chapt7/chapt7_ws/install/autopartol_interfaces/share/autopartol_interfaces/hook/cmake_prefix_path.sh'
[1.980s] Level 1:colcon.colcon_core.environment:checking '/home/rho922/chapt7/chapt7_ws/install/autopartol_interfaces/lib'
[1.980s] Level 1:colcon.colcon_core.shell:create_environment_hook('autopartol_interfaces', 'ld_library_path_lib')
[1.980s] INFO:colcon.colcon_core.shell:Creating environment hook '/home/rho922/chapt7/chapt7_ws/install/autopartol_interfaces/share/autopartol_interfaces/hook/ld_library_path_lib.ps1'
[1.981s] INFO:colcon.colcon_core.shell:Creating environment descriptor '/home/rho922/chapt7/chapt7_ws/install/autopartol_interfaces/share/autopartol_interfaces/hook/ld_library_path_lib.dsv'
[1.982s] INFO:colcon.colcon_core.shell:Creating environment hook '/home/rho922/chapt7/chapt7_ws/install/autopartol_interfaces/share/autopartol_interfaces/hook/ld_library_path_lib.sh'
[1.983s] Level 1:colcon.colcon_core.environment:checking '/home/rho922/chapt7/chapt7_ws/install/autopartol_interfaces/bin'
[1.983s] Level 1:colcon.colcon_core.environment:checking '/home/rho922/chapt7/chapt7_ws/install/autopartol_interfaces/lib/pkgconfig/autopartol_interfaces.pc'
[1.983s] Level 1:colcon.colcon_core.environment:checking '/home/rho922/chapt7/chapt7_ws/install/autopartol_interfaces/lib/python3.10/site-packages'
[1.984s] Level 1:colcon.colcon_core.environment:checking '/home/rho922/chapt7/chapt7_ws/install/autopartol_interfaces/bin'
[1.985s] INFO:colcon.colcon_core.shell:Creating package script '/home/rho922/chapt7/chapt7_ws/install/autopartol_interfaces/share/autopartol_interfaces/package.ps1'
[1.986s] INFO:colcon.colcon_core.shell:Creating package descriptor '/home/rho922/chapt7/chapt7_ws/install/autopartol_interfaces/share/autopartol_interfaces/package.dsv'
[1.987s] INFO:colcon.colcon_core.shell:Creating package script '/home/rho922/chapt7/chapt7_ws/install/autopartol_interfaces/share/autopartol_interfaces/package.sh'
[1.989s] INFO:colcon.colcon_core.shell:Creating package script '/home/rho922/chapt7/chapt7_ws/install/autopartol_interfaces/share/autopartol_interfaces/package.bash'
[1.989s] INFO:colcon.colcon_core.shell:Creating package script '/home/rho922/chapt7/chapt7_ws/install/autopartol_interfaces/share/autopartol_interfaces/package.zsh'
[1.991s] Level 1:colcon.colcon_core.environment:create_file_with_runtime_dependencies(/home/rho922/chapt7/chapt7_ws/install/autopartol_interfaces/share/colcon-core/packages/autopartol_interfaces)
[2.473s] DEBUG:colcon.colcon_core.event_handler.log_command:Invoking command in '/home/rho922/chapt7/chapt7_ws/src/autopartol_robot': PYTHONPATH=/home/rho922/chapt7/chapt7_ws/build/autopartol_robot/prefix_override:/usr/lib/python3/dist-packages/colcon_core/task/python/colcon_distutils_commands:/home/rho922/chapt7/chapt7_ws/install/autopartol_robot/lib/python3.10/site-packages:${PYTHONPATH} /usr/bin/python3 -W ignore:setup.py install is deprecated -W ignore:easy_install command is deprecated setup.py egg_info --egg-base ../../build/autopartol_robot build --build-base /home/rho922/chapt7/chapt7_ws/build/autopartol_robot/build install --record /home/rho922/chapt7/chapt7_ws/build/autopartol_robot/install.log --single-version-externally-managed install_data
[2.479s] DEBUG:colcon.colcon_core.event_handler.log_command:Invoking command in '/home/rho922/chapt7/chapt7_ws/src/fishbot_application': PYTHONPATH=/home/rho922/chapt7/chapt7_ws/build/fishbot_application/prefix_override:/usr/lib/python3/dist-packages/colcon_core/task/python/colcon_distutils_commands:/home/rho922/chapt7/chapt7_ws/install/fishbot_application/lib/python3.10/site-packages:${PYTHONPATH} /usr/bin/python3 -W ignore:setup.py install is deprecated -W ignore:easy_install command is deprecated setup.py egg_info --egg-base ../../build/fishbot_application build --build-base /home/rho922/chapt7/chapt7_ws/build/fishbot_application/build install --record /home/rho922/chapt7/chapt7_ws/build/fishbot_application/install.log --single-version-externally-managed install_data
[2.844s] Level 1:colcon.colcon_core.environment:checking '/home/rho922/chapt7/chapt7_ws/install/fishbot_application' for CMake module files
[2.845s] DEBUG:colcon.colcon_core.event_handler.log_command:Invoked command in '/home/rho922/chapt7/chapt7_ws/src/fishbot_application' returned '0': PYTHONPATH=/home/rho922/chapt7/chapt7_ws/build/fishbot_application/prefix_override:/usr/lib/python3/dist-packages/colcon_core/task/python/colcon_distutils_commands:/home/rho922/chapt7/chapt7_ws/install/fishbot_application/lib/python3.10/site-packages:${PYTHONPATH} /usr/bin/python3 -W ignore:setup.py install is deprecated -W ignore:easy_install command is deprecated setup.py egg_info --egg-base ../../build/fishbot_application build --build-base /home/rho922/chapt7/chapt7_ws/build/fishbot_application/build install --record /home/rho922/chapt7/chapt7_ws/build/fishbot_application/install.log --single-version-externally-managed install_data
[2.846s] Level 1:colcon.colcon_core.environment:checking '/home/rho922/chapt7/chapt7_ws/install/fishbot_application' for CMake config files
[2.851s] Level 1:colcon.colcon_core.environment:checking '/home/rho922/chapt7/chapt7_ws/install/fishbot_application/lib'
[2.852s] Level 1:colcon.colcon_core.environment:checking '/home/rho922/chapt7/chapt7_ws/install/fishbot_application/bin'
[2.852s] Level 1:colcon.colcon_core.environment:checking '/home/rho922/chapt7/chapt7_ws/install/fishbot_application/lib/pkgconfig/fishbot_application.pc'
[2.852s] Level 1:colcon.colcon_core.environment:checking '/home/rho922/chapt7/chapt7_ws/install/fishbot_application/lib/python3.10/site-packages'
[2.852s] Level 1:colcon.colcon_core.shell:create_environment_hook('fishbot_application', 'pythonpath')
[2.852s] INFO:colcon.colcon_core.shell:Creating environment hook '/home/rho922/chapt7/chapt7_ws/install/fishbot_application/share/fishbot_application/hook/pythonpath.ps1'
[2.853s] INFO:colcon.colcon_core.shell:Creating environment descriptor '/home/rho922/chapt7/chapt7_ws/install/fishbot_application/share/fishbot_application/hook/pythonpath.dsv'
[2.854s] INFO:colcon.colcon_core.shell:Creating environment hook '/home/rho922/chapt7/chapt7_ws/install/fishbot_application/share/fishbot_application/hook/pythonpath.sh'
[2.855s] Level 1:colcon.colcon_core.environment:checking '/home/rho922/chapt7/chapt7_ws/install/fishbot_application/bin'
[2.855s] Level 1:colcon.colcon_core.environment:create_environment_scripts_only(fishbot_application)
[2.855s] INFO:colcon.colcon_core.shell:Creating package script '/home/rho922/chapt7/chapt7_ws/install/fishbot_application/share/fishbot_application/package.ps1'
[2.856s] INFO:colcon.colcon_core.shell:Creating package descriptor '/home/rho922/chapt7/chapt7_ws/install/fishbot_application/share/fishbot_application/package.dsv'
[2.856s] INFO:colcon.colcon_core.shell:Creating package script '/home/rho922/chapt7/chapt7_ws/install/fishbot_application/share/fishbot_application/package.sh'
[2.857s] INFO:colcon.colcon_core.shell:Creating package script '/home/rho922/chapt7/chapt7_ws/install/fishbot_application/share/fishbot_application/package.bash'
[2.857s] INFO:colcon.colcon_core.shell:Creating package script '/home/rho922/chapt7/chapt7_ws/install/fishbot_application/share/fishbot_application/package.zsh'
[2.857s] Level 1:colcon.colcon_core.environment:create_file_with_runtime_dependencies(/home/rho922/chapt7/chapt7_ws/install/fishbot_application/share/colcon-core/packages/fishbot_application)
[2.860s] Level 1:colcon.colcon_core.environment:checking '/home/rho922/chapt7/chapt7_ws/install/autopartol_robot' for CMake module files
[2.861s] DEBUG:colcon.colcon_core.event_handler.log_command:Invoked command in '/home/rho922/chapt7/chapt7_ws/src/autopartol_robot' returned '0': PYTHONPATH=/home/rho922/chapt7/chapt7_ws/build/autopartol_robot/prefix_override:/usr/lib/python3/dist-packages/colcon_core/task/python/colcon_distutils_commands:/home/rho922/chapt7/chapt7_ws/install/autopartol_robot/lib/python3.10/site-packages:${PYTHONPATH} /usr/bin/python3 -W ignore:setup.py install is deprecated -W ignore:easy_install command is deprecated setup.py egg_info --egg-base ../../build/autopartol_robot build --build-base /home/rho922/chapt7/chapt7_ws/build/autopartol_robot/build install --record /home/rho922/chapt7/chapt7_ws/build/autopartol_robot/install.log --single-version-externally-managed install_data
[2.861s] Level 1:colcon.colcon_core.environment:checking '/home/rho922/chapt7/chapt7_ws/install/autopartol_robot' for CMake config files
[2.864s] Level 1:colcon.colcon_core.environment:checking '/home/rho922/chapt7/chapt7_ws/install/autopartol_robot/lib'
[2.865s] Level 1:colcon.colcon_core.environment:checking '/home/rho922/chapt7/chapt7_ws/install/autopartol_robot/bin'
[2.865s] Level 1:colcon.colcon_core.environment:checking '/home/rho922/chapt7/chapt7_ws/install/autopartol_robot/lib/pkgconfig/autopartol_robot.pc'
[2.866s] Level 1:colcon.colcon_core.environment:checking '/home/rho922/chapt7/chapt7_ws/install/autopartol_robot/lib/python3.10/site-packages'
[2.866s] Level 1:colcon.colcon_core.shell:create_environment_hook('autopartol_robot', 'pythonpath')
[2.866s] INFO:colcon.colcon_core.shell:Creating environment hook '/home/rho922/chapt7/chapt7_ws/install/autopartol_robot/share/autopartol_robot/hook/pythonpath.ps1'
[2.867s] INFO:colcon.colcon_core.shell:Creating environment descriptor '/home/rho922/chapt7/chapt7_ws/install/autopartol_robot/share/autopartol_robot/hook/pythonpath.dsv'
[2.868s] INFO:colcon.colcon_core.shell:Creating environment hook '/home/rho922/chapt7/chapt7_ws/install/autopartol_robot/share/autopartol_robot/hook/pythonpath.sh'
[2.868s] Level 1:colcon.colcon_core.environment:checking '/home/rho922/chapt7/chapt7_ws/install/autopartol_robot/bin'
[2.868s] Level 1:colcon.colcon_core.environment:create_environment_scripts_only(autopartol_robot)
[2.869s] INFO:colcon.colcon_core.shell:Creating package script '/home/rho922/chapt7/chapt7_ws/install/autopartol_robot/share/autopartol_robot/package.ps1'
[2.870s] INFO:colcon.colcon_core.shell:Creating package descriptor '/home/rho922/chapt7/chapt7_ws/install/autopartol_robot/share/autopartol_robot/package.dsv'
[2.870s] INFO:colcon.colcon_core.shell:Creating package script '/home/rho922/chapt7/chapt7_ws/install/autopartol_robot/share/autopartol_robot/package.sh'
[2.871s] INFO:colcon.colcon_core.shell:Creating package script '/home/rho922/chapt7/chapt7_ws/install/autopartol_robot/share/autopartol_robot/package.bash'
[2.871s] INFO:colcon.colcon_core.shell:Creating package script '/home/rho922/chapt7/chapt7_ws/install/autopartol_robot/share/autopartol_robot/package.zsh'
[2.871s] Level 1:colcon.colcon_core.environment:create_file_with_runtime_dependencies(/home/rho922/chapt7/chapt7_ws/install/autopartol_robot/share/colcon-core/packages/autopartol_robot)
[2.872s] DEBUG:colcon.colcon_parallel_executor.executor.parallel:closing loop
[2.872s] DEBUG:colcon.colcon_parallel_executor.executor.parallel:loop closed
[2.872s] DEBUG:colcon.colcon_parallel_executor.executor.parallel:run_until_complete finished with '0'
[2.873s] DEBUG:colcon.colcon_core.event_reactor:joining thread
[2.999s] INFO:colcon.colcon_core.plugin_system:Skipping extension 'colcon_notification.desktop_notification.notify_send': Could not find 'notify-send'
[2.999s] INFO:colcon.colcon_core.plugin_system:Skipping extension 'colcon_notification.desktop_notification.terminal_notifier': Not used on non-Darwin systems
[2.999s] INFO:colcon.colcon_core.plugin_system:Skipping extension 'colcon_notification.desktop_notification.win32': Not used on non-Windows systems
[2.999s] INFO:colcon.colcon_notification.desktop_notification:Sending desktop notification using 'notify2'
[3.010s] DEBUG:colcon.colcon_notification.desktop_notification.notify2:Failed to initialize notify2: org.freedesktop.DBus.Error.ServiceUnknown: The name org.freedesktop.Notifications was not provided by any .service files
[3.010s] DEBUG:colcon.colcon_core.event_reactor:joined thread
[3.011s] INFO:colcon.colcon_core.shell:Creating prefix script '/home/rho922/chapt7/chapt7_ws/install/local_setup.ps1'
[3.013s] INFO:colcon.colcon_core.shell:Creating prefix util module '/home/rho922/chapt7/chapt7_ws/install/_local_setup_util_ps1.py'
[3.014s] INFO:colcon.colcon_core.shell:Creating prefix chain script '/home/rho922/chapt7/chapt7_ws/install/setup.ps1'
[3.016s] INFO:colcon.colcon_core.shell:Creating prefix script '/home/rho922/chapt7/chapt7_ws/install/local_setup.sh'
[3.017s] INFO:colcon.colcon_core.shell:Creating prefix util module '/home/rho922/chapt7/chapt7_ws/install/_local_setup_util_sh.py'
[3.018s] INFO:colcon.colcon_core.shell:Creating prefix chain script '/home/rho922/chapt7/chapt7_ws/install/setup.sh'
[3.019s] INFO:colcon.colcon_core.shell:Creating prefix script '/home/rho922/chapt7/chapt7_ws/install/local_setup.bash'
[3.020s] INFO:colcon.colcon_core.shell:Creating prefix chain script '/home/rho922/chapt7/chapt7_ws/install/setup.bash'
[3.022s] INFO:colcon.colcon_core.shell:Creating prefix script '/home/rho922/chapt7/chapt7_ws/install/local_setup.zsh'
[3.023s] INFO:colcon.colcon_core.shell:Creating prefix chain script '/home/rho922/chapt7/chapt7_ws/install/setup.zsh'
