[0.274s] Invoking command in '/home/rho9/chapt3/topic_practise_ws/build/status_display': AMENT_PREFIX_PATH=/home/rho9/chapt3/topic_practise_ws/install/status_interfaces:${AMENT_PREFIX_PATH} CMAKE_PREFIX_PATH=/home/rho9/chapt3/topic_practise_ws/install/status_interfaces:/opt/ros/jazzy/opt/gz_math_vendor:/opt/ros/jazzy/opt/gz_utils_vendor:/opt/ros/jazzy/opt/gz_cmake_vendor:/opt/ros/jazzy LD_LIBRARY_PATH=/home/rho9/chapt3/topic_practise_ws/install/status_interfaces/lib:${LD_LIBRARY_PATH} PYTHONPATH=/home/rho9/chapt3/topic_practise_ws/install/status_interfaces/lib/python3.12/site-packages:${PYTHONPATH} /usr/bin/cmake --build /home/rho9/chapt3/topic_practise_ws/build/status_display -- -j20 -l20
[0.319s] [ 50%] [32mBuilding CXX object CMakeFiles/hello_qt.dir/src/hello_qt.cpp.o[0m
[1.431s] [100%] [32m[1mLinking CXX executable hello_qt[0m
[1.803s] [100%] Built target hello_qt
[1.816s] Invoked command in '/home/rho9/chapt3/topic_practise_ws/build/status_display' returned '0': AMENT_PREFIX_PATH=/home/rho9/chapt3/topic_practise_ws/install/status_interfaces:${AMENT_PREFIX_PATH} CMAKE_PREFIX_PATH=/home/rho9/chapt3/topic_practise_ws/install/status_interfaces:/opt/ros/jazzy/opt/gz_math_vendor:/opt/ros/jazzy/opt/gz_utils_vendor:/opt/ros/jazzy/opt/gz_cmake_vendor:/opt/ros/jazzy LD_LIBRARY_PATH=/home/rho9/chapt3/topic_practise_ws/install/status_interfaces/lib:${LD_LIBRARY_PATH} PYTHONPATH=/home/rho9/chapt3/topic_practise_ws/install/status_interfaces/lib/python3.12/site-packages:${PYTHONPATH} /usr/bin/cmake --build /home/rho9/chapt3/topic_practise_ws/build/status_display -- -j20 -l20
[1.818s] Invoking command in '/home/rho9/chapt3/topic_practise_ws/build/status_display': AMENT_PREFIX_PATH=/home/rho9/chapt3/topic_practise_ws/install/status_interfaces:${AMENT_PREFIX_PATH} CMAKE_PREFIX_PATH=/home/rho9/chapt3/topic_practise_ws/install/status_interfaces:/opt/ros/jazzy/opt/gz_math_vendor:/opt/ros/jazzy/opt/gz_utils_vendor:/opt/ros/jazzy/opt/gz_cmake_vendor:/opt/ros/jazzy LD_LIBRARY_PATH=/home/rho9/chapt3/topic_practise_ws/install/status_interfaces/lib:${LD_LIBRARY_PATH} PYTHONPATH=/home/rho9/chapt3/topic_practise_ws/install/status_interfaces/lib/python3.12/site-packages:${PYTHONPATH} /usr/bin/cmake --install /home/rho9/chapt3/topic_practise_ws/build/status_display
[1.825s] -- Install configuration: ""
[1.826s] -- Installing: /home/rho9/chapt3/topic_practise_ws/install/status_display/lib/status_display/hello_qt
[1.826s] -- Installing: /home/rho9/chapt3/topic_practise_ws/install/status_display/share/ament_index/resource_index/package_run_dependencies/status_display
[1.827s] -- Installing: /home/rho9/chapt3/topic_practise_ws/install/status_display/share/ament_index/resource_index/parent_prefix_path/status_display
[1.827s] -- Installing: /home/rho9/chapt3/topic_practise_ws/install/status_display/share/status_display/environment/ament_prefix_path.sh
[1.827s] -- Installing: /home/rho9/chapt3/topic_practise_ws/install/status_display/share/status_display/environment/ament_prefix_path.dsv
[1.827s] -- Installing: /home/rho9/chapt3/topic_practise_ws/install/status_display/share/status_display/environment/path.sh
[1.827s] -- Installing: /home/rho9/chapt3/topic_practise_ws/install/status_display/share/status_display/environment/path.dsv
[1.828s] -- Installing: /home/rho9/chapt3/topic_practise_ws/install/status_display/share/status_display/local_setup.bash
[1.828s] -- Installing: /home/rho9/chapt3/topic_practise_ws/install/status_display/share/status_display/local_setup.sh
[1.828s] -- Installing: /home/rho9/chapt3/topic_practise_ws/install/status_display/share/status_display/local_setup.zsh
[1.829s] -- Installing: /home/rho9/chapt3/topic_practise_ws/install/status_display/share/status_display/local_setup.dsv
[1.829s] -- Installing: /home/rho9/chapt3/topic_practise_ws/install/status_display/share/status_display/package.dsv
[1.829s] -- Installing: /home/rho9/chapt3/topic_practise_ws/install/status_display/share/ament_index/resource_index/packages/status_display
[1.829s] -- Installing: /home/rho9/chapt3/topic_practise_ws/install/status_display/share/status_display/cmake/status_displayConfig.cmake
[1.829s] -- Installing: /home/rho9/chapt3/topic_practise_ws/install/status_display/share/status_display/cmake/status_displayConfig-version.cmake
[1.829s] -- Installing: /home/rho9/chapt3/topic_practise_ws/install/status_display/share/status_display/package.xml
[1.831s] Invoked command in '/home/rho9/chapt3/topic_practise_ws/build/status_display' returned '0': AMENT_PREFIX_PATH=/home/rho9/chapt3/topic_practise_ws/install/status_interfaces:${AMENT_PREFIX_PATH} CMAKE_PREFIX_PATH=/home/rho9/chapt3/topic_practise_ws/install/status_interfaces:/opt/ros/jazzy/opt/gz_math_vendor:/opt/ros/jazzy/opt/gz_utils_vendor:/opt/ros/jazzy/opt/gz_cmake_vendor:/opt/ros/jazzy LD_LIBRARY_PATH=/home/rho9/chapt3/topic_practise_ws/install/status_interfaces/lib:${LD_LIBRARY_PATH} PYTHONPATH=/home/rho9/chapt3/topic_practise_ws/install/status_interfaces/lib/python3.12/site-packages:${PYTHONPATH} /usr/bin/cmake --install /home/rho9/chapt3/topic_practise_ws/build/status_display
