[0.713s] Invoking command in '/home/rho9/chapt3/topic_ws/src/demo_python_topic': PYTHONPATH=/home/rho9/chapt3/topic_ws/build/demo_python_topic/prefix_override:/usr/lib/python3/dist-packages/colcon_core/task/python/colcon_distutils_commands:/home/rho9/chapt3/topic_ws/install/demo_python_topic/lib/python3.12/site-packages:${PYTHONPATH} /usr/bin/python3 -W ignore:setup.py install is deprecated -W ignore:easy_install command is deprecated setup.py egg_info --egg-base ../../build/demo_python_topic build --build-base /home/rho9/chapt3/topic_ws/build/demo_python_topic/build install --record /home/rho9/chapt3/topic_ws/build/demo_python_topic/install.log --single-version-externally-managed install_data
[0.986s] running egg_info
[1.008s] writing ../../build/demo_python_topic/demo_python_topic.egg-info/PKG-INFO
[1.009s] writing dependency_links to ../../build/demo_python_topic/demo_python_topic.egg-info/dependency_links.txt
[1.009s] writing entry points to ../../build/demo_python_topic/demo_python_topic.egg-info/entry_points.txt
[1.010s] writing requirements to ../../build/demo_python_topic/demo_python_topic.egg-info/requires.txt
[1.010s] writing top-level names to ../../build/demo_python_topic/demo_python_topic.egg-info/top_level.txt
[1.059s] reading manifest file '../../build/demo_python_topic/demo_python_topic.egg-info/SOURCES.txt'
[1.060s] adding license file 'LICENSE'
[1.061s] writing manifest file '../../build/demo_python_topic/demo_python_topic.egg-info/SOURCES.txt'
[1.061s] running build
[1.061s] running build_py
[1.062s] running install
[1.069s] running install_lib
[1.091s] running install_data
[1.091s] running install_egg_info
[1.113s] removing '/home/rho9/chapt3/topic_ws/install/demo_python_topic/lib/python3.12/site-packages/demo_python_topic-0.0.0-py3.12.egg-info' (and everything under it)
[1.113s] Copying ../../build/demo_python_topic/demo_python_topic.egg-info to /home/rho9/chapt3/topic_ws/install/demo_python_topic/lib/python3.12/site-packages/demo_python_topic-0.0.0-py3.12.egg-info
[1.115s] running install_scripts
[1.246s] Installing novel_pub_node script to /home/rho9/chapt3/topic_ws/install/demo_python_topic/lib/demo_python_topic
[1.247s] writing list of installed files to '/home/rho9/chapt3/topic_ws/build/demo_python_topic/install.log'
[1.281s] Invoked command in '/home/rho9/chapt3/topic_ws/src/demo_python_topic' returned '0': PYTHONPATH=/home/rho9/chapt3/topic_ws/build/demo_python_topic/prefix_override:/usr/lib/python3/dist-packages/colcon_core/task/python/colcon_distutils_commands:/home/rho9/chapt3/topic_ws/install/demo_python_topic/lib/python3.12/site-packages:${PYTHONPATH} /usr/bin/python3 -W ignore:setup.py install is deprecated -W ignore:easy_install command is deprecated setup.py egg_info --egg-base ../../build/demo_python_topic build --build-base /home/rho9/chapt3/topic_ws/build/demo_python_topic/build install --record /home/rho9/chapt3/topic_ws/build/demo_python_topic/install.log --single-version-externally-managed install_data
