[0.018s] Invoking command in '/home/rho9/chapt2/chapt2_ws/build/demo_cpp_pkg': CMAKE_PREFIX_PATH=${CMAKE_PREFIX_PATH}:/home/rho9/chapt2/chapt2_ws/install/demo_python_pkg:/opt/ros/jazzy /usr/bin/cmake --build /home/rho9/chapt2/chapt2_ws/build/demo_cpp_pkg -- -j20 -l20
[0.051s] -- Found ament_cmake: 2.5.5 (/opt/ros/jazzy/share/ament_cmake/cmake)
[0.305s] -- Found rclcpp: 28.1.16 (/opt/ros/jazzy/share/rclcpp/cmake)
[0.489s] -- Found rosidl_generator_c: 4.6.7 (/opt/ros/jazzy/share/rosidl_generator_c/cmake)
[0.505s] -- Found rosidl_generator_cpp: 4.6.7 (/opt/ros/jazzy/share/rosidl_generator_cpp/cmake)
[0.529s] -- Using all available rosidl_typesupport_c: rosidl_typesupport_fastrtps_c;rosidl_typesupport_introspection_c
[0.554s] -- Using all available rosidl_typesupport_cpp: rosidl_typesupport_fastrtps_cpp;rosidl_typesupport_introspection_cpp
[0.662s] -- Found rmw_implementation_cmake: 7.3.3 (/opt/ros/jazzy/share/rmw_implementation_cmake/cmake)
[0.666s] -- Found rmw_fastrtps_cpp: 8.4.3 (/opt/ros/jazzy/share/rmw_fastrtps_cpp/cmake)
[0.942s] -- Using RMW implementation 'rmw_fastrtps_cpp' as default
[1.173s] -- Found ament_lint_auto: 0.17.4 (/opt/ros/jazzy/share/ament_lint_auto/cmake)
[1.290s] -- Added test 'cppcheck' to perform static code analysis on C / C++ code
[1.290s] -- Configured cppcheck include dirs: 
[1.290s] -- Configured cppcheck exclude dirs and/or files: 
[1.292s] -- Added test 'lint_cmake' to check CMake code style
[1.296s] -- Added test 'uncrustify' to check C / C++ code style
[1.296s] -- Configured uncrustify additional arguments: 
[1.297s] -- Added test 'xmllint' to check XML markup files
[1.299s] -- Configuring done (1.3s)
[1.319s] -- Generating done (0.0s)
[1.326s] -- Build files have been written to: /home/rho9/chapt2/chapt2_ws/build/demo_cpp_pkg
[1.360s] [ 25%] [32mBuilding CXX object CMakeFiles/person_node.dir/src/person_node.cpp.o[0m
[1.371s] [ 75%] Built target cpp_node
[3.263s] [01m[K/home/rho9/chapt2/chapt2_ws/src/demo_cpp_pkg/src/person_node.cpp:[m[K In member function ‘[01m[Kvoid PersonNode::[01;32m[Keat[m[K(const std::string&)[m[K’:
[3.263s] [01m[K/home/rho9/chapt2/chapt2_ws/src/demo_cpp_pkg/src/person_node.cpp:21:5:[m[K [01;31m[Kerror: [m[Kexpected ‘[01m[K;[m[K’ before ‘[01m[K}[m[K’ token
[3.263s]    21 |     [01;31m[K}[m[K
[3.263s]       |     [01;31m[K^[m[K
[3.715s] gmake[2]: *** [CMakeFiles/person_node.dir/build.make:76: CMakeFiles/person_node.dir/src/person_node.cpp.o] Error 1
[3.715s] gmake[1]: *** [CMakeFiles/Makefile2:165: CMakeFiles/person_node.dir/all] Error 2
[3.716s] gmake: *** [Makefile:146: all] Error 2
[3.718s] Invoked command in '/home/rho9/chapt2/chapt2_ws/build/demo_cpp_pkg' returned '2': CMAKE_PREFIX_PATH=${CMAKE_PREFIX_PATH}:/home/rho9/chapt2/chapt2_ws/install/demo_python_pkg:/opt/ros/jazzy /usr/bin/cmake --build /home/rho9/chapt2/chapt2_ws/build/demo_cpp_pkg -- -j20 -l20
