[0.011s] Invoking command in '/home/rho9/chapt3/topic_ws/build/demo_cpp_topic': CMAKE_PREFIX_PATH=${CMAKE_PREFIX_PATH}:/opt/ros/jazzy /usr/bin/cmake /home/rho9/chapt3/topic_ws/src/demo_cpp_topic -DCMAKE_INSTALL_PREFIX=/home/rho9/chapt3/topic_ws/install/demo_cpp_topic
[0.023s] -- Found ament_cmake: 2.5.5 (/opt/ros/jazzy/share/ament_cmake/cmake)
[0.259s] -- Found rclcpp: 28.1.16 (/opt/ros/jazzy/share/rclcpp/cmake)
[0.361s] -- Found rosidl_generator_c: 4.6.7 (/opt/ros/jazzy/share/rosidl_generator_c/cmake)
[0.370s] -- Found rosidl_generator_cpp: 4.6.7 (/opt/ros/jazzy/share/rosidl_generator_cpp/cmake)
[0.381s] -- Using all available rosidl_typesupport_c: rosidl_typesupport_fastrtps_c;rosidl_typesupport_introspection_c
[0.393s] -- Using all available rosidl_typesupport_cpp: rosidl_typesupport_fastrtps_cpp;rosidl_typesupport_introspection_cpp
[0.448s] -- Found rmw_implementation_cmake: 7.3.3 (/opt/ros/jazzy/share/rmw_implementation_cmake/cmake)
[0.449s] -- Found rmw_fastrtps_cpp: 8.4.3 (/opt/ros/jazzy/share/rmw_fastrtps_cpp/cmake)
[0.645s] -- Using RMW implementation 'rmw_fastrtps_cpp' as default
[0.799s] -- Found geometry_msgs: 5.3.6 (/opt/ros/jazzy/share/geometry_msgs/cmake)
[0.833s] -- Found turtlesim: 1.8.3 (/opt/ros/jazzy/share/turtlesim/cmake)
[0.886s] -- Found ament_lint_auto: 0.17.4 (/opt/ros/jazzy/share/ament_lint_auto/cmake)
[0.976s] [31mCMake Error at CMakeLists.txt:29 (install):
[0.976s]   install does not recognize sub-command TARGET
[0.976s] 
[0.976s] [0m
[0.978s] -- Added test 'cppcheck' to perform static code analysis on C / C++ code
[0.978s] -- Configured cppcheck include dirs: 
[0.978s] -- Configured cppcheck exclude dirs and/or files: 
[0.979s] -- Added test 'lint_cmake' to check CMake code style
[0.979s] -- Added test 'uncrustify' to check C / C++ code style
[0.980s] -- Configured uncrustify additional arguments: 
[0.980s] -- Added test 'xmllint' to check XML markup files
[0.981s] -- Configuring incomplete, errors occurred!
[0.988s] Invoked command in '/home/rho9/chapt3/topic_ws/build/demo_cpp_topic' returned '1': CMAKE_PREFIX_PATH=${CMAKE_PREFIX_PATH}:/opt/ros/jazzy /usr/bin/cmake /home/rho9/chapt3/topic_ws/src/demo_cpp_topic -DCMAKE_INSTALL_PREFIX=/home/rho9/chapt3/topic_ws/install/demo_cpp_topic
