[0.287s] DEBUG:colcon:Command line arguments: ['/usr/bin/colcon', 'build']
[0.287s] DEBUG:colcon:Parsed command line arguments: Namespace(log_base=None, log_level=None, verb_name='build', build_base='build', install_base='install', merge_install=False, symlink_install=False, test_result_base=None, continue_on_error=False, executor='parallel', parallel_workers=20, event_handlers=None, ignore_user_meta=False, metas=['./colcon.meta'], base_paths=['.'], packages_ignore=None, packages_ignore_regex=None, paths=None, packages_up_to=None, packages_up_to_regex=None, packages_above=None, packages_above_and_dependencies=None, packages_above_depth=None, packages_select_by_dep=None, packages_skip_by_dep=None, packages_skip_up_to=None, packages_select_build_failed=False, packages_skip_build_finished=False, packages_select_test_failures=False, packages_skip_test_passed=False, packages_select=None, packages_skip=None, packages_select_regex=None, packages_skip_regex=None, packages_start=None, packages_end=None, cmake_args=None, cmake_target=None, cmake_target_skip_unavailable=False, cmake_clean_cache=False, cmake_clean_first=False, cmake_force_configure=False, ament_cmake_args=None, catkin_cmake_args=None, catkin_skip_building_tests=False, verb_parser=<colcon_defaults.argument_parser.defaults.DefaultArgumentsDecorator object at 0x72b6aa518c20>, verb_extension=<colcon_core.verb.build.BuildVerb object at 0x72b6ab670440>, main=<bound method BuildVerb.main of <colcon_core.verb.build.BuildVerb object at 0x72b6ab670440>>)
[0.346s] Level 1:colcon.colcon_core.package_discovery:discover_packages(colcon_meta) check parameters
[0.347s] Level 1:colcon.colcon_core.package_discovery:discover_packages(recursive) check parameters
[0.347s] Level 1:colcon.colcon_core.package_discovery:discover_packages(ignore) check parameters
[0.347s] Level 1:colcon.colcon_core.package_discovery:discover_packages(path) check parameters
[0.347s] Level 1:colcon.colcon_core.package_discovery:discover_packages(colcon_meta) discover
[0.347s] Level 1:colcon.colcon_core.package_discovery:discover_packages(recursive) discover
[0.347s] INFO:colcon.colcon_core.package_discovery:Crawling recursively for packages in '/home/rho9/chapt3/topic_practise_ws'
[0.347s] Level 1:colcon.colcon_core.package_identification:_identify(.) by extensions ['ignore', 'ignore_ament_install']
[0.347s] Level 1:colcon.colcon_core.package_identification:_identify(.) by extension 'ignore'
[0.347s] Level 1:colcon.colcon_core.package_identification:_identify(.) by extension 'ignore_ament_install'
[0.347s] Level 1:colcon.colcon_core.package_identification:_identify(.) by extensions ['colcon_pkg']
[0.347s] Level 1:colcon.colcon_core.package_identification:_identify(.) by extension 'colcon_pkg'
[0.347s] Level 1:colcon.colcon_core.package_identification:_identify(.) by extensions ['colcon_meta']
[0.347s] Level 1:colcon.colcon_core.package_identification:_identify(.) by extension 'colcon_meta'
[0.347s] Level 1:colcon.colcon_core.package_identification:_identify(.) by extensions ['ros']
[0.347s] Level 1:colcon.colcon_core.package_identification:_identify(.) by extension 'ros'
[0.385s] Level 1:colcon.colcon_core.package_identification:_identify(.) by extensions ['cmake', 'python']
[0.385s] Level 1:colcon.colcon_core.package_identification:_identify(.) by extension 'cmake'
[0.385s] Level 1:colcon.colcon_core.package_identification:_identify(.) by extension 'python'
[0.385s] Level 1:colcon.colcon_core.package_identification:_identify(.) by extensions ['python_setup_py']
[0.385s] Level 1:colcon.colcon_core.package_identification:_identify(.) by extension 'python_setup_py'
[0.385s] Level 1:colcon.colcon_core.package_identification:_identify(build) by extensions ['ignore', 'ignore_ament_install']
[0.386s] Level 1:colcon.colcon_core.package_identification:_identify(build) by extension 'ignore'
[0.386s] Level 1:colcon.colcon_core.package_identification:_identify(build) ignored
[0.386s] Level 1:colcon.colcon_core.package_identification:_identify(install) by extensions ['ignore', 'ignore_ament_install']
[0.386s] Level 1:colcon.colcon_core.package_identification:_identify(install) by extension 'ignore'
[0.386s] Level 1:colcon.colcon_core.package_identification:_identify(install) ignored
[0.386s] Level 1:colcon.colcon_core.package_identification:_identify(log) by extensions ['ignore', 'ignore_ament_install']
[0.386s] Level 1:colcon.colcon_core.package_identification:_identify(log) by extension 'ignore'
[0.386s] Level 1:colcon.colcon_core.package_identification:_identify(log) ignored
[0.386s] Level 1:colcon.colcon_core.package_identification:_identify(src) by extensions ['ignore', 'ignore_ament_install']
[0.386s] Level 1:colcon.colcon_core.package_identification:_identify(src) by extension 'ignore'
[0.386s] Level 1:colcon.colcon_core.package_identification:_identify(src) by extension 'ignore_ament_install'
[0.387s] Level 1:colcon.colcon_core.package_identification:_identify(src) by extensions ['colcon_pkg']
[0.387s] Level 1:colcon.colcon_core.package_identification:_identify(src) by extension 'colcon_pkg'
[0.387s] Level 1:colcon.colcon_core.package_identification:_identify(src) by extensions ['colcon_meta']
[0.387s] Level 1:colcon.colcon_core.package_identification:_identify(src) by extension 'colcon_meta'
[0.387s] Level 1:colcon.colcon_core.package_identification:_identify(src) by extensions ['ros']
[0.387s] Level 1:colcon.colcon_core.package_identification:_identify(src) by extension 'ros'
[0.387s] Level 1:colcon.colcon_core.package_identification:_identify(src) by extensions ['cmake', 'python']
[0.387s] Level 1:colcon.colcon_core.package_identification:_identify(src) by extension 'cmake'
[0.387s] Level 1:colcon.colcon_core.package_identification:_identify(src) by extension 'python'
[0.387s] Level 1:colcon.colcon_core.package_identification:_identify(src) by extensions ['python_setup_py']
[0.387s] Level 1:colcon.colcon_core.package_identification:_identify(src) by extension 'python_setup_py'
[0.387s] Level 1:colcon.colcon_core.package_identification:_identify(src/status_display) by extensions ['ignore', 'ignore_ament_install']
[0.387s] Level 1:colcon.colcon_core.package_identification:_identify(src/status_display) by extension 'ignore'
[0.387s] Level 1:colcon.colcon_core.package_identification:_identify(src/status_display) by extension 'ignore_ament_install'
[0.387s] Level 1:colcon.colcon_core.package_identification:_identify(src/status_display) by extensions ['colcon_pkg']
[0.387s] Level 1:colcon.colcon_core.package_identification:_identify(src/status_display) by extension 'colcon_pkg'
[0.387s] Level 1:colcon.colcon_core.package_identification:_identify(src/status_display) by extensions ['colcon_meta']
[0.387s] Level 1:colcon.colcon_core.package_identification:_identify(src/status_display) by extension 'colcon_meta'
[0.387s] Level 1:colcon.colcon_core.package_identification:_identify(src/status_display) by extensions ['ros']
[0.387s] Level 1:colcon.colcon_core.package_identification:_identify(src/status_display) by extension 'ros'
[0.393s] DEBUG:colcon.colcon_core.package_identification:Package 'src/status_display' with type 'ros.ament_cmake' and name 'status_display'
[0.393s] Level 1:colcon.colcon_core.package_identification:_identify(src/status_interfaces) by extensions ['ignore', 'ignore_ament_install']
[0.393s] Level 1:colcon.colcon_core.package_identification:_identify(src/status_interfaces) by extension 'ignore'
[0.394s] Level 1:colcon.colcon_core.package_identification:_identify(src/status_interfaces) by extension 'ignore_ament_install'
[0.394s] Level 1:colcon.colcon_core.package_identification:_identify(src/status_interfaces) by extensions ['colcon_pkg']
[0.394s] Level 1:colcon.colcon_core.package_identification:_identify(src/status_interfaces) by extension 'colcon_pkg'
[0.394s] Level 1:colcon.colcon_core.package_identification:_identify(src/status_interfaces) by extensions ['colcon_meta']
[0.394s] Level 1:colcon.colcon_core.package_identification:_identify(src/status_interfaces) by extension 'colcon_meta'
[0.394s] Level 1:colcon.colcon_core.package_identification:_identify(src/status_interfaces) by extensions ['ros']
[0.394s] Level 1:colcon.colcon_core.package_identification:_identify(src/status_interfaces) by extension 'ros'
[0.395s] DEBUG:colcon.colcon_core.package_identification:Package 'src/status_interfaces' with type 'ros.ament_cmake' and name 'status_interfaces'
[0.396s] Level 1:colcon.colcon_core.package_identification:_identify(src/status_publisher) by extensions ['ignore', 'ignore_ament_install']
[0.396s] Level 1:colcon.colcon_core.package_identification:_identify(src/status_publisher) by extension 'ignore'
[0.396s] Level 1:colcon.colcon_core.package_identification:_identify(src/status_publisher) by extension 'ignore_ament_install'
[0.396s] Level 1:colcon.colcon_core.package_identification:_identify(src/status_publisher) by extensions ['colcon_pkg']
[0.396s] Level 1:colcon.colcon_core.package_identification:_identify(src/status_publisher) by extension 'colcon_pkg'
[0.396s] Level 1:colcon.colcon_core.package_identification:_identify(src/status_publisher) by extensions ['colcon_meta']
[0.396s] Level 1:colcon.colcon_core.package_identification:_identify(src/status_publisher) by extension 'colcon_meta'
[0.396s] Level 1:colcon.colcon_core.package_identification:_identify(src/status_publisher) by extensions ['ros']
[0.396s] Level 1:colcon.colcon_core.package_identification:_identify(src/status_publisher) by extension 'ros'
[0.397s] DEBUG:colcon.colcon_core.package_identification:Package 'src/status_publisher' with type 'ros.ament_python' and name 'status_publisher'
[0.397s] Level 1:colcon.colcon_core.package_discovery:discover_packages(recursive) using defaults
[0.397s] Level 1:colcon.colcon_core.package_discovery:discover_packages(ignore) discover
[0.397s] Level 1:colcon.colcon_core.package_discovery:discover_packages(ignore) using defaults
[0.397s] Level 1:colcon.colcon_core.package_discovery:discover_packages(path) discover
[0.397s] Level 1:colcon.colcon_core.package_discovery:discover_packages(path) using defaults
[0.426s] Level 5:colcon.colcon_core.verb:set package 'status_interfaces' build argument 'cmake_args' from command line to 'None'
[0.426s] Level 5:colcon.colcon_core.verb:set package 'status_interfaces' build argument 'cmake_target' from command line to 'None'
[0.426s] Level 5:colcon.colcon_core.verb:set package 'status_interfaces' build argument 'cmake_target_skip_unavailable' from command line to 'False'
[0.427s] Level 5:colcon.colcon_core.verb:set package 'status_interfaces' build argument 'cmake_clean_cache' from command line to 'False'
[0.427s] Level 5:colcon.colcon_core.verb:set package 'status_interfaces' build argument 'cmake_clean_first' from command line to 'False'
[0.427s] Level 5:colcon.colcon_core.verb:set package 'status_interfaces' build argument 'cmake_force_configure' from command line to 'False'
[0.427s] Level 5:colcon.colcon_core.verb:set package 'status_interfaces' build argument 'ament_cmake_args' from command line to 'None'
[0.427s] Level 5:colcon.colcon_core.verb:set package 'status_interfaces' build argument 'catkin_cmake_args' from command line to 'None'
[0.427s] Level 5:colcon.colcon_core.verb:set package 'status_interfaces' build argument 'catkin_skip_building_tests' from command line to 'False'
[0.427s] DEBUG:colcon.colcon_core.verb:Building package 'status_interfaces' with the following arguments: {'ament_cmake_args': None, 'build_base': '/home/rho9/chapt3/topic_practise_ws/build/status_interfaces', 'catkin_cmake_args': None, 'catkin_skip_building_tests': False, 'cmake_args': None, 'cmake_clean_cache': False, 'cmake_clean_first': False, 'cmake_force_configure': False, 'cmake_target': None, 'cmake_target_skip_unavailable': False, 'install_base': '/home/rho9/chapt3/topic_practise_ws/install/status_interfaces', 'merge_install': False, 'path': '/home/rho9/chapt3/topic_practise_ws/src/status_interfaces', 'symlink_install': False, 'test_result_base': None}
[0.427s] Level 5:colcon.colcon_core.verb:set package 'status_display' build argument 'cmake_args' from command line to 'None'
[0.427s] Level 5:colcon.colcon_core.verb:set package 'status_display' build argument 'cmake_target' from command line to 'None'
[0.428s] Level 5:colcon.colcon_core.verb:set package 'status_display' build argument 'cmake_target_skip_unavailable' from command line to 'False'
[0.428s] Level 5:colcon.colcon_core.verb:set package 'status_display' build argument 'cmake_clean_cache' from command line to 'False'
[0.428s] Level 5:colcon.colcon_core.verb:set package 'status_display' build argument 'cmake_clean_first' from command line to 'False'
[0.428s] Level 5:colcon.colcon_core.verb:set package 'status_display' build argument 'cmake_force_configure' from command line to 'False'
[0.428s] Level 5:colcon.colcon_core.verb:set package 'status_display' build argument 'ament_cmake_args' from command line to 'None'
[0.428s] Level 5:colcon.colcon_core.verb:set package 'status_display' build argument 'catkin_cmake_args' from command line to 'None'
[0.428s] Level 5:colcon.colcon_core.verb:set package 'status_display' build argument 'catkin_skip_building_tests' from command line to 'False'
[0.428s] DEBUG:colcon.colcon_core.verb:Building package 'status_display' with the following arguments: {'ament_cmake_args': None, 'build_base': '/home/rho9/chapt3/topic_practise_ws/build/status_display', 'catkin_cmake_args': None, 'catkin_skip_building_tests': False, 'cmake_args': None, 'cmake_clean_cache': False, 'cmake_clean_first': False, 'cmake_force_configure': False, 'cmake_target': None, 'cmake_target_skip_unavailable': False, 'install_base': '/home/rho9/chapt3/topic_practise_ws/install/status_display', 'merge_install': False, 'path': '/home/rho9/chapt3/topic_practise_ws/src/status_display', 'symlink_install': False, 'test_result_base': None}
[0.428s] Level 5:colcon.colcon_core.verb:set package 'status_publisher' build argument 'cmake_args' from command line to 'None'
[0.428s] Level 5:colcon.colcon_core.verb:set package 'status_publisher' build argument 'cmake_target' from command line to 'None'
[0.429s] Level 5:colcon.colcon_core.verb:set package 'status_publisher' build argument 'cmake_target_skip_unavailable' from command line to 'False'
[0.429s] Level 5:colcon.colcon_core.verb:set package 'status_publisher' build argument 'cmake_clean_cache' from command line to 'False'
[0.429s] Level 5:colcon.colcon_core.verb:set package 'status_publisher' build argument 'cmake_clean_first' from command line to 'False'
[0.429s] Level 5:colcon.colcon_core.verb:set package 'status_publisher' build argument 'cmake_force_configure' from command line to 'False'
[0.429s] Level 5:colcon.colcon_core.verb:set package 'status_publisher' build argument 'ament_cmake_args' from command line to 'None'
[0.429s] Level 5:colcon.colcon_core.verb:set package 'status_publisher' build argument 'catkin_cmake_args' from command line to 'None'
[0.429s] Level 5:colcon.colcon_core.verb:set package 'status_publisher' build argument 'catkin_skip_building_tests' from command line to 'False'
[0.430s] DEBUG:colcon.colcon_core.verb:Building package 'status_publisher' with the following arguments: {'ament_cmake_args': None, 'build_base': '/home/rho9/chapt3/topic_practise_ws/build/status_publisher', 'catkin_cmake_args': None, 'catkin_skip_building_tests': False, 'cmake_args': None, 'cmake_clean_cache': False, 'cmake_clean_first': False, 'cmake_force_configure': False, 'cmake_target': None, 'cmake_target_skip_unavailable': False, 'install_base': '/home/rho9/chapt3/topic_practise_ws/install/status_publisher', 'merge_install': False, 'path': '/home/rho9/chapt3/topic_practise_ws/src/status_publisher', 'symlink_install': False, 'test_result_base': None}
[0.430s] INFO:colcon.colcon_core.executor:Executing jobs using 'parallel' executor
[0.431s] DEBUG:colcon.colcon_parallel_executor.executor.parallel:run_until_complete
[0.432s] INFO:colcon.colcon_ros.task.ament_cmake.build:Building ROS package in '/home/rho9/chapt3/topic_practise_ws/src/status_interfaces' with build type 'ament_cmake'
[0.432s] INFO:colcon.colcon_cmake.task.cmake.build:Building CMake package in '/home/rho9/chapt3/topic_practise_ws/src/status_interfaces'
[0.438s] INFO:colcon.colcon_core.plugin_system:Skipping extension 'colcon_core.shell.bat': Not used on non-Windows systems
[0.438s] DEBUG:colcon.colcon_core.shell:Skip shell extension 'dsv' for command environment
[0.453s] DEBUG:colcon.colcon_core.event_handler.log_command:Invoking command in '/home/rho9/chapt3/topic_practise_ws/build/status_interfaces': CMAKE_PREFIX_PATH=${CMAKE_PREFIX_PATH}:/opt/ros/jazzy /usr/bin/cmake --build /home/rho9/chapt3/topic_practise_ws/build/status_interfaces -- -j20 -l20
[0.903s] DEBUG:colcon.colcon_core.event_handler.log_command:Invoked command in '/home/rho9/chapt3/topic_practise_ws/build/status_interfaces' returned '0': CMAKE_PREFIX_PATH=${CMAKE_PREFIX_PATH}:/opt/ros/jazzy /usr/bin/cmake --build /home/rho9/chapt3/topic_practise_ws/build/status_interfaces -- -j20 -l20
[0.916s] DEBUG:colcon.colcon_core.event_handler.log_command:Invoking command in '/home/rho9/chapt3/topic_practise_ws/build/status_interfaces': CMAKE_PREFIX_PATH=${CMAKE_PREFIX_PATH}:/opt/ros/jazzy /usr/bin/cmake --install /home/rho9/chapt3/topic_practise_ws/build/status_interfaces
[1.002s] Level 1:colcon.colcon_core.environment:create_environment_scripts_only(status_interfaces)
[1.003s] DEBUG:colcon.colcon_core.event_handler.log_command:Invoked command in '/home/rho9/chapt3/topic_practise_ws/build/status_interfaces' returned '0': CMAKE_PREFIX_PATH=${CMAKE_PREFIX_PATH}:/opt/ros/jazzy /usr/bin/cmake --install /home/rho9/chapt3/topic_practise_ws/build/status_interfaces
[1.009s] Level 1:colcon.colcon_core.environment:checking '/home/rho9/chapt3/topic_practise_ws/install/status_interfaces' for CMake module files
[1.010s] Level 1:colcon.colcon_core.environment:checking '/home/rho9/chapt3/topic_practise_ws/install/status_interfaces' for CMake config files
[1.010s] Level 1:colcon.colcon_core.shell:create_environment_hook('status_interfaces', 'cmake_prefix_path')
[1.011s] INFO:colcon.colcon_core.shell:Creating environment descriptor '/home/rho9/chapt3/topic_practise_ws/install/status_interfaces/share/status_interfaces/hook/cmake_prefix_path.dsv'
[1.011s] INFO:colcon.colcon_core.shell:Creating environment hook '/home/rho9/chapt3/topic_practise_ws/install/status_interfaces/share/status_interfaces/hook/cmake_prefix_path.sh'
[1.013s] Level 1:colcon.colcon_core.environment:checking '/home/rho9/chapt3/topic_practise_ws/install/status_interfaces/lib'
[1.013s] Level 1:colcon.colcon_core.shell:create_environment_hook('status_interfaces', 'ld_library_path_lib')
[1.013s] INFO:colcon.colcon_core.shell:Creating environment descriptor '/home/rho9/chapt3/topic_practise_ws/install/status_interfaces/share/status_interfaces/hook/ld_library_path_lib.dsv'
[1.013s] INFO:colcon.colcon_core.shell:Creating environment hook '/home/rho9/chapt3/topic_practise_ws/install/status_interfaces/share/status_interfaces/hook/ld_library_path_lib.sh'
[1.014s] Level 1:colcon.colcon_core.environment:checking '/home/rho9/chapt3/topic_practise_ws/install/status_interfaces/bin'
[1.014s] Level 1:colcon.colcon_core.environment:checking '/home/rho9/chapt3/topic_practise_ws/install/status_interfaces/lib/pkgconfig/status_interfaces.pc'
[1.016s] Level 1:colcon.colcon_core.environment:checking '/home/rho9/chapt3/topic_practise_ws/install/status_interfaces/lib/python3.12/site-packages'
[1.017s] Level 1:colcon.colcon_core.shell:create_environment_hook('status_interfaces', 'pythonpath')
[1.017s] INFO:colcon.colcon_core.shell:Creating environment descriptor '/home/rho9/chapt3/topic_practise_ws/install/status_interfaces/share/status_interfaces/hook/pythonpath.dsv'
[1.017s] INFO:colcon.colcon_core.shell:Creating environment hook '/home/rho9/chapt3/topic_practise_ws/install/status_interfaces/share/status_interfaces/hook/pythonpath.sh'
[1.018s] Level 1:colcon.colcon_core.environment:checking '/home/rho9/chapt3/topic_practise_ws/install/status_interfaces/bin'
[1.018s] INFO:colcon.colcon_core.shell:Creating package descriptor '/home/rho9/chapt3/topic_practise_ws/install/status_interfaces/share/status_interfaces/package.dsv'
[1.019s] INFO:colcon.colcon_core.shell:Creating package script '/home/rho9/chapt3/topic_practise_ws/install/status_interfaces/share/status_interfaces/package.sh'
[1.020s] INFO:colcon.colcon_core.shell:Creating package script '/home/rho9/chapt3/topic_practise_ws/install/status_interfaces/share/status_interfaces/package.bash'
[1.022s] INFO:colcon.colcon_core.shell:Creating package script '/home/rho9/chapt3/topic_practise_ws/install/status_interfaces/share/status_interfaces/package.zsh'
[1.022s] Level 1:colcon.colcon_core.environment:create_file_with_runtime_dependencies(/home/rho9/chapt3/topic_practise_ws/install/status_interfaces/share/colcon-core/packages/status_interfaces)
[1.023s] Level 1:colcon.colcon_core.environment:create_environment_scripts_only(status_interfaces)
[1.023s] Level 1:colcon.colcon_core.environment:checking '/home/rho9/chapt3/topic_practise_ws/install/status_interfaces' for CMake module files
[1.024s] Level 1:colcon.colcon_core.environment:checking '/home/rho9/chapt3/topic_practise_ws/install/status_interfaces' for CMake config files
[1.024s] Level 1:colcon.colcon_core.shell:create_environment_hook('status_interfaces', 'cmake_prefix_path')
[1.024s] INFO:colcon.colcon_core.shell:Creating environment descriptor '/home/rho9/chapt3/topic_practise_ws/install/status_interfaces/share/status_interfaces/hook/cmake_prefix_path.dsv'
[1.025s] INFO:colcon.colcon_core.shell:Creating environment hook '/home/rho9/chapt3/topic_practise_ws/install/status_interfaces/share/status_interfaces/hook/cmake_prefix_path.sh'
[1.026s] Level 1:colcon.colcon_core.environment:checking '/home/rho9/chapt3/topic_practise_ws/install/status_interfaces/lib'
[1.026s] Level 1:colcon.colcon_core.shell:create_environment_hook('status_interfaces', 'ld_library_path_lib')
[1.026s] INFO:colcon.colcon_core.shell:Creating environment descriptor '/home/rho9/chapt3/topic_practise_ws/install/status_interfaces/share/status_interfaces/hook/ld_library_path_lib.dsv'
[1.027s] INFO:colcon.colcon_core.shell:Creating environment hook '/home/rho9/chapt3/topic_practise_ws/install/status_interfaces/share/status_interfaces/hook/ld_library_path_lib.sh'
[1.027s] Level 1:colcon.colcon_core.environment:checking '/home/rho9/chapt3/topic_practise_ws/install/status_interfaces/bin'
[1.027s] Level 1:colcon.colcon_core.environment:checking '/home/rho9/chapt3/topic_practise_ws/install/status_interfaces/lib/pkgconfig/status_interfaces.pc'
[1.028s] Level 1:colcon.colcon_core.environment:checking '/home/rho9/chapt3/topic_practise_ws/install/status_interfaces/lib/python3.12/site-packages'
[1.028s] Level 1:colcon.colcon_core.shell:create_environment_hook('status_interfaces', 'pythonpath')
[1.028s] INFO:colcon.colcon_core.shell:Creating environment descriptor '/home/rho9/chapt3/topic_practise_ws/install/status_interfaces/share/status_interfaces/hook/pythonpath.dsv'
[1.028s] INFO:colcon.colcon_core.shell:Creating environment hook '/home/rho9/chapt3/topic_practise_ws/install/status_interfaces/share/status_interfaces/hook/pythonpath.sh'
[1.029s] Level 1:colcon.colcon_core.environment:checking '/home/rho9/chapt3/topic_practise_ws/install/status_interfaces/bin'
[1.030s] INFO:colcon.colcon_core.shell:Creating package descriptor '/home/rho9/chapt3/topic_practise_ws/install/status_interfaces/share/status_interfaces/package.dsv'
[1.030s] INFO:colcon.colcon_core.shell:Creating package script '/home/rho9/chapt3/topic_practise_ws/install/status_interfaces/share/status_interfaces/package.sh'
[1.031s] INFO:colcon.colcon_core.shell:Creating package script '/home/rho9/chapt3/topic_practise_ws/install/status_interfaces/share/status_interfaces/package.bash'
[1.032s] INFO:colcon.colcon_core.shell:Creating package script '/home/rho9/chapt3/topic_practise_ws/install/status_interfaces/share/status_interfaces/package.zsh'
[1.032s] Level 1:colcon.colcon_core.environment:create_file_with_runtime_dependencies(/home/rho9/chapt3/topic_practise_ws/install/status_interfaces/share/colcon-core/packages/status_interfaces)
[1.033s] INFO:colcon.colcon_ros.task.ament_cmake.build:Building ROS package in '/home/rho9/chapt3/topic_practise_ws/src/status_display' with build type 'ament_cmake'
[1.033s] INFO:colcon.colcon_cmake.task.cmake.build:Building CMake package in '/home/rho9/chapt3/topic_practise_ws/src/status_display'
[1.033s] DEBUG:colcon.colcon_core.shell:Skip shell extension 'dsv' for command environment
[1.037s] INFO:colcon.colcon_ros.task.ament_python.build:Building ROS package in '/home/rho9/chapt3/topic_practise_ws/src/status_publisher' with build type 'ament_python'
[1.037s] Level 1:colcon.colcon_core.shell:create_environment_hook('status_publisher', 'ament_prefix_path')
[1.037s] INFO:colcon.colcon_core.shell:Creating environment descriptor '/home/rho9/chapt3/topic_practise_ws/install/status_publisher/share/status_publisher/hook/ament_prefix_path.dsv'
[1.038s] INFO:colcon.colcon_core.shell:Creating environment hook '/home/rho9/chapt3/topic_practise_ws/install/status_publisher/share/status_publisher/hook/ament_prefix_path.sh'
[1.038s] DEBUG:colcon.colcon_core.shell:Skip shell extension 'dsv' for command environment
[1.372s] INFO:colcon.colcon_core.task.python.build:Building Python package in '/home/rho9/chapt3/topic_practise_ws/src/status_publisher'
[1.373s] DEBUG:colcon.colcon_core.shell:Skip shell extension 'dsv' for command environment
[1.378s] DEBUG:colcon.colcon_core.event_handler.log_command:Invoking command in '/home/rho9/chapt3/topic_practise_ws/build/status_display': AMENT_PREFIX_PATH=/home/rho9/chapt3/topic_practise_ws/install/status_interfaces:${AMENT_PREFIX_PATH} CMAKE_PREFIX_PATH=/home/rho9/chapt3/topic_practise_ws/install/status_interfaces:/opt/ros/jazzy/opt/gz_math_vendor:/opt/ros/jazzy/opt/gz_utils_vendor:/opt/ros/jazzy/opt/gz_cmake_vendor:/opt/ros/jazzy LD_LIBRARY_PATH=/home/rho9/chapt3/topic_practise_ws/install/status_interfaces/lib:${LD_LIBRARY_PATH} PYTHONPATH=/home/rho9/chapt3/topic_practise_ws/install/status_interfaces/lib/python3.12/site-packages:${PYTHONPATH} /usr/bin/cmake /home/rho9/chapt3/topic_practise_ws/src/status_display -DCMAKE_INSTALL_PREFIX=/home/rho9/chapt3/topic_practise_ws/install/status_display
[2.380s] DEBUG:colcon.colcon_core.event_handler.log_command:Invoking command in '/home/rho9/chapt3/topic_practise_ws/src/status_publisher': AMENT_PREFIX_PATH=/home/rho9/chapt3/topic_practise_ws/install/status_interfaces:${AMENT_PREFIX_PATH} CMAKE_PREFIX_PATH=/home/rho9/chapt3/topic_practise_ws/install/status_interfaces:${CMAKE_PREFIX_PATH} LD_LIBRARY_PATH=/home/rho9/chapt3/topic_practise_ws/install/status_interfaces/lib:${LD_LIBRARY_PATH} PYTHONPATH=/home/rho9/chapt3/topic_practise_ws/build/status_publisher/prefix_override:/usr/lib/python3/dist-packages/colcon_core/task/python/colcon_distutils_commands:/home/rho9/chapt3/topic_practise_ws/install/status_publisher/lib/python3.12/site-packages:/home/rho9/chapt3/topic_practise_ws/install/status_interfaces/lib/python3.12/site-packages:${PYTHONPATH} /usr/bin/python3 -W ignore:setup.py install is deprecated -W ignore:easy_install command is deprecated setup.py egg_info --egg-base ../../build/status_publisher build --build-base /home/rho9/chapt3/topic_practise_ws/build/status_publisher/build install --record /home/rho9/chapt3/topic_practise_ws/build/status_publisher/install.log --single-version-externally-managed install_data
[2.856s] Level 1:colcon.colcon_core.environment:checking '/home/rho9/chapt3/topic_practise_ws/install/status_publisher' for CMake module files
[2.857s] DEBUG:colcon.colcon_core.event_handler.log_command:Invoked command in '/home/rho9/chapt3/topic_practise_ws/src/status_publisher' returned '0': AMENT_PREFIX_PATH=/home/rho9/chapt3/topic_practise_ws/install/status_interfaces:${AMENT_PREFIX_PATH} CMAKE_PREFIX_PATH=/home/rho9/chapt3/topic_practise_ws/install/status_interfaces:${CMAKE_PREFIX_PATH} LD_LIBRARY_PATH=/home/rho9/chapt3/topic_practise_ws/install/status_interfaces/lib:${LD_LIBRARY_PATH} PYTHONPATH=/home/rho9/chapt3/topic_practise_ws/build/status_publisher/prefix_override:/usr/lib/python3/dist-packages/colcon_core/task/python/colcon_distutils_commands:/home/rho9/chapt3/topic_practise_ws/install/status_publisher/lib/python3.12/site-packages:/home/rho9/chapt3/topic_practise_ws/install/status_interfaces/lib/python3.12/site-packages:${PYTHONPATH} /usr/bin/python3 -W ignore:setup.py install is deprecated -W ignore:easy_install command is deprecated setup.py egg_info --egg-base ../../build/status_publisher build --build-base /home/rho9/chapt3/topic_practise_ws/build/status_publisher/build install --record /home/rho9/chapt3/topic_practise_ws/build/status_publisher/install.log --single-version-externally-managed install_data
[2.857s] Level 1:colcon.colcon_core.environment:checking '/home/rho9/chapt3/topic_practise_ws/install/status_publisher' for CMake config files
[2.858s] Level 1:colcon.colcon_core.environment:checking '/home/rho9/chapt3/topic_practise_ws/install/status_publisher/lib'
[2.858s] Level 1:colcon.colcon_core.environment:checking '/home/rho9/chapt3/topic_practise_ws/install/status_publisher/bin'
[2.859s] Level 1:colcon.colcon_core.environment:checking '/home/rho9/chapt3/topic_practise_ws/install/status_publisher/lib/pkgconfig/status_publisher.pc'
[2.859s] Level 1:colcon.colcon_core.environment:checking '/home/rho9/chapt3/topic_practise_ws/install/status_publisher/lib/python3.12/site-packages'
[2.859s] Level 1:colcon.colcon_core.shell:create_environment_hook('status_publisher', 'pythonpath')
[2.859s] INFO:colcon.colcon_core.shell:Creating environment descriptor '/home/rho9/chapt3/topic_practise_ws/install/status_publisher/share/status_publisher/hook/pythonpath.dsv'
[2.859s] INFO:colcon.colcon_core.shell:Creating environment hook '/home/rho9/chapt3/topic_practise_ws/install/status_publisher/share/status_publisher/hook/pythonpath.sh'
[2.860s] Level 1:colcon.colcon_core.environment:checking '/home/rho9/chapt3/topic_practise_ws/install/status_publisher/bin'
[2.860s] Level 1:colcon.colcon_core.environment:create_environment_scripts_only(status_publisher)
[2.861s] INFO:colcon.colcon_core.shell:Creating package descriptor '/home/rho9/chapt3/topic_practise_ws/install/status_publisher/share/status_publisher/package.dsv'
[2.861s] INFO:colcon.colcon_core.shell:Creating package script '/home/rho9/chapt3/topic_practise_ws/install/status_publisher/share/status_publisher/package.sh'
[2.861s] INFO:colcon.colcon_core.shell:Creating package script '/home/rho9/chapt3/topic_practise_ws/install/status_publisher/share/status_publisher/package.bash'
[2.862s] INFO:colcon.colcon_core.shell:Creating package script '/home/rho9/chapt3/topic_practise_ws/install/status_publisher/share/status_publisher/package.zsh'
[2.862s] Level 1:colcon.colcon_core.environment:create_file_with_runtime_dependencies(/home/rho9/chapt3/topic_practise_ws/install/status_publisher/share/colcon-core/packages/status_publisher)
[4.938s] DEBUG:colcon.colcon_core.event_handler.log_command:Invoked command in '/home/rho9/chapt3/topic_practise_ws/build/status_display' returned '0': AMENT_PREFIX_PATH=/home/rho9/chapt3/topic_practise_ws/install/status_interfaces:${AMENT_PREFIX_PATH} CMAKE_PREFIX_PATH=/home/rho9/chapt3/topic_practise_ws/install/status_interfaces:/opt/ros/jazzy/opt/gz_math_vendor:/opt/ros/jazzy/opt/gz_utils_vendor:/opt/ros/jazzy/opt/gz_cmake_vendor:/opt/ros/jazzy LD_LIBRARY_PATH=/home/rho9/chapt3/topic_practise_ws/install/status_interfaces/lib:${LD_LIBRARY_PATH} PYTHONPATH=/home/rho9/chapt3/topic_practise_ws/install/status_interfaces/lib/python3.12/site-packages:${PYTHONPATH} /usr/bin/cmake /home/rho9/chapt3/topic_practise_ws/src/status_display -DCMAKE_INSTALL_PREFIX=/home/rho9/chapt3/topic_practise_ws/install/status_display
[4.939s] DEBUG:colcon.colcon_core.event_handler.log_command:Invoking command in '/home/rho9/chapt3/topic_practise_ws/build/status_display': AMENT_PREFIX_PATH=/home/rho9/chapt3/topic_practise_ws/install/status_interfaces:${AMENT_PREFIX_PATH} CMAKE_PREFIX_PATH=/home/rho9/chapt3/topic_practise_ws/install/status_interfaces:/opt/ros/jazzy/opt/gz_math_vendor:/opt/ros/jazzy/opt/gz_utils_vendor:/opt/ros/jazzy/opt/gz_cmake_vendor:/opt/ros/jazzy LD_LIBRARY_PATH=/home/rho9/chapt3/topic_practise_ws/install/status_interfaces/lib:${LD_LIBRARY_PATH} PYTHONPATH=/home/rho9/chapt3/topic_practise_ws/install/status_interfaces/lib/python3.12/site-packages:${PYTHONPATH} /usr/bin/cmake --build /home/rho9/chapt3/topic_practise_ws/build/status_display -- -j20 -l20
[5.916s] DEBUG:colcon.colcon_core.event_handler.log_command:Invoked command in '/home/rho9/chapt3/topic_practise_ws/build/status_display' returned '2': AMENT_PREFIX_PATH=/home/rho9/chapt3/topic_practise_ws/install/status_interfaces:${AMENT_PREFIX_PATH} CMAKE_PREFIX_PATH=/home/rho9/chapt3/topic_practise_ws/install/status_interfaces:/opt/ros/jazzy/opt/gz_math_vendor:/opt/ros/jazzy/opt/gz_utils_vendor:/opt/ros/jazzy/opt/gz_cmake_vendor:/opt/ros/jazzy LD_LIBRARY_PATH=/home/rho9/chapt3/topic_practise_ws/install/status_interfaces/lib:${LD_LIBRARY_PATH} PYTHONPATH=/home/rho9/chapt3/topic_practise_ws/install/status_interfaces/lib/python3.12/site-packages:${PYTHONPATH} /usr/bin/cmake --build /home/rho9/chapt3/topic_practise_ws/build/status_display -- -j20 -l20
[5.916s] Level 1:colcon.colcon_core.environment:create_environment_scripts_only(status_display)
[5.916s] Level 1:colcon.colcon_core.environment:checking '/home/rho9/chapt3/topic_practise_ws/install/status_display' for CMake module files
[5.916s] Level 1:colcon.colcon_core.environment:checking '/home/rho9/chapt3/topic_practise_ws/install/status_display' for CMake config files
[5.917s] Level 1:colcon.colcon_core.environment:checking '/home/rho9/chapt3/topic_practise_ws/install/status_display/bin'
[5.917s] Level 1:colcon.colcon_core.environment:checking '/home/rho9/chapt3/topic_practise_ws/install/status_display/lib/pkgconfig/status_display.pc'
[5.917s] Level 1:colcon.colcon_core.environment:checking '/home/rho9/chapt3/topic_practise_ws/install/status_display/lib/python3.12/site-packages'
[5.917s] Level 1:colcon.colcon_core.environment:checking '/home/rho9/chapt3/topic_practise_ws/install/status_display/bin'
[5.917s] INFO:colcon.colcon_core.shell:Creating package descriptor '/home/rho9/chapt3/topic_practise_ws/install/status_display/share/status_display/package.dsv'
[5.918s] INFO:colcon.colcon_core.shell:Creating package script '/home/rho9/chapt3/topic_practise_ws/install/status_display/share/status_display/package.sh'
[5.919s] INFO:colcon.colcon_core.shell:Creating package script '/home/rho9/chapt3/topic_practise_ws/install/status_display/share/status_display/package.bash'
[5.919s] INFO:colcon.colcon_core.shell:Creating package script '/home/rho9/chapt3/topic_practise_ws/install/status_display/share/status_display/package.zsh'
[5.919s] Level 1:colcon.colcon_core.environment:create_file_with_runtime_dependencies(/home/rho9/chapt3/topic_practise_ws/install/status_display/share/colcon-core/packages/status_display)
[5.930s] DEBUG:colcon.colcon_parallel_executor.executor.parallel:closing loop
[5.930s] DEBUG:colcon.colcon_parallel_executor.executor.parallel:loop closed
[5.930s] DEBUG:colcon.colcon_parallel_executor.executor.parallel:run_until_complete finished with '2'
[5.930s] DEBUG:colcon.colcon_core.event_reactor:joining thread
[5.984s] INFO:colcon.colcon_core.plugin_system:Skipping extension 'colcon_notification.desktop_notification.notify_send': Could not find 'notify-send'
[5.984s] INFO:colcon.colcon_core.plugin_system:Skipping extension 'colcon_notification.desktop_notification.terminal_notifier': Not used on non-Darwin systems
[5.984s] INFO:colcon.colcon_core.plugin_system:Skipping extension 'colcon_notification.desktop_notification.win32': Not used on non-Windows systems
[5.985s] INFO:colcon.colcon_notification.desktop_notification:Sending desktop notification using 'notify2'
[5.987s] DEBUG:colcon.colcon_notification.desktop_notification.notify2:Failed to initialize notify2: org.freedesktop.DBus.Error.ServiceUnknown: The name org.freedesktop.Notifications was not provided by any .service files
[5.987s] DEBUG:colcon.colcon_core.event_reactor:joined thread
[5.987s] INFO:colcon.colcon_core.shell:Creating prefix script '/home/rho9/chapt3/topic_practise_ws/install/local_setup.sh'
[5.988s] INFO:colcon.colcon_core.shell:Creating prefix util module '/home/rho9/chapt3/topic_practise_ws/install/_local_setup_util_sh.py'
[5.990s] INFO:colcon.colcon_core.shell:Creating prefix chain script '/home/rho9/chapt3/topic_practise_ws/install/setup.sh'
[5.991s] INFO:colcon.colcon_core.shell:Creating prefix script '/home/rho9/chapt3/topic_practise_ws/install/local_setup.bash'
[5.992s] INFO:colcon.colcon_core.shell:Creating prefix chain script '/home/rho9/chapt3/topic_practise_ws/install/setup.bash'
[5.993s] INFO:colcon.colcon_core.shell:Creating prefix script '/home/rho9/chapt3/topic_practise_ws/install/local_setup.zsh'
[5.993s] INFO:colcon.colcon_core.shell:Creating prefix chain script '/home/rho9/chapt3/topic_practise_ws/install/setup.zsh'
