[0.267s] DEBUG:colcon:Command line arguments: ['/usr/bin/colcon', 'build', '--packages-select', 'demo_cpp_pkg']
[0.267s] DEBUG:colcon:Parsed command line arguments: Namespace(log_base=None, log_level=None, verb_name='build', build_base='build', install_base='install', merge_install=False, symlink_install=False, test_result_base=None, continue_on_error=False, executor='parallel', parallel_workers=20, event_handlers=None, ignore_user_meta=False, metas=['./colcon.meta'], base_paths=['.'], packages_ignore=None, packages_ignore_regex=None, paths=None, packages_up_to=None, packages_up_to_regex=None, packages_above=None, packages_above_and_dependencies=None, packages_above_depth=None, packages_select_by_dep=None, packages_skip_by_dep=None, packages_skip_up_to=None, packages_select_build_failed=False, packages_skip_build_finished=False, packages_select_test_failures=False, packages_skip_test_passed=False, packages_select=['demo_cpp_pkg'], packages_skip=None, packages_select_regex=None, packages_skip_regex=None, packages_start=None, packages_end=None, cmake_args=None, cmake_target=None, cmake_target_skip_unavailable=False, cmake_clean_cache=False, cmake_clean_first=False, cmake_force_configure=False, ament_cmake_args=None, catkin_cmake_args=None, catkin_skip_building_tests=False, verb_parser=<colcon_defaults.argument_parser.defaults.DefaultArgumentsDecorator object at 0x7f68a04e0aa0>, verb_extension=<colcon_core.verb.build.BuildVerb object at 0x7f68a04e0080>, main=<bound method BuildVerb.main of <colcon_core.verb.build.BuildVerb object at 0x7f68a04e0080>>)
[0.336s] Level 1:colcon.colcon_core.package_discovery:discover_packages(colcon_meta) check parameters
[0.336s] Level 1:colcon.colcon_core.package_discovery:discover_packages(recursive) check parameters
[0.336s] Level 1:colcon.colcon_core.package_discovery:discover_packages(ignore) check parameters
[0.336s] Level 1:colcon.colcon_core.package_discovery:discover_packages(path) check parameters
[0.336s] Level 1:colcon.colcon_core.package_discovery:discover_packages(colcon_meta) discover
[0.336s] Level 1:colcon.colcon_core.package_discovery:discover_packages(recursive) discover
[0.336s] INFO:colcon.colcon_core.package_discovery:Crawling recursively for packages in '/home/rho9/chapt2'
[0.336s] Level 1:colcon.colcon_core.package_identification:_identify(.) by extensions ['ignore', 'ignore_ament_install']
[0.337s] Level 1:colcon.colcon_core.package_identification:_identify(.) by extension 'ignore'
[0.337s] Level 1:colcon.colcon_core.package_identification:_identify(.) by extension 'ignore_ament_install'
[0.337s] Level 1:colcon.colcon_core.package_identification:_identify(.) by extensions ['colcon_pkg']
[0.337s] Level 1:colcon.colcon_core.package_identification:_identify(.) by extension 'colcon_pkg'
[0.337s] Level 1:colcon.colcon_core.package_identification:_identify(.) by extensions ['colcon_meta']
[0.337s] Level 1:colcon.colcon_core.package_identification:_identify(.) by extension 'colcon_meta'
[0.337s] Level 1:colcon.colcon_core.package_identification:_identify(.) by extensions ['ros']
[0.337s] Level 1:colcon.colcon_core.package_identification:_identify(.) by extension 'ros'
[0.371s] Level 1:colcon.colcon_core.package_identification:_identify(.) by extensions ['cmake', 'python']
[0.371s] Level 1:colcon.colcon_core.package_identification:_identify(.) by extension 'cmake'
[0.371s] Level 1:colcon.colcon_core.package_identification:_identify(.) by extension 'python'
[0.371s] Level 1:colcon.colcon_core.package_identification:_identify(.) by extensions ['python_setup_py']
[0.371s] Level 1:colcon.colcon_core.package_identification:_identify(.) by extension 'python_setup_py'
[0.371s] Level 1:colcon.colcon_core.package_identification:_identify(build) by extensions ['ignore', 'ignore_ament_install']
[0.371s] Level 1:colcon.colcon_core.package_identification:_identify(build) by extension 'ignore'
[0.371s] Level 1:colcon.colcon_core.package_identification:_identify(build) ignored
[0.371s] Level 1:colcon.colcon_core.package_identification:_identify(chapt2_ws) by extensions ['ignore', 'ignore_ament_install']
[0.371s] Level 1:colcon.colcon_core.package_identification:_identify(chapt2_ws) by extension 'ignore'
[0.371s] Level 1:colcon.colcon_core.package_identification:_identify(chapt2_ws) by extension 'ignore_ament_install'
[0.371s] Level 1:colcon.colcon_core.package_identification:_identify(chapt2_ws) by extensions ['colcon_pkg']
[0.371s] Level 1:colcon.colcon_core.package_identification:_identify(chapt2_ws) by extension 'colcon_pkg'
[0.371s] Level 1:colcon.colcon_core.package_identification:_identify(chapt2_ws) by extensions ['colcon_meta']
[0.371s] Level 1:colcon.colcon_core.package_identification:_identify(chapt2_ws) by extension 'colcon_meta'
[0.372s] Level 1:colcon.colcon_core.package_identification:_identify(chapt2_ws) by extensions ['ros']
[0.372s] Level 1:colcon.colcon_core.package_identification:_identify(chapt2_ws) by extension 'ros'
[0.372s] Level 1:colcon.colcon_core.package_identification:_identify(chapt2_ws) by extensions ['cmake', 'python']
[0.372s] Level 1:colcon.colcon_core.package_identification:_identify(chapt2_ws) by extension 'cmake'
[0.372s] Level 1:colcon.colcon_core.package_identification:_identify(chapt2_ws) by extension 'python'
[0.372s] Level 1:colcon.colcon_core.package_identification:_identify(chapt2_ws) by extensions ['python_setup_py']
[0.372s] Level 1:colcon.colcon_core.package_identification:_identify(chapt2_ws) by extension 'python_setup_py'
[0.372s] Level 1:colcon.colcon_core.package_identification:_identify(chapt2_ws/build) by extensions ['ignore', 'ignore_ament_install']
[0.372s] Level 1:colcon.colcon_core.package_identification:_identify(chapt2_ws/build) by extension 'ignore'
[0.372s] Level 1:colcon.colcon_core.package_identification:_identify(chapt2_ws/build) ignored
[0.372s] Level 1:colcon.colcon_core.package_identification:_identify(chapt2_ws/install) by extensions ['ignore', 'ignore_ament_install']
[0.372s] Level 1:colcon.colcon_core.package_identification:_identify(chapt2_ws/install) by extension 'ignore'
[0.372s] Level 1:colcon.colcon_core.package_identification:_identify(chapt2_ws/install) ignored
[0.372s] Level 1:colcon.colcon_core.package_identification:_identify(chapt2_ws/log) by extensions ['ignore', 'ignore_ament_install']
[0.372s] Level 1:colcon.colcon_core.package_identification:_identify(chapt2_ws/log) by extension 'ignore'
[0.372s] Level 1:colcon.colcon_core.package_identification:_identify(chapt2_ws/log) ignored
[0.372s] Level 1:colcon.colcon_core.package_identification:_identify(chapt2_ws/src) by extensions ['ignore', 'ignore_ament_install']
[0.372s] Level 1:colcon.colcon_core.package_identification:_identify(chapt2_ws/src) by extension 'ignore'
[0.372s] Level 1:colcon.colcon_core.package_identification:_identify(chapt2_ws/src) by extension 'ignore_ament_install'
[0.372s] Level 1:colcon.colcon_core.package_identification:_identify(chapt2_ws/src) by extensions ['colcon_pkg']
[0.372s] Level 1:colcon.colcon_core.package_identification:_identify(chapt2_ws/src) by extension 'colcon_pkg'
[0.372s] Level 1:colcon.colcon_core.package_identification:_identify(chapt2_ws/src) by extensions ['colcon_meta']
[0.372s] Level 1:colcon.colcon_core.package_identification:_identify(chapt2_ws/src) by extension 'colcon_meta'
[0.372s] Level 1:colcon.colcon_core.package_identification:_identify(chapt2_ws/src) by extensions ['ros']
[0.372s] Level 1:colcon.colcon_core.package_identification:_identify(chapt2_ws/src) by extension 'ros'
[0.373s] Level 1:colcon.colcon_core.package_identification:_identify(chapt2_ws/src) by extensions ['cmake', 'python']
[0.373s] Level 1:colcon.colcon_core.package_identification:_identify(chapt2_ws/src) by extension 'cmake'
[0.373s] Level 1:colcon.colcon_core.package_identification:_identify(chapt2_ws/src) by extension 'python'
[0.373s] Level 1:colcon.colcon_core.package_identification:_identify(chapt2_ws/src) by extensions ['python_setup_py']
[0.373s] Level 1:colcon.colcon_core.package_identification:_identify(chapt2_ws/src) by extension 'python_setup_py'
[0.373s] Level 1:colcon.colcon_core.package_identification:_identify(chapt2_ws/src/demo_cpp_pkg) by extensions ['ignore', 'ignore_ament_install']
[0.373s] Level 1:colcon.colcon_core.package_identification:_identify(chapt2_ws/src/demo_cpp_pkg) by extension 'ignore'
[0.373s] Level 1:colcon.colcon_core.package_identification:_identify(chapt2_ws/src/demo_cpp_pkg) by extension 'ignore_ament_install'
[0.373s] Level 1:colcon.colcon_core.package_identification:_identify(chapt2_ws/src/demo_cpp_pkg) by extensions ['colcon_pkg']
[0.373s] Level 1:colcon.colcon_core.package_identification:_identify(chapt2_ws/src/demo_cpp_pkg) by extension 'colcon_pkg'
[0.373s] Level 1:colcon.colcon_core.package_identification:_identify(chapt2_ws/src/demo_cpp_pkg) by extensions ['colcon_meta']
[0.373s] Level 1:colcon.colcon_core.package_identification:_identify(chapt2_ws/src/demo_cpp_pkg) by extension 'colcon_meta'
[0.373s] Level 1:colcon.colcon_core.package_identification:_identify(chapt2_ws/src/demo_cpp_pkg) by extensions ['ros']
[0.373s] Level 1:colcon.colcon_core.package_identification:_identify(chapt2_ws/src/demo_cpp_pkg) by extension 'ros'
[0.376s] DEBUG:colcon.colcon_core.package_identification:Package 'chapt2_ws/src/demo_cpp_pkg' with type 'ros.ament_cmake' and name 'demo_cpp_pkg'
[0.376s] Level 1:colcon.colcon_core.package_identification:_identify(chapt2_ws/src/demo_python_pkg) by extensions ['ignore', 'ignore_ament_install']
[0.376s] Level 1:colcon.colcon_core.package_identification:_identify(chapt2_ws/src/demo_python_pkg) by extension 'ignore'
[0.376s] Level 1:colcon.colcon_core.package_identification:_identify(chapt2_ws/src/demo_python_pkg) by extension 'ignore_ament_install'
[0.376s] Level 1:colcon.colcon_core.package_identification:_identify(chapt2_ws/src/demo_python_pkg) by extensions ['colcon_pkg']
[0.376s] Level 1:colcon.colcon_core.package_identification:_identify(chapt2_ws/src/demo_python_pkg) by extension 'colcon_pkg'
[0.377s] Level 1:colcon.colcon_core.package_identification:_identify(chapt2_ws/src/demo_python_pkg) by extensions ['colcon_meta']
[0.377s] Level 1:colcon.colcon_core.package_identification:_identify(chapt2_ws/src/demo_python_pkg) by extension 'colcon_meta'
[0.377s] Level 1:colcon.colcon_core.package_identification:_identify(chapt2_ws/src/demo_python_pkg) by extensions ['ros']
[0.377s] Level 1:colcon.colcon_core.package_identification:_identify(chapt2_ws/src/demo_python_pkg) by extension 'ros'
[0.377s] DEBUG:colcon.colcon_core.package_identification:Package 'chapt2_ws/src/demo_python_pkg' with type 'ros.ament_python' and name 'demo_python_pkg'
[0.377s] Level 1:colcon.colcon_core.package_identification:_identify(install) by extensions ['ignore', 'ignore_ament_install']
[0.377s] Level 1:colcon.colcon_core.package_identification:_identify(install) by extension 'ignore'
[0.377s] Level 1:colcon.colcon_core.package_identification:_identify(install) ignored
[0.378s] Level 1:colcon.colcon_core.package_identification:_identify(log) by extensions ['ignore', 'ignore_ament_install']
[0.378s] Level 1:colcon.colcon_core.package_identification:_identify(log) by extension 'ignore'
[0.378s] Level 1:colcon.colcon_core.package_identification:_identify(log) ignored
[0.378s] Level 1:colcon.colcon_core.package_identification:_identify(output) by extensions ['ignore', 'ignore_ament_install']
[0.378s] Level 1:colcon.colcon_core.package_identification:_identify(output) by extension 'ignore'
[0.378s] Level 1:colcon.colcon_core.package_identification:_identify(output) by extension 'ignore_ament_install'
[0.378s] Level 1:colcon.colcon_core.package_identification:_identify(output) by extensions ['colcon_pkg']
[0.378s] Level 1:colcon.colcon_core.package_identification:_identify(output) by extension 'colcon_pkg'
[0.378s] Level 1:colcon.colcon_core.package_identification:_identify(output) by extensions ['colcon_meta']
[0.378s] Level 1:colcon.colcon_core.package_identification:_identify(output) by extension 'colcon_meta'
[0.378s] Level 1:colcon.colcon_core.package_identification:_identify(output) by extensions ['ros']
[0.378s] Level 1:colcon.colcon_core.package_identification:_identify(output) by extension 'ros'
[0.378s] Level 1:colcon.colcon_core.package_identification:_identify(output) by extensions ['cmake', 'python']
[0.378s] Level 1:colcon.colcon_core.package_identification:_identify(output) by extension 'cmake'
[0.378s] Level 1:colcon.colcon_core.package_identification:_identify(output) by extension 'python'
[0.378s] Level 1:colcon.colcon_core.package_identification:_identify(output) by extensions ['python_setup_py']
[0.378s] Level 1:colcon.colcon_core.package_identification:_identify(output) by extension 'python_setup_py'
[0.378s] Level 1:colcon.colcon_core.package_discovery:discover_packages(recursive) using defaults
[0.378s] Level 1:colcon.colcon_core.package_discovery:discover_packages(ignore) discover
[0.378s] Level 1:colcon.colcon_core.package_discovery:discover_packages(ignore) using defaults
[0.378s] Level 1:colcon.colcon_core.package_discovery:discover_packages(path) discover
[0.378s] Level 1:colcon.colcon_core.package_discovery:discover_packages(path) using defaults
[0.407s] INFO:colcon.colcon_core.package_selection:Skipping not selected package 'demo_python_pkg' in 'chapt2_ws/src/demo_python_pkg'
[0.408s] Level 5:colcon.colcon_core.verb:set package 'demo_cpp_pkg' build argument 'cmake_args' from command line to 'None'
[0.408s] Level 5:colcon.colcon_core.verb:set package 'demo_cpp_pkg' build argument 'cmake_target' from command line to 'None'
[0.408s] Level 5:colcon.colcon_core.verb:set package 'demo_cpp_pkg' build argument 'cmake_target_skip_unavailable' from command line to 'False'
[0.408s] Level 5:colcon.colcon_core.verb:set package 'demo_cpp_pkg' build argument 'cmake_clean_cache' from command line to 'False'
[0.408s] Level 5:colcon.colcon_core.verb:set package 'demo_cpp_pkg' build argument 'cmake_clean_first' from command line to 'False'
[0.408s] Level 5:colcon.colcon_core.verb:set package 'demo_cpp_pkg' build argument 'cmake_force_configure' from command line to 'False'
[0.408s] Level 5:colcon.colcon_core.verb:set package 'demo_cpp_pkg' build argument 'ament_cmake_args' from command line to 'None'
[0.408s] Level 5:colcon.colcon_core.verb:set package 'demo_cpp_pkg' build argument 'catkin_cmake_args' from command line to 'None'
[0.408s] Level 5:colcon.colcon_core.verb:set package 'demo_cpp_pkg' build argument 'catkin_skip_building_tests' from command line to 'False'
[0.408s] DEBUG:colcon.colcon_core.verb:Building package 'demo_cpp_pkg' with the following arguments: {'ament_cmake_args': None, 'build_base': '/home/rho9/chapt2/build/demo_cpp_pkg', 'catkin_cmake_args': None, 'catkin_skip_building_tests': False, 'cmake_args': None, 'cmake_clean_cache': False, 'cmake_clean_first': False, 'cmake_force_configure': False, 'cmake_target': None, 'cmake_target_skip_unavailable': False, 'install_base': '/home/rho9/chapt2/install/demo_cpp_pkg', 'merge_install': False, 'path': '/home/rho9/chapt2/chapt2_ws/src/demo_cpp_pkg', 'symlink_install': False, 'test_result_base': None}
[0.408s] INFO:colcon.colcon_core.executor:Executing jobs using 'parallel' executor
[0.409s] DEBUG:colcon.colcon_parallel_executor.executor.parallel:run_until_complete
[0.409s] INFO:colcon.colcon_ros.task.ament_cmake.build:Building ROS package in '/home/rho9/chapt2/chapt2_ws/src/demo_cpp_pkg' with build type 'ament_cmake'
[0.409s] INFO:colcon.colcon_cmake.task.cmake.build:Building CMake package in '/home/rho9/chapt2/chapt2_ws/src/demo_cpp_pkg'
[0.415s] INFO:colcon.colcon_core.plugin_system:Skipping extension 'colcon_core.shell.bat': Not used on non-Windows systems
[0.415s] DEBUG:colcon.colcon_core.shell:Skip shell extension 'dsv' for command environment
[0.431s] DEBUG:colcon.colcon_core.event_handler.log_command:Invoking command in '/home/rho9/chapt2/build/demo_cpp_pkg': CMAKE_PREFIX_PATH=${CMAKE_PREFIX_PATH}:/opt/ros/jazzy /usr/bin/cmake /home/rho9/chapt2/chapt2_ws/src/demo_cpp_pkg -DCMAKE_INSTALL_PREFIX=/home/rho9/chapt2/install/demo_cpp_pkg
[3.189s] DEBUG:colcon.colcon_core.event_handler.log_command:Invoked command in '/home/rho9/chapt2/build/demo_cpp_pkg' returned '0': CMAKE_PREFIX_PATH=${CMAKE_PREFIX_PATH}:/opt/ros/jazzy /usr/bin/cmake /home/rho9/chapt2/chapt2_ws/src/demo_cpp_pkg -DCMAKE_INSTALL_PREFIX=/home/rho9/chapt2/install/demo_cpp_pkg
[3.190s] DEBUG:colcon.colcon_core.event_handler.log_command:Invoking command in '/home/rho9/chapt2/build/demo_cpp_pkg': CMAKE_PREFIX_PATH=${CMAKE_PREFIX_PATH}:/opt/ros/jazzy /usr/bin/cmake --build /home/rho9/chapt2/build/demo_cpp_pkg -- -j20 -l20
[6.831s] DEBUG:colcon.colcon_core.event_handler.log_command:Invoked command in '/home/rho9/chapt2/build/demo_cpp_pkg' returned '0': CMAKE_PREFIX_PATH=${CMAKE_PREFIX_PATH}:/opt/ros/jazzy /usr/bin/cmake --build /home/rho9/chapt2/build/demo_cpp_pkg -- -j20 -l20
[6.842s] DEBUG:colcon.colcon_core.event_handler.log_command:Invoking command in '/home/rho9/chapt2/build/demo_cpp_pkg': CMAKE_PREFIX_PATH=${CMAKE_PREFIX_PATH}:/opt/ros/jazzy /usr/bin/cmake --install /home/rho9/chapt2/build/demo_cpp_pkg
[6.856s] Level 1:colcon.colcon_core.environment:create_environment_scripts_only(demo_cpp_pkg)
[6.857s] DEBUG:colcon.colcon_core.event_handler.log_command:Invoked command in '/home/rho9/chapt2/build/demo_cpp_pkg' returned '0': CMAKE_PREFIX_PATH=${CMAKE_PREFIX_PATH}:/opt/ros/jazzy /usr/bin/cmake --install /home/rho9/chapt2/build/demo_cpp_pkg
[6.863s] Level 1:colcon.colcon_core.environment:checking '/home/rho9/chapt2/install/demo_cpp_pkg' for CMake module files
[6.864s] Level 1:colcon.colcon_core.environment:checking '/home/rho9/chapt2/install/demo_cpp_pkg' for CMake config files
[6.864s] Level 1:colcon.colcon_core.shell:create_environment_hook('demo_cpp_pkg', 'cmake_prefix_path')
[6.864s] INFO:colcon.colcon_core.shell:Creating environment descriptor '/home/rho9/chapt2/install/demo_cpp_pkg/share/demo_cpp_pkg/hook/cmake_prefix_path.dsv'
[6.866s] INFO:colcon.colcon_core.shell:Creating environment hook '/home/rho9/chapt2/install/demo_cpp_pkg/share/demo_cpp_pkg/hook/cmake_prefix_path.sh'
[6.867s] Level 1:colcon.colcon_core.environment:checking '/home/rho9/chapt2/install/demo_cpp_pkg/lib'
[6.867s] Level 1:colcon.colcon_core.environment:checking '/home/rho9/chapt2/install/demo_cpp_pkg/bin'
[6.867s] Level 1:colcon.colcon_core.environment:checking '/home/rho9/chapt2/install/demo_cpp_pkg/lib/pkgconfig/demo_cpp_pkg.pc'
[6.870s] Level 1:colcon.colcon_core.environment:checking '/home/rho9/chapt2/install/demo_cpp_pkg/lib/python3.12/site-packages'
[6.870s] Level 1:colcon.colcon_core.environment:checking '/home/rho9/chapt2/install/demo_cpp_pkg/bin'
[6.870s] INFO:colcon.colcon_core.shell:Creating package descriptor '/home/rho9/chapt2/install/demo_cpp_pkg/share/demo_cpp_pkg/package.dsv'
[6.871s] INFO:colcon.colcon_core.shell:Creating package script '/home/rho9/chapt2/install/demo_cpp_pkg/share/demo_cpp_pkg/package.sh'
[6.872s] INFO:colcon.colcon_core.shell:Creating package script '/home/rho9/chapt2/install/demo_cpp_pkg/share/demo_cpp_pkg/package.bash'
[6.873s] INFO:colcon.colcon_core.shell:Creating package script '/home/rho9/chapt2/install/demo_cpp_pkg/share/demo_cpp_pkg/package.zsh'
[6.874s] Level 1:colcon.colcon_core.environment:create_file_with_runtime_dependencies(/home/rho9/chapt2/install/demo_cpp_pkg/share/colcon-core/packages/demo_cpp_pkg)
[6.875s] Level 1:colcon.colcon_core.environment:create_environment_scripts_only(demo_cpp_pkg)
[6.875s] Level 1:colcon.colcon_core.environment:checking '/home/rho9/chapt2/install/demo_cpp_pkg' for CMake module files
[6.875s] Level 1:colcon.colcon_core.environment:checking '/home/rho9/chapt2/install/demo_cpp_pkg' for CMake config files
[6.875s] Level 1:colcon.colcon_core.shell:create_environment_hook('demo_cpp_pkg', 'cmake_prefix_path')
[6.875s] INFO:colcon.colcon_core.shell:Creating environment descriptor '/home/rho9/chapt2/install/demo_cpp_pkg/share/demo_cpp_pkg/hook/cmake_prefix_path.dsv'
[6.876s] INFO:colcon.colcon_core.shell:Creating environment hook '/home/rho9/chapt2/install/demo_cpp_pkg/share/demo_cpp_pkg/hook/cmake_prefix_path.sh'
[6.876s] Level 1:colcon.colcon_core.environment:checking '/home/rho9/chapt2/install/demo_cpp_pkg/lib'
[6.876s] Level 1:colcon.colcon_core.environment:checking '/home/rho9/chapt2/install/demo_cpp_pkg/bin'
[6.876s] Level 1:colcon.colcon_core.environment:checking '/home/rho9/chapt2/install/demo_cpp_pkg/lib/pkgconfig/demo_cpp_pkg.pc'
[6.876s] Level 1:colcon.colcon_core.environment:checking '/home/rho9/chapt2/install/demo_cpp_pkg/lib/python3.12/site-packages'
[6.877s] Level 1:colcon.colcon_core.environment:checking '/home/rho9/chapt2/install/demo_cpp_pkg/bin'
[6.877s] INFO:colcon.colcon_core.shell:Creating package descriptor '/home/rho9/chapt2/install/demo_cpp_pkg/share/demo_cpp_pkg/package.dsv'
[6.877s] INFO:colcon.colcon_core.shell:Creating package script '/home/rho9/chapt2/install/demo_cpp_pkg/share/demo_cpp_pkg/package.sh'
[6.878s] INFO:colcon.colcon_core.shell:Creating package script '/home/rho9/chapt2/install/demo_cpp_pkg/share/demo_cpp_pkg/package.bash'
[6.878s] INFO:colcon.colcon_core.shell:Creating package script '/home/rho9/chapt2/install/demo_cpp_pkg/share/demo_cpp_pkg/package.zsh'
[6.878s] Level 1:colcon.colcon_core.environment:create_file_with_runtime_dependencies(/home/rho9/chapt2/install/demo_cpp_pkg/share/colcon-core/packages/demo_cpp_pkg)
[6.879s] DEBUG:colcon.colcon_parallel_executor.executor.parallel:closing loop
[6.879s] DEBUG:colcon.colcon_parallel_executor.executor.parallel:loop closed
[6.879s] DEBUG:colcon.colcon_parallel_executor.executor.parallel:run_until_complete finished with '0'
[6.880s] DEBUG:colcon.colcon_core.event_reactor:joining thread
[6.917s] INFO:colcon.colcon_core.plugin_system:Skipping extension 'colcon_notification.desktop_notification.notify_send': Could not find 'notify-send'
[6.917s] INFO:colcon.colcon_core.plugin_system:Skipping extension 'colcon_notification.desktop_notification.terminal_notifier': Not used on non-Darwin systems
[6.917s] INFO:colcon.colcon_core.plugin_system:Skipping extension 'colcon_notification.desktop_notification.win32': Not used on non-Windows systems
[6.917s] INFO:colcon.colcon_notification.desktop_notification:Sending desktop notification using 'notify2'
[6.919s] DEBUG:colcon.colcon_notification.desktop_notification.notify2:Failed to initialize notify2: org.freedesktop.DBus.Error.ServiceUnknown: The name org.freedesktop.Notifications was not provided by any .service files
[6.919s] DEBUG:colcon.colcon_core.event_reactor:joined thread
[6.919s] INFO:colcon.colcon_core.shell:Creating prefix script '/home/rho9/chapt2/install/local_setup.sh'
[6.920s] INFO:colcon.colcon_core.shell:Creating prefix util module '/home/rho9/chapt2/install/_local_setup_util_sh.py'
[6.921s] INFO:colcon.colcon_core.shell:Creating prefix chain script '/home/rho9/chapt2/install/setup.sh'
[6.922s] INFO:colcon.colcon_core.shell:Creating prefix script '/home/rho9/chapt2/install/local_setup.bash'
[6.923s] INFO:colcon.colcon_core.shell:Creating prefix chain script '/home/rho9/chapt2/install/setup.bash'
[6.924s] INFO:colcon.colcon_core.shell:Creating prefix script '/home/rho9/chapt2/install/local_setup.zsh'
[6.925s] INFO:colcon.colcon_core.shell:Creating prefix chain script '/home/rho9/chapt2/install/setup.zsh'
