[0.018s] Invoking command in '/home/rho9/chapt3/topic_ws/build/demo_cpp_topic': CMAKE_PREFIX_PATH=${CMAKE_PREFIX_PATH}:/home/rho9/chapt3/topic_ws/install/demo_python_topic:/opt/ros/jazzy /usr/bin/cmake --build /home/rho9/chapt3/topic_ws/build/demo_cpp_topic -- -j20 -l20
[0.079s] [ 50%] Built target turtle_circle
[0.086s] [ 75%] [32mBuilding CXX object CMakeFiles/turtle_control.dir/src/turtle_control.cpp.o[0m
[8.745s] [100%] [32m[1mLinking CXX executable turtle_control[0m
[9.152s] [100%] Built target turtle_control
[9.167s] Invoked command in '/home/rho9/chapt3/topic_ws/build/demo_cpp_topic' returned '0': CMAKE_PREFIX_PATH=${CMAKE_PREFIX_PATH}:/home/rho9/chapt3/topic_ws/install/demo_python_topic:/opt/ros/jazzy /usr/bin/cmake --build /home/rho9/chapt3/topic_ws/build/demo_cpp_topic -- -j20 -l20
[9.181s] Invoking command in '/home/rho9/chapt3/topic_ws/build/demo_cpp_topic': CMAKE_PREFIX_PATH=${CMAKE_PREFIX_PATH}:/home/rho9/chapt3/topic_ws/install/demo_python_topic:/opt/ros/jazzy /usr/bin/cmake --install /home/rho9/chapt3/topic_ws/build/demo_cpp_topic
[9.189s] -- Install configuration: ""
[9.190s] -- Up-to-date: /home/rho9/chapt3/topic_ws/install/demo_cpp_topic/lib/demo_cpp_topic/turtle_circle
[9.190s] -- Installing: /home/rho9/chapt3/topic_ws/install/demo_cpp_topic/lib/demo_cpp_topic/turtle_control
[9.196s] -- Set non-toolchain portion of runtime path of "/home/rho9/chapt3/topic_ws/install/demo_cpp_topic/lib/demo_cpp_topic/turtle_control" to ""
[9.196s] -- Up-to-date: /home/rho9/chapt3/topic_ws/install/demo_cpp_topic/share/ament_index/resource_index/package_run_dependencies/demo_cpp_topic
[9.197s] -- Up-to-date: /home/rho9/chapt3/topic_ws/install/demo_cpp_topic/share/ament_index/resource_index/parent_prefix_path/demo_cpp_topic
[9.197s] -- Up-to-date: /home/rho9/chapt3/topic_ws/install/demo_cpp_topic/share/demo_cpp_topic/environment/ament_prefix_path.sh
[9.197s] -- Up-to-date: /home/rho9/chapt3/topic_ws/install/demo_cpp_topic/share/demo_cpp_topic/environment/ament_prefix_path.dsv
[9.197s] -- Up-to-date: /home/rho9/chapt3/topic_ws/install/demo_cpp_topic/share/demo_cpp_topic/environment/path.sh
[9.197s] -- Up-to-date: /home/rho9/chapt3/topic_ws/install/demo_cpp_topic/share/demo_cpp_topic/environment/path.dsv
[9.197s] -- Up-to-date: /home/rho9/chapt3/topic_ws/install/demo_cpp_topic/share/demo_cpp_topic/local_setup.bash
[9.197s] -- Up-to-date: /home/rho9/chapt3/topic_ws/install/demo_cpp_topic/share/demo_cpp_topic/local_setup.sh
[9.197s] -- Up-to-date: /home/rho9/chapt3/topic_ws/install/demo_cpp_topic/share/demo_cpp_topic/local_setup.zsh
[9.197s] -- Up-to-date: /home/rho9/chapt3/topic_ws/install/demo_cpp_topic/share/demo_cpp_topic/local_setup.dsv
[9.197s] -- Installing: /home/rho9/chapt3/topic_ws/install/demo_cpp_topic/share/demo_cpp_topic/package.dsv
[9.198s] -- Up-to-date: /home/rho9/chapt3/topic_ws/install/demo_cpp_topic/share/ament_index/resource_index/packages/demo_cpp_topic
[9.198s] -- Up-to-date: /home/rho9/chapt3/topic_ws/install/demo_cpp_topic/share/demo_cpp_topic/cmake/demo_cpp_topicConfig.cmake
[9.198s] -- Up-to-date: /home/rho9/chapt3/topic_ws/install/demo_cpp_topic/share/demo_cpp_topic/cmake/demo_cpp_topicConfig-version.cmake
[9.198s] -- Up-to-date: /home/rho9/chapt3/topic_ws/install/demo_cpp_topic/share/demo_cpp_topic/package.xml
[9.201s] Invoked command in '/home/rho9/chapt3/topic_ws/build/demo_cpp_topic' returned '0': CMAKE_PREFIX_PATH=${CMAKE_PREFIX_PATH}:/home/rho9/chapt3/topic_ws/install/demo_python_topic:/opt/ros/jazzy /usr/bin/cmake --install /home/rho9/chapt3/topic_ws/build/demo_cpp_topic
