[0.008s] Invoking command in '/home/rho9/chapt6/chapt6_ws/build/fishbot_description': CMAKE_PREFIX_PATH=${CMAKE_PREFIX_PATH}:/opt/ros/jazzy /usr/bin/cmake /home/rho9/chapt6/chapt6_ws/src/fishbot_description -DCMAKE_INSTALL_PREFIX=/home/rho9/chapt6/chapt6_ws/install/fishbot_description
[0.240s] -- The C compiler identification is GNU 13.3.0
[0.929s] -- The CXX compiler identification is GNU 13.3.0
[1.294s] -- Detecting C compiler ABI info
[1.476s] -- Detecting C compiler ABI info - done
[1.482s] -- Check for working C compiler: /usr/bin/cc - skipped
[1.483s] -- Detecting C compile features
[1.483s] -- Detecting C compile features - done
[1.541s] -- Detecting CXX compiler ABI info
[1.718s] -- Detecting CXX compiler ABI info - done
[1.725s] -- Check for working CXX compiler: /usr/bin/c++ - skipped
[1.726s] -- Detecting CXX compile features
[1.726s] -- Detecting CXX compile features - done
[1.753s] -- Found ament_cmake: 2.5.5 (/opt/ros/jazzy/share/ament_cmake/cmake)
[1.894s] -- Found Python3: /usr/bin/python3 (found version "3.12.3") found components: Interpreter 
[2.015s] -- Found ament_lint_auto: 0.17.4 (/opt/ros/jazzy/share/ament_lint_auto/cmake)
[2.109s] -- Added test 'copyright' to check source files copyright and LICENSE
[2.115s] -- Added test 'flake8' to check Python code syntax and style conventions
[2.115s] -- Configured 'flake8' exclude dirs and/or files: 
[2.116s] -- Added test 'lint_cmake' to check CMake code style
[2.117s] -- Added test 'pep257' to check Python code against some of the docstring style conventions in PEP 257
[2.121s] -- Added test 'xmllint' to check XML markup files
[2.123s] -- Configuring done (2.1s)
[2.126s] -- Generating done (0.0s)
[2.128s] -- Build files have been written to: /home/rho9/chapt6/chapt6_ws/build/fishbot_description
[2.134s] Invoked command in '/home/rho9/chapt6/chapt6_ws/build/fishbot_description' returned '0': CMAKE_PREFIX_PATH=${CMAKE_PREFIX_PATH}:/opt/ros/jazzy /usr/bin/cmake /home/rho9/chapt6/chapt6_ws/src/fishbot_description -DCMAKE_INSTALL_PREFIX=/home/rho9/chapt6/chapt6_ws/install/fishbot_description
[2.136s] Invoking command in '/home/rho9/chapt6/chapt6_ws/build/fishbot_description': CMAKE_PREFIX_PATH=${CMAKE_PREFIX_PATH}:/opt/ros/jazzy /usr/bin/cmake --build /home/rho9/chapt6/chapt6_ws/build/fishbot_description -- -j20 -l20
[2.171s] Invoked command in '/home/rho9/chapt6/chapt6_ws/build/fishbot_description' returned '0': CMAKE_PREFIX_PATH=${CMAKE_PREFIX_PATH}:/opt/ros/jazzy /usr/bin/cmake --build /home/rho9/chapt6/chapt6_ws/build/fishbot_description -- -j20 -l20
[2.180s] Invoking command in '/home/rho9/chapt6/chapt6_ws/build/fishbot_description': CMAKE_PREFIX_PATH=${CMAKE_PREFIX_PATH}:/opt/ros/jazzy /usr/bin/cmake --install /home/rho9/chapt6/chapt6_ws/build/fishbot_description
[2.186s] -- Install configuration: ""
[2.186s] -- Installing: /home/rho9/chapt6/chapt6_ws/install/fishbot_description/share/fishbot_description/urdf
[2.187s] -- Installing: /home/rho9/chapt6/chapt6_ws/install/fishbot_description/share/fishbot_description/urdf/first_robot.xacro
[2.187s] -- Installing: /home/rho9/chapt6/chapt6_ws/install/fishbot_description/share/fishbot_description/urdf/fishbot
[2.187s] -- Installing: /home/rho9/chapt6/chapt6_ws/install/fishbot_description/share/fishbot_description/urdf/fishbot/common_interial.xacro
[2.188s] -- Installing: /home/rho9/chapt6/chapt6_ws/install/fishbot_description/share/fishbot_description/urdf/fishbot/sensor
[2.188s] -- Installing: /home/rho9/chapt6/chapt6_ws/install/fishbot_description/share/fishbot_description/urdf/fishbot/sensor/camera.urdf.xacro
[2.188s] -- Installing: /home/rho9/chapt6/chapt6_ws/install/fishbot_description/share/fishbot_description/urdf/fishbot/sensor/laser.urdf.xacro
[2.188s] -- Installing: /home/rho9/chapt6/chapt6_ws/install/fishbot_description/share/fishbot_description/urdf/fishbot/sensor/imu.urdf.xacro
[2.189s] -- Installing: /home/rho9/chapt6/chapt6_ws/install/fishbot_description/share/fishbot_description/urdf/fishbot/fishbot.urdf.xacro
[2.189s] -- Installing: /home/rho9/chapt6/chapt6_ws/install/fishbot_description/share/fishbot_description/urdf/fishbot/actuator
[2.189s] -- Installing: /home/rho9/chapt6/chapt6_ws/install/fishbot_description/share/fishbot_description/urdf/fishbot/actuator/caster.urdf.xacro
[2.189s] -- Installing: /home/rho9/chapt6/chapt6_ws/install/fishbot_description/share/fishbot_description/urdf/fishbot/actuator/wheel.urdf.xacro
[2.190s] -- Installing: /home/rho9/chapt6/chapt6_ws/install/fishbot_description/share/fishbot_description/urdf/fishbot/base.urdf.xacro
[2.190s] -- Installing: /home/rho9/chapt6/chapt6_ws/install/fishbot_description/share/fishbot_description/urdf/first_robot.urdf
[2.190s] -- Installing: /home/rho9/chapt6/chapt6_ws/install/fishbot_description/share/fishbot_description/urdf/first_robot.pdf
[2.191s] -- Installing: /home/rho9/chapt6/chapt6_ws/install/fishbot_description/share/fishbot_description/urdf/fishbot.urdf
[2.191s] -- Installing: /home/rho9/chapt6/chapt6_ws/install/fishbot_description/share/fishbot_description/urdf/first_robot.gv
[2.191s] -- Installing: /home/rho9/chapt6/chapt6_ws/install/fishbot_description/share/fishbot_description/launch
[2.192s] -- Installing: /home/rho9/chapt6/chapt6_ws/install/fishbot_description/share/fishbot_description/launch/__pycache__
[2.192s] -- Installing: /home/rho9/chapt6/chapt6_ws/install/fishbot_description/share/fishbot_description/launch/__pycache__/display_robot.launch.cpython-312.pyc
[2.192s] -- Installing: /home/rho9/chapt6/chapt6_ws/install/fishbot_description/share/fishbot_description/launch/log
[2.192s] -- Installing: /home/rho9/chapt6/chapt6_ws/install/fishbot_description/share/fishbot_description/launch/log/COLCON_IGNORE
[2.192s] -- Installing: /home/rho9/chapt6/chapt6_ws/install/fishbot_description/share/fishbot_description/launch/log/build_2026-04-11_17-44-05
[2.192s] -- Installing: /home/rho9/chapt6/chapt6_ws/install/fishbot_description/share/fishbot_description/launch/log/build_2026-04-11_17-44-05/logger_all.log
[2.193s] -- Installing: /home/rho9/chapt6/chapt6_ws/install/fishbot_description/share/fishbot_description/launch/log/build_2026-04-11_17-44-05/events.log
[2.193s] -- Installing: /home/rho9/chapt6/chapt6_ws/install/fishbot_description/share/fishbot_description/launch/log/build_2026-04-11_17-50-56
[2.193s] -- Installing: /home/rho9/chapt6/chapt6_ws/install/fishbot_description/share/fishbot_description/launch/log/build_2026-04-11_17-50-56/logger_all.log
[2.194s] -- Installing: /home/rho9/chapt6/chapt6_ws/install/fishbot_description/share/fishbot_description/launch/log/build_2026-04-11_17-50-56/events.log
[2.194s] -- Installing: /home/rho9/chapt6/chapt6_ws/install/fishbot_description/share/fishbot_description/launch/log/latest_build
[2.194s] -- Installing: /home/rho9/chapt6/chapt6_ws/install/fishbot_description/share/fishbot_description/launch/log/build_2026-04-11_17-46-47
[2.194s] -- Installing: /home/rho9/chapt6/chapt6_ws/install/fishbot_description/share/fishbot_description/launch/log/build_2026-04-11_17-46-47/logger_all.log
[2.194s] -- Installing: /home/rho9/chapt6/chapt6_ws/install/fishbot_description/share/fishbot_description/launch/log/build_2026-04-11_17-46-47/events.log
[2.195s] -- Installing: /home/rho9/chapt6/chapt6_ws/install/fishbot_description/share/fishbot_description/launch/log/build_2026-04-11_17-45-38
[2.195s] -- Installing: /home/rho9/chapt6/chapt6_ws/install/fishbot_description/share/fishbot_description/launch/log/build_2026-04-11_17-45-38/logger_all.log
[2.195s] -- Installing: /home/rho9/chapt6/chapt6_ws/install/fishbot_description/share/fishbot_description/launch/log/build_2026-04-11_17-45-38/events.log
[2.196s] -- Installing: /home/rho9/chapt6/chapt6_ws/install/fishbot_description/share/fishbot_description/launch/log/latest
[2.196s] -- Installing: /home/rho9/chapt6/chapt6_ws/install/fishbot_description/share/fishbot_description/launch/display_robot.launch.py
[2.196s] -- Installing: /home/rho9/chapt6/chapt6_ws/install/fishbot_description/share/fishbot_description/launch/build
[2.196s] -- Installing: /home/rho9/chapt6/chapt6_ws/install/fishbot_description/share/fishbot_description/launch/build/COLCON_IGNORE
[2.196s] -- Installing: /home/rho9/chapt6/chapt6_ws/install/fishbot_description/share/fishbot_description/launch/build/.built_by
[2.197s] -- Installing: /home/rho9/chapt6/chapt6_ws/install/fishbot_description/share/fishbot_description/launch/install
[2.198s] -- Installing: /home/rho9/chapt6/chapt6_ws/install/fishbot_description/share/fishbot_description/launch/install/COLCON_IGNORE
[2.198s] -- Installing: /home/rho9/chapt6/chapt6_ws/install/fishbot_description/share/fishbot_description/launch/install/local_setup.sh
[2.198s] -- Installing: /home/rho9/chapt6/chapt6_ws/install/fishbot_description/share/fishbot_description/launch/install/_local_setup_util_sh.py
[2.199s] -- Installing: /home/rho9/chapt6/chapt6_ws/install/fishbot_description/share/fishbot_description/launch/install/setup.bash
[2.200s] -- Installing: /home/rho9/chapt6/chapt6_ws/install/fishbot_description/share/fishbot_description/launch/install/local_setup.bash
[2.200s] -- Installing: /home/rho9/chapt6/chapt6_ws/install/fishbot_description/share/fishbot_description/launch/install/setup.zsh
[2.200s] -- Installing: /home/rho9/chapt6/chapt6_ws/install/fishbot_description/share/fishbot_description/launch/install/.colcon_install_layout
[2.201s] -- Installing: /home/rho9/chapt6/chapt6_ws/install/fishbot_description/share/fishbot_description/launch/install/setup.sh
[2.201s] -- Installing: /home/rho9/chapt6/chapt6_ws/install/fishbot_description/share/fishbot_description/launch/install/local_setup.zsh
[2.202s] -- Installing: /home/rho9/chapt6/chapt6_ws/install/fishbot_description/share/ament_index/resource_index/package_run_dependencies/fishbot_description
[2.202s] -- Installing: /home/rho9/chapt6/chapt6_ws/install/fishbot_description/share/ament_index/resource_index/parent_prefix_path/fishbot_description
[2.203s] -- Installing: /home/rho9/chapt6/chapt6_ws/install/fishbot_description/share/fishbot_description/environment/ament_prefix_path.sh
[2.203s] -- Installing: /home/rho9/chapt6/chapt6_ws/install/fishbot_description/share/fishbot_description/environment/ament_prefix_path.dsv
[2.203s] -- Installing: /home/rho9/chapt6/chapt6_ws/install/fishbot_description/share/fishbot_description/environment/path.sh
[2.203s] -- Installing: /home/rho9/chapt6/chapt6_ws/install/fishbot_description/share/fishbot_description/environment/path.dsv
[2.203s] -- Installing: /home/rho9/chapt6/chapt6_ws/install/fishbot_description/share/fishbot_description/local_setup.bash
[2.203s] -- Installing: /home/rho9/chapt6/chapt6_ws/install/fishbot_description/share/fishbot_description/local_setup.sh
[2.203s] -- Installing: /home/rho9/chapt6/chapt6_ws/install/fishbot_description/share/fishbot_description/local_setup.zsh
[2.203s] -- Installing: /home/rho9/chapt6/chapt6_ws/install/fishbot_description/share/fishbot_description/local_setup.dsv
[2.204s] -- Installing: /home/rho9/chapt6/chapt6_ws/install/fishbot_description/share/fishbot_description/package.dsv
[2.204s] -- Installing: /home/rho9/chapt6/chapt6_ws/install/fishbot_description/share/ament_index/resource_index/packages/fishbot_description
[2.204s] -- Installing: /home/rho9/chapt6/chapt6_ws/install/fishbot_description/share/fishbot_description/cmake/fishbot_descriptionConfig.cmake
[2.204s] -- Installing: /home/rho9/chapt6/chapt6_ws/install/fishbot_description/share/fishbot_description/cmake/fishbot_descriptionConfig-version.cmake
[2.204s] -- Installing: /home/rho9/chapt6/chapt6_ws/install/fishbot_description/share/fishbot_description/package.xml
[2.206s] Invoked command in '/home/rho9/chapt6/chapt6_ws/build/fishbot_description' returned '0': CMAKE_PREFIX_PATH=${CMAKE_PREFIX_PATH}:/opt/ros/jazzy /usr/bin/cmake --install /home/rho9/chapt6/chapt6_ws/build/fishbot_description
