[0.453s] Invoking command in '/home/rho922/chapt7/chapt7_ws/build/fishbot_description': CMAKE_PREFIX_PATH=/opt/ros/humble /usr/bin/cmake --build /home/rho922/chapt7/chapt7_ws/build/fishbot_description -- -j20 -l20
[0.492s] Invoked command in '/home/rho922/chapt7/chapt7_ws/build/fishbot_description' returned '0': CMAKE_PREFIX_PATH=/opt/ros/humble /usr/bin/cmake --build /home/rho922/chapt7/chapt7_ws/build/fishbot_description -- -j20 -l20
[0.504s] Invoking command in '/home/rho922/chapt7/chapt7_ws/build/fishbot_description': CMAKE_PREFIX_PATH=/opt/ros/humble /usr/bin/cmake --install /home/rho922/chapt7/chapt7_ws/build/fishbot_description
[0.512s] -- Install configuration: ""
[0.512s] -- Up-to-date: /home/rho922/chapt7/chapt7_ws/install/fishbot_description/share/fishbot_description/urdf
[0.512s] -- Up-to-date: /home/rho922/chapt7/chapt7_ws/install/fishbot_description/share/fishbot_description/urdf/fishbot
[0.513s] -- Up-to-date: /home/rho922/chapt7/chapt7_ws/install/fishbot_description/share/fishbot_description/urdf/fishbot/fishbot.ros2_control.xacro
[0.513s] -- Up-to-date: /home/rho922/chapt7/chapt7_ws/install/fishbot_description/share/fishbot_description/urdf/fishbot/base.urdf.xacro
[0.514s] -- Up-to-date: /home/rho922/chapt7/chapt7_ws/install/fishbot_description/share/fishbot_description/urdf/fishbot/actuator
[0.514s] -- Up-to-date: /home/rho922/chapt7/chapt7_ws/install/fishbot_description/share/fishbot_description/urdf/fishbot/actuator/caster.urdf.xacro
[0.514s] -- Up-to-date: /home/rho922/chapt7/chapt7_ws/install/fishbot_description/share/fishbot_description/urdf/fishbot/actuator/wheel.urdf.xacro
[0.514s] -- Up-to-date: /home/rho922/chapt7/chapt7_ws/install/fishbot_description/share/fishbot_description/urdf/fishbot/common_inertia.xacro
[0.514s] -- Up-to-date: /home/rho922/chapt7/chapt7_ws/install/fishbot_description/share/fishbot_description/urdf/fishbot/fishbot_with_control.urdf.xacro
[0.514s] -- Up-to-date: /home/rho922/chapt7/chapt7_ws/install/fishbot_description/share/fishbot_description/urdf/fishbot/plugins
[0.514s] -- Up-to-date: /home/rho922/chapt7/chapt7_ws/install/fishbot_description/share/fishbot_description/urdf/fishbot/plugins/gazebo_sensor_plugin.xacro
[0.515s] -- Up-to-date: /home/rho922/chapt7/chapt7_ws/install/fishbot_description/share/fishbot_description/urdf/fishbot/plugins/gazebo_control_plugin.xacro
[0.515s] -- Up-to-date: /home/rho922/chapt7/chapt7_ws/install/fishbot_description/share/fishbot_description/urdf/fishbot/gazebo_diff_drive.urdf.xacro
[0.515s] -- Up-to-date: /home/rho922/chapt7/chapt7_ws/install/fishbot_description/share/fishbot_description/urdf/fishbot/fishbot.urdf.xacro
[0.515s] -- Up-to-date: /home/rho922/chapt7/chapt7_ws/install/fishbot_description/share/fishbot_description/urdf/fishbot/sensor
[0.516s] -- Up-to-date: /home/rho922/chapt7/chapt7_ws/install/fishbot_description/share/fishbot_description/urdf/fishbot/sensor/laser.urdf.xacro
[0.516s] -- Up-to-date: /home/rho922/chapt7/chapt7_ws/install/fishbot_description/share/fishbot_description/urdf/fishbot/sensor/imu.urdf.xacro
[0.516s] -- Up-to-date: /home/rho922/chapt7/chapt7_ws/install/fishbot_description/share/fishbot_description/urdf/fishbot/sensor/camera.urdf.xacro
[0.516s] -- Up-to-date: /home/rho922/chapt7/chapt7_ws/install/fishbot_description/share/fishbot_description/urdf/fishbot.urdf
[0.517s] -- Up-to-date: /home/rho922/chapt7/chapt7_ws/install/fishbot_description/share/fishbot_description/urdf/first_robot.urdf
[0.517s] -- Up-to-date: /home/rho922/chapt7/chapt7_ws/install/fishbot_description/share/fishbot_description/urdf/first_robot.gv
[0.517s] -- Up-to-date: /home/rho922/chapt7/chapt7_ws/install/fishbot_description/share/fishbot_description/urdf/first_robot.pdf
[0.518s] -- Up-to-date: /home/rho922/chapt7/chapt7_ws/install/fishbot_description/share/fishbot_description/urdf/first_robot.xacro
[0.519s] -- Up-to-date: /home/rho922/chapt7/chapt7_ws/install/fishbot_description/share/fishbot_description/launch
[0.520s] -- Up-to-date: /home/rho922/chapt7/chapt7_ws/install/fishbot_description/share/fishbot_description/launch/gazebo_sim.launch.py
[0.520s] -- Up-to-date: /home/rho922/chapt7/chapt7_ws/install/fishbot_description/share/fishbot_description/launch/display_robot.launch.py
[0.520s] -- Up-to-date: /home/rho922/chapt7/chapt7_ws/install/fishbot_description/share/fishbot_description/launch/__pycache__
[0.521s] -- Up-to-date: /home/rho922/chapt7/chapt7_ws/install/fishbot_description/share/fishbot_description/launch/__pycache__/display_robot.launch.cpython-312.pyc
[0.521s] -- Up-to-date: /home/rho922/chapt7/chapt7_ws/install/fishbot_description/share/fishbot_description/launch/install
[0.522s] -- Up-to-date: /home/rho922/chapt7/chapt7_ws/install/fishbot_description/share/fishbot_description/launch/install/local_setup.sh
[0.522s] -- Up-to-date: /home/rho922/chapt7/chapt7_ws/install/fishbot_description/share/fishbot_description/launch/install/setup.sh
[0.522s] -- Up-to-date: /home/rho922/chapt7/chapt7_ws/install/fishbot_description/share/fishbot_description/launch/install/local_setup.bash
[0.522s] -- Up-to-date: /home/rho922/chapt7/chapt7_ws/install/fishbot_description/share/fishbot_description/launch/install/setup.zsh
[0.524s] -- Up-to-date: /home/rho922/chapt7/chapt7_ws/install/fishbot_description/share/fishbot_description/launch/install/local_setup.zsh
[0.525s] -- Up-to-date: /home/rho922/chapt7/chapt7_ws/install/fishbot_description/share/fishbot_description/launch/install/COLCON_IGNORE
[0.526s] -- Up-to-date: /home/rho922/chapt7/chapt7_ws/install/fishbot_description/share/fishbot_description/launch/install/.colcon_install_layout
[0.526s] -- Up-to-date: /home/rho922/chapt7/chapt7_ws/install/fishbot_description/share/fishbot_description/launch/install/setup.bash
[0.526s] -- Up-to-date: /home/rho922/chapt7/chapt7_ws/install/fishbot_description/share/fishbot_description/launch/install/_local_setup_util_sh.py
[0.526s] -- Up-to-date: /home/rho922/chapt7/chapt7_ws/install/fishbot_description/share/fishbot_description/launch/build
[0.527s] -- Up-to-date: /home/rho922/chapt7/chapt7_ws/install/fishbot_description/share/fishbot_description/launch/build/.built_by
[0.528s] -- Up-to-date: /home/rho922/chapt7/chapt7_ws/install/fishbot_description/share/fishbot_description/launch/build/COLCON_IGNORE
[0.528s] -- Up-to-date: /home/rho922/chapt7/chapt7_ws/install/fishbot_description/share/fishbot_description/launch/log
[0.530s] -- Up-to-date: /home/rho922/chapt7/chapt7_ws/install/fishbot_description/share/fishbot_description/launch/log/build_2026-04-11_17-45-38
[0.530s] -- Up-to-date: /home/rho922/chapt7/chapt7_ws/install/fishbot_description/share/fishbot_description/launch/log/build_2026-04-11_17-45-38/events.log
[0.531s] -- Up-to-date: /home/rho922/chapt7/chapt7_ws/install/fishbot_description/share/fishbot_description/launch/log/build_2026-04-11_17-45-38/logger_all.log
[0.531s] -- Up-to-date: /home/rho922/chapt7/chapt7_ws/install/fishbot_description/share/fishbot_description/launch/log/latest_build
[0.531s] -- Up-to-date: /home/rho922/chapt7/chapt7_ws/install/fishbot_description/share/fishbot_description/launch/log/COLCON_IGNORE
[0.531s] -- Up-to-date: /home/rho922/chapt7/chapt7_ws/install/fishbot_description/share/fishbot_description/launch/log/latest
[0.531s] -- Up-to-date: /home/rho922/chapt7/chapt7_ws/install/fishbot_description/share/fishbot_description/launch/log/build_2026-04-11_17-50-56
[0.533s] -- Up-to-date: /home/rho922/chapt7/chapt7_ws/install/fishbot_description/share/fishbot_description/launch/log/build_2026-04-11_17-50-56/events.log
[0.533s] -- Up-to-date: /home/rho922/chapt7/chapt7_ws/install/fishbot_description/share/fishbot_description/launch/log/build_2026-04-11_17-50-56/logger_all.log
[0.534s] -- Up-to-date: /home/rho922/chapt7/chapt7_ws/install/fishbot_description/share/fishbot_description/launch/log/build_2026-04-11_17-46-47
[0.534s] -- Up-to-date: /home/rho922/chapt7/chapt7_ws/install/fishbot_description/share/fishbot_description/launch/log/build_2026-04-11_17-46-47/events.log
[0.534s] -- Up-to-date: /home/rho922/chapt7/chapt7_ws/install/fishbot_description/share/fishbot_description/launch/log/build_2026-04-11_17-46-47/logger_all.log
[0.534s] -- Up-to-date: /home/rho922/chapt7/chapt7_ws/install/fishbot_description/share/fishbot_description/launch/log/build_2026-04-11_17-44-05
[0.535s] -- Up-to-date: /home/rho922/chapt7/chapt7_ws/install/fishbot_description/share/fishbot_description/launch/log/build_2026-04-11_17-44-05/events.log
[0.535s] -- Up-to-date: /home/rho922/chapt7/chapt7_ws/install/fishbot_description/share/fishbot_description/launch/log/build_2026-04-11_17-44-05/logger_all.log
[0.536s] -- Up-to-date: /home/rho922/chapt7/chapt7_ws/install/fishbot_description/share/fishbot_description/world
[0.536s] -- Up-to-date: /home/rho922/chapt7/chapt7_ws/install/fishbot_description/share/fishbot_description/world/room
[0.536s] -- Up-to-date: /home/rho922/chapt7/chapt7_ws/install/fishbot_description/share/fishbot_description/world/room/model.sdf
[0.537s] -- Up-to-date: /home/rho922/chapt7/chapt7_ws/install/fishbot_description/share/fishbot_description/world/room/model.config
[0.537s] -- Up-to-date: /home/rho922/chapt7/chapt7_ws/install/fishbot_description/share/fishbot_description/world/custom_room.world
[0.537s] -- Up-to-date: /home/rho922/chapt7/chapt7_ws/install/fishbot_description/share/fishbot_description/config
[0.537s] -- Up-to-date: /home/rho922/chapt7/chapt7_ws/install/fishbot_description/share/fishbot_description/config/fishbot_ros2_controller.yaml
[0.537s] -- Up-to-date: /home/rho922/chapt7/chapt7_ws/install/fishbot_description/share/fishbot_description/config/rviz
[0.538s] -- Up-to-date: /home/rho922/chapt7/chapt7_ws/install/fishbot_description/share/fishbot_description/config/rviz/displsy_robot_model.rviz
[0.538s] -- Up-to-date: /home/rho922/chapt7/chapt7_ws/install/fishbot_description/share/ament_index/resource_index/package_run_dependencies/fishbot_description
[0.538s] -- Up-to-date: /home/rho922/chapt7/chapt7_ws/install/fishbot_description/share/ament_index/resource_index/parent_prefix_path/fishbot_description
[0.538s] -- Up-to-date: /home/rho922/chapt7/chapt7_ws/install/fishbot_description/share/fishbot_description/environment/ament_prefix_path.sh
[0.539s] -- Up-to-date: /home/rho922/chapt7/chapt7_ws/install/fishbot_description/share/fishbot_description/environment/ament_prefix_path.dsv
[0.539s] -- Up-to-date: /home/rho922/chapt7/chapt7_ws/install/fishbot_description/share/fishbot_description/environment/path.sh
[0.539s] -- Up-to-date: /home/rho922/chapt7/chapt7_ws/install/fishbot_description/share/fishbot_description/environment/path.dsv
[0.539s] -- Up-to-date: /home/rho922/chapt7/chapt7_ws/install/fishbot_description/share/fishbot_description/local_setup.bash
[0.540s] -- Up-to-date: /home/rho922/chapt7/chapt7_ws/install/fishbot_description/share/fishbot_description/local_setup.sh
[0.540s] -- Up-to-date: /home/rho922/chapt7/chapt7_ws/install/fishbot_description/share/fishbot_description/local_setup.zsh
[0.540s] -- Up-to-date: /home/rho922/chapt7/chapt7_ws/install/fishbot_description/share/fishbot_description/local_setup.dsv
[0.540s] -- Installing: /home/rho922/chapt7/chapt7_ws/install/fishbot_description/share/fishbot_description/package.dsv
[0.540s] -- Up-to-date: /home/rho922/chapt7/chapt7_ws/install/fishbot_description/share/ament_index/resource_index/packages/fishbot_description
[0.540s] -- Up-to-date: /home/rho922/chapt7/chapt7_ws/install/fishbot_description/share/fishbot_description/cmake/fishbot_descriptionConfig.cmake
[0.541s] -- Up-to-date: /home/rho922/chapt7/chapt7_ws/install/fishbot_description/share/fishbot_description/cmake/fishbot_descriptionConfig-version.cmake
[0.541s] -- Up-to-date: /home/rho922/chapt7/chapt7_ws/install/fishbot_description/share/fishbot_description/package.xml
[0.567s] Invoked command in '/home/rho922/chapt7/chapt7_ws/build/fishbot_description' returned '0': CMAKE_PREFIX_PATH=/opt/ros/humble /usr/bin/cmake --install /home/rho922/chapt7/chapt7_ws/build/fishbot_description
