[0.008s] Invoking command in '/home/rho9/chapt6/chapt6_ws/build/fishbot_description': CMAKE_PREFIX_PATH=${CMAKE_PREFIX_PATH}:/opt/ros/jazzy /usr/bin/cmake /home/rho9/chapt6/chapt6_ws/src/fishbot_description -DCMAKE_INSTALL_PREFIX=/home/rho9/chapt6/chapt6_ws/install/fishbot_description
[0.176s] -- The C compiler identification is GNU 13.3.0
[0.833s] -- The CXX compiler identification is GNU 13.3.0
[1.217s] -- Detecting C compiler ABI info
[1.395s] -- Detecting C compiler ABI info - done
[1.403s] -- Check for working C compiler: /usr/bin/cc - skipped
[1.403s] -- Detecting C compile features
[1.403s] -- Detecting C compile features - done
[1.458s] -- Detecting CXX compiler ABI info
[1.628s] -- Detecting CXX compiler ABI info - done
[1.635s] -- Check for working CXX compiler: /usr/bin/c++ - skipped
[1.636s] -- Detecting CXX compile features
[1.636s] -- Detecting CXX compile features - done
[1.639s] -- Found ament_cmake: 2.5.5 (/opt/ros/jazzy/share/ament_cmake/cmake)
[1.775s] -- Found Python3: /usr/bin/python3 (found version "3.12.3") found components: Interpreter 
[1.876s] -- Found ament_lint_auto: 0.17.4 (/opt/ros/jazzy/share/ament_lint_auto/cmake)
[1.969s] -- Added test 'copyright' to check source files copyright and LICENSE
[1.973s] -- Added test 'flake8' to check Python code syntax and style conventions
[1.973s] -- Configured 'flake8' exclude dirs and/or files: 
[1.975s] -- Added test 'lint_cmake' to check CMake code style
[1.976s] -- Added test 'pep257' to check Python code against some of the docstring style conventions in PEP 257
[1.978s] -- Added test 'xmllint' to check XML markup files
[1.980s] -- Configuring done (2.0s)
[1.982s] -- Generating done (0.0s)
[1.984s] -- Build files have been written to: /home/rho9/chapt6/chapt6_ws/build/fishbot_description
[1.988s] Invoked command in '/home/rho9/chapt6/chapt6_ws/build/fishbot_description' returned '0': CMAKE_PREFIX_PATH=${CMAKE_PREFIX_PATH}:/opt/ros/jazzy /usr/bin/cmake /home/rho9/chapt6/chapt6_ws/src/fishbot_description -DCMAKE_INSTALL_PREFIX=/home/rho9/chapt6/chapt6_ws/install/fishbot_description
[1.989s] Invoking command in '/home/rho9/chapt6/chapt6_ws/build/fishbot_description': CMAKE_PREFIX_PATH=${CMAKE_PREFIX_PATH}:/opt/ros/jazzy /usr/bin/cmake --build /home/rho9/chapt6/chapt6_ws/build/fishbot_description -- -j20 -l20
[2.024s] Invoked command in '/home/rho9/chapt6/chapt6_ws/build/fishbot_description' returned '0': CMAKE_PREFIX_PATH=${CMAKE_PREFIX_PATH}:/opt/ros/jazzy /usr/bin/cmake --build /home/rho9/chapt6/chapt6_ws/build/fishbot_description -- -j20 -l20
[2.032s] Invoking command in '/home/rho9/chapt6/chapt6_ws/build/fishbot_description': CMAKE_PREFIX_PATH=${CMAKE_PREFIX_PATH}:/opt/ros/jazzy /usr/bin/cmake --install /home/rho9/chapt6/chapt6_ws/build/fishbot_description
[2.039s] -- Install configuration: ""
[2.039s] -- Installing: /home/rho9/chapt6/chapt6_ws/install/fishbot_description/share/fishbot_description/urdf
[2.039s] -- Installing: /home/rho9/chapt6/chapt6_ws/install/fishbot_description/share/fishbot_description/urdf/first_robot.xacro
[2.039s] -- Installing: /home/rho9/chapt6/chapt6_ws/install/fishbot_description/share/fishbot_description/urdf/fishbot
[2.040s] -- Installing: /home/rho9/chapt6/chapt6_ws/install/fishbot_description/share/fishbot_description/urdf/fishbot/common_interial.xacro
[2.040s] -- Installing: /home/rho9/chapt6/chapt6_ws/install/fishbot_description/share/fishbot_description/urdf/fishbot/sensor
[2.040s] -- Installing: /home/rho9/chapt6/chapt6_ws/install/fishbot_description/share/fishbot_description/urdf/fishbot/sensor/camera.urdf.xacro
[2.040s] -- Installing: /home/rho9/chapt6/chapt6_ws/install/fishbot_description/share/fishbot_description/urdf/fishbot/sensor/laser.urdf.xacro
[2.040s] -- Installing: /home/rho9/chapt6/chapt6_ws/install/fishbot_description/share/fishbot_description/urdf/fishbot/sensor/imu.urdf.xacro
[2.040s] -- Installing: /home/rho9/chapt6/chapt6_ws/install/fishbot_description/share/fishbot_description/urdf/fishbot/fishbot.urdf.xacro
[2.040s] -- Installing: /home/rho9/chapt6/chapt6_ws/install/fishbot_description/share/fishbot_description/urdf/fishbot/actuator
[2.041s] -- Installing: /home/rho9/chapt6/chapt6_ws/install/fishbot_description/share/fishbot_description/urdf/fishbot/actuator/caster.urdf.xacro
[2.041s] -- Installing: /home/rho9/chapt6/chapt6_ws/install/fishbot_description/share/fishbot_description/urdf/fishbot/actuator/wheel.urdf.xacro
[2.041s] -- Installing: /home/rho9/chapt6/chapt6_ws/install/fishbot_description/share/fishbot_description/urdf/fishbot/base.urdf.xacro
[2.041s] -- Installing: /home/rho9/chapt6/chapt6_ws/install/fishbot_description/share/fishbot_description/urdf/first_robot.urdf
[2.041s] -- Installing: /home/rho9/chapt6/chapt6_ws/install/fishbot_description/share/fishbot_description/urdf/first_robot.pdf
[2.041s] -- Installing: /home/rho9/chapt6/chapt6_ws/install/fishbot_description/share/fishbot_description/urdf/fishbot.urdf
[2.041s] -- Installing: /home/rho9/chapt6/chapt6_ws/install/fishbot_description/share/fishbot_description/urdf/first_robot.gv
[2.041s] -- Installing: /home/rho9/chapt6/chapt6_ws/install/fishbot_description/share/fishbot_description/launch
[2.041s] -- Installing: /home/rho9/chapt6/chapt6_ws/install/fishbot_description/share/fishbot_description/launch/__pycache__
[2.041s] -- Installing: /home/rho9/chapt6/chapt6_ws/install/fishbot_description/share/fishbot_description/launch/__pycache__/display_robot.launch.cpython-312.pyc
[2.042s] -- Installing: /home/rho9/chapt6/chapt6_ws/install/fishbot_description/share/fishbot_description/launch/log
[2.042s] -- Installing: /home/rho9/chapt6/chapt6_ws/install/fishbot_description/share/fishbot_description/launch/log/COLCON_IGNORE
[2.042s] -- Installing: /home/rho9/chapt6/chapt6_ws/install/fishbot_description/share/fishbot_description/launch/log/build_2026-04-11_17-44-05
[2.042s] -- Installing: /home/rho9/chapt6/chapt6_ws/install/fishbot_description/share/fishbot_description/launch/log/build_2026-04-11_17-44-05/logger_all.log
[2.042s] -- Installing: /home/rho9/chapt6/chapt6_ws/install/fishbot_description/share/fishbot_description/launch/log/build_2026-04-11_17-44-05/events.log
[2.042s] -- Installing: /home/rho9/chapt6/chapt6_ws/install/fishbot_description/share/fishbot_description/launch/log/build_2026-04-11_17-50-56
[2.042s] -- Installing: /home/rho9/chapt6/chapt6_ws/install/fishbot_description/share/fishbot_description/launch/log/build_2026-04-11_17-50-56/logger_all.log
[2.042s] -- Installing: /home/rho9/chapt6/chapt6_ws/install/fishbot_description/share/fishbot_description/launch/log/build_2026-04-11_17-50-56/events.log
[2.042s] -- Installing: /home/rho9/chapt6/chapt6_ws/install/fishbot_description/share/fishbot_description/launch/log/latest_build
[2.042s] -- Installing: /home/rho9/chapt6/chapt6_ws/install/fishbot_description/share/fishbot_description/launch/log/build_2026-04-11_17-46-47
[2.043s] -- Installing: /home/rho9/chapt6/chapt6_ws/install/fishbot_description/share/fishbot_description/launch/log/build_2026-04-11_17-46-47/logger_all.log
[2.043s] -- Installing: /home/rho9/chapt6/chapt6_ws/install/fishbot_description/share/fishbot_description/launch/log/build_2026-04-11_17-46-47/events.log
[2.043s] -- Installing: /home/rho9/chapt6/chapt6_ws/install/fishbot_description/share/fishbot_description/launch/log/build_2026-04-11_17-45-38
[2.043s] -- Installing: /home/rho9/chapt6/chapt6_ws/install/fishbot_description/share/fishbot_description/launch/log/build_2026-04-11_17-45-38/logger_all.log
[2.043s] -- Installing: /home/rho9/chapt6/chapt6_ws/install/fishbot_description/share/fishbot_description/launch/log/build_2026-04-11_17-45-38/events.log
[2.043s] -- Installing: /home/rho9/chapt6/chapt6_ws/install/fishbot_description/share/fishbot_description/launch/log/latest
[2.043s] -- Installing: /home/rho9/chapt6/chapt6_ws/install/fishbot_description/share/fishbot_description/launch/display_robot.launch.py
[2.043s] -- Installing: /home/rho9/chapt6/chapt6_ws/install/fishbot_description/share/fishbot_description/launch/build
[2.044s] -- Installing: /home/rho9/chapt6/chapt6_ws/install/fishbot_description/share/fishbot_description/launch/build/COLCON_IGNORE
[2.044s] -- Installing: /home/rho9/chapt6/chapt6_ws/install/fishbot_description/share/fishbot_description/launch/build/.built_by
[2.044s] -- Installing: /home/rho9/chapt6/chapt6_ws/install/fishbot_description/share/fishbot_description/launch/install
[2.044s] -- Installing: /home/rho9/chapt6/chapt6_ws/install/fishbot_description/share/fishbot_description/launch/install/COLCON_IGNORE
[2.044s] -- Installing: /home/rho9/chapt6/chapt6_ws/install/fishbot_description/share/fishbot_description/launch/install/local_setup.sh
[2.044s] -- Installing: /home/rho9/chapt6/chapt6_ws/install/fishbot_description/share/fishbot_description/launch/install/_local_setup_util_sh.py
[2.044s] -- Installing: /home/rho9/chapt6/chapt6_ws/install/fishbot_description/share/fishbot_description/launch/install/setup.bash
[2.045s] -- Installing: /home/rho9/chapt6/chapt6_ws/install/fishbot_description/share/fishbot_description/launch/install/local_setup.bash
[2.045s] -- Installing: /home/rho9/chapt6/chapt6_ws/install/fishbot_description/share/fishbot_description/launch/install/setup.zsh
[2.045s] -- Installing: /home/rho9/chapt6/chapt6_ws/install/fishbot_description/share/fishbot_description/launch/install/.colcon_install_layout
[2.045s] -- Installing: /home/rho9/chapt6/chapt6_ws/install/fishbot_description/share/fishbot_description/launch/install/setup.sh
[2.045s] -- Installing: /home/rho9/chapt6/chapt6_ws/install/fishbot_description/share/fishbot_description/launch/install/local_setup.zsh
[2.045s] -- Installing: /home/rho9/chapt6/chapt6_ws/install/fishbot_description/share/ament_index/resource_index/package_run_dependencies/fishbot_description
[2.045s] -- Installing: /home/rho9/chapt6/chapt6_ws/install/fishbot_description/share/ament_index/resource_index/parent_prefix_path/fishbot_description
[2.045s] -- Installing: /home/rho9/chapt6/chapt6_ws/install/fishbot_description/share/fishbot_description/environment/ament_prefix_path.sh
[2.045s] -- Installing: /home/rho9/chapt6/chapt6_ws/install/fishbot_description/share/fishbot_description/environment/ament_prefix_path.dsv
[2.046s] -- Installing: /home/rho9/chapt6/chapt6_ws/install/fishbot_description/share/fishbot_description/environment/path.sh
[2.046s] -- Installing: /home/rho9/chapt6/chapt6_ws/install/fishbot_description/share/fishbot_description/environment/path.dsv
[2.046s] -- Installing: /home/rho9/chapt6/chapt6_ws/install/fishbot_description/share/fishbot_description/local_setup.bash
[2.046s] -- Installing: /home/rho9/chapt6/chapt6_ws/install/fishbot_description/share/fishbot_description/local_setup.sh
[2.046s] -- Installing: /home/rho9/chapt6/chapt6_ws/install/fishbot_description/share/fishbot_description/local_setup.zsh
[2.046s] -- Installing: /home/rho9/chapt6/chapt6_ws/install/fishbot_description/share/fishbot_description/local_setup.dsv
[2.046s] -- Installing: /home/rho9/chapt6/chapt6_ws/install/fishbot_description/share/fishbot_description/package.dsv
[2.047s] -- Installing: /home/rho9/chapt6/chapt6_ws/install/fishbot_description/share/ament_index/resource_index/packages/fishbot_description
[2.047s] -- Installing: /home/rho9/chapt6/chapt6_ws/install/fishbot_description/share/fishbot_description/cmake/fishbot_descriptionConfig.cmake
[2.047s] -- Installing: /home/rho9/chapt6/chapt6_ws/install/fishbot_description/share/fishbot_description/cmake/fishbot_descriptionConfig-version.cmake
[2.047s] -- Installing: /home/rho9/chapt6/chapt6_ws/install/fishbot_description/share/fishbot_description/package.xml
[2.048s] Invoked command in '/home/rho9/chapt6/chapt6_ws/build/fishbot_description' returned '0': CMAKE_PREFIX_PATH=${CMAKE_PREFIX_PATH}:/opt/ros/jazzy /usr/bin/cmake --install /home/rho9/chapt6/chapt6_ws/build/fishbot_description
