[0.017s] Invoking command in '/home/rho9/chapt3/topic_ws/build/demo_cpp_topic': CMAKE_PREFIX_PATH=${CMAKE_PREFIX_PATH}:/opt/ros/jazzy /usr/bin/cmake --build /home/rho9/chapt3/topic_ws/build/demo_cpp_topic -- -j20 -l20
[0.082s] [ 50%] [32mBuilding CXX object CMakeFiles/turtle_circle.dir/src/turtle_circle.cpp.o[0m
[5.272s] [100%] [32m[1mLinking CXX executable turtle_circle[0m
[5.543s] [100%] Built target turtle_circle
[5.554s] Invoked command in '/home/rho9/chapt3/topic_ws/build/demo_cpp_topic' returned '0': CMAKE_PREFIX_PATH=${CMAKE_PREFIX_PATH}:/opt/ros/jazzy /usr/bin/cmake --build /home/rho9/chapt3/topic_ws/build/demo_cpp_topic -- -j20 -l20
[5.564s] Invoking command in '/home/rho9/chapt3/topic_ws/build/demo_cpp_topic': CMAKE_PREFIX_PATH=${CMAKE_PREFIX_PATH}:/opt/ros/jazzy /usr/bin/cmake --install /home/rho9/chapt3/topic_ws/build/demo_cpp_topic
[5.571s] -- Install configuration: ""
[5.572s] -- Installing: /home/rho9/chapt3/topic_ws/install/demo_cpp_topic/lib/demo_cpp_topic/turtle_circle
[5.574s] -- Set non-toolchain portion of runtime path of "/home/rho9/chapt3/topic_ws/install/demo_cpp_topic/lib/demo_cpp_topic/turtle_circle" to ""
[5.574s] -- Installing: /home/rho9/chapt3/topic_ws/install/demo_cpp_topic/share/ament_index/resource_index/package_run_dependencies/demo_cpp_topic
[5.575s] -- Installing: /home/rho9/chapt3/topic_ws/install/demo_cpp_topic/share/ament_index/resource_index/parent_prefix_path/demo_cpp_topic
[5.575s] -- Installing: /home/rho9/chapt3/topic_ws/install/demo_cpp_topic/share/demo_cpp_topic/environment/ament_prefix_path.sh
[5.576s] -- Installing: /home/rho9/chapt3/topic_ws/install/demo_cpp_topic/share/demo_cpp_topic/environment/ament_prefix_path.dsv
[5.576s] -- Installing: /home/rho9/chapt3/topic_ws/install/demo_cpp_topic/share/demo_cpp_topic/environment/path.sh
[5.576s] -- Installing: /home/rho9/chapt3/topic_ws/install/demo_cpp_topic/share/demo_cpp_topic/environment/path.dsv
[5.576s] -- Installing: /home/rho9/chapt3/topic_ws/install/demo_cpp_topic/share/demo_cpp_topic/local_setup.bash
[5.576s] -- Installing: /home/rho9/chapt3/topic_ws/install/demo_cpp_topic/share/demo_cpp_topic/local_setup.sh
[5.577s] -- Installing: /home/rho9/chapt3/topic_ws/install/demo_cpp_topic/share/demo_cpp_topic/local_setup.zsh
[5.577s] -- Installing: /home/rho9/chapt3/topic_ws/install/demo_cpp_topic/share/demo_cpp_topic/local_setup.dsv
[5.577s] -- Installing: /home/rho9/chapt3/topic_ws/install/demo_cpp_topic/share/demo_cpp_topic/package.dsv
[5.577s] -- Installing: /home/rho9/chapt3/topic_ws/install/demo_cpp_topic/share/ament_index/resource_index/packages/demo_cpp_topic
[5.577s] -- Installing: /home/rho9/chapt3/topic_ws/install/demo_cpp_topic/share/demo_cpp_topic/cmake/demo_cpp_topicConfig.cmake
[5.577s] -- Installing: /home/rho9/chapt3/topic_ws/install/demo_cpp_topic/share/demo_cpp_topic/cmake/demo_cpp_topicConfig-version.cmake
[5.578s] -- Installing: /home/rho9/chapt3/topic_ws/install/demo_cpp_topic/share/demo_cpp_topic/package.xml
[5.580s] Invoked command in '/home/rho9/chapt3/topic_ws/build/demo_cpp_topic' returned '0': CMAKE_PREFIX_PATH=${CMAKE_PREFIX_PATH}:/opt/ros/jazzy /usr/bin/cmake --install /home/rho9/chapt3/topic_ws/build/demo_cpp_topic
