[0.026s] Invoking command in '/home/rho9/chapt3/topic_practise_ws/build/status_interfaces': CMAKE_PREFIX_PATH=${CMAKE_PREFIX_PATH}:/opt/ros/jazzy /usr/bin/cmake --build /home/rho9/chapt3/topic_practise_ws/build/status_interfaces -- -j20 -l20
[0.209s] [  2%] Built target status_interfaces__rosidl_generator_type_description
[0.222s] [  2%] Built target ament_cmake_python_copy_status_interfaces
[0.236s] [  5%] Built target status_interfaces__cpp
[0.238s] [ 20%] Built target status_interfaces__rosidl_generator_c
[0.278s] [ 38%] Built target status_interfaces__rosidl_typesupport_c
[0.278s] [ 38%] Built target status_interfaces__rosidl_typesupport_fastrtps_c
[0.279s] [ 52%] Built target status_interfaces__rosidl_typesupport_introspection_c
[0.279s] [ 55%] Built target status_interfaces__rosidl_typesupport_fastrtps_cpp
[0.279s] [ 64%] Built target status_interfaces__rosidl_typesupport_introspection_cpp
[0.280s] [ 73%] Built target status_interfaces__rosidl_typesupport_cpp
[0.306s] [ 73%] Built target status_interfaces
[0.332s] [ 76%] Built target status_interfaces__py
[0.365s] [ 82%] Built target status_interfaces__rosidl_generator_py
[0.403s] [ 91%] Built target status_interfaces_s__rosidl_typesupport_fastrtps_c
[0.403s] [ 97%] Built target status_interfaces_s__rosidl_typesupport_introspection_c
[0.404s] [100%] Built target status_interfaces_s__rosidl_typesupport_c
[0.531s] running egg_info
[0.565s] writing status_interfaces.egg-info/PKG-INFO
[0.566s] writing dependency_links to status_interfaces.egg-info/dependency_links.txt
[0.567s] writing top-level names to status_interfaces.egg-info/top_level.txt
[0.645s] reading manifest file 'status_interfaces.egg-info/SOURCES.txt'
[0.647s] writing manifest file 'status_interfaces.egg-info/SOURCES.txt'
[0.685s] [100%] Built target ament_cmake_python_build_status_interfaces_egg
[0.704s] Invoked command in '/home/rho9/chapt3/topic_practise_ws/build/status_interfaces' returned '0': CMAKE_PREFIX_PATH=${CMAKE_PREFIX_PATH}:/opt/ros/jazzy /usr/bin/cmake --build /home/rho9/chapt3/topic_practise_ws/build/status_interfaces -- -j20 -l20
[0.723s] Invoking command in '/home/rho9/chapt3/topic_practise_ws/build/status_interfaces': CMAKE_PREFIX_PATH=${CMAKE_PREFIX_PATH}:/opt/ros/jazzy /usr/bin/cmake --install /home/rho9/chapt3/topic_practise_ws/build/status_interfaces
[0.738s] -- Install configuration: ""
[0.739s] -- Up-to-date: /home/rho9/chapt3/topic_practise_ws/install/status_interfaces/share/ament_index/resource_index/rosidl_interfaces/status_interfaces
[0.739s] -- Up-to-date: /home/rho9/chapt3/topic_practise_ws/install/status_interfaces/share/status_interfaces/msg/SystemStatus.json
[0.740s] -- Up-to-date: /home/rho9/chapt3/topic_practise_ws/install/status_interfaces/include/status_interfaces/status_interfaces
[0.740s] -- Up-to-date: /home/rho9/chapt3/topic_practise_ws/install/status_interfaces/include/status_interfaces/status_interfaces/msg
[0.741s] -- Up-to-date: /home/rho9/chapt3/topic_practise_ws/install/status_interfaces/include/status_interfaces/status_interfaces/msg/detail
[0.741s] -- Up-to-date: /home/rho9/chapt3/topic_practise_ws/install/status_interfaces/include/status_interfaces/status_interfaces/msg/detail/system_status__functions.c
[0.741s] -- Up-to-date: /home/rho9/chapt3/topic_practise_ws/install/status_interfaces/include/status_interfaces/status_interfaces/msg/detail/system_status__description.c
[0.741s] -- Up-to-date: /home/rho9/chapt3/topic_practise_ws/install/status_interfaces/include/status_interfaces/status_interfaces/msg/detail/system_status__type_support.c
[0.742s] -- Up-to-date: /home/rho9/chapt3/topic_practise_ws/install/status_interfaces/include/status_interfaces/status_interfaces/msg/detail/system_status__struct.h
[0.742s] -- Up-to-date: /home/rho9/chapt3/topic_practise_ws/install/status_interfaces/include/status_interfaces/status_interfaces/msg/detail/system_status__type_support.h
[0.742s] -- Up-to-date: /home/rho9/chapt3/topic_practise_ws/install/status_interfaces/include/status_interfaces/status_interfaces/msg/detail/system_status__functions.h
[0.743s] -- Up-to-date: /home/rho9/chapt3/topic_practise_ws/install/status_interfaces/include/status_interfaces/status_interfaces/msg/rosidl_generator_c__visibility_control.h
[0.743s] -- Up-to-date: /home/rho9/chapt3/topic_practise_ws/install/status_interfaces/include/status_interfaces/status_interfaces/msg/system_status.h
[0.743s] -- Up-to-date: /home/rho9/chapt3/topic_practise_ws/install/status_interfaces/share/status_interfaces/environment/library_path.sh
[0.743s] -- Up-to-date: /home/rho9/chapt3/topic_practise_ws/install/status_interfaces/share/status_interfaces/environment/library_path.dsv
[0.744s] -- Up-to-date: /home/rho9/chapt3/topic_practise_ws/install/status_interfaces/lib/libstatus_interfaces__rosidl_generator_c.so
[0.745s] -- Up-to-date: /home/rho9/chapt3/topic_practise_ws/install/status_interfaces/include/status_interfaces/status_interfaces
[0.745s] -- Up-to-date: /home/rho9/chapt3/topic_practise_ws/install/status_interfaces/include/status_interfaces/status_interfaces/msg
[0.745s] -- Up-to-date: /home/rho9/chapt3/topic_practise_ws/install/status_interfaces/include/status_interfaces/status_interfaces/msg/detail
[0.745s] -- Up-to-date: /home/rho9/chapt3/topic_practise_ws/install/status_interfaces/include/status_interfaces/status_interfaces/msg/detail/system_status__rosidl_typesupport_fastrtps_c.h
[0.746s] -- Up-to-date: /home/rho9/chapt3/topic_practise_ws/install/status_interfaces/include/status_interfaces/status_interfaces/msg/rosidl_typesupport_fastrtps_c__visibility_control.h
[0.747s] -- Up-to-date: /home/rho9/chapt3/topic_practise_ws/install/status_interfaces/lib/libstatus_interfaces__rosidl_typesupport_fastrtps_c.so
[0.748s] -- Up-to-date: /home/rho9/chapt3/topic_practise_ws/install/status_interfaces/include/status_interfaces/status_interfaces
[0.748s] -- Up-to-date: /home/rho9/chapt3/topic_practise_ws/install/status_interfaces/include/status_interfaces/status_interfaces/msg
[0.748s] -- Up-to-date: /home/rho9/chapt3/topic_practise_ws/install/status_interfaces/include/status_interfaces/status_interfaces/msg/rosidl_generator_cpp__visibility_control.hpp
[0.749s] -- Up-to-date: /home/rho9/chapt3/topic_practise_ws/install/status_interfaces/include/status_interfaces/status_interfaces/msg/detail
[0.749s] -- Up-to-date: /home/rho9/chapt3/topic_practise_ws/install/status_interfaces/include/status_interfaces/status_interfaces/msg/detail/system_status__struct.hpp
[0.749s] -- Up-to-date: /home/rho9/chapt3/topic_practise_ws/install/status_interfaces/include/status_interfaces/status_interfaces/msg/detail/system_status__builder.hpp
[0.749s] -- Up-to-date: /home/rho9/chapt3/topic_practise_ws/install/status_interfaces/include/status_interfaces/status_interfaces/msg/detail/system_status__traits.hpp
[0.749s] -- Up-to-date: /home/rho9/chapt3/topic_practise_ws/install/status_interfaces/include/status_interfaces/status_interfaces/msg/detail/system_status__type_support.hpp
[0.750s] -- Up-to-date: /home/rho9/chapt3/topic_practise_ws/install/status_interfaces/include/status_interfaces/status_interfaces/msg/system_status.hpp
[0.750s] -- Up-to-date: /home/rho9/chapt3/topic_practise_ws/install/status_interfaces/include/status_interfaces/status_interfaces
[0.750s] -- Up-to-date: /home/rho9/chapt3/topic_practise_ws/install/status_interfaces/include/status_interfaces/status_interfaces/msg
[0.751s] -- Up-to-date: /home/rho9/chapt3/topic_practise_ws/install/status_interfaces/include/status_interfaces/status_interfaces/msg/detail
[0.751s] -- Up-to-date: /home/rho9/chapt3/topic_practise_ws/install/status_interfaces/include/status_interfaces/status_interfaces/msg/detail/dds_fastrtps
[0.751s] -- Up-to-date: /home/rho9/chapt3/topic_practise_ws/install/status_interfaces/include/status_interfaces/status_interfaces/msg/detail/system_status__rosidl_typesupport_fastrtps_cpp.hpp
[0.752s] -- Up-to-date: /home/rho9/chapt3/topic_practise_ws/install/status_interfaces/include/status_interfaces/status_interfaces/msg/rosidl_typesupport_fastrtps_cpp__visibility_control.h
[0.752s] -- Up-to-date: /home/rho9/chapt3/topic_practise_ws/install/status_interfaces/lib/libstatus_interfaces__rosidl_typesupport_fastrtps_cpp.so
[0.752s] -- Up-to-date: /home/rho9/chapt3/topic_practise_ws/install/status_interfaces/include/status_interfaces/status_interfaces
[0.753s] -- Up-to-date: /home/rho9/chapt3/topic_practise_ws/install/status_interfaces/include/status_interfaces/status_interfaces/msg
[0.753s] -- Up-to-date: /home/rho9/chapt3/topic_practise_ws/install/status_interfaces/include/status_interfaces/status_interfaces/msg/detail
[0.753s] -- Up-to-date: /home/rho9/chapt3/topic_practise_ws/install/status_interfaces/include/status_interfaces/status_interfaces/msg/detail/system_status__type_support.c
[0.753s] -- Up-to-date: /home/rho9/chapt3/topic_practise_ws/install/status_interfaces/include/status_interfaces/status_interfaces/msg/detail/system_status__rosidl_typesupport_introspection_c.h
[0.754s] -- Up-to-date: /home/rho9/chapt3/topic_practise_ws/install/status_interfaces/include/status_interfaces/status_interfaces/msg/rosidl_typesupport_introspection_c__visibility_control.h
[0.754s] -- Up-to-date: /home/rho9/chapt3/topic_practise_ws/install/status_interfaces/lib/libstatus_interfaces__rosidl_typesupport_introspection_c.so
[0.755s] -- Up-to-date: /home/rho9/chapt3/topic_practise_ws/install/status_interfaces/lib/libstatus_interfaces__rosidl_typesupport_c.so
[0.756s] -- Up-to-date: /home/rho9/chapt3/topic_practise_ws/install/status_interfaces/include/status_interfaces/status_interfaces
[0.757s] -- Up-to-date: /home/rho9/chapt3/topic_practise_ws/install/status_interfaces/include/status_interfaces/status_interfaces/msg
[0.758s] -- Up-to-date: /home/rho9/chapt3/topic_practise_ws/install/status_interfaces/include/status_interfaces/status_interfaces/msg/detail
[0.758s] -- Up-to-date: /home/rho9/chapt3/topic_practise_ws/install/status_interfaces/include/status_interfaces/status_interfaces/msg/detail/system_status__rosidl_typesupport_introspection_cpp.hpp
[0.759s] -- Up-to-date: /home/rho9/chapt3/topic_practise_ws/install/status_interfaces/include/status_interfaces/status_interfaces/msg/detail/system_status__type_support.cpp
[0.759s] -- Up-to-date: /home/rho9/chapt3/topic_practise_ws/install/status_interfaces/lib/libstatus_interfaces__rosidl_typesupport_introspection_cpp.so
[0.762s] -- Up-to-date: /home/rho9/chapt3/topic_practise_ws/install/status_interfaces/lib/libstatus_interfaces__rosidl_typesupport_cpp.so
[0.762s] -- Up-to-date: /home/rho9/chapt3/topic_practise_ws/install/status_interfaces/share/status_interfaces/environment/pythonpath.sh
[0.763s] -- Up-to-date: /home/rho9/chapt3/topic_practise_ws/install/status_interfaces/share/status_interfaces/environment/pythonpath.dsv
[0.763s] -- Up-to-date: /home/rho9/chapt3/topic_practise_ws/install/status_interfaces/lib/python3.12/site-packages/status_interfaces-0.0.0-py3.12.egg-info
[0.763s] -- Installing: /home/rho9/chapt3/topic_practise_ws/install/status_interfaces/lib/python3.12/site-packages/status_interfaces-0.0.0-py3.12.egg-info/PKG-INFO
[0.766s] -- Installing: /home/rho9/chapt3/topic_practise_ws/install/status_interfaces/lib/python3.12/site-packages/status_interfaces-0.0.0-py3.12.egg-info/SOURCES.txt
[0.769s] -- Installing: /home/rho9/chapt3/topic_practise_ws/install/status_interfaces/lib/python3.12/site-packages/status_interfaces-0.0.0-py3.12.egg-info/top_level.txt
[0.769s] -- Installing: /home/rho9/chapt3/topic_practise_ws/install/status_interfaces/lib/python3.12/site-packages/status_interfaces-0.0.0-py3.12.egg-info/dependency_links.txt
[0.770s] -- Up-to-date: /home/rho9/chapt3/topic_practise_ws/install/status_interfaces/lib/python3.12/site-packages/status_interfaces
[0.770s] -- Up-to-date: /home/rho9/chapt3/topic_practise_ws/install/status_interfaces/lib/python3.12/site-packages/status_interfaces/_status_interfaces_s.ep.rosidl_typesupport_introspection_c.c
[0.771s] -- Up-to-date: /home/rho9/chapt3/topic_practise_ws/install/status_interfaces/lib/python3.12/site-packages/status_interfaces/status_interfaces_s__rosidl_typesupport_fastrtps_c.so
[0.771s] -- Up-to-date: /home/rho9/chapt3/topic_practise_ws/install/status_interfaces/lib/python3.12/site-packages/status_interfaces/__init__.py
[0.772s] -- Up-to-date: /home/rho9/chapt3/topic_practise_ws/install/status_interfaces/lib/python3.12/site-packages/status_interfaces/status_interfaces_s__rosidl_typesupport_introspection_c.so
[0.772s] -- Up-to-date: /home/rho9/chapt3/topic_practise_ws/install/status_interfaces/lib/python3.12/site-packages/status_interfaces/_status_interfaces_s.ep.rosidl_typesupport_c.c
[0.772s] -- Up-to-date: /home/rho9/chapt3/topic_practise_ws/install/status_interfaces/lib/python3.12/site-packages/status_interfaces/msg
[0.772s] -- Up-to-date: /home/rho9/chapt3/topic_practise_ws/install/status_interfaces/lib/python3.12/site-packages/status_interfaces/msg/__init__.py
[0.772s] -- Up-to-date: /home/rho9/chapt3/topic_practise_ws/install/status_interfaces/lib/python3.12/site-packages/status_interfaces/msg/_system_status_s.c
[0.773s] -- Up-to-date: /home/rho9/chapt3/topic_practise_ws/install/status_interfaces/lib/python3.12/site-packages/status_interfaces/msg/_system_status.py
[0.773s] -- Up-to-date: /home/rho9/chapt3/topic_practise_ws/install/status_interfaces/lib/python3.12/site-packages/status_interfaces/_status_interfaces_s.ep.rosidl_typesupport_fastrtps_c.c
[0.777s] -- Up-to-date: /home/rho9/chapt3/topic_practise_ws/install/status_interfaces/lib/python3.12/site-packages/status_interfaces/status_interfaces_s__rosidl_typesupport_c.so
[0.877s] Listing '/home/rho9/chapt3/topic_practise_ws/install/status_interfaces/lib/python3.12/site-packages/status_interfaces'...
[0.878s] Listing '/home/rho9/chapt3/topic_practise_ws/install/status_interfaces/lib/python3.12/site-packages/status_interfaces/msg'...
[0.892s] -- Up-to-date: /home/rho9/chapt3/topic_practise_ws/install/status_interfaces/lib/python3.12/site-packages/status_interfaces/status_interfaces_s__rosidl_typesupport_fastrtps_c.so
[0.893s] -- Up-to-date: /home/rho9/chapt3/topic_practise_ws/install/status_interfaces/lib/python3.12/site-packages/status_interfaces/status_interfaces_s__rosidl_typesupport_introspection_c.so
[0.894s] -- Up-to-date: /home/rho9/chapt3/topic_practise_ws/install/status_interfaces/lib/python3.12/site-packages/status_interfaces/status_interfaces_s__rosidl_typesupport_c.so
[0.896s] -- Up-to-date: /home/rho9/chapt3/topic_practise_ws/install/status_interfaces/lib/libstatus_interfaces__rosidl_generator_py.so
[0.896s] -- Up-to-date: /home/rho9/chapt3/topic_practise_ws/install/status_interfaces/share/status_interfaces/msg/SystemStatus.idl
[0.897s] -- Up-to-date: /home/rho9/chapt3/topic_practise_ws/install/status_interfaces/share/status_interfaces/msg/SystemStatus.msg
[0.898s] -- Up-to-date: /home/rho9/chapt3/topic_practise_ws/install/status_interfaces/share/ament_index/resource_index/package_run_dependencies/status_interfaces
[0.899s] -- Up-to-date: /home/rho9/chapt3/topic_practise_ws/install/status_interfaces/share/ament_index/resource_index/parent_prefix_path/status_interfaces
[0.899s] -- Up-to-date: /home/rho9/chapt3/topic_practise_ws/install/status_interfaces/share/status_interfaces/environment/ament_prefix_path.sh
[0.899s] -- Up-to-date: /home/rho9/chapt3/topic_practise_ws/install/status_interfaces/share/status_interfaces/environment/ament_prefix_path.dsv
[0.899s] -- Up-to-date: /home/rho9/chapt3/topic_practise_ws/install/status_interfaces/share/status_interfaces/environment/path.sh
[0.899s] -- Up-to-date: /home/rho9/chapt3/topic_practise_ws/install/status_interfaces/share/status_interfaces/environment/path.dsv
[0.899s] -- Up-to-date: /home/rho9/chapt3/topic_practise_ws/install/status_interfaces/share/status_interfaces/local_setup.bash
[0.900s] -- Up-to-date: /home/rho9/chapt3/topic_practise_ws/install/status_interfaces/share/status_interfaces/local_setup.sh
[0.900s] -- Up-to-date: /home/rho9/chapt3/topic_practise_ws/install/status_interfaces/share/status_interfaces/local_setup.zsh
[0.901s] -- Up-to-date: /home/rho9/chapt3/topic_practise_ws/install/status_interfaces/share/status_interfaces/local_setup.dsv
[0.902s] -- Installing: /home/rho9/chapt3/topic_practise_ws/install/status_interfaces/share/status_interfaces/package.dsv
[0.902s] -- Up-to-date: /home/rho9/chapt3/topic_practise_ws/install/status_interfaces/share/ament_index/resource_index/packages/status_interfaces
[0.903s] -- Up-to-date: /home/rho9/chapt3/topic_practise_ws/install/status_interfaces/share/status_interfaces/cmake/export_status_interfaces__rosidl_generator_cExport.cmake
[0.903s] -- Up-to-date: /home/rho9/chapt3/topic_practise_ws/install/status_interfaces/share/status_interfaces/cmake/export_status_interfaces__rosidl_generator_cExport-noconfig.cmake
[0.904s] -- Up-to-date: /home/rho9/chapt3/topic_practise_ws/install/status_interfaces/share/status_interfaces/cmake/export_status_interfaces__rosidl_typesupport_fastrtps_cExport.cmake
[0.904s] -- Up-to-date: /home/rho9/chapt3/topic_practise_ws/install/status_interfaces/share/status_interfaces/cmake/export_status_interfaces__rosidl_typesupport_fastrtps_cExport-noconfig.cmake
[0.905s] -- Up-to-date: /home/rho9/chapt3/topic_practise_ws/install/status_interfaces/share/status_interfaces/cmake/export_status_interfaces__rosidl_generator_cppExport.cmake
[0.905s] -- Up-to-date: /home/rho9/chapt3/topic_practise_ws/install/status_interfaces/share/status_interfaces/cmake/export_status_interfaces__rosidl_typesupport_fastrtps_cppExport.cmake
[0.906s] -- Up-to-date: /home/rho9/chapt3/topic_practise_ws/install/status_interfaces/share/status_interfaces/cmake/export_status_interfaces__rosidl_typesupport_fastrtps_cppExport-noconfig.cmake
[0.907s] -- Up-to-date: /home/rho9/chapt3/topic_practise_ws/install/status_interfaces/share/status_interfaces/cmake/status_interfaces__rosidl_typesupport_introspection_cExport.cmake
[0.907s] -- Up-to-date: /home/rho9/chapt3/topic_practise_ws/install/status_interfaces/share/status_interfaces/cmake/status_interfaces__rosidl_typesupport_introspection_cExport-noconfig.cmake
[0.908s] -- Up-to-date: /home/rho9/chapt3/topic_practise_ws/install/status_interfaces/share/status_interfaces/cmake/status_interfaces__rosidl_typesupport_cExport.cmake
[0.908s] -- Up-to-date: /home/rho9/chapt3/topic_practise_ws/install/status_interfaces/share/status_interfaces/cmake/status_interfaces__rosidl_typesupport_cExport-noconfig.cmake
[0.909s] -- Up-to-date: /home/rho9/chapt3/topic_practise_ws/install/status_interfaces/share/status_interfaces/cmake/status_interfaces__rosidl_typesupport_introspection_cppExport.cmake
[0.910s] -- Up-to-date: /home/rho9/chapt3/topic_practise_ws/install/status_interfaces/share/status_interfaces/cmake/status_interfaces__rosidl_typesupport_introspection_cppExport-noconfig.cmake
[0.911s] -- Up-to-date: /home/rho9/chapt3/topic_practise_ws/install/status_interfaces/share/status_interfaces/cmake/status_interfaces__rosidl_typesupport_cppExport.cmake
[0.911s] -- Up-to-date: /home/rho9/chapt3/topic_practise_ws/install/status_interfaces/share/status_interfaces/cmake/status_interfaces__rosidl_typesupport_cppExport-noconfig.cmake
[0.912s] -- Up-to-date: /home/rho9/chapt3/topic_practise_ws/install/status_interfaces/share/status_interfaces/cmake/export_status_interfaces__rosidl_generator_pyExport.cmake
[0.913s] -- Up-to-date: /home/rho9/chapt3/topic_practise_ws/install/status_interfaces/share/status_interfaces/cmake/export_status_interfaces__rosidl_generator_pyExport-noconfig.cmake
[0.913s] -- Up-to-date: /home/rho9/chapt3/topic_practise_ws/install/status_interfaces/share/status_interfaces/cmake/rosidl_cmake-extras.cmake
[0.914s] -- Up-to-date: /home/rho9/chapt3/topic_practise_ws/install/status_interfaces/share/status_interfaces/cmake/ament_cmake_export_dependencies-extras.cmake
[0.914s] -- Up-to-date: /home/rho9/chapt3/topic_practise_ws/install/status_interfaces/share/status_interfaces/cmake/ament_cmake_export_include_directories-extras.cmake
[0.914s] -- Up-to-date: /home/rho9/chapt3/topic_practise_ws/install/status_interfaces/share/status_interfaces/cmake/ament_cmake_export_libraries-extras.cmake
[0.915s] -- Up-to-date: /home/rho9/chapt3/topic_practise_ws/install/status_interfaces/share/status_interfaces/cmake/ament_cmake_export_targets-extras.cmake
[0.915s] -- Up-to-date: /home/rho9/chapt3/topic_practise_ws/install/status_interfaces/share/status_interfaces/cmake/rosidl_cmake_export_typesupport_targets-extras.cmake
[0.915s] -- Up-to-date: /home/rho9/chapt3/topic_practise_ws/install/status_interfaces/share/status_interfaces/cmake/rosidl_cmake_export_typesupport_libraries-extras.cmake
[0.915s] -- Up-to-date: /home/rho9/chapt3/topic_practise_ws/install/status_interfaces/share/status_interfaces/cmake/status_interfacesConfig.cmake
[0.915s] -- Up-to-date: /home/rho9/chapt3/topic_practise_ws/install/status_interfaces/share/status_interfaces/cmake/status_interfacesConfig-version.cmake
[0.915s] -- Up-to-date: /home/rho9/chapt3/topic_practise_ws/install/status_interfaces/share/status_interfaces/package.xml
[0.921s] Invoked command in '/home/rho9/chapt3/topic_practise_ws/build/status_interfaces' returned '0': CMAKE_PREFIX_PATH=${CMAKE_PREFIX_PATH}:/opt/ros/jazzy /usr/bin/cmake --install /home/rho9/chapt3/topic_practise_ws/build/status_interfaces
