[0.018s] Invoking command in '/home/rho9/chapt2/chapt2_ws/build/demo_cpp_pkg': CMAKE_PREFIX_PATH=${CMAKE_PREFIX_PATH}:/opt/ros/jazzy /usr/bin/cmake /home/rho9/chapt2/chapt2_ws/src/demo_cpp_pkg -DCMAKE_INSTALL_PREFIX=/home/rho9/chapt2/chapt2_ws/install/demo_cpp_pkg
[0.223s] -- The C compiler identification is GNU 13.3.0
[0.939s] -- The CXX compiler identification is GNU 13.3.0
[1.624s] -- Detecting C compiler ABI info
[1.820s] -- Detecting C compiler ABI info - done
[1.829s] -- Check for working C compiler: /usr/bin/cc - skipped
[1.829s] -- Detecting C compile features
[1.830s] -- Detecting C compile features - done
[1.887s] -- Detecting CXX compiler ABI info
[2.068s] -- Detecting CXX compiler ABI info - done
[2.076s] -- Check for working CXX compiler: /usr/bin/c++ - skipped
[2.076s] -- Detecting CXX compile features
[2.076s] -- Detecting CXX compile features - done
[2.083s] -- Found ament_cmake: 2.5.5 (/opt/ros/jazzy/share/ament_cmake/cmake)
[2.208s] -- Found Python3: /usr/bin/python3 (found version "3.12.3") found components: Interpreter 
[2.338s] -- Found rclcpp: 28.1.16 (/opt/ros/jazzy/share/rclcpp/cmake)
[2.463s] -- Found rosidl_generator_c: 4.6.7 (/opt/ros/jazzy/share/rosidl_generator_c/cmake)
[2.477s] -- Found rosidl_generator_cpp: 4.6.7 (/opt/ros/jazzy/share/rosidl_generator_cpp/cmake)
[2.497s] -- Using all available rosidl_typesupport_c: rosidl_typesupport_fastrtps_c;rosidl_typesupport_introspection_c
[2.518s] -- Using all available rosidl_typesupport_cpp: rosidl_typesupport_fastrtps_cpp;rosidl_typesupport_introspection_cpp
[2.604s] -- Found rmw_implementation_cmake: 7.3.3 (/opt/ros/jazzy/share/rmw_implementation_cmake/cmake)
[2.608s] -- Found rmw_fastrtps_cpp: 8.4.3 (/opt/ros/jazzy/share/rmw_fastrtps_cpp/cmake)
[2.677s] -- Found OpenSSL: /usr/lib/x86_64-linux-gnu/libcrypto.so (found version "3.0.13")  
[2.797s] -- Found FastRTPS: /opt/ros/jazzy/include (Required is at least version "2.13") 
[2.851s] -- Using RMW implementation 'rmw_fastrtps_cpp' as default
[2.986s] -- Found ament_lint_auto: 0.17.4 (/opt/ros/jazzy/share/ament_lint_auto/cmake)
[3.081s] -- Added test 'cppcheck' to perform static code analysis on C / C++ code
[3.081s] -- Configured cppcheck include dirs: 
[3.081s] -- Configured cppcheck exclude dirs and/or files: 
[3.083s] -- Added test 'lint_cmake' to check CMake code style
[3.087s] -- Added test 'uncrustify' to check C / C++ code style
[3.087s] -- Configured uncrustify additional arguments: 
[3.088s] -- Added test 'xmllint' to check XML markup files
[3.090s] -- Configuring done (3.0s)
[3.099s] -- Generating done (0.0s)
[3.102s] -- Build files have been written to: /home/rho9/chapt2/chapt2_ws/build/demo_cpp_pkg
[3.109s] Invoked command in '/home/rho9/chapt2/chapt2_ws/build/demo_cpp_pkg' returned '0': CMAKE_PREFIX_PATH=${CMAKE_PREFIX_PATH}:/opt/ros/jazzy /usr/bin/cmake /home/rho9/chapt2/chapt2_ws/src/demo_cpp_pkg -DCMAKE_INSTALL_PREFIX=/home/rho9/chapt2/chapt2_ws/install/demo_cpp_pkg
[3.109s] Invoking command in '/home/rho9/chapt2/chapt2_ws/build/demo_cpp_pkg': CMAKE_PREFIX_PATH=${CMAKE_PREFIX_PATH}:/opt/ros/jazzy /usr/bin/cmake --build /home/rho9/chapt2/chapt2_ws/build/demo_cpp_pkg -- -j20 -l20
[3.146s] [ 50%] [32mBuilding CXX object CMakeFiles/cpp_node.dir/src/cpp_node.cpp.o[0m
[5.260s] [100%] [32m[1mLinking CXX executable cpp_node[0m
[5.400s] [100%] Built target cpp_node
[5.407s] Invoked command in '/home/rho9/chapt2/chapt2_ws/build/demo_cpp_pkg' returned '0': CMAKE_PREFIX_PATH=${CMAKE_PREFIX_PATH}:/opt/ros/jazzy /usr/bin/cmake --build /home/rho9/chapt2/chapt2_ws/build/demo_cpp_pkg -- -j20 -l20
[5.414s] Invoking command in '/home/rho9/chapt2/chapt2_ws/build/demo_cpp_pkg': CMAKE_PREFIX_PATH=${CMAKE_PREFIX_PATH}:/opt/ros/jazzy /usr/bin/cmake --install /home/rho9/chapt2/chapt2_ws/build/demo_cpp_pkg
[5.418s] -- Install configuration: ""
[5.418s] -- Installing: /home/rho9/chapt2/chapt2_ws/install/demo_cpp_pkg/lib/demo_cpp_pkg/cpp_node
[5.419s] -- Set non-toolchain portion of runtime path of "/home/rho9/chapt2/chapt2_ws/install/demo_cpp_pkg/lib/demo_cpp_pkg/cpp_node" to ""
[5.420s] -- Installing: /home/rho9/chapt2/chapt2_ws/install/demo_cpp_pkg/share/ament_index/resource_index/package_run_dependencies/demo_cpp_pkg
[5.420s] -- Installing: /home/rho9/chapt2/chapt2_ws/install/demo_cpp_pkg/share/ament_index/resource_index/parent_prefix_path/demo_cpp_pkg
[5.422s] -- Installing: /home/rho9/chapt2/chapt2_ws/install/demo_cpp_pkg/share/demo_cpp_pkg/environment/ament_prefix_path.sh
[5.422s] -- Installing: /home/rho9/chapt2/chapt2_ws/install/demo_cpp_pkg/share/demo_cpp_pkg/environment/ament_prefix_path.dsv
[5.422s] -- Installing: /home/rho9/chapt2/chapt2_ws/install/demo_cpp_pkg/share/demo_cpp_pkg/environment/path.sh
[5.422s] -- Installing: /home/rho9/chapt2/chapt2_ws/install/demo_cpp_pkg/share/demo_cpp_pkg/environment/path.dsv
[5.422s] -- Installing: /home/rho9/chapt2/chapt2_ws/install/demo_cpp_pkg/share/demo_cpp_pkg/local_setup.bash
[5.422s] -- Installing: /home/rho9/chapt2/chapt2_ws/install/demo_cpp_pkg/share/demo_cpp_pkg/local_setup.sh
[5.422s] -- Installing: /home/rho9/chapt2/chapt2_ws/install/demo_cpp_pkg/share/demo_cpp_pkg/local_setup.zsh
[5.422s] -- Installing: /home/rho9/chapt2/chapt2_ws/install/demo_cpp_pkg/share/demo_cpp_pkg/local_setup.dsv
[5.422s] -- Installing: /home/rho9/chapt2/chapt2_ws/install/demo_cpp_pkg/share/demo_cpp_pkg/package.dsv
[5.422s] -- Installing: /home/rho9/chapt2/chapt2_ws/install/demo_cpp_pkg/share/ament_index/resource_index/packages/demo_cpp_pkg
[5.422s] -- Installing: /home/rho9/chapt2/chapt2_ws/install/demo_cpp_pkg/share/demo_cpp_pkg/cmake/demo_cpp_pkgConfig.cmake
[5.422s] -- Installing: /home/rho9/chapt2/chapt2_ws/install/demo_cpp_pkg/share/demo_cpp_pkg/cmake/demo_cpp_pkgConfig-version.cmake
[5.423s] -- Installing: /home/rho9/chapt2/chapt2_ws/install/demo_cpp_pkg/share/demo_cpp_pkg/package.xml
[5.424s] Invoked command in '/home/rho9/chapt2/chapt2_ws/build/demo_cpp_pkg' returned '0': CMAKE_PREFIX_PATH=${CMAKE_PREFIX_PATH}:/opt/ros/jazzy /usr/bin/cmake --install /home/rho9/chapt2/chapt2_ws/build/demo_cpp_pkg
