[0.000000] (-) TimerEvent: {}
[0.000325] (-) JobUnselected: {'identifier': 'fishbot_description'}
[0.000830] (-) JobUnselected: {'identifier': 'fishbot_navigation2'}
[0.001083] (fishbot_application) JobQueued: {'identifier': 'fishbot_application', 'dependencies': OrderedDict()}
[0.001296] (fishbot_application) JobStarted: {'identifier': 'fishbot_application'}
[0.098803] (-) TimerEvent: {}
[0.199097] (-) TimerEvent: {}
[0.299368] (-) TimerEvent: {}
[0.399636] (-) TimerEvent: {}
[0.499967] (-) TimerEvent: {}
[0.600321] (-) TimerEvent: {}
[0.700570] (-) TimerEvent: {}
[0.800823] (-) TimerEvent: {}
[0.843942] (fishbot_application) Command: {'cmd': ['/usr/bin/python3', '-W', 'ignore:setup.py install is deprecated', '-W', 'ignore:easy_install command is deprecated', 'setup.py', 'egg_info', '--egg-base', '../../build/fishbot_application', 'build', '--build-base', '/home/rho922/chapt7/chapt7_ws/build/fishbot_application/build', 'install', '--record', '/home/rho922/chapt7/chapt7_ws/build/fishbot_application/install.log', '--single-version-externally-managed', 'install_data'], 'cwd': '/home/rho922/chapt7/chapt7_ws/src/fishbot_application', 'env': {'USER': 'rho922', 'SHLVL': '0', 'LD_LIBRARY_PATH': '/usr/lib/x86_64-linux-gnu/gazebo-11/plugins:/opt/ros/humble/opt/rviz_ogre_vendor/lib:/opt/ros/humble/lib/x86_64-linux-gnu:/opt/ros/humble/lib', 'HOME': '/home/rho922', 'OLDPWD': '/mnt/d/cv/c work', 'ROS_PYTHON_VERSION': '3', 'WSL_DISTRO_NAME': 'Ubuntu-22.04', 'WAYLAND_DISPLAY': 'wayland-0', 'ROS_DISTRO': 'humble', 'LOGNAME': 'rho922', 'NAME': 'rho9', 'WSL_INTEROP': '/run/WSL/13908_interop', 'PULSE_SERVER': 'unix:/mnt/wslg/PulseServer', '_': '/usr/bin/colcon', 'ROS_VERSION': '2', 'TERM': 'xterm-256color', 'ROS_LOCALHOST_ONLY': '0', 'PATH': '/opt/ros/humble/bin:/usr/local/sbin:/usr/local/bin:/usr/sbin:/usr/bin:/sbin:/bin:/usr/games:/usr/local/games:/usr/lib/wsl/lib:/mnt/c/Users/36327/bin:/mnt/c/Program Files/Git/mingw64/bin:/mnt/c/Program Files/Git/usr/local/bin:/mnt/c/Program Files/Git/usr/bin:/mnt/c/Program Files/Git/usr/bin:/mnt/c/Program Files/Git/mingw64/bin:/mnt/c/Program Files/Git/usr/bin:/mnt/c/Users/36327/bin:/mnt/c/Users/36327/AppData/Local/Programs/Python/Python311/Scripts:/mnt/d/cv/Microsoft VS Code:/mnt/c/Program Files/Python310/Scripts:/mnt/c/Program Files/Python310:/mnt/c/Windows/system32:/mnt/c/Windows:/mnt/c/Windows/System32/Wbem:/mnt/c/Windows/System32/WindowsPowerShell/v1.0:/mnt/c/Windows/System32/OpenSSH:/mnt/c/Program Files/dotnet:/mnt/c/Program Files/NVIDIA Corporation/NVIDIA App/NvDLISR:/mnt/c/mingw64/bin:/mnt/c/Program Files/nodejs:/mnt/c/Program Files/Git/cmd:/mnt/c/Program Files (x86)/NVIDIA Corporation/PhysX/Common:/mnt/c/Users/36327/.pixi/bin:/mnt/c/Users/36327/AppData/Local/Programs/Python/Python311/Scripts:/mnt/c/Users/36327/AppData/Local/Programs/Python/Python311:/mnt/c/Users/36327/AppData/Local/Microsoft/WindowsApps:/mnt/d/cv/Microsoft VS Code/bin:/mnt/c/Users/36327/AppData/Roaming/npm:/mnt/c/dev/ros2_humble/ros2-windows/bin:/mnt/c/Program Files/Git/usr/bin/vendor_perl:/mnt/c/Program Files/Git/usr/bin/core_perl:/mnt/c/Users/36327/AppData/Roaming/npm/node_modules/@z_ai/coding-helper/zai-coding-plugins/plugins/glm-plan-usage/bin:/mnt/c/Users/36327/AppData/Roaming/npm/node_modules/@z_ai/coding-helper/zai-coding-plugins/plugins/glm-plan-bug/bin', 'XDG_RUNTIME_DIR': '/mnt/wslg/runtime-dir', 'DISPLAY': ':0', 'LANG': 'C.UTF-8', 'AMENT_PREFIX_PATH': '/opt/ros/humble', 'SHELL': '/bin/bash', 'PWD': '/home/rho922/chapt7/chapt7_ws/build/fishbot_application', 'PYTHONPATH': '/home/rho922/chapt7/chapt7_ws/build/fishbot_application/prefix_override:/usr/lib/python3/dist-packages/colcon_core/task/python/colcon_distutils_commands:/home/rho922/chapt7/chapt7_ws/install/fishbot_application/lib/python3.10/site-packages:/opt/ros/humble/lib/python3.10/site-packages:/opt/ros/humble/local/lib/python3.10/dist-packages', 'COLCON': '1', 'WSL2_GUI_APPS_ENABLED': '1', 'HOSTTYPE': 'x86_64', 'WSLENV': ''}, 'shell': False}
[0.900972] (-) TimerEvent: {}
[1.001289] (-) TimerEvent: {}
[1.101633] (-) TimerEvent: {}
[1.159042] (fishbot_application) StdoutLine: {'line': b'running egg_info\n'}
[1.160594] (fishbot_application) StdoutLine: {'line': b'writing ../../build/fishbot_application/fishbot_application.egg-info/PKG-INFO\n'}
[1.161538] (fishbot_application) StdoutLine: {'line': b'writing dependency_links to ../../build/fishbot_application/fishbot_application.egg-info/dependency_links.txt\n'}
[1.162439] (fishbot_application) StdoutLine: {'line': b'writing entry points to ../../build/fishbot_application/fishbot_application.egg-info/entry_points.txt\n'}
[1.162756] (fishbot_application) StdoutLine: {'line': b'writing requirements to ../../build/fishbot_application/fishbot_application.egg-info/requires.txt\n'}
[1.162893] (fishbot_application) StdoutLine: {'line': b'writing top-level names to ../../build/fishbot_application/fishbot_application.egg-info/top_level.txt\n'}
[1.165111] (fishbot_application) StdoutLine: {'line': b"reading manifest file '../../build/fishbot_application/fishbot_application.egg-info/SOURCES.txt'\n"}
[1.165558] (fishbot_application) StdoutLine: {'line': b"adding license file 'LICENSE'\n"}
[1.166767] (fishbot_application) StdoutLine: {'line': b"writing manifest file '../../build/fishbot_application/fishbot_application.egg-info/SOURCES.txt'\n"}
[1.167418] (fishbot_application) StdoutLine: {'line': b'running build\n'}
[1.167573] (fishbot_application) StdoutLine: {'line': b'running build_py\n'}
[1.168065] (fishbot_application) StdoutLine: {'line': b'copying fishbot_application/waypoint_follower.py -> /home/rho922/chapt7/chapt7_ws/build/fishbot_application/build/lib/fishbot_application\n'}
[1.168522] (fishbot_application) StdoutLine: {'line': b'running install\n'}
[1.168713] (fishbot_application) StdoutLine: {'line': b'running install_lib\n'}
[1.169264] (fishbot_application) StdoutLine: {'line': b'copying /home/rho922/chapt7/chapt7_ws/build/fishbot_application/build/lib/fishbot_application/waypoint_follower.py -> /home/rho922/chapt7/chapt7_ws/install/fishbot_application/lib/python3.10/site-packages/fishbot_application\n'}
[1.169973] (fishbot_application) StdoutLine: {'line': b'byte-compiling /home/rho922/chapt7/chapt7_ws/install/fishbot_application/lib/python3.10/site-packages/fishbot_application/waypoint_follower.py to waypoint_follower.cpython-310.pyc\n'}
[1.171045] (fishbot_application) StdoutLine: {'line': b'running install_data\n'}
[1.171267] (fishbot_application) StdoutLine: {'line': b'running install_egg_info\n'}
[1.173965] (fishbot_application) StdoutLine: {'line': b"removing '/home/rho922/chapt7/chapt7_ws/install/fishbot_application/lib/python3.10/site-packages/fishbot_application-0.0.0-py3.10.egg-info' (and everything under it)\n"}
[1.174864] (fishbot_application) StdoutLine: {'line': b'Copying ../../build/fishbot_application/fishbot_application.egg-info to /home/rho922/chapt7/chapt7_ws/install/fishbot_application/lib/python3.10/site-packages/fishbot_application-0.0.0-py3.10.egg-info\n'}
[1.176608] (fishbot_application) StdoutLine: {'line': b'running install_scripts\n'}
[1.201747] (-) TimerEvent: {}
[1.206400] (fishbot_application) StdoutLine: {'line': b'Installing get_robot_pose script to /home/rho922/chapt7/chapt7_ws/install/fishbot_application/lib/fishbot_application\n'}
[1.206837] (fishbot_application) StdoutLine: {'line': b'Installing init_robot_pose script to /home/rho922/chapt7/chapt7_ws/install/fishbot_application/lib/fishbot_application\n'}
[1.207285] (fishbot_application) StdoutLine: {'line': b'Installing nav_to_pose script to /home/rho922/chapt7/chapt7_ws/install/fishbot_application/lib/fishbot_application\n'}
[1.207452] (fishbot_application) StdoutLine: {'line': b'Installing waypoint_follower script to /home/rho922/chapt7/chapt7_ws/install/fishbot_application/lib/fishbot_application\n'}
[1.207969] (fishbot_application) StdoutLine: {'line': b"writing list of installed files to '/home/rho922/chapt7/chapt7_ws/build/fishbot_application/install.log'\n"}
[1.236546] (fishbot_application) CommandEnded: {'returncode': 0}
[1.257161] (fishbot_application) JobEnded: {'identifier': 'fishbot_application', 'rc': 0}
[1.258686] (-) EventReactorShutdown: {}
