running egg_info
writing ../../build/autopartol_robot/autopartol_robot.egg-info/PKG-INFO
writing dependency_links to ../../build/autopartol_robot/autopartol_robot.egg-info/dependency_links.txt
writing entry points to ../../build/autopartol_robot/autopartol_robot.egg-info/entry_points.txt
writing requirements to ../../build/autopartol_robot/autopartol_robot.egg-info/requires.txt
writing top-level names to ../../build/autopartol_robot/autopartol_robot.egg-info/top_level.txt
reading manifest file '../../build/autopartol_robot/autopartol_robot.egg-info/SOURCES.txt'
writing manifest file '../../build/autopartol_robot/autopartol_robot.egg-info/SOURCES.txt'
running build
running build_py
running install
running install_lib
running install_data
copying launch/autopartol.launch.py -> /home/rho922/chapt7/chapt7_ws/install/autopartol_robot/share/autopartol_robot/launch
running install_egg_info
removing '/home/rho922/chapt7/chapt7_ws/install/autopartol_robot/lib/python3.10/site-packages/autopartol_robot-0.0.0-py3.10.egg-info' (and everything under it)
Copying ../../build/autopartol_robot/autopartol_robot.egg-info to /home/rho922/chapt7/chapt7_ws/install/autopartol_robot/lib/python3.10/site-packages/autopartol_robot-0.0.0-py3.10.egg-info
running install_scripts
Installing partol_node script to /home/rho922/chapt7/chapt7_ws/install/autopartol_robot/lib/autopartol_robot
Installing speaker script to /home/rho922/chapt7/chapt7_ws/install/autopartol_robot/lib/autopartol_robot
writing list of installed files to '/home/rho922/chapt7/chapt7_ws/build/autopartol_robot/install.log'
