running egg_info
creating ../../build/demo_python_service/demo_python_service.egg-info
writing ../../build/demo_python_service/demo_python_service.egg-info/PKG-INFO
writing dependency_links to ../../build/demo_python_service/demo_python_service.egg-info/dependency_links.txt
writing entry points to ../../build/demo_python_service/demo_python_service.egg-info/entry_points.txt
writing requirements to ../../build/demo_python_service/demo_python_service.egg-info/requires.txt
writing top-level names to ../../build/demo_python_service/demo_python_service.egg-info/top_level.txt
writing manifest file '../../build/demo_python_service/demo_python_service.egg-info/SOURCES.txt'
reading manifest file '../../build/demo_python_service/demo_python_service.egg-info/SOURCES.txt'
adding license file 'LICENSE'
writing manifest file '../../build/demo_python_service/demo_python_service.egg-info/SOURCES.txt'
running build
running build_py
creating /home/rho9/chapt4/chapt4_ws/build/demo_python_service/build
creating /home/rho9/chapt4/chapt4_ws/build/demo_python_service/build/lib
creating /home/rho9/chapt4/chapt4_ws/build/demo_python_service/build/lib/demo_python_service
copying demo_python_service/__init__.py -> /home/rho9/chapt4/chapt4_ws/build/demo_python_service/build/lib/demo_python_service
copying demo_python_service/learn_face_detect.py -> /home/rho9/chapt4/chapt4_ws/build/demo_python_service/build/lib/demo_python_service
running install
running install_lib
creating /home/rho9/chapt4/chapt4_ws/install/demo_python_service/lib/python3.12/site-packages/demo_python_service
copying /home/rho9/chapt4/chapt4_ws/build/demo_python_service/build/lib/demo_python_service/__init__.py -> /home/rho9/chapt4/chapt4_ws/install/demo_python_service/lib/python3.12/site-packages/demo_python_service
copying /home/rho9/chapt4/chapt4_ws/build/demo_python_service/build/lib/demo_python_service/learn_face_detect.py -> /home/rho9/chapt4/chapt4_ws/install/demo_python_service/lib/python3.12/site-packages/demo_python_service
byte-compiling /home/rho9/chapt4/chapt4_ws/install/demo_python_service/lib/python3.12/site-packages/demo_python_service/__init__.py to __init__.cpython-312.pyc
byte-compiling /home/rho9/chapt4/chapt4_ws/install/demo_python_service/lib/python3.12/site-packages/demo_python_service/learn_face_detect.py to learn_face_detect.cpython-312.pyc
running install_data
creating /home/rho9/chapt4/chapt4_ws/install/demo_python_service/share
creating /home/rho9/chapt4/chapt4_ws/install/demo_python_service/share/ament_index
creating /home/rho9/chapt4/chapt4_ws/install/demo_python_service/share/ament_index/resource_index
creating /home/rho9/chapt4/chapt4_ws/install/demo_python_service/share/ament_index/resource_index/packages
copying resource/demo_python_service -> /home/rho9/chapt4/chapt4_ws/install/demo_python_service/share/ament_index/resource_index/packages
creating /home/rho9/chapt4/chapt4_ws/install/demo_python_service/share/demo_python_service
copying package.xml -> /home/rho9/chapt4/chapt4_ws/install/demo_python_service/share/demo_python_service
creating /home/rho9/chapt4/chapt4_ws/install/demo_python_service/share/demo_python_service/resource
copying resource/default.jpg -> /home/rho9/chapt4/chapt4_ws/install/demo_python_service/share/demo_python_service/resource
running install_egg_info
Copying ../../build/demo_python_service/demo_python_service.egg-info to /home/rho9/chapt4/chapt4_ws/install/demo_python_service/lib/python3.12/site-packages/demo_python_service-0.0.0-py3.12.egg-info
running install_scripts
Installing learn_face_detect script to /home/rho9/chapt4/chapt4_ws/install/demo_python_service/lib/demo_python_service
writing list of installed files to '/home/rho9/chapt4/chapt4_ws/build/demo_python_service/install.log'
