[0.963s] Invoking command in '/home/rho9/chapt4/chapt4_ws/src/demo_python_service': PYTHONPATH=/home/rho9/chapt4/chapt4_ws/build/demo_python_service/prefix_override:/usr/lib/python3/dist-packages/colcon_core/task/python/colcon_distutils_commands:/home/rho9/chapt4/chapt4_ws/install/demo_python_service/lib/python3.12/site-packages:${PYTHONPATH} /usr/bin/python3 -W ignore:setup.py install is deprecated -W ignore:easy_install command is deprecated setup.py egg_info --egg-base ../../build/demo_python_service build --build-base /home/rho9/chapt4/chapt4_ws/build/demo_python_service/build install --record /home/rho9/chapt4/chapt4_ws/build/demo_python_service/install.log --single-version-externally-managed install_data
[1.212s] running egg_info
[1.212s] creating ../../build/demo_python_service/demo_python_service.egg-info
[1.226s] writing ../../build/demo_python_service/demo_python_service.egg-info/PKG-INFO
[1.226s] writing dependency_links to ../../build/demo_python_service/demo_python_service.egg-info/dependency_links.txt
[1.227s] writing entry points to ../../build/demo_python_service/demo_python_service.egg-info/entry_points.txt
[1.227s] writing requirements to ../../build/demo_python_service/demo_python_service.egg-info/requires.txt
[1.227s] writing top-level names to ../../build/demo_python_service/demo_python_service.egg-info/top_level.txt
[1.227s] writing manifest file '../../build/demo_python_service/demo_python_service.egg-info/SOURCES.txt'
[1.257s] reading manifest file '../../build/demo_python_service/demo_python_service.egg-info/SOURCES.txt'
[1.257s] adding license file 'LICENSE'
[1.257s] writing manifest file '../../build/demo_python_service/demo_python_service.egg-info/SOURCES.txt'
[1.257s] running build
[1.258s] running build_py
[1.258s] creating /home/rho9/chapt4/chapt4_ws/build/demo_python_service/build
[1.258s] creating /home/rho9/chapt4/chapt4_ws/build/demo_python_service/build/lib
[1.258s] creating /home/rho9/chapt4/chapt4_ws/build/demo_python_service/build/lib/demo_python_service
[1.258s] copying demo_python_service/__init__.py -> /home/rho9/chapt4/chapt4_ws/build/demo_python_service/build/lib/demo_python_service
[1.258s] copying demo_python_service/learn_face_detect.py -> /home/rho9/chapt4/chapt4_ws/build/demo_python_service/build/lib/demo_python_service
[1.259s] running install
[1.265s] running install_lib
[1.279s] creating /home/rho9/chapt4/chapt4_ws/install/demo_python_service/lib/python3.12/site-packages/demo_python_service
[1.279s] copying /home/rho9/chapt4/chapt4_ws/build/demo_python_service/build/lib/demo_python_service/__init__.py -> /home/rho9/chapt4/chapt4_ws/install/demo_python_service/lib/python3.12/site-packages/demo_python_service
[1.280s] copying /home/rho9/chapt4/chapt4_ws/build/demo_python_service/build/lib/demo_python_service/learn_face_detect.py -> /home/rho9/chapt4/chapt4_ws/install/demo_python_service/lib/python3.12/site-packages/demo_python_service
[1.280s] byte-compiling /home/rho9/chapt4/chapt4_ws/install/demo_python_service/lib/python3.12/site-packages/demo_python_service/__init__.py to __init__.cpython-312.pyc
[1.281s] byte-compiling /home/rho9/chapt4/chapt4_ws/install/demo_python_service/lib/python3.12/site-packages/demo_python_service/learn_face_detect.py to learn_face_detect.cpython-312.pyc
[1.281s] running install_data
[1.281s] creating /home/rho9/chapt4/chapt4_ws/install/demo_python_service/share
[1.281s] creating /home/rho9/chapt4/chapt4_ws/install/demo_python_service/share/ament_index
[1.282s] creating /home/rho9/chapt4/chapt4_ws/install/demo_python_service/share/ament_index/resource_index
[1.282s] creating /home/rho9/chapt4/chapt4_ws/install/demo_python_service/share/ament_index/resource_index/packages
[1.283s] copying resource/demo_python_service -> /home/rho9/chapt4/chapt4_ws/install/demo_python_service/share/ament_index/resource_index/packages
[1.283s] creating /home/rho9/chapt4/chapt4_ws/install/demo_python_service/share/demo_python_service
[1.283s] copying package.xml -> /home/rho9/chapt4/chapt4_ws/install/demo_python_service/share/demo_python_service
[1.283s] creating /home/rho9/chapt4/chapt4_ws/install/demo_python_service/share/demo_python_service/resource
[1.284s] copying resource/default.jpg -> /home/rho9/chapt4/chapt4_ws/install/demo_python_service/share/demo_python_service/resource
[1.285s] running install_egg_info
[1.304s] Copying ../../build/demo_python_service/demo_python_service.egg-info to /home/rho9/chapt4/chapt4_ws/install/demo_python_service/lib/python3.12/site-packages/demo_python_service-0.0.0-py3.12.egg-info
[1.304s] running install_scripts
[1.416s] Installing learn_face_detect script to /home/rho9/chapt4/chapt4_ws/install/demo_python_service/lib/demo_python_service
[1.417s] writing list of installed files to '/home/rho9/chapt4/chapt4_ws/build/demo_python_service/install.log'
[1.448s] Invoked command in '/home/rho9/chapt4/chapt4_ws/src/demo_python_service' returned '0': PYTHONPATH=/home/rho9/chapt4/chapt4_ws/build/demo_python_service/prefix_override:/usr/lib/python3/dist-packages/colcon_core/task/python/colcon_distutils_commands:/home/rho9/chapt4/chapt4_ws/install/demo_python_service/lib/python3.12/site-packages:${PYTHONPATH} /usr/bin/python3 -W ignore:setup.py install is deprecated -W ignore:easy_install command is deprecated setup.py egg_info --egg-base ../../build/demo_python_service build --build-base /home/rho9/chapt4/chapt4_ws/build/demo_python_service/build install --record /home/rho9/chapt4/chapt4_ws/build/demo_python_service/install.log --single-version-externally-managed install_data
