[0.028s] Invoking command in '/home/rho922/chapt7/chapt7_ws/build/autopartol_interfaces': CMAKE_PREFIX_PATH=/opt/ros/humble /usr/bin/cmake /home/rho922/chapt7/chapt7_ws/src/autopartol_interfaces -DCMAKE_INSTALL_PREFIX=/home/rho922/chapt7/chapt7_ws/install/autopartol_interfaces
[0.473s] -- The C compiler identification is GNU 11.4.0
[0.865s] -- The CXX compiler identification is GNU 11.4.0
[1.496s] -- Detecting C compiler ABI info
[1.636s] -- Detecting C compiler ABI info - done
[1.642s] -- Check for working C compiler: /usr/bin/cc - skipped
[1.642s] -- Detecting C compile features
[1.643s] -- Detecting C compile features - done
[1.647s] -- Detecting CXX compiler ABI info
[1.760s] -- Detecting CXX compiler ABI info - done
[1.766s] -- Check for working CXX compiler: /usr/bin/c++ - skipped
[1.766s] -- Detecting CXX compile features
[1.767s] -- Detecting CXX compile features - done
[1.784s] -- Found ament_cmake: 1.3.14 (/opt/ros/humble/share/ament_cmake/cmake)
[1.900s] -- Found Python3: /usr/bin/python3 (found version "3.10.12") found components: Interpreter 
[2.004s] -- Found rosidl_default_generators: 1.2.1 (/opt/ros/humble/share/rosidl_default_generators/cmake)
[2.011s] -- Using all available rosidl_typesupport_c: rosidl_typesupport_fastrtps_c;rosidl_typesupport_introspection_c
[2.022s] -- Found rosidl_adapter: 3.1.8 (/opt/ros/humble/share/rosidl_adapter/cmake)
[2.180s] -- Using all available rosidl_typesupport_cpp: rosidl_typesupport_fastrtps_cpp;rosidl_typesupport_introspection_cpp
[2.225s] [31mCMake Error at CMakeLists.txt:11 (rosidl_generators_interfaces):
[2.225s]   Unknown CMake command "rosidl_generators_interfaces".
[2.225s] 
[2.225s] [0m
[2.225s] -- Configuring incomplete, errors occurred!
[2.225s] See also "/home/rho922/chapt7/chapt7_ws/build/autopartol_interfaces/CMakeFiles/CMakeOutput.log".
[2.230s] Invoked command in '/home/rho922/chapt7/chapt7_ws/build/autopartol_interfaces' returned '1': CMAKE_PREFIX_PATH=/opt/ros/humble /usr/bin/cmake /home/rho922/chapt7/chapt7_ws/src/autopartol_interfaces -DCMAKE_INSTALL_PREFIX=/home/rho922/chapt7/chapt7_ws/install/autopartol_interfaces
