[0.010s] Invoking command in '/home/rho922/chapt7/chapt7_ws/build/fishbot_description': CMAKE_PREFIX_PATH=${CMAKE_PREFIX_PATH}:/opt/ros/humble /usr/bin/cmake --build /home/rho922/chapt7/chapt7_ws/build/fishbot_description -- -j20 -l20
[0.042s] Invoked command in '/home/rho922/chapt7/chapt7_ws/build/fishbot_description' returned '0': CMAKE_PREFIX_PATH=${CMAKE_PREFIX_PATH}:/opt/ros/humble /usr/bin/cmake --build /home/rho922/chapt7/chapt7_ws/build/fishbot_description -- -j20 -l20
[0.049s] Invoking command in '/home/rho922/chapt7/chapt7_ws/build/fishbot_description': CMAKE_PREFIX_PATH=${CMAKE_PREFIX_PATH}:/opt/ros/humble /usr/bin/cmake --install /home/rho922/chapt7/chapt7_ws/build/fishbot_description
[0.053s] -- Install configuration: ""
[0.053s] -- Up-to-date: /home/rho922/chapt7/chapt7_ws/install/fishbot_description/share/fishbot_description/urdf
[0.053s] -- Up-to-date: /home/rho922/chapt7/chapt7_ws/install/fishbot_description/share/fishbot_description/urdf/fishbot
[0.053s] -- Installing: /home/rho922/chapt7/chapt7_ws/install/fishbot_description/share/fishbot_description/urdf/fishbot/fishbot.ros2_control.xacro
[0.053s] -- Up-to-date: /home/rho922/chapt7/chapt7_ws/install/fishbot_description/share/fishbot_description/urdf/fishbot/base.urdf.xacro
[0.053s] -- Up-to-date: /home/rho922/chapt7/chapt7_ws/install/fishbot_description/share/fishbot_description/urdf/fishbot/actuator
[0.053s] -- Up-to-date: /home/rho922/chapt7/chapt7_ws/install/fishbot_description/share/fishbot_description/urdf/fishbot/actuator/caster.urdf.xacro
[0.053s] -- Up-to-date: /home/rho922/chapt7/chapt7_ws/install/fishbot_description/share/fishbot_description/urdf/fishbot/actuator/wheel.urdf.xacro
[0.054s] -- Up-to-date: /home/rho922/chapt7/chapt7_ws/install/fishbot_description/share/fishbot_description/urdf/fishbot/common_inertia.xacro
[0.054s] -- Up-to-date: /home/rho922/chapt7/chapt7_ws/install/fishbot_description/share/fishbot_description/urdf/fishbot/fishbot_with_control.urdf.xacro
[0.054s] -- Up-to-date: /home/rho922/chapt7/chapt7_ws/install/fishbot_description/share/fishbot_description/urdf/fishbot/plugins
[0.054s] -- Up-to-date: /home/rho922/chapt7/chapt7_ws/install/fishbot_description/share/fishbot_description/urdf/fishbot/plugins/gazebo_sensor_plugin.xacro
[0.054s] -- Up-to-date: /home/rho922/chapt7/chapt7_ws/install/fishbot_description/share/fishbot_description/urdf/fishbot/plugins/gazebo_control_plugin.xacro
[0.054s] -- Up-to-date: /home/rho922/chapt7/chapt7_ws/install/fishbot_description/share/fishbot_description/urdf/fishbot/gazebo_diff_drive.urdf.xacro
[0.054s] -- Up-to-date: /home/rho922/chapt7/chapt7_ws/install/fishbot_description/share/fishbot_description/urdf/fishbot/fishbot.urdf.xacro
[0.054s] -- Up-to-date: /home/rho922/chapt7/chapt7_ws/install/fishbot_description/share/fishbot_description/urdf/fishbot/sensor
[0.054s] -- Up-to-date: /home/rho922/chapt7/chapt7_ws/install/fishbot_description/share/fishbot_description/urdf/fishbot/sensor/laser.urdf.xacro
[0.055s] -- Up-to-date: /home/rho922/chapt7/chapt7_ws/install/fishbot_description/share/fishbot_description/urdf/fishbot/sensor/imu.urdf.xacro
[0.055s] -- Up-to-date: /home/rho922/chapt7/chapt7_ws/install/fishbot_description/share/fishbot_description/urdf/fishbot/sensor/camera.urdf.xacro
[0.055s] -- Up-to-date: /home/rho922/chapt7/chapt7_ws/install/fishbot_description/share/fishbot_description/urdf/fishbot.urdf
[0.055s] -- Up-to-date: /home/rho922/chapt7/chapt7_ws/install/fishbot_description/share/fishbot_description/urdf/first_robot.urdf
[0.055s] -- Up-to-date: /home/rho922/chapt7/chapt7_ws/install/fishbot_description/share/fishbot_description/urdf/first_robot.gv
[0.055s] -- Up-to-date: /home/rho922/chapt7/chapt7_ws/install/fishbot_description/share/fishbot_description/urdf/first_robot.pdf
[0.055s] -- Up-to-date: /home/rho922/chapt7/chapt7_ws/install/fishbot_description/share/fishbot_description/urdf/first_robot.xacro
[0.055s] -- Up-to-date: /home/rho922/chapt7/chapt7_ws/install/fishbot_description/share/fishbot_description/launch
[0.055s] -- Up-to-date: /home/rho922/chapt7/chapt7_ws/install/fishbot_description/share/fishbot_description/launch/gazebo_sim.launch.py
[0.055s] -- Up-to-date: /home/rho922/chapt7/chapt7_ws/install/fishbot_description/share/fishbot_description/launch/display_robot.launch.py
[0.055s] -- Up-to-date: /home/rho922/chapt7/chapt7_ws/install/fishbot_description/share/fishbot_description/launch/__pycache__
[0.055s] -- Up-to-date: /home/rho922/chapt7/chapt7_ws/install/fishbot_description/share/fishbot_description/launch/__pycache__/display_robot.launch.cpython-312.pyc
[0.055s] -- Up-to-date: /home/rho922/chapt7/chapt7_ws/install/fishbot_description/share/fishbot_description/launch/install
[0.055s] -- Up-to-date: /home/rho922/chapt7/chapt7_ws/install/fishbot_description/share/fishbot_description/launch/install/local_setup.sh
[0.056s] -- Up-to-date: /home/rho922/chapt7/chapt7_ws/install/fishbot_description/share/fishbot_description/launch/install/setup.sh
[0.056s] -- Up-to-date: /home/rho922/chapt7/chapt7_ws/install/fishbot_description/share/fishbot_description/launch/install/local_setup.bash
[0.056s] -- Up-to-date: /home/rho922/chapt7/chapt7_ws/install/fishbot_description/share/fishbot_description/launch/install/setup.zsh
[0.056s] -- Up-to-date: /home/rho922/chapt7/chapt7_ws/install/fishbot_description/share/fishbot_description/launch/install/local_setup.zsh
[0.056s] -- Up-to-date: /home/rho922/chapt7/chapt7_ws/install/fishbot_description/share/fishbot_description/launch/install/COLCON_IGNORE
[0.056s] -- Up-to-date: /home/rho922/chapt7/chapt7_ws/install/fishbot_description/share/fishbot_description/launch/install/.colcon_install_layout
[0.056s] -- Up-to-date: /home/rho922/chapt7/chapt7_ws/install/fishbot_description/share/fishbot_description/launch/install/setup.bash
[0.056s] -- Up-to-date: /home/rho922/chapt7/chapt7_ws/install/fishbot_description/share/fishbot_description/launch/install/_local_setup_util_sh.py
[0.056s] -- Up-to-date: /home/rho922/chapt7/chapt7_ws/install/fishbot_description/share/fishbot_description/launch/build
[0.056s] -- Up-to-date: /home/rho922/chapt7/chapt7_ws/install/fishbot_description/share/fishbot_description/launch/build/.built_by
[0.057s] -- Up-to-date: /home/rho922/chapt7/chapt7_ws/install/fishbot_description/share/fishbot_description/launch/build/COLCON_IGNORE
[0.057s] -- Up-to-date: /home/rho922/chapt7/chapt7_ws/install/fishbot_description/share/fishbot_description/launch/log
[0.058s] -- Up-to-date: /home/rho922/chapt7/chapt7_ws/install/fishbot_description/share/fishbot_description/launch/log/build_2026-04-11_17-45-38
[0.058s] -- Up-to-date: /home/rho922/chapt7/chapt7_ws/install/fishbot_description/share/fishbot_description/launch/log/build_2026-04-11_17-45-38/events.log
[0.058s] -- Up-to-date: /home/rho922/chapt7/chapt7_ws/install/fishbot_description/share/fishbot_description/launch/log/build_2026-04-11_17-45-38/logger_all.log
[0.059s] -- Up-to-date: /home/rho922/chapt7/chapt7_ws/install/fishbot_description/share/fishbot_description/launch/log/latest_build
[0.059s] -- Up-to-date: /home/rho922/chapt7/chapt7_ws/install/fishbot_description/share/fishbot_description/launch/log/COLCON_IGNORE
[0.059s] -- Up-to-date: /home/rho922/chapt7/chapt7_ws/install/fishbot_description/share/fishbot_description/launch/log/latest
[0.060s] -- Up-to-date: /home/rho922/chapt7/chapt7_ws/install/fishbot_description/share/fishbot_description/launch/log/build_2026-04-11_17-50-56
[0.060s] -- Up-to-date: /home/rho922/chapt7/chapt7_ws/install/fishbot_description/share/fishbot_description/launch/log/build_2026-04-11_17-50-56/events.log
[0.060s] -- Up-to-date: /home/rho922/chapt7/chapt7_ws/install/fishbot_description/share/fishbot_description/launch/log/build_2026-04-11_17-50-56/logger_all.log
[0.061s] -- Up-to-date: /home/rho922/chapt7/chapt7_ws/install/fishbot_description/share/fishbot_description/launch/log/build_2026-04-11_17-46-47
[0.061s] -- Up-to-date: /home/rho922/chapt7/chapt7_ws/install/fishbot_description/share/fishbot_description/launch/log/build_2026-04-11_17-46-47/events.log
[0.061s] -- Up-to-date: /home/rho922/chapt7/chapt7_ws/install/fishbot_description/share/fishbot_description/launch/log/build_2026-04-11_17-46-47/logger_all.log
[0.062s] -- Up-to-date: /home/rho922/chapt7/chapt7_ws/install/fishbot_description/share/fishbot_description/launch/log/build_2026-04-11_17-44-05
[0.062s] -- Up-to-date: /home/rho922/chapt7/chapt7_ws/install/fishbot_description/share/fishbot_description/launch/log/build_2026-04-11_17-44-05/events.log
[0.062s] -- Up-to-date: /home/rho922/chapt7/chapt7_ws/install/fishbot_description/share/fishbot_description/launch/log/build_2026-04-11_17-44-05/logger_all.log
[0.063s] -- Up-to-date: /home/rho922/chapt7/chapt7_ws/install/fishbot_description/share/fishbot_description/world
[0.063s] -- Up-to-date: /home/rho922/chapt7/chapt7_ws/install/fishbot_description/share/fishbot_description/world/room
[0.063s] -- Up-to-date: /home/rho922/chapt7/chapt7_ws/install/fishbot_description/share/fishbot_description/world/room/model.sdf
[0.063s] -- Up-to-date: /home/rho922/chapt7/chapt7_ws/install/fishbot_description/share/fishbot_description/world/room/model.config
[0.064s] -- Up-to-date: /home/rho922/chapt7/chapt7_ws/install/fishbot_description/share/fishbot_description/world/custom_room.world
[0.064s] -- Up-to-date: /home/rho922/chapt7/chapt7_ws/install/fishbot_description/share/fishbot_description/config
[0.064s] -- Up-to-date: /home/rho922/chapt7/chapt7_ws/install/fishbot_description/share/fishbot_description/config/displsy_robot_model.rviz
[0.065s] -- Installing: /home/rho922/chapt7/chapt7_ws/install/fishbot_description/share/fishbot_description/config/fishbot_ros2_controller.yaml
[0.065s] -- Up-to-date: /home/rho922/chapt7/chapt7_ws/install/fishbot_description/share/ament_index/resource_index/package_run_dependencies/fishbot_description
[0.065s] -- Up-to-date: /home/rho922/chapt7/chapt7_ws/install/fishbot_description/share/ament_index/resource_index/parent_prefix_path/fishbot_description
[0.065s] -- Up-to-date: /home/rho922/chapt7/chapt7_ws/install/fishbot_description/share/fishbot_description/environment/ament_prefix_path.sh
[0.065s] -- Up-to-date: /home/rho922/chapt7/chapt7_ws/install/fishbot_description/share/fishbot_description/environment/ament_prefix_path.dsv
[0.066s] -- Up-to-date: /home/rho922/chapt7/chapt7_ws/install/fishbot_description/share/fishbot_description/environment/path.sh
[0.066s] -- Up-to-date: /home/rho922/chapt7/chapt7_ws/install/fishbot_description/share/fishbot_description/environment/path.dsv
[0.066s] -- Up-to-date: /home/rho922/chapt7/chapt7_ws/install/fishbot_description/share/fishbot_description/local_setup.bash
[0.066s] -- Up-to-date: /home/rho922/chapt7/chapt7_ws/install/fishbot_description/share/fishbot_description/local_setup.sh
[0.066s] -- Up-to-date: /home/rho922/chapt7/chapt7_ws/install/fishbot_description/share/fishbot_description/local_setup.zsh
[0.066s] -- Up-to-date: /home/rho922/chapt7/chapt7_ws/install/fishbot_description/share/fishbot_description/local_setup.dsv
[0.067s] -- Installing: /home/rho922/chapt7/chapt7_ws/install/fishbot_description/share/fishbot_description/package.dsv
[0.067s] -- Up-to-date: /home/rho922/chapt7/chapt7_ws/install/fishbot_description/share/ament_index/resource_index/packages/fishbot_description
[0.068s] -- Up-to-date: /home/rho922/chapt7/chapt7_ws/install/fishbot_description/share/fishbot_description/cmake/fishbot_descriptionConfig.cmake
[0.068s] -- Up-to-date: /home/rho922/chapt7/chapt7_ws/install/fishbot_description/share/fishbot_description/cmake/fishbot_descriptionConfig-version.cmake
[0.069s] -- Up-to-date: /home/rho922/chapt7/chapt7_ws/install/fishbot_description/share/fishbot_description/package.xml
[0.069s] Invoked command in '/home/rho922/chapt7/chapt7_ws/build/fishbot_description' returned '0': CMAKE_PREFIX_PATH=${CMAKE_PREFIX_PATH}:/opt/ros/humble /usr/bin/cmake --install /home/rho922/chapt7/chapt7_ws/build/fishbot_description
