[0.319s] Invoking command in '/home/rho9/chapt3/topic_practise_ws/build/status_display': AMENT_PREFIX_PATH=/home/rho9/chapt3/topic_practise_ws/install/status_interfaces:${AMENT_PREFIX_PATH} CMAKE_PREFIX_PATH=/home/rho9/chapt3/topic_practise_ws/install/status_interfaces:/opt/ros/jazzy/opt/gz_math_vendor:/opt/ros/jazzy/opt/gz_utils_vendor:/opt/ros/jazzy/opt/gz_cmake_vendor:/opt/ros/jazzy LD_LIBRARY_PATH=/home/rho9/chapt3/topic_practise_ws/install/status_interfaces/lib:${LD_LIBRARY_PATH} PYTHONPATH=/home/rho9/chapt3/topic_practise_ws/install/status_interfaces/lib/python3.12/site-packages:${PYTHONPATH} /usr/bin/cmake --build /home/rho9/chapt3/topic_practise_ws/build/status_display -- -j20 -l20
[0.375s] [ 50%] Built target hello_qt
[0.387s] [ 75%] [32mBuilding CXX object CMakeFiles/sys_status_display.dir/src/sys_status_display.cpp.o[0m
[3.544s] [01m[K/home/rho9/chapt3/topic_practise_ws/src/status_display/src/sys_status_display.cpp:[m[K In lambda function:
[3.544s] [01m[K/home/rho9/chapt3/topic_practise_ws/src/status_display/src/sys_status_display.cpp:23:13:[m[K [01;31m[Kerror: [m[K‘[01m[Klabel[m[K’ was not declared in this scope; did you mean ‘[01m[Klabel_[m[K’?
[3.544s]    23 |             [01;31m[Klabel[m[K->steText(get_qstr_from_msg(msg));
[3.544s]       |             [01;31m[K^~~~~[m[K
[3.544s]       |             [32m[Klabel_[m[K
[3.547s] [01m[K/home/rho9/chapt3/topic_practise_ws/src/status_display/src/sys_status_display.cpp:[m[K In constructor ‘[01m[KSysStatusDisplay::[01;32m[KSysStatusDisplay[m[K()[m[K’:
[3.547s] [01m[K/home/rho9/chapt3/topic_practise_ws/src/status_display/src/sys_status_display.cpp:26:9:[m[K [01;31m[Kerror: [m[Kexpected ‘[01m[K;[m[K’ before ‘[01m[Klabel_[m[K’
[3.548s]    26 |         [01;31m[Klabel_[m[K->show();
[3.548s]       |         [01;31m[K^~~~~~[m[K
[3.551s] [01m[K/home/rho9/chapt3/topic_practise_ws/src/status_display/src/sys_status_display.cpp:[m[K In member function ‘[01m[KQString SysStatusDisplay::[01;32m[Kget_qstr_from_msg[m[K(status_interfaces::msg::SystemStatus_<std::allocator<void> >::SharedPtr)[m[K’:
[3.551s] [01m[K/home/rho9/chapt3/topic_practise_ws/src/status_display/src/sys_status_display.cpp:36:40:[m[K [01;31m[Kerror: [m[K‘[01m[Kusing std::__shared_ptr_access<status_interfaces::msg::SystemStatus_<std::allocator<void> >, __gnu_cxx::_S_atomic, false, false>::element_type = struct status_interfaces::msg::SystemStatus_<std::allocator<void> >[m[K’ {aka ‘[01m[Kstruct status_interfaces::msg::SystemStatus_<std::allocator<void> >[m[K’} has no member named ‘[01m[Kmemory_availble[m[K’; did you mean ‘[01m[Kmemory_available[m[K’?
[3.551s]    36 |                  <<"剩余内存\t"<< msg->[01;31m[Kmemory_availble[m[K << endl
[3.551s]       |                                        [01;31m[K^~~~~~~~~~~~~~~[m[K
[3.551s]       |                                        [32m[Kmemory_available[m[K
[3.551s] [01m[K/home/rho9/chapt3/topic_practise_ws/src/status_display/src/sys_status_display.cpp:37:42:[m[K [01;31m[Kerror: [m[K‘[01m[Kusing std::__shared_ptr_access<status_interfaces::msg::SystemStatus_<std::allocator<void> >, __gnu_cxx::_S_atomic, false, false>::element_type = struct status_interfaces::msg::SystemStatus_<std::allocator<void> >[m[K’ {aka ‘[01m[Kstruct status_interfaces::msg::SystemStatus_<std::allocator<void> >[m[K’} has no member named ‘[01m[Knet_send_pkg[m[K’
[3.551s]    37 |                  <<"网络发送量\t"<< msg->[01;31m[Knet_send_pkg[m[K << endl
[3.552s]       |                                          [01;31m[K^~~~~~~~~~~~[m[K
[5.785s] gmake[2]: *** [CMakeFiles/sys_status_display.dir/build.make:76: CMakeFiles/sys_status_display.dir/src/sys_status_display.cpp.o] Error 1
[5.786s] gmake[1]: *** [CMakeFiles/Makefile2:165: CMakeFiles/sys_status_display.dir/all] Error 2
[5.786s] gmake: *** [Makefile:146: all] Error 2
[5.789s] Invoked command in '/home/rho9/chapt3/topic_practise_ws/build/status_display' returned '2': AMENT_PREFIX_PATH=/home/rho9/chapt3/topic_practise_ws/install/status_interfaces:${AMENT_PREFIX_PATH} CMAKE_PREFIX_PATH=/home/rho9/chapt3/topic_practise_ws/install/status_interfaces:/opt/ros/jazzy/opt/gz_math_vendor:/opt/ros/jazzy/opt/gz_utils_vendor:/opt/ros/jazzy/opt/gz_cmake_vendor:/opt/ros/jazzy LD_LIBRARY_PATH=/home/rho9/chapt3/topic_practise_ws/install/status_interfaces/lib:${LD_LIBRARY_PATH} PYTHONPATH=/home/rho9/chapt3/topic_practise_ws/install/status_interfaces/lib/python3.12/site-packages:${PYTHONPATH} /usr/bin/cmake --build /home/rho9/chapt3/topic_practise_ws/build/status_display -- -j20 -l20
