[0.022s] Invoking command in '/home/rho9/chapt4/chapt4_ws/src/build/chapt4_interfaces': /usr/bin/cmake --build /home/rho9/chapt4/chapt4_ws/src/build/chapt4_interfaces -- -j20 -l20
[0.112s] -- Found ament_cmake: 2.5.5 (/opt/ros/jazzy/share/ament_cmake/cmake)
[0.275s] -- Found rosidl_default_generators: 1.6.0 (/opt/ros/jazzy/share/rosidl_default_generators/cmake)
[0.282s] -- Using all available rosidl_typesupport_c: rosidl_typesupport_fastrtps_c;rosidl_typesupport_introspection_c
[0.490s] -- Using all available rosidl_typesupport_cpp: rosidl_typesupport_fastrtps_cpp;rosidl_typesupport_introspection_cpp
[0.540s] -- Found rosidl_adapter: 4.6.7 (/opt/ros/jazzy/share/rosidl_adapter/cmake)
[0.545s] -- Found sensor_msgs: 5.3.6 (/opt/ros/jazzy/share/sensor_msgs/cmake)
[0.869s] Error parsing '/home/rho9/chapt4/chapt4_ws/src/chapt4_interfaces/package.xml':
[2.530s] Traceback (most recent call last):
[2.530s]   File "/usr/lib/python3/dist-packages/catkin_pkg/package.py", line 610, in parse_package_string
[2.531s]     root = dom.parseString(data)
[2.531s]            ^^^^^^^^^^^^^^^^^^^^^
[2.531s]   File "/usr/lib/python3.12/xml/dom/minidom.py", line 1995, in parseString
[2.531s]     return expatbuilder.parseString(string)
[2.531s]            ^^^^^^^^^^^^^^^^^^^^^^^^^^^^^^^^
[2.531s]   File "/usr/lib/python3.12/xml/dom/expatbuilder.py", line 922, in parseString
[2.531s]     return builder.parseString(string)
[2.531s]            ^^^^^^^^^^^^^^^^^^^^^^^^^^^
[2.531s]   File "/usr/lib/python3.12/xml/dom/expatbuilder.py", line 220, in parseString
[2.531s]     parser.Parse(string, True)
[2.531s] xml.parsers.expat.ExpatError: not well-formed (invalid token): line 7, column 20
[2.531s] 
[2.531s] During handling of the above exception, another exception occurred:
[2.531s] 
[2.531s] Traceback (most recent call last):
[2.531s]   File "/opt/ros/jazzy/share/ament_cmake_core/cmake/core/package_xml_2_cmake.py", line 150, in <module>
[2.531s]     main()
[2.531s]   File "/opt/ros/jazzy/share/ament_cmake_core/cmake/core/package_xml_2_cmake.py", line 53, in main
[2.531s]     raise e
[2.531s]   File "/opt/ros/jazzy/share/ament_cmake_core/cmake/core/package_xml_2_cmake.py", line 49, in main
[2.531s]     package = parse_package_string(
[2.532s]               ^^^^^^^^^^^^^^^^^^^^^
[2.532s]   File "/usr/lib/python3/dist-packages/catkin_pkg/package.py", line 612, in parse_package_string
[2.532s]     raise InvalidPackage('The manifest contains invalid XML:\n%s' % ex, filename)
[2.532s] catkin_pkg.package.InvalidPackage: Error(s) in package '/home/rho9/chapt4/chapt4_ws/src/chapt4_interfaces/package.xml':
[2.532s] The manifest contains invalid XML:
[2.532s] not well-formed (invalid token): line 7, column 20
[2.565s] [31mCMake Error at /opt/ros/jazzy/share/ament_cmake_core/cmake/core/ament_package_xml.cmake:95 (message):
[2.565s]   execute_process(/usr/bin/python3
[2.566s]   /opt/ros/jazzy/share/ament_cmake_core/cmake/core/package_xml_2_cmake.py
[2.566s]   /home/rho9/chapt4/chapt4_ws/src/chapt4_interfaces/package.xml
[2.566s]   /home/rho9/chapt4/chapt4_ws/src/build/chapt4_interfaces/ament_cmake_core/package.cmake)
[2.566s]   returned error code 1
[2.566s] Call Stack (most recent call first):
[2.566s]   /opt/ros/jazzy/share/ament_cmake_core/cmake/core/ament_package_xml.cmake:49 (_ament_package_xml)
[2.566s]   /opt/ros/jazzy/share/rosidl_cmake/cmake/rosidl_generate_interfaces.cmake:220 (ament_package_xml)
[2.566s]   CMakeLists.txt:13 (rosidl_generate_interfaces)
[2.566s] 
[2.566s] [0m
[2.566s] -- Configuring incomplete, errors occurred!
[2.574s] gmake: *** [Makefile:815: cmake_check_build_system] Error 1
[2.576s] Invoked command in '/home/rho9/chapt4/chapt4_ws/src/build/chapt4_interfaces' returned '2': /usr/bin/cmake --build /home/rho9/chapt4/chapt4_ws/src/build/chapt4_interfaces -- -j20 -l20
