[0.846s] Invoking command in '/home/rho922/chapt7/chapt7_ws/src/fishbot_application': PYTHONPATH=/home/rho922/chapt7/chapt7_ws/build/fishbot_application/prefix_override:/usr/lib/python3/dist-packages/colcon_core/task/python/colcon_distutils_commands:/home/rho922/chapt7/chapt7_ws/install/fishbot_application/lib/python3.10/site-packages:${PYTHONPATH} /usr/bin/python3 -W ignore:setup.py install is deprecated -W ignore:easy_install command is deprecated setup.py egg_info --egg-base ../../build/fishbot_application build --build-base /home/rho922/chapt7/chapt7_ws/build/fishbot_application/build install --record /home/rho922/chapt7/chapt7_ws/build/fishbot_application/install.log --single-version-externally-managed install_data
[1.158s] running egg_info
[1.160s] writing ../../build/fishbot_application/fishbot_application.egg-info/PKG-INFO
[1.160s] writing dependency_links to ../../build/fishbot_application/fishbot_application.egg-info/dependency_links.txt
[1.161s] writing entry points to ../../build/fishbot_application/fishbot_application.egg-info/entry_points.txt
[1.161s] writing requirements to ../../build/fishbot_application/fishbot_application.egg-info/requires.txt
[1.161s] writing top-level names to ../../build/fishbot_application/fishbot_application.egg-info/top_level.txt
[1.164s] reading manifest file '../../build/fishbot_application/fishbot_application.egg-info/SOURCES.txt'
[1.164s] adding license file 'LICENSE'
[1.166s] writing manifest file '../../build/fishbot_application/fishbot_application.egg-info/SOURCES.txt'
[1.166s] running build
[1.166s] running build_py
[1.167s] copying fishbot_application/waypoint_follower.py -> /home/rho922/chapt7/chapt7_ws/build/fishbot_application/build/lib/fishbot_application
[1.167s] running install
[1.167s] running install_lib
[1.168s] copying /home/rho922/chapt7/chapt7_ws/build/fishbot_application/build/lib/fishbot_application/waypoint_follower.py -> /home/rho922/chapt7/chapt7_ws/install/fishbot_application/lib/python3.10/site-packages/fishbot_application
[1.169s] byte-compiling /home/rho922/chapt7/chapt7_ws/install/fishbot_application/lib/python3.10/site-packages/fishbot_application/waypoint_follower.py to waypoint_follower.cpython-310.pyc
[1.170s] running install_data
[1.170s] running install_egg_info
[1.173s] removing '/home/rho922/chapt7/chapt7_ws/install/fishbot_application/lib/python3.10/site-packages/fishbot_application-0.0.0-py3.10.egg-info' (and everything under it)
[1.173s] Copying ../../build/fishbot_application/fishbot_application.egg-info to /home/rho922/chapt7/chapt7_ws/install/fishbot_application/lib/python3.10/site-packages/fishbot_application-0.0.0-py3.10.egg-info
[1.175s] running install_scripts
[1.205s] Installing get_robot_pose script to /home/rho922/chapt7/chapt7_ws/install/fishbot_application/lib/fishbot_application
[1.206s] Installing init_robot_pose script to /home/rho922/chapt7/chapt7_ws/install/fishbot_application/lib/fishbot_application
[1.206s] Installing nav_to_pose script to /home/rho922/chapt7/chapt7_ws/install/fishbot_application/lib/fishbot_application
[1.206s] Installing waypoint_follower script to /home/rho922/chapt7/chapt7_ws/install/fishbot_application/lib/fishbot_application
[1.207s] writing list of installed files to '/home/rho922/chapt7/chapt7_ws/build/fishbot_application/install.log'
[1.236s] Invoked command in '/home/rho922/chapt7/chapt7_ws/src/fishbot_application' returned '0': PYTHONPATH=/home/rho922/chapt7/chapt7_ws/build/fishbot_application/prefix_override:/usr/lib/python3/dist-packages/colcon_core/task/python/colcon_distutils_commands:/home/rho922/chapt7/chapt7_ws/install/fishbot_application/lib/python3.10/site-packages:${PYTHONPATH} /usr/bin/python3 -W ignore:setup.py install is deprecated -W ignore:easy_install command is deprecated setup.py egg_info --egg-base ../../build/fishbot_application build --build-base /home/rho922/chapt7/chapt7_ws/build/fishbot_application/build install --record /home/rho922/chapt7/chapt7_ws/build/fishbot_application/install.log --single-version-externally-managed install_data
