[ 50%] Built target hello_qt
[ 75%] [32mBuilding CXX object CMakeFiles/sys_status_display.dir/src/sys_status_display.cpp.o[0m
[01m[K/home/rho9/chapt3/topic_practise_ws/src/status_display/src/sys_status_display.cpp:[m[K In constructor ‘[01m[KSysStatusDisplay::[01;32m[KSysStatusDisplay[m[K()[m[K’:
[01m[K/home/rho9/chapt3/topic_practise_ws/src/status_display/src/sys_status_display.cpp:20:9:[m[K [01;31m[Kerror: [m[K‘[01m[Ksubscriber_[m[K’ was not declared in this scope; did you mean ‘[01m[Ksubcriber_[m[K’?
   20 |         [01;31m[Ksubscriber_[m[K = this->createsubscription<SystemStatus>("sys_status",10,[&](
      |         [01;31m[K^~~~~~~~~~~[m[K
      |         [32m[Ksubcriber_[m[K
[01m[K/home/rho9/chapt3/topic_practise_ws/src/status_display/src/sys_status_display.cpp:20:29:[m[K [01;31m[Kerror: [m[K‘[01m[Kclass SysStatusDisplay[m[K’ has no member named ‘[01m[Kcreatesubscription[m[K’; did you mean ‘[01m[Kcreate_subscription[m[K’?
   20 |         subscriber_ = this->[01;31m[Kcreatesubscription[m[K<SystemStatus>("sys_status",10,[&](
      |                             [01;31m[K^~~~~~~~~~~~~~~~~~[m[K
      |                             [32m[Kcreate_subscription[m[K
[01m[K/home/rho9/chapt3/topic_practise_ws/src/status_display/src/sys_status_display.cpp:20:60:[m[K [01;31m[Kerror: [m[Kexpected primary-expression before ‘[01m[K>[m[K’ token
   20 |         subscriber_ = this->createsubscription<SystemStatus[01;31m[K>[m[K("sys_status",10,[&](
      |                                                            [01;31m[K^[m[K
[01m[K/home/rho9/chapt3/topic_practise_ws/src/status_display/src/sys_status_display.cpp:20:62:[m[K [01;35m[Kwarning: [m[Kleft operand of comma operator has no effect [[01;35m[K]8;;https://gcc.gnu.org/onlinedocs/gcc/Warning-Options.html#index-Wunused-value-Wunused-value]8;;[m[K]
   20 |         subscriber_ = this->createsubscription<SystemStatus>([01;35m[K"sys_status"[m[K,10,[&](
      |                                                              [01;35m[K^~~~~~~~~~~~[m[K
[01m[K/home/rho9/chapt3/topic_practise_ws/src/status_display/src/sys_status_display.cpp:[m[K In lambda function:
[01m[K/home/rho9/chapt3/topic_practise_ws/src/status_display/src/sys_status_display.cpp:23:13:[m[K [01;31m[Kerror: [m[K‘[01m[Klabel[m[K’ was not declared in this scope; did you mean ‘[01m[Klabel_[m[K’?
   23 |             [01;31m[Klabel[m[K->steText(get_qstr_frommas(msg));
      |             [01;31m[K^~~~~[m[K
      |             [32m[Klabel_[m[K
[01m[K/home/rho9/chapt3/topic_practise_ws/src/status_display/src/sys_status_display.cpp:23:28:[m[K [01;31m[Kerror: [m[K‘[01m[Kget_qstr_frommas[m[K’ was not declared in this scope; did you mean ‘[01m[Kget_qstr_from_msg[m[K’?
   23 |             label->steText([01;31m[Kget_qstr_frommas[m[K(msg));
      |                            [01;31m[K^~~~~~~~~~~~~~~~[m[K
      |                            [32m[Kget_qstr_from_msg[m[K
[01m[K/home/rho9/chapt3/topic_practise_ws/src/status_display/src/sys_status_display.cpp:[m[K In constructor ‘[01m[KSysStatusDisplay::[01;32m[KSysStatusDisplay[m[K()[m[K’:
[01m[K/home/rho9/chapt3/topic_practise_ws/src/status_display/src/sys_status_display.cpp:24:9:[m[K [01;35m[Kwarning: [m[Kright operand of comma operator has no effect [[01;35m[K]8;;https://gcc.gnu.org/onlinedocs/gcc/Warning-Options.html#index-Wunused-value-Wunused-value]8;;[m[K]
   24 |         [01;35m[K}[m[K);
      |         [01;35m[K^[m[K
[01m[K/home/rho9/chapt3/topic_practise_ws/src/status_display/src/sys_status_display.cpp:26:9:[m[K [01;31m[Kerror: [m[Kexpected ‘[01m[K;[m[K’ before ‘[01m[Klabel_[m[K’
   26 |         [01;31m[Klabel_[m[K->show();
      |         [01;31m[K^~~~~~[m[K
[01m[K/home/rho9/chapt3/topic_practise_ws/src/status_display/src/sys_status_display.cpp:[m[K In member function ‘[01m[KQString SysStatusDisplay::[01;32m[Kget_qstr_from_msg[m[K(status_interfaces::msg::SystemStatus_<std::allocator<void> >::SharedPtr)[m[K’:
[01m[K/home/rho9/chapt3/topic_practise_ws/src/status_display/src/sys_status_display.cpp:36:40:[m[K [01;31m[Kerror: [m[K‘[01m[Kusing std::__shared_ptr_access<status_interfaces::msg::SystemStatus_<std::allocator<void> >, __gnu_cxx::_S_atomic, false, false>::element_type = struct status_interfaces::msg::SystemStatus_<std::allocator<void> >[m[K’ {aka ‘[01m[Kstruct status_interfaces::msg::SystemStatus_<std::allocator<void> >[m[K’} has no member named ‘[01m[Kmemory_availble[m[K’; did you mean ‘[01m[Kmemory_available[m[K’?
   36 |                  <<"剩余内存\t"<< msg->[01;31m[Kmemory_availble[m[K << endl
      |                                        [01;31m[K^~~~~~~~~~~~~~~[m[K
      |                                        [32m[Kmemory_available[m[K
[01m[K/home/rho9/chapt3/topic_practise_ws/src/status_display/src/sys_status_display.cpp:37:42:[m[K [01;31m[Kerror: [m[K‘[01m[Kusing std::__shared_ptr_access<status_interfaces::msg::SystemStatus_<std::allocator<void> >, __gnu_cxx::_S_atomic, false, false>::element_type = struct status_interfaces::msg::SystemStatus_<std::allocator<void> >[m[K’ {aka ‘[01m[Kstruct status_interfaces::msg::SystemStatus_<std::allocator<void> >[m[K’} has no member named ‘[01m[Knet_send[m[K’; did you mean ‘[01m[Knet_cent[m[K’?
   37 |                  <<"网络发送量\t"<< msg->[01;31m[Knet_send[m[K << endl
      |                                          [01;31m[K^~~~~~~~[m[K
      |                                          [32m[Knet_cent[m[K
[01m[K/home/rho9/chapt3/topic_practise_ws/src/status_display/src/sys_status_display.cpp:[m[K In lambda function:
[01m[K/home/rho9/chapt3/topic_practise_ws/src/status_display/src/sys_status_display.cpp:50:22:[m[K [01;31m[Kerror: [m[K‘[01m[Knode[m[K’ is not captured
   50 |         rclcpp::spin([01;31m[Knode[m[K);
      |                      [01;31m[K^~~~[m[K
[01m[K/home/rho9/chapt3/topic_practise_ws/src/status_display/src/sys_status_display.cpp:49:25:[m[K [01;36m[Knote: [m[Kthe lambda has no capture-default
   49 |     thread spin_thread([[01;36m[K][m[K()->void{
      |                         [01;36m[K^[m[K
[01m[K/home/rho9/chapt3/topic_practise_ws/src/status_display/src/sys_status_display.cpp:48:10:[m[K [01;36m[Knote: [m[K‘[01m[Kstd::shared_ptr<SysStatusDisplay> node[m[K’ declared here
   48 |     auto [01;36m[Knode[m[K = std::make_shared<SysStatusDisplay>();
      |          [01;36m[K^~~~[m[K
gmake[2]: *** [CMakeFiles/sys_status_display.dir/build.make:76: CMakeFiles/sys_status_display.dir/src/sys_status_display.cpp.o] Error 1
gmake[1]: *** [CMakeFiles/Makefile2:165: CMakeFiles/sys_status_display.dir/all] Error 2
gmake: *** [Makefile:146: all] Error 2
