[0.950s] Invoking command in '/home/rho922/chapt7/chapt7_ws/build/fishbot_description': CMAKE_PREFIX_PATH=${CMAKE_PREFIX_PATH}:/home/rho922/chapt7/chapt7_ws/install/fishbot_application:/home/rho922/chapt7/chapt7_ws/install/autopartol_robot:/opt/ros/humble /usr/bin/cmake --build /home/rho922/chapt7/chapt7_ws/build/fishbot_description -- -j20 -l20
[1.013s] Invoked command in '/home/rho922/chapt7/chapt7_ws/build/fishbot_description' returned '0': CMAKE_PREFIX_PATH=${CMAKE_PREFIX_PATH}:/home/rho922/chapt7/chapt7_ws/install/fishbot_application:/home/rho922/chapt7/chapt7_ws/install/autopartol_robot:/opt/ros/humble /usr/bin/cmake --build /home/rho922/chapt7/chapt7_ws/build/fishbot_description -- -j20 -l20
[1.017s] Invoking command in '/home/rho922/chapt7/chapt7_ws/build/fishbot_description': CMAKE_PREFIX_PATH=${CMAKE_PREFIX_PATH}:/home/rho922/chapt7/chapt7_ws/install/fishbot_application:/home/rho922/chapt7/chapt7_ws/install/autopartol_robot:/opt/ros/humble /usr/bin/cmake --install /home/rho922/chapt7/chapt7_ws/build/fishbot_description
[1.030s] -- Install configuration: ""
[1.032s] -- Up-to-date: /home/rho922/chapt7/chapt7_ws/install/fishbot_description/share/fishbot_description/urdf
[1.032s] -- Up-to-date: /home/rho922/chapt7/chapt7_ws/install/fishbot_description/share/fishbot_description/urdf/fishbot
[1.033s] -- Up-to-date: /home/rho922/chapt7/chapt7_ws/install/fishbot_description/share/fishbot_description/urdf/fishbot/fishbot.ros2_control.xacro
[1.034s] -- Up-to-date: /home/rho922/chapt7/chapt7_ws/install/fishbot_description/share/fishbot_description/urdf/fishbot/base.urdf.xacro
[1.034s] -- Up-to-date: /home/rho922/chapt7/chapt7_ws/install/fishbot_description/share/fishbot_description/urdf/fishbot/actuator
[1.034s] -- Up-to-date: /home/rho922/chapt7/chapt7_ws/install/fishbot_description/share/fishbot_description/urdf/fishbot/actuator/caster.urdf.xacro
[1.034s] -- Up-to-date: /home/rho922/chapt7/chapt7_ws/install/fishbot_description/share/fishbot_description/urdf/fishbot/actuator/wheel.urdf.xacro
[1.035s] -- Up-to-date: /home/rho922/chapt7/chapt7_ws/install/fishbot_description/share/fishbot_description/urdf/fishbot/common_inertia.xacro
[1.035s] -- Up-to-date: /home/rho922/chapt7/chapt7_ws/install/fishbot_description/share/fishbot_description/urdf/fishbot/fishbot_with_control.urdf.xacro
[1.035s] -- Up-to-date: /home/rho922/chapt7/chapt7_ws/install/fishbot_description/share/fishbot_description/urdf/fishbot/plugins
[1.035s] -- Up-to-date: /home/rho922/chapt7/chapt7_ws/install/fishbot_description/share/fishbot_description/urdf/fishbot/plugins/gazebo_sensor_plugin.xacro
[1.036s] -- Up-to-date: /home/rho922/chapt7/chapt7_ws/install/fishbot_description/share/fishbot_description/urdf/fishbot/plugins/gazebo_control_plugin.xacro
[1.038s] -- Up-to-date: /home/rho922/chapt7/chapt7_ws/install/fishbot_description/share/fishbot_description/urdf/fishbot/gazebo_diff_drive.urdf.xacro
[1.040s] -- Up-to-date: /home/rho922/chapt7/chapt7_ws/install/fishbot_description/share/fishbot_description/urdf/fishbot/fishbot.urdf.xacro
[1.041s] -- Up-to-date: /home/rho922/chapt7/chapt7_ws/install/fishbot_description/share/fishbot_description/urdf/fishbot/sensor
[1.043s] -- Up-to-date: /home/rho922/chapt7/chapt7_ws/install/fishbot_description/share/fishbot_description/urdf/fishbot/sensor/laser.urdf.xacro
[1.043s] -- Up-to-date: /home/rho922/chapt7/chapt7_ws/install/fishbot_description/share/fishbot_description/urdf/fishbot/sensor/imu.urdf.xacro
[1.044s] -- Up-to-date: /home/rho922/chapt7/chapt7_ws/install/fishbot_description/share/fishbot_description/urdf/fishbot/sensor/camera.urdf.xacro
[1.044s] -- Up-to-date: /home/rho922/chapt7/chapt7_ws/install/fishbot_description/share/fishbot_description/urdf/fishbot.urdf
[1.044s] -- Up-to-date: /home/rho922/chapt7/chapt7_ws/install/fishbot_description/share/fishbot_description/urdf/first_robot.urdf
[1.045s] -- Up-to-date: /home/rho922/chapt7/chapt7_ws/install/fishbot_description/share/fishbot_description/urdf/first_robot.gv
[1.047s] -- Up-to-date: /home/rho922/chapt7/chapt7_ws/install/fishbot_description/share/fishbot_description/urdf/first_robot.pdf
[1.048s] -- Up-to-date: /home/rho922/chapt7/chapt7_ws/install/fishbot_description/share/fishbot_description/urdf/first_robot.xacro
[1.048s] -- Up-to-date: /home/rho922/chapt7/chapt7_ws/install/fishbot_description/share/fishbot_description/launch
[1.048s] -- Up-to-date: /home/rho922/chapt7/chapt7_ws/install/fishbot_description/share/fishbot_description/launch/gazebo_sim.launch.py
[1.049s] -- Up-to-date: /home/rho922/chapt7/chapt7_ws/install/fishbot_description/share/fishbot_description/launch/display_robot.launch.py
[1.050s] -- Up-to-date: /home/rho922/chapt7/chapt7_ws/install/fishbot_description/share/fishbot_description/launch/__pycache__
[1.051s] -- Up-to-date: /home/rho922/chapt7/chapt7_ws/install/fishbot_description/share/fishbot_description/launch/__pycache__/display_robot.launch.cpython-312.pyc
[1.051s] -- Up-to-date: /home/rho922/chapt7/chapt7_ws/install/fishbot_description/share/fishbot_description/launch/install
[1.052s] -- Up-to-date: /home/rho922/chapt7/chapt7_ws/install/fishbot_description/share/fishbot_description/launch/install/local_setup.sh
[1.052s] -- Up-to-date: /home/rho922/chapt7/chapt7_ws/install/fishbot_description/share/fishbot_description/launch/install/setup.sh
[1.053s] -- Up-to-date: /home/rho922/chapt7/chapt7_ws/install/fishbot_description/share/fishbot_description/launch/install/local_setup.bash
[1.053s] -- Up-to-date: /home/rho922/chapt7/chapt7_ws/install/fishbot_description/share/fishbot_description/launch/install/setup.zsh
[1.054s] -- Up-to-date: /home/rho922/chapt7/chapt7_ws/install/fishbot_description/share/fishbot_description/launch/install/local_setup.zsh
[1.055s] -- Up-to-date: /home/rho922/chapt7/chapt7_ws/install/fishbot_description/share/fishbot_description/launch/install/COLCON_IGNORE
[1.055s] -- Up-to-date: /home/rho922/chapt7/chapt7_ws/install/fishbot_description/share/fishbot_description/launch/install/.colcon_install_layout
[1.056s] -- Up-to-date: /home/rho922/chapt7/chapt7_ws/install/fishbot_description/share/fishbot_description/launch/install/setup.bash
[1.057s] -- Up-to-date: /home/rho922/chapt7/chapt7_ws/install/fishbot_description/share/fishbot_description/launch/install/_local_setup_util_sh.py
[1.057s] -- Up-to-date: /home/rho922/chapt7/chapt7_ws/install/fishbot_description/share/fishbot_description/launch/build
[1.057s] -- Up-to-date: /home/rho922/chapt7/chapt7_ws/install/fishbot_description/share/fishbot_description/launch/build/.built_by
[1.057s] -- Up-to-date: /home/rho922/chapt7/chapt7_ws/install/fishbot_description/share/fishbot_description/launch/build/COLCON_IGNORE
[1.058s] -- Up-to-date: /home/rho922/chapt7/chapt7_ws/install/fishbot_description/share/fishbot_description/launch/log
[1.058s] -- Up-to-date: /home/rho922/chapt7/chapt7_ws/install/fishbot_description/share/fishbot_description/launch/log/build_2026-04-11_17-45-38
[1.059s] -- Up-to-date: /home/rho922/chapt7/chapt7_ws/install/fishbot_description/share/fishbot_description/launch/log/build_2026-04-11_17-45-38/events.log
[1.060s] -- Up-to-date: /home/rho922/chapt7/chapt7_ws/install/fishbot_description/share/fishbot_description/launch/log/build_2026-04-11_17-45-38/logger_all.log
[1.060s] -- Up-to-date: /home/rho922/chapt7/chapt7_ws/install/fishbot_description/share/fishbot_description/launch/log/latest_build
[1.060s] -- Up-to-date: /home/rho922/chapt7/chapt7_ws/install/fishbot_description/share/fishbot_description/launch/log/COLCON_IGNORE
[1.062s] -- Up-to-date: /home/rho922/chapt7/chapt7_ws/install/fishbot_description/share/fishbot_description/launch/log/latest
[1.063s] -- Up-to-date: /home/rho922/chapt7/chapt7_ws/install/fishbot_description/share/fishbot_description/launch/log/build_2026-04-11_17-50-56
[1.063s] -- Up-to-date: /home/rho922/chapt7/chapt7_ws/install/fishbot_description/share/fishbot_description/launch/log/build_2026-04-11_17-50-56/events.log
[1.063s] -- Up-to-date: /home/rho922/chapt7/chapt7_ws/install/fishbot_description/share/fishbot_description/launch/log/build_2026-04-11_17-50-56/logger_all.log
[1.063s] -- Up-to-date: /home/rho922/chapt7/chapt7_ws/install/fishbot_description/share/fishbot_description/launch/log/build_2026-04-11_17-46-47
[1.063s] -- Up-to-date: /home/rho922/chapt7/chapt7_ws/install/fishbot_description/share/fishbot_description/launch/log/build_2026-04-11_17-46-47/events.log
[1.064s] -- Up-to-date: /home/rho922/chapt7/chapt7_ws/install/fishbot_description/share/fishbot_description/launch/log/build_2026-04-11_17-46-47/logger_all.log
[1.064s] -- Up-to-date: /home/rho922/chapt7/chapt7_ws/install/fishbot_description/share/fishbot_description/launch/log/build_2026-04-11_17-44-05
[1.064s] -- Up-to-date: /home/rho922/chapt7/chapt7_ws/install/fishbot_description/share/fishbot_description/launch/log/build_2026-04-11_17-44-05/events.log
[1.064s] -- Up-to-date: /home/rho922/chapt7/chapt7_ws/install/fishbot_description/share/fishbot_description/launch/log/build_2026-04-11_17-44-05/logger_all.log
[1.065s] -- Up-to-date: /home/rho922/chapt7/chapt7_ws/install/fishbot_description/share/fishbot_description/world
[1.066s] -- Up-to-date: /home/rho922/chapt7/chapt7_ws/install/fishbot_description/share/fishbot_description/world/room
[1.066s] -- Up-to-date: /home/rho922/chapt7/chapt7_ws/install/fishbot_description/share/fishbot_description/world/room/model.sdf
[1.067s] -- Up-to-date: /home/rho922/chapt7/chapt7_ws/install/fishbot_description/share/fishbot_description/world/room/model.config
[1.069s] -- Up-to-date: /home/rho922/chapt7/chapt7_ws/install/fishbot_description/share/fishbot_description/world/custom_room.world
[1.069s] -- Up-to-date: /home/rho922/chapt7/chapt7_ws/install/fishbot_description/share/fishbot_description/config
[1.069s] -- Up-to-date: /home/rho922/chapt7/chapt7_ws/install/fishbot_description/share/fishbot_description/config/fishbot_ros2_controller.yaml
[1.069s] -- Up-to-date: /home/rho922/chapt7/chapt7_ws/install/fishbot_description/share/fishbot_description/config/rviz
[1.069s] -- Up-to-date: /home/rho922/chapt7/chapt7_ws/install/fishbot_description/share/fishbot_description/config/rviz/displsy_robot_model.rviz
[1.070s] -- Up-to-date: /home/rho922/chapt7/chapt7_ws/install/fishbot_description/share/ament_index/resource_index/package_run_dependencies/fishbot_description
[1.070s] -- Up-to-date: /home/rho922/chapt7/chapt7_ws/install/fishbot_description/share/ament_index/resource_index/parent_prefix_path/fishbot_description
[1.070s] -- Up-to-date: /home/rho922/chapt7/chapt7_ws/install/fishbot_description/share/fishbot_description/environment/ament_prefix_path.sh
[1.070s] -- Up-to-date: /home/rho922/chapt7/chapt7_ws/install/fishbot_description/share/fishbot_description/environment/ament_prefix_path.dsv
[1.070s] -- Up-to-date: /home/rho922/chapt7/chapt7_ws/install/fishbot_description/share/fishbot_description/environment/path.sh
[1.070s] -- Up-to-date: /home/rho922/chapt7/chapt7_ws/install/fishbot_description/share/fishbot_description/environment/path.dsv
[1.071s] -- Up-to-date: /home/rho922/chapt7/chapt7_ws/install/fishbot_description/share/fishbot_description/local_setup.bash
[1.071s] -- Up-to-date: /home/rho922/chapt7/chapt7_ws/install/fishbot_description/share/fishbot_description/local_setup.sh
[1.071s] -- Up-to-date: /home/rho922/chapt7/chapt7_ws/install/fishbot_description/share/fishbot_description/local_setup.zsh
[1.071s] -- Up-to-date: /home/rho922/chapt7/chapt7_ws/install/fishbot_description/share/fishbot_description/local_setup.dsv
[1.071s] -- Installing: /home/rho922/chapt7/chapt7_ws/install/fishbot_description/share/fishbot_description/package.dsv
[1.072s] -- Up-to-date: /home/rho922/chapt7/chapt7_ws/install/fishbot_description/share/ament_index/resource_index/packages/fishbot_description
[1.072s] -- Up-to-date: /home/rho922/chapt7/chapt7_ws/install/fishbot_description/share/fishbot_description/cmake/fishbot_descriptionConfig.cmake
[1.072s] -- Up-to-date: /home/rho922/chapt7/chapt7_ws/install/fishbot_description/share/fishbot_description/cmake/fishbot_descriptionConfig-version.cmake
[1.072s] -- Up-to-date: /home/rho922/chapt7/chapt7_ws/install/fishbot_description/share/fishbot_description/package.xml
[1.072s] Invoked command in '/home/rho922/chapt7/chapt7_ws/build/fishbot_description' returned '0': CMAKE_PREFIX_PATH=${CMAKE_PREFIX_PATH}:/home/rho922/chapt7/chapt7_ws/install/fishbot_application:/home/rho922/chapt7/chapt7_ws/install/autopartol_robot:/opt/ros/humble /usr/bin/cmake --install /home/rho922/chapt7/chapt7_ws/build/fishbot_description
