[1.170s] Invoking command in '/home/rho922/chapt7/chapt7_ws/src/fishbot_application': PYTHONPATH=/home/rho922/chapt7/chapt7_ws/build/fishbot_application/prefix_override:/usr/lib/python3/dist-packages/colcon_core/task/python/colcon_distutils_commands:/home/rho922/chapt7/chapt7_ws/install/fishbot_application/lib/python3.10/site-packages:${PYTHONPATH} /usr/bin/python3 -W ignore:setup.py install is deprecated -W ignore:easy_install command is deprecated setup.py egg_info --egg-base ../../build/fishbot_application build --build-base /home/rho922/chapt7/chapt7_ws/build/fishbot_application/build install --record /home/rho922/chapt7/chapt7_ws/build/fishbot_application/install.log --single-version-externally-managed install_data
[1.477s] running egg_info
[1.478s] writing ../../build/fishbot_application/fishbot_application.egg-info/PKG-INFO
[1.479s] writing dependency_links to ../../build/fishbot_application/fishbot_application.egg-info/dependency_links.txt
[1.479s] writing entry points to ../../build/fishbot_application/fishbot_application.egg-info/entry_points.txt
[1.479s] writing requirements to ../../build/fishbot_application/fishbot_application.egg-info/requires.txt
[1.479s] writing top-level names to ../../build/fishbot_application/fishbot_application.egg-info/top_level.txt
[1.481s] reading manifest file '../../build/fishbot_application/fishbot_application.egg-info/SOURCES.txt'
[1.482s] adding license file 'LICENSE'
[1.482s] writing manifest file '../../build/fishbot_application/fishbot_application.egg-info/SOURCES.txt'
[1.483s] running build
[1.483s] running build_py
[1.483s] running install
[1.484s] running install_lib
[1.486s] running install_data
[1.486s] running install_egg_info
[1.488s] removing '/home/rho922/chapt7/chapt7_ws/install/fishbot_application/lib/python3.10/site-packages/fishbot_application-0.0.0-py3.10.egg-info' (and everything under it)
[1.488s] Copying ../../build/fishbot_application/fishbot_application.egg-info to /home/rho922/chapt7/chapt7_ws/install/fishbot_application/lib/python3.10/site-packages/fishbot_application-0.0.0-py3.10.egg-info
[1.490s] running install_scripts
[1.520s] Installing get_robot_pose script to /home/rho922/chapt7/chapt7_ws/install/fishbot_application/lib/fishbot_application
[1.520s] Installing init_robot_pose script to /home/rho922/chapt7/chapt7_ws/install/fishbot_application/lib/fishbot_application
[1.521s] Installing nav_to_pose script to /home/rho922/chapt7/chapt7_ws/install/fishbot_application/lib/fishbot_application
[1.521s] Installing waypoint_follower script to /home/rho922/chapt7/chapt7_ws/install/fishbot_application/lib/fishbot_application
[1.521s] writing list of installed files to '/home/rho922/chapt7/chapt7_ws/build/fishbot_application/install.log'
[1.555s] Invoked command in '/home/rho922/chapt7/chapt7_ws/src/fishbot_application' returned '0': PYTHONPATH=/home/rho922/chapt7/chapt7_ws/build/fishbot_application/prefix_override:/usr/lib/python3/dist-packages/colcon_core/task/python/colcon_distutils_commands:/home/rho922/chapt7/chapt7_ws/install/fishbot_application/lib/python3.10/site-packages:${PYTHONPATH} /usr/bin/python3 -W ignore:setup.py install is deprecated -W ignore:easy_install command is deprecated setup.py egg_info --egg-base ../../build/fishbot_application build --build-base /home/rho922/chapt7/chapt7_ws/build/fishbot_application/build install --record /home/rho922/chapt7/chapt7_ws/build/fishbot_application/install.log --single-version-externally-managed install_data
