[0.380s] Invoking command in '/home/rho922/chapt7/chapt7_ws/build/fishbot_description': CMAKE_PREFIX_PATH=${CMAKE_PREFIX_PATH}:/home/rho922/chapt7/chapt7_ws/install/fishbot_application:/home/rho922/chapt7/chapt7_ws/install/autopartol_robot:/opt/ros/humble /usr/bin/cmake --build /home/rho922/chapt7/chapt7_ws/build/fishbot_description -- -j20 -l20
[0.419s] Invoked command in '/home/rho922/chapt7/chapt7_ws/build/fishbot_description' returned '0': CMAKE_PREFIX_PATH=${CMAKE_PREFIX_PATH}:/home/rho922/chapt7/chapt7_ws/install/fishbot_application:/home/rho922/chapt7/chapt7_ws/install/autopartol_robot:/opt/ros/humble /usr/bin/cmake --build /home/rho922/chapt7/chapt7_ws/build/fishbot_description -- -j20 -l20
[0.431s] Invoking command in '/home/rho922/chapt7/chapt7_ws/build/fishbot_description': CMAKE_PREFIX_PATH=${CMAKE_PREFIX_PATH}:/home/rho922/chapt7/chapt7_ws/install/fishbot_application:/home/rho922/chapt7/chapt7_ws/install/autopartol_robot:/opt/ros/humble /usr/bin/cmake --install /home/rho922/chapt7/chapt7_ws/build/fishbot_description
[0.438s] -- Install configuration: ""
[0.438s] -- Up-to-date: /home/rho922/chapt7/chapt7_ws/install/fishbot_description/share/fishbot_description/urdf
[0.438s] -- Up-to-date: /home/rho922/chapt7/chapt7_ws/install/fishbot_description/share/fishbot_description/urdf/fishbot
[0.439s] -- Up-to-date: /home/rho922/chapt7/chapt7_ws/install/fishbot_description/share/fishbot_description/urdf/fishbot/fishbot.ros2_control.xacro
[0.439s] -- Up-to-date: /home/rho922/chapt7/chapt7_ws/install/fishbot_description/share/fishbot_description/urdf/fishbot/base.urdf.xacro
[0.439s] -- Up-to-date: /home/rho922/chapt7/chapt7_ws/install/fishbot_description/share/fishbot_description/urdf/fishbot/actuator
[0.439s] -- Up-to-date: /home/rho922/chapt7/chapt7_ws/install/fishbot_description/share/fishbot_description/urdf/fishbot/actuator/caster.urdf.xacro
[0.440s] -- Up-to-date: /home/rho922/chapt7/chapt7_ws/install/fishbot_description/share/fishbot_description/urdf/fishbot/actuator/wheel.urdf.xacro
[0.440s] -- Up-to-date: /home/rho922/chapt7/chapt7_ws/install/fishbot_description/share/fishbot_description/urdf/fishbot/common_inertia.xacro
[0.440s] -- Up-to-date: /home/rho922/chapt7/chapt7_ws/install/fishbot_description/share/fishbot_description/urdf/fishbot/fishbot_with_control.urdf.xacro
[0.441s] -- Up-to-date: /home/rho922/chapt7/chapt7_ws/install/fishbot_description/share/fishbot_description/urdf/fishbot/plugins
[0.441s] -- Up-to-date: /home/rho922/chapt7/chapt7_ws/install/fishbot_description/share/fishbot_description/urdf/fishbot/plugins/gazebo_sensor_plugin.xacro
[0.441s] -- Up-to-date: /home/rho922/chapt7/chapt7_ws/install/fishbot_description/share/fishbot_description/urdf/fishbot/plugins/gazebo_control_plugin.xacro
[0.441s] -- Up-to-date: /home/rho922/chapt7/chapt7_ws/install/fishbot_description/share/fishbot_description/urdf/fishbot/gazebo_diff_drive.urdf.xacro
[0.442s] -- Up-to-date: /home/rho922/chapt7/chapt7_ws/install/fishbot_description/share/fishbot_description/urdf/fishbot/fishbot.urdf.xacro
[0.442s] -- Up-to-date: /home/rho922/chapt7/chapt7_ws/install/fishbot_description/share/fishbot_description/urdf/fishbot/sensor
[0.443s] -- Up-to-date: /home/rho922/chapt7/chapt7_ws/install/fishbot_description/share/fishbot_description/urdf/fishbot/sensor/laser.urdf.xacro
[0.443s] -- Up-to-date: /home/rho922/chapt7/chapt7_ws/install/fishbot_description/share/fishbot_description/urdf/fishbot/sensor/imu.urdf.xacro
[0.443s] -- Up-to-date: /home/rho922/chapt7/chapt7_ws/install/fishbot_description/share/fishbot_description/urdf/fishbot/sensor/camera.urdf.xacro
[0.443s] -- Up-to-date: /home/rho922/chapt7/chapt7_ws/install/fishbot_description/share/fishbot_description/urdf/fishbot.urdf
[0.443s] -- Up-to-date: /home/rho922/chapt7/chapt7_ws/install/fishbot_description/share/fishbot_description/urdf/first_robot.urdf
[0.444s] -- Up-to-date: /home/rho922/chapt7/chapt7_ws/install/fishbot_description/share/fishbot_description/urdf/first_robot.gv
[0.444s] -- Up-to-date: /home/rho922/chapt7/chapt7_ws/install/fishbot_description/share/fishbot_description/urdf/first_robot.pdf
[0.444s] -- Up-to-date: /home/rho922/chapt7/chapt7_ws/install/fishbot_description/share/fishbot_description/urdf/first_robot.xacro
[0.444s] -- Up-to-date: /home/rho922/chapt7/chapt7_ws/install/fishbot_description/share/fishbot_description/launch
[0.444s] -- Up-to-date: /home/rho922/chapt7/chapt7_ws/install/fishbot_description/share/fishbot_description/launch/gazebo_sim.launch.py
[0.444s] -- Up-to-date: /home/rho922/chapt7/chapt7_ws/install/fishbot_description/share/fishbot_description/launch/display_robot.launch.py
[0.444s] -- Up-to-date: /home/rho922/chapt7/chapt7_ws/install/fishbot_description/share/fishbot_description/launch/__pycache__
[0.444s] -- Up-to-date: /home/rho922/chapt7/chapt7_ws/install/fishbot_description/share/fishbot_description/launch/__pycache__/display_robot.launch.cpython-312.pyc
[0.445s] -- Up-to-date: /home/rho922/chapt7/chapt7_ws/install/fishbot_description/share/fishbot_description/launch/install
[0.445s] -- Up-to-date: /home/rho922/chapt7/chapt7_ws/install/fishbot_description/share/fishbot_description/launch/install/local_setup.sh
[0.446s] -- Up-to-date: /home/rho922/chapt7/chapt7_ws/install/fishbot_description/share/fishbot_description/launch/install/setup.sh
[0.447s] -- Up-to-date: /home/rho922/chapt7/chapt7_ws/install/fishbot_description/share/fishbot_description/launch/install/local_setup.bash
[0.448s] -- Up-to-date: /home/rho922/chapt7/chapt7_ws/install/fishbot_description/share/fishbot_description/launch/install/setup.zsh
[0.448s] -- Up-to-date: /home/rho922/chapt7/chapt7_ws/install/fishbot_description/share/fishbot_description/launch/install/local_setup.zsh
[0.448s] -- Up-to-date: /home/rho922/chapt7/chapt7_ws/install/fishbot_description/share/fishbot_description/launch/install/COLCON_IGNORE
[0.449s] -- Up-to-date: /home/rho922/chapt7/chapt7_ws/install/fishbot_description/share/fishbot_description/launch/install/.colcon_install_layout
[0.449s] -- Up-to-date: /home/rho922/chapt7/chapt7_ws/install/fishbot_description/share/fishbot_description/launch/install/setup.bash
[0.449s] -- Up-to-date: /home/rho922/chapt7/chapt7_ws/install/fishbot_description/share/fishbot_description/launch/install/_local_setup_util_sh.py
[0.449s] -- Up-to-date: /home/rho922/chapt7/chapt7_ws/install/fishbot_description/share/fishbot_description/launch/build
[0.450s] -- Up-to-date: /home/rho922/chapt7/chapt7_ws/install/fishbot_description/share/fishbot_description/launch/build/.built_by
[0.450s] -- Up-to-date: /home/rho922/chapt7/chapt7_ws/install/fishbot_description/share/fishbot_description/launch/build/COLCON_IGNORE
[0.450s] -- Up-to-date: /home/rho922/chapt7/chapt7_ws/install/fishbot_description/share/fishbot_description/launch/log
[0.450s] -- Up-to-date: /home/rho922/chapt7/chapt7_ws/install/fishbot_description/share/fishbot_description/launch/log/build_2026-04-11_17-45-38
[0.450s] -- Up-to-date: /home/rho922/chapt7/chapt7_ws/install/fishbot_description/share/fishbot_description/launch/log/build_2026-04-11_17-45-38/events.log
[0.450s] -- Up-to-date: /home/rho922/chapt7/chapt7_ws/install/fishbot_description/share/fishbot_description/launch/log/build_2026-04-11_17-45-38/logger_all.log
[0.450s] -- Up-to-date: /home/rho922/chapt7/chapt7_ws/install/fishbot_description/share/fishbot_description/launch/log/latest_build
[0.450s] -- Up-to-date: /home/rho922/chapt7/chapt7_ws/install/fishbot_description/share/fishbot_description/launch/log/COLCON_IGNORE
[0.450s] -- Up-to-date: /home/rho922/chapt7/chapt7_ws/install/fishbot_description/share/fishbot_description/launch/log/latest
[0.451s] -- Up-to-date: /home/rho922/chapt7/chapt7_ws/install/fishbot_description/share/fishbot_description/launch/log/build_2026-04-11_17-50-56
[0.451s] -- Up-to-date: /home/rho922/chapt7/chapt7_ws/install/fishbot_description/share/fishbot_description/launch/log/build_2026-04-11_17-50-56/events.log
[0.451s] -- Up-to-date: /home/rho922/chapt7/chapt7_ws/install/fishbot_description/share/fishbot_description/launch/log/build_2026-04-11_17-50-56/logger_all.log
[0.451s] -- Up-to-date: /home/rho922/chapt7/chapt7_ws/install/fishbot_description/share/fishbot_description/launch/log/build_2026-04-11_17-46-47
[0.451s] -- Up-to-date: /home/rho922/chapt7/chapt7_ws/install/fishbot_description/share/fishbot_description/launch/log/build_2026-04-11_17-46-47/events.log
[0.451s] -- Up-to-date: /home/rho922/chapt7/chapt7_ws/install/fishbot_description/share/fishbot_description/launch/log/build_2026-04-11_17-46-47/logger_all.log
[0.451s] -- Up-to-date: /home/rho922/chapt7/chapt7_ws/install/fishbot_description/share/fishbot_description/launch/log/build_2026-04-11_17-44-05
[0.452s] -- Up-to-date: /home/rho922/chapt7/chapt7_ws/install/fishbot_description/share/fishbot_description/launch/log/build_2026-04-11_17-44-05/events.log
[0.452s] -- Up-to-date: /home/rho922/chapt7/chapt7_ws/install/fishbot_description/share/fishbot_description/launch/log/build_2026-04-11_17-44-05/logger_all.log
[0.452s] -- Up-to-date: /home/rho922/chapt7/chapt7_ws/install/fishbot_description/share/fishbot_description/world
[0.452s] -- Up-to-date: /home/rho922/chapt7/chapt7_ws/install/fishbot_description/share/fishbot_description/world/room
[0.453s] -- Up-to-date: /home/rho922/chapt7/chapt7_ws/install/fishbot_description/share/fishbot_description/world/room/model.sdf
[0.453s] -- Up-to-date: /home/rho922/chapt7/chapt7_ws/install/fishbot_description/share/fishbot_description/world/room/model.config
[0.453s] -- Up-to-date: /home/rho922/chapt7/chapt7_ws/install/fishbot_description/share/fishbot_description/world/custom_room.world
[0.454s] -- Up-to-date: /home/rho922/chapt7/chapt7_ws/install/fishbot_description/share/fishbot_description/config
[0.454s] -- Up-to-date: /home/rho922/chapt7/chapt7_ws/install/fishbot_description/share/fishbot_description/config/fishbot_ros2_controller.yaml
[0.454s] -- Up-to-date: /home/rho922/chapt7/chapt7_ws/install/fishbot_description/share/fishbot_description/config/rviz
[0.454s] -- Up-to-date: /home/rho922/chapt7/chapt7_ws/install/fishbot_description/share/fishbot_description/config/rviz/displsy_robot_model.rviz
[0.454s] -- Up-to-date: /home/rho922/chapt7/chapt7_ws/install/fishbot_description/share/ament_index/resource_index/package_run_dependencies/fishbot_description
[0.454s] -- Up-to-date: /home/rho922/chapt7/chapt7_ws/install/fishbot_description/share/ament_index/resource_index/parent_prefix_path/fishbot_description
[0.454s] -- Up-to-date: /home/rho922/chapt7/chapt7_ws/install/fishbot_description/share/fishbot_description/environment/ament_prefix_path.sh
[0.455s] -- Up-to-date: /home/rho922/chapt7/chapt7_ws/install/fishbot_description/share/fishbot_description/environment/ament_prefix_path.dsv
[0.455s] -- Up-to-date: /home/rho922/chapt7/chapt7_ws/install/fishbot_description/share/fishbot_description/environment/path.sh
[0.455s] -- Up-to-date: /home/rho922/chapt7/chapt7_ws/install/fishbot_description/share/fishbot_description/environment/path.dsv
[0.455s] -- Up-to-date: /home/rho922/chapt7/chapt7_ws/install/fishbot_description/share/fishbot_description/local_setup.bash
[0.455s] -- Up-to-date: /home/rho922/chapt7/chapt7_ws/install/fishbot_description/share/fishbot_description/local_setup.sh
[0.456s] -- Up-to-date: /home/rho922/chapt7/chapt7_ws/install/fishbot_description/share/fishbot_description/local_setup.zsh
[0.457s] -- Up-to-date: /home/rho922/chapt7/chapt7_ws/install/fishbot_description/share/fishbot_description/local_setup.dsv
[0.462s] -- Installing: /home/rho922/chapt7/chapt7_ws/install/fishbot_description/share/fishbot_description/package.dsv
[0.462s] -- Up-to-date: /home/rho922/chapt7/chapt7_ws/install/fishbot_description/share/ament_index/resource_index/packages/fishbot_description
[0.462s] -- Up-to-date: /home/rho922/chapt7/chapt7_ws/install/fishbot_description/share/fishbot_description/cmake/fishbot_descriptionConfig.cmake
[0.463s] -- Up-to-date: /home/rho922/chapt7/chapt7_ws/install/fishbot_description/share/fishbot_description/cmake/fishbot_descriptionConfig-version.cmake
[0.463s] -- Up-to-date: /home/rho922/chapt7/chapt7_ws/install/fishbot_description/share/fishbot_description/package.xml
[0.481s] Invoked command in '/home/rho922/chapt7/chapt7_ws/build/fishbot_description' returned '0': CMAKE_PREFIX_PATH=${CMAKE_PREFIX_PATH}:/home/rho922/chapt7/chapt7_ws/install/fishbot_application:/home/rho922/chapt7/chapt7_ws/install/autopartol_robot:/opt/ros/humble /usr/bin/cmake --install /home/rho922/chapt7/chapt7_ws/build/fishbot_description
