[0.019s] Invoking command in '/home/rho9/chapt3/topic_ws/build/demo_cpp_topic': CMAKE_PREFIX_PATH=${CMAKE_PREFIX_PATH}:/opt/ros/jazzy /usr/bin/cmake --build /home/rho9/chapt3/topic_ws/build/demo_cpp_topic -- -j20 -l20
[0.075s] [ 50%] Built target turtle_circle
[0.082s] [ 75%] [32mBuilding CXX object CMakeFiles/turtle_control.dir/src/turtle_control.cpp.o[0m
[2.480s] [01m[K/home/rho9/chapt3/topic_ws/src/demo_cpp_topic/src/turtle_control.cpp:30:55:[m[K [01;31m[Kerror: [m[K‘[01m[KShared[m[K’ in ‘[01m[Kusing turtlesim::msg::Pose = struct turtlesim::msg::Pose_<std::allocator<void> >[m[K’ {aka ‘[01m[Kstruct turtlesim::msg::Pose_<std::allocator<void> >[m[K’} does not name a type
[2.480s]    30 |     void on_pose_received(const turtlesim::msg::Pose::[01;31m[KShared[m[K pose)
[2.480s]       |                                                       [01;31m[K^~~~~~[m[K
[2.483s] [01m[K/home/rho9/chapt3/topic_ws/src/demo_cpp_topic/src/turtle_control.cpp:[m[K In constructor ‘[01m[KTurtleControl::[01;32m[KTurtleControl[m[K(const std::string&)[m[K’:
[2.483s] [01m[K/home/rho9/chapt3/topic_ws/src/demo_cpp_topic/src/turtle_control.cpp:26:71:[m[K [01;31m[Kerror: [m[Kexpected primary-expression before ‘[01m[K/[m[K’ token
[2.483s]    26 |         subscriber_ = this->create_subscription<turtlesim::msg::Pose>([01;31m[K/[m[Kturtle1/pose,
[2.483s]       |                                                                       [01;31m[K^[m[K
[2.490s] [01m[K/home/rho9/chapt3/topic_ws/src/demo_cpp_topic/src/turtle_control.cpp:26:72:[m[K [01;31m[Kerror: [m[K‘[01m[Kturtle1[m[K’ was not declared in this scope; did you mean ‘[01m[Kturtlesim[m[K’?
[2.490s]    26 |         subscriber_ = this->create_subscription<turtlesim::msg::Pose>(/[01;31m[Kturtle1[m[K/pose,
[2.491s]       |                                                                        [01;31m[K^~~~~~~[m[K
[2.491s]       |                                                                        [32m[Kturtlesim[m[K
[2.495s] [01m[K/home/rho9/chapt3/topic_ws/src/demo_cpp_topic/src/turtle_control.cpp:26:80:[m[K [01;31m[Kerror: [m[K‘[01m[Kpose[m[K’ was not declared in this scope
[2.496s]    26 |         subscriber_ = this->create_subscription<turtlesim::msg::Pose>(/turtle1/[01;31m[Kpose[m[K,
[2.496s]       |                                                                                [01;31m[K^~~~[m[K
[2.502s] [01m[K/home/rho9/chapt3/topic_ws/src/demo_cpp_topic/src/turtle_control.cpp:[m[K In member function ‘[01m[Kvoid TurtleControl::[01;32m[Kon_pose_received[m[K(int)[m[K’:
[2.502s] [01m[K/home/rho9/chapt3/topic_ws/src/demo_cpp_topic/src/turtle_control.cpp:32:30:[m[K [01;31m[Kerror: [m[Kbase operand of ‘[01m[K->[m[K’ is not a pointer
[2.502s]    32 |         auto current_x = pose[01;31m[K->[m[Kx;
[2.502s]       |                              [01;31m[K^~[m[K
[2.503s] [01m[K/home/rho9/chapt3/topic_ws/src/demo_cpp_topic/src/turtle_control.cpp:33:30:[m[K [01;31m[Kerror: [m[Kbase operand of ‘[01m[K->[m[K’ is not a pointer
[2.503s]    33 |         auto current_y = pose[01;31m[K->[m[Ky;
[2.503s]       |                              [01;31m[K^~[m[K
[2.503s] [01m[K/home/rho9/chapt3/topic_ws/src/demo_cpp_topic/src/turtle_control.cpp:40:79:[m[K [01;31m[Kerror: [m[Kbase operand of ‘[01m[K->[m[K’ is not a pointer
[2.503s]    40 |         auto angle = atan2(target_y_ - current_y,target_x_ - current_x) - pose[01;31m[K->[m[Ktheta;
[2.503s]       |                                                                               [01;31m[K^~[m[K
[2.503s] [01m[K/home/rho9/chapt3/topic_ws/src/demo_cpp_topic/src/turtle_control.cpp:54:26:[m[K [01;31m[Kerror: [m[Kno match for ‘[01m[Koperator=[m[K’ (operand types are ‘[01m[Kgeometry_msgs::msg::Twist_<std::allocator<void> >::_linear_type[m[K’ {aka ‘[01m[Kgeometry_msgs::msg::Vector3_<std::allocator<void> >[m[K’} and ‘[01m[Kdouble[m[K’)
[2.503s]    54 |             msg.linear = [01;31m[Kmax_speed_[m[K;
[2.503s]       |                          [01;31m[K^~~~~~~~~~[m[K
[2.503s] In file included from [01m[K/opt/ros/jazzy/include/geometry_msgs/geometry_msgs/msg/detail/twist__struct.hpp:25[m[K,
[2.503s]                  from [01m[K/opt/ros/jazzy/include/geometry_msgs/geometry_msgs/msg/twist.hpp:7[m[K,
[2.503s]                  from [01m[K/home/rho9/chapt3/topic_ws/src/demo_cpp_topic/src/turtle_control.cpp:2[m[K:
[2.503s] [01m[K/opt/ros/jazzy/include/geometry_msgs/geometry_msgs/msg/detail/vector3__struct.hpp:36:8:[m[K [01;36m[Knote: [m[Kcandidate: ‘[01m[Kconstexpr geometry_msgs::msg::Vector3_<std::allocator<void> >& geometry_msgs::msg::Vector3_<std::allocator<void> >::[01;32m[Koperator=[m[K(const geometry_msgs::msg::Vector3_<std::allocator<void> >&)[m[K’
[2.503s]    36 | struct [01;36m[KVector3_[m[K
[2.503s]       |        [01;36m[K^~~~~~~~[m[K
[2.503s] [01m[K/opt/ros/jazzy/include/geometry_msgs/geometry_msgs/msg/detail/vector3__struct.hpp:36:8:[m[K [01;36m[Knote: [m[K  no known conversion for argument 1 from ‘[01m[Kdouble[m[K’ to ‘[01m[Kconst geometry_msgs::msg::Vector3_<std::allocator<void> >&[m[K’
[2.504s] [01m[K/opt/ros/jazzy/include/geometry_msgs/geometry_msgs/msg/detail/vector3__struct.hpp:36:8:[m[K [01;36m[Knote: [m[Kcandidate: ‘[01m[Kconstexpr geometry_msgs::msg::Vector3_<std::allocator<void> >& geometry_msgs::msg::Vector3_<std::allocator<void> >::[01;32m[Koperator=[m[K(geometry_msgs::msg::Vector3_<std::allocator<void> >&&)[m[K’
[2.504s] [01m[K/opt/ros/jazzy/include/geometry_msgs/geometry_msgs/msg/detail/vector3__struct.hpp:36:8:[m[K [01;36m[Knote: [m[K  no known conversion for argument 1 from ‘[01m[Kdouble[m[K’ to ‘[01m[Kgeometry_msgs::msg::Vector3_<std::allocator<void> >&&[m[K’
[3.537s] gmake[2]: *** [CMakeFiles/turtle_control.dir/build.make:76: CMakeFiles/turtle_control.dir/src/turtle_control.cpp.o] Error 1
[3.537s] gmake[1]: *** [CMakeFiles/Makefile2:165: CMakeFiles/turtle_control.dir/all] Error 2
[3.538s] gmake: *** [Makefile:146: all] Error 2
[3.542s] Invoked command in '/home/rho9/chapt3/topic_ws/build/demo_cpp_topic' returned '2': CMAKE_PREFIX_PATH=${CMAKE_PREFIX_PATH}:/opt/ros/jazzy /usr/bin/cmake --build /home/rho9/chapt3/topic_ws/build/demo_cpp_topic -- -j20 -l20
