[0.201s] DEBUG:colcon:Command line arguments: ['/usr/bin/colcon', 'build']
[0.201s] DEBUG:colcon:Parsed command line arguments: Namespace(log_base=None, log_level=None, verb_name='build', build_base='build', install_base='install', merge_install=False, symlink_install=False, test_result_base=None, continue_on_error=False, executor='parallel', parallel_workers=20, event_handlers=None, ignore_user_meta=False, metas=['./colcon.meta'], base_paths=['.'], packages_ignore=None, packages_ignore_regex=None, paths=None, packages_up_to=None, packages_up_to_regex=None, packages_above=None, packages_above_and_dependencies=None, packages_above_depth=None, packages_select_by_dep=None, packages_skip_by_dep=None, packages_skip_up_to=None, packages_select_build_failed=False, packages_skip_build_finished=False, packages_select_test_failures=False, packages_skip_test_passed=False, packages_select=None, packages_skip=None, packages_select_regex=None, packages_skip_regex=None, packages_start=None, packages_end=None, allow_overriding=[], cmake_args=None, cmake_target=None, cmake_target_skip_unavailable=False, cmake_clean_cache=False, cmake_clean_first=False, cmake_force_configure=False, ament_cmake_args=None, catkin_cmake_args=None, catkin_skip_building_tests=False, verb_parser=<colcon_defaults.argument_parser.defaults.DefaultArgumentsDecorator object at 0x79b91351b9a0>, verb_extension=<colcon_core.verb.build.BuildVerb object at 0x79b913668dc0>, main=<bound method BuildVerb.main of <colcon_core.verb.build.BuildVerb object at 0x79b913668dc0>>)
[0.465s] Level 1:colcon.colcon_core.package_discovery:discover_packages(colcon_meta) check parameters
[0.466s] Level 1:colcon.colcon_core.package_discovery:discover_packages(recursive) check parameters
[0.466s] Level 1:colcon.colcon_core.package_discovery:discover_packages(ignore) check parameters
[0.466s] Level 1:colcon.colcon_core.package_discovery:discover_packages(path) check parameters
[0.466s] Level 1:colcon.colcon_core.package_discovery:discover_packages(colcon_meta) discover
[0.466s] Level 1:colcon.colcon_core.package_discovery:discover_packages(recursive) discover
[0.466s] INFO:colcon.colcon_core.package_discovery:Crawling recursively for packages in '/home/rho922/chapt7/chapt7_ws'
[0.466s] Level 1:colcon.colcon_core.package_identification:_identify(.) by extensions ['ignore', 'ignore_ament_install']
[0.466s] Level 1:colcon.colcon_core.package_identification:_identify(.) by extension 'ignore'
[0.466s] Level 1:colcon.colcon_core.package_identification:_identify(.) by extension 'ignore_ament_install'
[0.466s] Level 1:colcon.colcon_core.package_identification:_identify(.) by extensions ['colcon_pkg']
[0.466s] Level 1:colcon.colcon_core.package_identification:_identify(.) by extension 'colcon_pkg'
[0.466s] Level 1:colcon.colcon_core.package_identification:_identify(.) by extensions ['colcon_meta']
[0.466s] Level 1:colcon.colcon_core.package_identification:_identify(.) by extension 'colcon_meta'
[0.466s] Level 1:colcon.colcon_core.package_identification:_identify(.) by extensions ['ros']
[0.466s] Level 1:colcon.colcon_core.package_identification:_identify(.) by extension 'ros'
[0.474s] Level 1:colcon.colcon_core.package_identification:_identify(.) by extensions ['cmake', 'python']
[0.474s] Level 1:colcon.colcon_core.package_identification:_identify(.) by extension 'cmake'
[0.474s] Level 1:colcon.colcon_core.package_identification:_identify(.) by extension 'python'
[0.474s] Level 1:colcon.colcon_core.package_identification:_identify(.) by extensions ['python_setup_py']
[0.474s] Level 1:colcon.colcon_core.package_identification:_identify(.) by extension 'python_setup_py'
[0.474s] Level 1:colcon.colcon_core.package_identification:_identify(build) by extensions ['ignore', 'ignore_ament_install']
[0.474s] Level 1:colcon.colcon_core.package_identification:_identify(build) by extension 'ignore'
[0.474s] Level 1:colcon.colcon_core.package_identification:_identify(build) ignored
[0.474s] Level 1:colcon.colcon_core.package_identification:_identify(install) by extensions ['ignore', 'ignore_ament_install']
[0.475s] Level 1:colcon.colcon_core.package_identification:_identify(install) by extension 'ignore'
[0.475s] Level 1:colcon.colcon_core.package_identification:_identify(install) ignored
[0.475s] Level 1:colcon.colcon_core.package_identification:_identify(log) by extensions ['ignore', 'ignore_ament_install']
[0.475s] Level 1:colcon.colcon_core.package_identification:_identify(log) by extension 'ignore'
[0.475s] Level 1:colcon.colcon_core.package_identification:_identify(log) ignored
[0.475s] Level 1:colcon.colcon_core.package_identification:_identify(src) by extensions ['ignore', 'ignore_ament_install']
[0.475s] Level 1:colcon.colcon_core.package_identification:_identify(src) by extension 'ignore'
[0.475s] Level 1:colcon.colcon_core.package_identification:_identify(src) by extension 'ignore_ament_install'
[0.475s] Level 1:colcon.colcon_core.package_identification:_identify(src) by extensions ['colcon_pkg']
[0.475s] Level 1:colcon.colcon_core.package_identification:_identify(src) by extension 'colcon_pkg'
[0.475s] Level 1:colcon.colcon_core.package_identification:_identify(src) by extensions ['colcon_meta']
[0.475s] Level 1:colcon.colcon_core.package_identification:_identify(src) by extension 'colcon_meta'
[0.475s] Level 1:colcon.colcon_core.package_identification:_identify(src) by extensions ['ros']
[0.475s] Level 1:colcon.colcon_core.package_identification:_identify(src) by extension 'ros'
[0.475s] Level 1:colcon.colcon_core.package_identification:_identify(src) by extensions ['cmake', 'python']
[0.475s] Level 1:colcon.colcon_core.package_identification:_identify(src) by extension 'cmake'
[0.475s] Level 1:colcon.colcon_core.package_identification:_identify(src) by extension 'python'
[0.475s] Level 1:colcon.colcon_core.package_identification:_identify(src) by extensions ['python_setup_py']
[0.475s] Level 1:colcon.colcon_core.package_identification:_identify(src) by extension 'python_setup_py'
[0.475s] Level 1:colcon.colcon_core.package_identification:_identify(src/autopartol_interfaces) by extensions ['ignore', 'ignore_ament_install']
[0.476s] Level 1:colcon.colcon_core.package_identification:_identify(src/autopartol_interfaces) by extension 'ignore'
[0.476s] Level 1:colcon.colcon_core.package_identification:_identify(src/autopartol_interfaces) by extension 'ignore_ament_install'
[0.476s] Level 1:colcon.colcon_core.package_identification:_identify(src/autopartol_interfaces) by extensions ['colcon_pkg']
[0.476s] Level 1:colcon.colcon_core.package_identification:_identify(src/autopartol_interfaces) by extension 'colcon_pkg'
[0.476s] Level 1:colcon.colcon_core.package_identification:_identify(src/autopartol_interfaces) by extensions ['colcon_meta']
[0.476s] Level 1:colcon.colcon_core.package_identification:_identify(src/autopartol_interfaces) by extension 'colcon_meta'
[0.476s] Level 1:colcon.colcon_core.package_identification:_identify(src/autopartol_interfaces) by extensions ['ros']
[0.476s] Level 1:colcon.colcon_core.package_identification:_identify(src/autopartol_interfaces) by extension 'ros'
[0.478s] DEBUG:colcon.colcon_core.package_identification:Package 'src/autopartol_interfaces' with type 'ros.ament_cmake' and name 'autopartol_interfaces'
[0.478s] Level 1:colcon.colcon_core.package_identification:_identify(src/autopartol_robot) by extensions ['ignore', 'ignore_ament_install']
[0.479s] Level 1:colcon.colcon_core.package_identification:_identify(src/autopartol_robot) by extension 'ignore'
[0.479s] Level 1:colcon.colcon_core.package_identification:_identify(src/autopartol_robot) by extension 'ignore_ament_install'
[0.479s] Level 1:colcon.colcon_core.package_identification:_identify(src/autopartol_robot) by extensions ['colcon_pkg']
[0.479s] Level 1:colcon.colcon_core.package_identification:_identify(src/autopartol_robot) by extension 'colcon_pkg'
[0.479s] Level 1:colcon.colcon_core.package_identification:_identify(src/autopartol_robot) by extensions ['colcon_meta']
[0.479s] Level 1:colcon.colcon_core.package_identification:_identify(src/autopartol_robot) by extension 'colcon_meta'
[0.479s] Level 1:colcon.colcon_core.package_identification:_identify(src/autopartol_robot) by extensions ['ros']
[0.479s] Level 1:colcon.colcon_core.package_identification:_identify(src/autopartol_robot) by extension 'ros'
[0.480s] DEBUG:colcon.colcon_core.package_identification:Package 'src/autopartol_robot' with type 'ros.ament_python' and name 'autopartol_robot'
[0.480s] Level 1:colcon.colcon_core.package_identification:_identify(src/fishbot_application) by extensions ['ignore', 'ignore_ament_install']
[0.480s] Level 1:colcon.colcon_core.package_identification:_identify(src/fishbot_application) by extension 'ignore'
[0.480s] Level 1:colcon.colcon_core.package_identification:_identify(src/fishbot_application) by extension 'ignore_ament_install'
[0.480s] Level 1:colcon.colcon_core.package_identification:_identify(src/fishbot_application) by extensions ['colcon_pkg']
[0.480s] Level 1:colcon.colcon_core.package_identification:_identify(src/fishbot_application) by extension 'colcon_pkg'
[0.480s] Level 1:colcon.colcon_core.package_identification:_identify(src/fishbot_application) by extensions ['colcon_meta']
[0.480s] Level 1:colcon.colcon_core.package_identification:_identify(src/fishbot_application) by extension 'colcon_meta'
[0.480s] Level 1:colcon.colcon_core.package_identification:_identify(src/fishbot_application) by extensions ['ros']
[0.480s] Level 1:colcon.colcon_core.package_identification:_identify(src/fishbot_application) by extension 'ros'
[0.481s] DEBUG:colcon.colcon_core.package_identification:Package 'src/fishbot_application' with type 'ros.ament_python' and name 'fishbot_application'
[0.481s] Level 1:colcon.colcon_core.package_identification:_identify(src/fishbot_description) by extensions ['ignore', 'ignore_ament_install']
[0.481s] Level 1:colcon.colcon_core.package_identification:_identify(src/fishbot_description) by extension 'ignore'
[0.481s] Level 1:colcon.colcon_core.package_identification:_identify(src/fishbot_description) by extension 'ignore_ament_install'
[0.481s] Level 1:colcon.colcon_core.package_identification:_identify(src/fishbot_description) by extensions ['colcon_pkg']
[0.481s] Level 1:colcon.colcon_core.package_identification:_identify(src/fishbot_description) by extension 'colcon_pkg'
[0.481s] Level 1:colcon.colcon_core.package_identification:_identify(src/fishbot_description) by extensions ['colcon_meta']
[0.481s] Level 1:colcon.colcon_core.package_identification:_identify(src/fishbot_description) by extension 'colcon_meta'
[0.481s] Level 1:colcon.colcon_core.package_identification:_identify(src/fishbot_description) by extensions ['ros']
[0.481s] Level 1:colcon.colcon_core.package_identification:_identify(src/fishbot_description) by extension 'ros'
[0.482s] DEBUG:colcon.colcon_core.package_identification:Package 'src/fishbot_description' with type 'ros.ament_cmake' and name 'fishbot_description'
[0.482s] Level 1:colcon.colcon_core.package_identification:_identify(src/fishbot_navigation2) by extensions ['ignore', 'ignore_ament_install']
[0.482s] Level 1:colcon.colcon_core.package_identification:_identify(src/fishbot_navigation2) by extension 'ignore'
[0.482s] Level 1:colcon.colcon_core.package_identification:_identify(src/fishbot_navigation2) by extension 'ignore_ament_install'
[0.482s] Level 1:colcon.colcon_core.package_identification:_identify(src/fishbot_navigation2) by extensions ['colcon_pkg']
[0.482s] Level 1:colcon.colcon_core.package_identification:_identify(src/fishbot_navigation2) by extension 'colcon_pkg'
[0.482s] Level 1:colcon.colcon_core.package_identification:_identify(src/fishbot_navigation2) by extensions ['colcon_meta']
[0.482s] Level 1:colcon.colcon_core.package_identification:_identify(src/fishbot_navigation2) by extension 'colcon_meta'
[0.482s] Level 1:colcon.colcon_core.package_identification:_identify(src/fishbot_navigation2) by extensions ['ros']
[0.483s] Level 1:colcon.colcon_core.package_identification:_identify(src/fishbot_navigation2) by extension 'ros'
[0.483s] DEBUG:colcon.colcon_core.package_identification:Package 'src/fishbot_navigation2' with type 'ros.ament_cmake' and name 'fishbot_navigation2'
[0.483s] Level 1:colcon.colcon_core.package_discovery:discover_packages(recursive) using defaults
[0.483s] Level 1:colcon.colcon_core.package_discovery:discover_packages(ignore) discover
[0.483s] Level 1:colcon.colcon_core.package_discovery:discover_packages(ignore) using defaults
[0.483s] Level 1:colcon.colcon_core.package_discovery:discover_packages(path) discover
[0.483s] Level 1:colcon.colcon_core.package_discovery:discover_packages(path) using defaults
[0.507s] Level 1:colcon.colcon_core.package_discovery:discover_packages(prefix_path) check parameters
[0.507s] Level 1:colcon.colcon_core.package_discovery:discover_packages(prefix_path) discover
[0.512s] DEBUG:colcon.colcon_installed_package_information.package_discovery:Found 405 installed packages in /opt/ros/humble
[0.518s] Level 1:colcon.colcon_core.package_discovery:discover_packages(prefix_path) using defaults
[0.616s] Level 5:colcon.colcon_core.verb:set package 'autopartol_interfaces' build argument 'cmake_args' from command line to 'None'
[0.616s] Level 5:colcon.colcon_core.verb:set package 'autopartol_interfaces' build argument 'cmake_target' from command line to 'None'
[0.616s] Level 5:colcon.colcon_core.verb:set package 'autopartol_interfaces' build argument 'cmake_target_skip_unavailable' from command line to 'False'
[0.616s] Level 5:colcon.colcon_core.verb:set package 'autopartol_interfaces' build argument 'cmake_clean_cache' from command line to 'False'
[0.616s] Level 5:colcon.colcon_core.verb:set package 'autopartol_interfaces' build argument 'cmake_clean_first' from command line to 'False'
[0.616s] Level 5:colcon.colcon_core.verb:set package 'autopartol_interfaces' build argument 'cmake_force_configure' from command line to 'False'
[0.616s] Level 5:colcon.colcon_core.verb:set package 'autopartol_interfaces' build argument 'ament_cmake_args' from command line to 'None'
[0.616s] Level 5:colcon.colcon_core.verb:set package 'autopartol_interfaces' build argument 'catkin_cmake_args' from command line to 'None'
[0.616s] Level 5:colcon.colcon_core.verb:set package 'autopartol_interfaces' build argument 'catkin_skip_building_tests' from command line to 'False'
[0.617s] DEBUG:colcon.colcon_core.verb:Building package 'autopartol_interfaces' with the following arguments: {'ament_cmake_args': None, 'build_base': '/home/rho922/chapt7/chapt7_ws/build/autopartol_interfaces', 'catkin_cmake_args': None, 'catkin_skip_building_tests': False, 'cmake_args': None, 'cmake_clean_cache': False, 'cmake_clean_first': False, 'cmake_force_configure': False, 'cmake_target': None, 'cmake_target_skip_unavailable': False, 'install_base': '/home/rho922/chapt7/chapt7_ws/install/autopartol_interfaces', 'merge_install': False, 'path': '/home/rho922/chapt7/chapt7_ws/src/autopartol_interfaces', 'symlink_install': False, 'test_result_base': None}
[0.617s] Level 5:colcon.colcon_core.verb:set package 'autopartol_robot' build argument 'cmake_args' from command line to 'None'
[0.617s] Level 5:colcon.colcon_core.verb:set package 'autopartol_robot' build argument 'cmake_target' from command line to 'None'
[0.617s] Level 5:colcon.colcon_core.verb:set package 'autopartol_robot' build argument 'cmake_target_skip_unavailable' from command line to 'False'
[0.617s] Level 5:colcon.colcon_core.verb:set package 'autopartol_robot' build argument 'cmake_clean_cache' from command line to 'False'
[0.617s] Level 5:colcon.colcon_core.verb:set package 'autopartol_robot' build argument 'cmake_clean_first' from command line to 'False'
[0.617s] Level 5:colcon.colcon_core.verb:set package 'autopartol_robot' build argument 'cmake_force_configure' from command line to 'False'
[0.617s] Level 5:colcon.colcon_core.verb:set package 'autopartol_robot' build argument 'ament_cmake_args' from command line to 'None'
[0.617s] Level 5:colcon.colcon_core.verb:set package 'autopartol_robot' build argument 'catkin_cmake_args' from command line to 'None'
[0.617s] Level 5:colcon.colcon_core.verb:set package 'autopartol_robot' build argument 'catkin_skip_building_tests' from command line to 'False'
[0.617s] DEBUG:colcon.colcon_core.verb:Building package 'autopartol_robot' with the following arguments: {'ament_cmake_args': None, 'build_base': '/home/rho922/chapt7/chapt7_ws/build/autopartol_robot', 'catkin_cmake_args': None, 'catkin_skip_building_tests': False, 'cmake_args': None, 'cmake_clean_cache': False, 'cmake_clean_first': False, 'cmake_force_configure': False, 'cmake_target': None, 'cmake_target_skip_unavailable': False, 'install_base': '/home/rho922/chapt7/chapt7_ws/install/autopartol_robot', 'merge_install': False, 'path': '/home/rho922/chapt7/chapt7_ws/src/autopartol_robot', 'symlink_install': False, 'test_result_base': None}
[0.617s] Level 5:colcon.colcon_core.verb:set package 'fishbot_application' build argument 'cmake_args' from command line to 'None'
[0.617s] Level 5:colcon.colcon_core.verb:set package 'fishbot_application' build argument 'cmake_target' from command line to 'None'
[0.617s] Level 5:colcon.colcon_core.verb:set package 'fishbot_application' build argument 'cmake_target_skip_unavailable' from command line to 'False'
[0.617s] Level 5:colcon.colcon_core.verb:set package 'fishbot_application' build argument 'cmake_clean_cache' from command line to 'False'
[0.618s] Level 5:colcon.colcon_core.verb:set package 'fishbot_application' build argument 'cmake_clean_first' from command line to 'False'
[0.618s] Level 5:colcon.colcon_core.verb:set package 'fishbot_application' build argument 'cmake_force_configure' from command line to 'False'
[0.618s] Level 5:colcon.colcon_core.verb:set package 'fishbot_application' build argument 'ament_cmake_args' from command line to 'None'
[0.618s] Level 5:colcon.colcon_core.verb:set package 'fishbot_application' build argument 'catkin_cmake_args' from command line to 'None'
[0.618s] Level 5:colcon.colcon_core.verb:set package 'fishbot_application' build argument 'catkin_skip_building_tests' from command line to 'False'
[0.618s] DEBUG:colcon.colcon_core.verb:Building package 'fishbot_application' with the following arguments: {'ament_cmake_args': None, 'build_base': '/home/rho922/chapt7/chapt7_ws/build/fishbot_application', 'catkin_cmake_args': None, 'catkin_skip_building_tests': False, 'cmake_args': None, 'cmake_clean_cache': False, 'cmake_clean_first': False, 'cmake_force_configure': False, 'cmake_target': None, 'cmake_target_skip_unavailable': False, 'install_base': '/home/rho922/chapt7/chapt7_ws/install/fishbot_application', 'merge_install': False, 'path': '/home/rho922/chapt7/chapt7_ws/src/fishbot_application', 'symlink_install': False, 'test_result_base': None}
[0.618s] Level 5:colcon.colcon_core.verb:set package 'fishbot_description' build argument 'cmake_args' from command line to 'None'
[0.618s] Level 5:colcon.colcon_core.verb:set package 'fishbot_description' build argument 'cmake_target' from command line to 'None'
[0.618s] Level 5:colcon.colcon_core.verb:set package 'fishbot_description' build argument 'cmake_target_skip_unavailable' from command line to 'False'
[0.618s] Level 5:colcon.colcon_core.verb:set package 'fishbot_description' build argument 'cmake_clean_cache' from command line to 'False'
[0.618s] Level 5:colcon.colcon_core.verb:set package 'fishbot_description' build argument 'cmake_clean_first' from command line to 'False'
[0.618s] Level 5:colcon.colcon_core.verb:set package 'fishbot_description' build argument 'cmake_force_configure' from command line to 'False'
[0.618s] Level 5:colcon.colcon_core.verb:set package 'fishbot_description' build argument 'ament_cmake_args' from command line to 'None'
[0.618s] Level 5:colcon.colcon_core.verb:set package 'fishbot_description' build argument 'catkin_cmake_args' from command line to 'None'
[0.618s] Level 5:colcon.colcon_core.verb:set package 'fishbot_description' build argument 'catkin_skip_building_tests' from command line to 'False'
[0.618s] DEBUG:colcon.colcon_core.verb:Building package 'fishbot_description' with the following arguments: {'ament_cmake_args': None, 'build_base': '/home/rho922/chapt7/chapt7_ws/build/fishbot_description', 'catkin_cmake_args': None, 'catkin_skip_building_tests': False, 'cmake_args': None, 'cmake_clean_cache': False, 'cmake_clean_first': False, 'cmake_force_configure': False, 'cmake_target': None, 'cmake_target_skip_unavailable': False, 'install_base': '/home/rho922/chapt7/chapt7_ws/install/fishbot_description', 'merge_install': False, 'path': '/home/rho922/chapt7/chapt7_ws/src/fishbot_description', 'symlink_install': False, 'test_result_base': None}
[0.618s] Level 5:colcon.colcon_core.verb:set package 'fishbot_navigation2' build argument 'cmake_args' from command line to 'None'
[0.619s] Level 5:colcon.colcon_core.verb:set package 'fishbot_navigation2' build argument 'cmake_target' from command line to 'None'
[0.619s] Level 5:colcon.colcon_core.verb:set package 'fishbot_navigation2' build argument 'cmake_target_skip_unavailable' from command line to 'False'
[0.619s] Level 5:colcon.colcon_core.verb:set package 'fishbot_navigation2' build argument 'cmake_clean_cache' from command line to 'False'
[0.619s] Level 5:colcon.colcon_core.verb:set package 'fishbot_navigation2' build argument 'cmake_clean_first' from command line to 'False'
[0.619s] Level 5:colcon.colcon_core.verb:set package 'fishbot_navigation2' build argument 'cmake_force_configure' from command line to 'False'
[0.619s] Level 5:colcon.colcon_core.verb:set package 'fishbot_navigation2' build argument 'ament_cmake_args' from command line to 'None'
[0.619s] Level 5:colcon.colcon_core.verb:set package 'fishbot_navigation2' build argument 'catkin_cmake_args' from command line to 'None'
[0.619s] Level 5:colcon.colcon_core.verb:set package 'fishbot_navigation2' build argument 'catkin_skip_building_tests' from command line to 'False'
[0.619s] DEBUG:colcon.colcon_core.verb:Building package 'fishbot_navigation2' with the following arguments: {'ament_cmake_args': None, 'build_base': '/home/rho922/chapt7/chapt7_ws/build/fishbot_navigation2', 'catkin_cmake_args': None, 'catkin_skip_building_tests': False, 'cmake_args': None, 'cmake_clean_cache': False, 'cmake_clean_first': False, 'cmake_force_configure': False, 'cmake_target': None, 'cmake_target_skip_unavailable': False, 'install_base': '/home/rho922/chapt7/chapt7_ws/install/fishbot_navigation2', 'merge_install': False, 'path': '/home/rho922/chapt7/chapt7_ws/src/fishbot_navigation2', 'symlink_install': False, 'test_result_base': None}
[0.619s] INFO:colcon.colcon_core.executor:Executing jobs using 'parallel' executor
[0.620s] DEBUG:colcon.colcon_parallel_executor.executor.parallel:run_until_complete
[0.620s] INFO:colcon.colcon_ros.task.ament_cmake.build:Building ROS package in '/home/rho922/chapt7/chapt7_ws/src/autopartol_interfaces' with build type 'ament_cmake'
[0.621s] INFO:colcon.colcon_cmake.task.cmake.build:Building CMake package in '/home/rho922/chapt7/chapt7_ws/src/autopartol_interfaces'
[0.625s] INFO:colcon.colcon_core.plugin_system:Skipping extension 'colcon_core.shell.bat': Not used on non-Windows systems
[0.626s] INFO:colcon.colcon_core.shell:Skip shell extension 'powershell' for command environment: Not usable outside of PowerShell
[0.626s] DEBUG:colcon.colcon_core.shell:Skip shell extension 'dsv' for command environment
[0.629s] INFO:colcon.colcon_ros.task.ament_python.build:Building ROS package in '/home/rho922/chapt7/chapt7_ws/src/autopartol_robot' with build type 'ament_python'
[0.629s] Level 1:colcon.colcon_core.shell:create_environment_hook('autopartol_robot', 'ament_prefix_path')
[0.630s] INFO:colcon.colcon_core.shell:Creating environment hook '/home/rho922/chapt7/chapt7_ws/install/autopartol_robot/share/autopartol_robot/hook/ament_prefix_path.ps1'
[0.630s] INFO:colcon.colcon_core.shell:Creating environment descriptor '/home/rho922/chapt7/chapt7_ws/install/autopartol_robot/share/autopartol_robot/hook/ament_prefix_path.dsv'
[0.631s] INFO:colcon.colcon_core.shell:Creating environment hook '/home/rho922/chapt7/chapt7_ws/install/autopartol_robot/share/autopartol_robot/hook/ament_prefix_path.sh'
[0.632s] INFO:colcon.colcon_core.shell:Skip shell extension 'powershell' for command environment: Not usable outside of PowerShell
[0.632s] DEBUG:colcon.colcon_core.shell:Skip shell extension 'dsv' for command environment
[0.634s] INFO:colcon.colcon_ros.task.ament_python.build:Building ROS package in '/home/rho922/chapt7/chapt7_ws/src/fishbot_application' with build type 'ament_python'
[0.634s] Level 1:colcon.colcon_core.shell:create_environment_hook('fishbot_application', 'ament_prefix_path')
[0.634s] INFO:colcon.colcon_core.shell:Creating environment hook '/home/rho922/chapt7/chapt7_ws/install/fishbot_application/share/fishbot_application/hook/ament_prefix_path.ps1'
[0.636s] INFO:colcon.colcon_core.shell:Creating environment descriptor '/home/rho922/chapt7/chapt7_ws/install/fishbot_application/share/fishbot_application/hook/ament_prefix_path.dsv'
[0.636s] INFO:colcon.colcon_core.shell:Creating environment hook '/home/rho922/chapt7/chapt7_ws/install/fishbot_application/share/fishbot_application/hook/ament_prefix_path.sh'
[0.637s] INFO:colcon.colcon_core.shell:Skip shell extension 'powershell' for command environment: Not usable outside of PowerShell
[0.637s] DEBUG:colcon.colcon_core.shell:Skip shell extension 'dsv' for command environment
[0.639s] INFO:colcon.colcon_ros.task.ament_cmake.build:Building ROS package in '/home/rho922/chapt7/chapt7_ws/src/fishbot_description' with build type 'ament_cmake'
[0.639s] INFO:colcon.colcon_cmake.task.cmake.build:Building CMake package in '/home/rho922/chapt7/chapt7_ws/src/fishbot_description'
[0.640s] INFO:colcon.colcon_core.shell:Skip shell extension 'powershell' for command environment: Not usable outside of PowerShell
[0.640s] DEBUG:colcon.colcon_core.shell:Skip shell extension 'dsv' for command environment
[0.642s] INFO:colcon.colcon_ros.task.ament_cmake.build:Building ROS package in '/home/rho922/chapt7/chapt7_ws/src/fishbot_navigation2' with build type 'ament_cmake'
[0.642s] INFO:colcon.colcon_cmake.task.cmake.build:Building CMake package in '/home/rho922/chapt7/chapt7_ws/src/fishbot_navigation2'
[0.642s] INFO:colcon.colcon_core.shell:Skip shell extension 'powershell' for command environment: Not usable outside of PowerShell
[0.642s] DEBUG:colcon.colcon_core.shell:Skip shell extension 'dsv' for command environment
[0.648s] DEBUG:colcon.colcon_core.event_handler.log_command:Invoking command in '/home/rho922/chapt7/chapt7_ws/build/autopartol_interfaces': CMAKE_PREFIX_PATH=/opt/ros/humble /usr/bin/cmake /home/rho922/chapt7/chapt7_ws/src/autopartol_interfaces -DCMAKE_INSTALL_PREFIX=/home/rho922/chapt7/chapt7_ws/install/autopartol_interfaces
[0.855s] INFO:colcon.colcon_core.task.python.build:Building Python package in '/home/rho922/chapt7/chapt7_ws/src/autopartol_robot'
[0.855s] INFO:colcon.colcon_core.shell:Skip shell extension 'powershell' for command environment: Not usable outside of PowerShell
[0.855s] DEBUG:colcon.colcon_core.shell:Skip shell extension 'dsv' for command environment
[1.085s] INFO:colcon.colcon_core.task.python.build:Building Python package in '/home/rho922/chapt7/chapt7_ws/src/fishbot_application'
[1.085s] INFO:colcon.colcon_core.shell:Skip shell extension 'powershell' for command environment: Not usable outside of PowerShell
[1.085s] DEBUG:colcon.colcon_core.shell:Skip shell extension 'dsv' for command environment
[1.093s] DEBUG:colcon.colcon_core.event_handler.log_command:Invoking command in '/home/rho922/chapt7/chapt7_ws/build/fishbot_description': CMAKE_PREFIX_PATH=/opt/ros/humble /usr/bin/cmake --build /home/rho922/chapt7/chapt7_ws/build/fishbot_description -- -j20 -l20
[1.098s] DEBUG:colcon.colcon_core.event_handler.log_command:Invoking command in '/home/rho922/chapt7/chapt7_ws/build/fishbot_navigation2': CMAKE_PREFIX_PATH=/opt/ros/humble /usr/bin/cmake --build /home/rho922/chapt7/chapt7_ws/build/fishbot_navigation2 -- -j20 -l20
[1.132s] DEBUG:colcon.colcon_core.event_handler.log_command:Invoked command in '/home/rho922/chapt7/chapt7_ws/build/fishbot_description' returned '0': CMAKE_PREFIX_PATH=/opt/ros/humble /usr/bin/cmake --build /home/rho922/chapt7/chapt7_ws/build/fishbot_description -- -j20 -l20
[1.144s] DEBUG:colcon.colcon_core.event_handler.log_command:Invoking command in '/home/rho922/chapt7/chapt7_ws/build/fishbot_description': CMAKE_PREFIX_PATH=/opt/ros/humble /usr/bin/cmake --install /home/rho922/chapt7/chapt7_ws/build/fishbot_description
[1.146s] DEBUG:colcon.colcon_core.event_handler.log_command:Invoked command in '/home/rho922/chapt7/chapt7_ws/build/fishbot_navigation2' returned '0': CMAKE_PREFIX_PATH=/opt/ros/humble /usr/bin/cmake --build /home/rho922/chapt7/chapt7_ws/build/fishbot_navigation2 -- -j20 -l20
[1.150s] DEBUG:colcon.colcon_core.event_handler.log_command:Invoking command in '/home/rho922/chapt7/chapt7_ws/build/fishbot_navigation2': CMAKE_PREFIX_PATH=/opt/ros/humble /usr/bin/cmake --install /home/rho922/chapt7/chapt7_ws/build/fishbot_navigation2
[1.164s] Level 1:colcon.colcon_core.environment:create_environment_scripts_only(fishbot_navigation2)
[1.177s] DEBUG:colcon.colcon_core.event_handler.log_command:Invoked command in '/home/rho922/chapt7/chapt7_ws/build/fishbot_navigation2' returned '0': CMAKE_PREFIX_PATH=/opt/ros/humble /usr/bin/cmake --install /home/rho922/chapt7/chapt7_ws/build/fishbot_navigation2
[1.183s] Level 1:colcon.colcon_core.environment:checking '/home/rho922/chapt7/chapt7_ws/install/fishbot_navigation2' for CMake module files
[1.183s] Level 1:colcon.colcon_core.environment:checking '/home/rho922/chapt7/chapt7_ws/install/fishbot_navigation2' for CMake config files
[1.185s] Level 1:colcon.colcon_core.shell:create_environment_hook('fishbot_navigation2', 'cmake_prefix_path')
[1.185s] INFO:colcon.colcon_core.shell:Creating environment hook '/home/rho922/chapt7/chapt7_ws/install/fishbot_navigation2/share/fishbot_navigation2/hook/cmake_prefix_path.ps1'
[1.186s] INFO:colcon.colcon_core.shell:Creating environment descriptor '/home/rho922/chapt7/chapt7_ws/install/fishbot_navigation2/share/fishbot_navigation2/hook/cmake_prefix_path.dsv'
[1.186s] INFO:colcon.colcon_core.shell:Creating environment hook '/home/rho922/chapt7/chapt7_ws/install/fishbot_navigation2/share/fishbot_navigation2/hook/cmake_prefix_path.sh'
[1.187s] Level 1:colcon.colcon_core.environment:checking '/home/rho922/chapt7/chapt7_ws/install/fishbot_navigation2/bin'
[1.187s] Level 1:colcon.colcon_core.environment:checking '/home/rho922/chapt7/chapt7_ws/install/fishbot_navigation2/lib/pkgconfig/fishbot_navigation2.pc'
[1.188s] Level 1:colcon.colcon_core.environment:checking '/home/rho922/chapt7/chapt7_ws/install/fishbot_navigation2/lib/python3.10/site-packages'
[1.188s] Level 1:colcon.colcon_core.environment:checking '/home/rho922/chapt7/chapt7_ws/install/fishbot_navigation2/bin'
[1.188s] INFO:colcon.colcon_core.shell:Creating package script '/home/rho922/chapt7/chapt7_ws/install/fishbot_navigation2/share/fishbot_navigation2/package.ps1'
[1.190s] INFO:colcon.colcon_core.shell:Creating package descriptor '/home/rho922/chapt7/chapt7_ws/install/fishbot_navigation2/share/fishbot_navigation2/package.dsv'
[1.191s] INFO:colcon.colcon_core.shell:Creating package script '/home/rho922/chapt7/chapt7_ws/install/fishbot_navigation2/share/fishbot_navigation2/package.sh'
[1.193s] INFO:colcon.colcon_core.shell:Creating package script '/home/rho922/chapt7/chapt7_ws/install/fishbot_navigation2/share/fishbot_navigation2/package.bash'
[1.194s] INFO:colcon.colcon_core.shell:Creating package script '/home/rho922/chapt7/chapt7_ws/install/fishbot_navigation2/share/fishbot_navigation2/package.zsh'
[1.195s] Level 1:colcon.colcon_core.environment:create_file_with_runtime_dependencies(/home/rho922/chapt7/chapt7_ws/install/fishbot_navigation2/share/colcon-core/packages/fishbot_navigation2)
[1.197s] Level 1:colcon.colcon_core.environment:create_environment_scripts_only(fishbot_navigation2)
[1.197s] Level 1:colcon.colcon_core.environment:checking '/home/rho922/chapt7/chapt7_ws/install/fishbot_navigation2' for CMake module files
[1.197s] Level 1:colcon.colcon_core.environment:checking '/home/rho922/chapt7/chapt7_ws/install/fishbot_navigation2' for CMake config files
[1.197s] Level 1:colcon.colcon_core.shell:create_environment_hook('fishbot_navigation2', 'cmake_prefix_path')
[1.198s] INFO:colcon.colcon_core.shell:Creating environment hook '/home/rho922/chapt7/chapt7_ws/install/fishbot_navigation2/share/fishbot_navigation2/hook/cmake_prefix_path.ps1'
[1.198s] INFO:colcon.colcon_core.shell:Creating environment descriptor '/home/rho922/chapt7/chapt7_ws/install/fishbot_navigation2/share/fishbot_navigation2/hook/cmake_prefix_path.dsv'
[1.199s] INFO:colcon.colcon_core.shell:Creating environment hook '/home/rho922/chapt7/chapt7_ws/install/fishbot_navigation2/share/fishbot_navigation2/hook/cmake_prefix_path.sh'
[1.199s] Level 1:colcon.colcon_core.environment:checking '/home/rho922/chapt7/chapt7_ws/install/fishbot_navigation2/bin'
[1.199s] Level 1:colcon.colcon_core.environment:checking '/home/rho922/chapt7/chapt7_ws/install/fishbot_navigation2/lib/pkgconfig/fishbot_navigation2.pc'
[1.200s] Level 1:colcon.colcon_core.environment:checking '/home/rho922/chapt7/chapt7_ws/install/fishbot_navigation2/lib/python3.10/site-packages'
[1.200s] Level 1:colcon.colcon_core.environment:checking '/home/rho922/chapt7/chapt7_ws/install/fishbot_navigation2/bin'
[1.200s] INFO:colcon.colcon_core.shell:Creating package script '/home/rho922/chapt7/chapt7_ws/install/fishbot_navigation2/share/fishbot_navigation2/package.ps1'
[1.201s] INFO:colcon.colcon_core.shell:Creating package descriptor '/home/rho922/chapt7/chapt7_ws/install/fishbot_navigation2/share/fishbot_navigation2/package.dsv'
[1.202s] INFO:colcon.colcon_core.shell:Creating package script '/home/rho922/chapt7/chapt7_ws/install/fishbot_navigation2/share/fishbot_navigation2/package.sh'
[1.202s] INFO:colcon.colcon_core.shell:Creating package script '/home/rho922/chapt7/chapt7_ws/install/fishbot_navigation2/share/fishbot_navigation2/package.bash'
[1.203s] INFO:colcon.colcon_core.shell:Creating package script '/home/rho922/chapt7/chapt7_ws/install/fishbot_navigation2/share/fishbot_navigation2/package.zsh'
[1.203s] Level 1:colcon.colcon_core.environment:create_file_with_runtime_dependencies(/home/rho922/chapt7/chapt7_ws/install/fishbot_navigation2/share/colcon-core/packages/fishbot_navigation2)
[1.205s] Level 1:colcon.colcon_core.environment:create_environment_scripts_only(fishbot_description)
[1.206s] Level 1:colcon.colcon_core.environment:checking '/home/rho922/chapt7/chapt7_ws/install/fishbot_description' for CMake module files
[1.207s] DEBUG:colcon.colcon_core.event_handler.log_command:Invoked command in '/home/rho922/chapt7/chapt7_ws/build/fishbot_description' returned '0': CMAKE_PREFIX_PATH=/opt/ros/humble /usr/bin/cmake --install /home/rho922/chapt7/chapt7_ws/build/fishbot_description
[1.207s] Level 1:colcon.colcon_core.environment:checking '/home/rho922/chapt7/chapt7_ws/install/fishbot_description' for CMake config files
[1.210s] Level 1:colcon.colcon_core.shell:create_environment_hook('fishbot_description', 'cmake_prefix_path')
[1.210s] INFO:colcon.colcon_core.shell:Creating environment hook '/home/rho922/chapt7/chapt7_ws/install/fishbot_description/share/fishbot_description/hook/cmake_prefix_path.ps1'
[1.211s] INFO:colcon.colcon_core.shell:Creating environment descriptor '/home/rho922/chapt7/chapt7_ws/install/fishbot_description/share/fishbot_description/hook/cmake_prefix_path.dsv'
[1.211s] INFO:colcon.colcon_core.shell:Creating environment hook '/home/rho922/chapt7/chapt7_ws/install/fishbot_description/share/fishbot_description/hook/cmake_prefix_path.sh'
[1.212s] Level 1:colcon.colcon_core.environment:checking '/home/rho922/chapt7/chapt7_ws/install/fishbot_description/bin'
[1.212s] Level 1:colcon.colcon_core.environment:checking '/home/rho922/chapt7/chapt7_ws/install/fishbot_description/lib/pkgconfig/fishbot_description.pc'
[1.212s] Level 1:colcon.colcon_core.environment:checking '/home/rho922/chapt7/chapt7_ws/install/fishbot_description/lib/python3.10/site-packages'
[1.212s] Level 1:colcon.colcon_core.environment:checking '/home/rho922/chapt7/chapt7_ws/install/fishbot_description/bin'
[1.213s] INFO:colcon.colcon_core.shell:Creating package script '/home/rho922/chapt7/chapt7_ws/install/fishbot_description/share/fishbot_description/package.ps1'
[1.213s] INFO:colcon.colcon_core.shell:Creating package descriptor '/home/rho922/chapt7/chapt7_ws/install/fishbot_description/share/fishbot_description/package.dsv'
[1.214s] INFO:colcon.colcon_core.shell:Creating package script '/home/rho922/chapt7/chapt7_ws/install/fishbot_description/share/fishbot_description/package.sh'
[1.215s] INFO:colcon.colcon_core.shell:Creating package script '/home/rho922/chapt7/chapt7_ws/install/fishbot_description/share/fishbot_description/package.bash'
[1.215s] INFO:colcon.colcon_core.shell:Creating package script '/home/rho922/chapt7/chapt7_ws/install/fishbot_description/share/fishbot_description/package.zsh'
[1.216s] Level 1:colcon.colcon_core.environment:create_file_with_runtime_dependencies(/home/rho922/chapt7/chapt7_ws/install/fishbot_description/share/colcon-core/packages/fishbot_description)
[1.216s] Level 1:colcon.colcon_core.environment:create_environment_scripts_only(fishbot_description)
[1.217s] Level 1:colcon.colcon_core.environment:checking '/home/rho922/chapt7/chapt7_ws/install/fishbot_description' for CMake module files
[1.217s] Level 1:colcon.colcon_core.environment:checking '/home/rho922/chapt7/chapt7_ws/install/fishbot_description' for CMake config files
[1.217s] Level 1:colcon.colcon_core.shell:create_environment_hook('fishbot_description', 'cmake_prefix_path')
[1.218s] INFO:colcon.colcon_core.shell:Creating environment hook '/home/rho922/chapt7/chapt7_ws/install/fishbot_description/share/fishbot_description/hook/cmake_prefix_path.ps1'
[1.218s] INFO:colcon.colcon_core.shell:Creating environment descriptor '/home/rho922/chapt7/chapt7_ws/install/fishbot_description/share/fishbot_description/hook/cmake_prefix_path.dsv'
[1.219s] INFO:colcon.colcon_core.shell:Creating environment hook '/home/rho922/chapt7/chapt7_ws/install/fishbot_description/share/fishbot_description/hook/cmake_prefix_path.sh'
[1.220s] Level 1:colcon.colcon_core.environment:checking '/home/rho922/chapt7/chapt7_ws/install/fishbot_description/bin'
[1.220s] Level 1:colcon.colcon_core.environment:checking '/home/rho922/chapt7/chapt7_ws/install/fishbot_description/lib/pkgconfig/fishbot_description.pc'
[1.220s] Level 1:colcon.colcon_core.environment:checking '/home/rho922/chapt7/chapt7_ws/install/fishbot_description/lib/python3.10/site-packages'
[1.220s] Level 1:colcon.colcon_core.environment:checking '/home/rho922/chapt7/chapt7_ws/install/fishbot_description/bin'
[1.221s] INFO:colcon.colcon_core.shell:Creating package script '/home/rho922/chapt7/chapt7_ws/install/fishbot_description/share/fishbot_description/package.ps1'
[1.222s] INFO:colcon.colcon_core.shell:Creating package descriptor '/home/rho922/chapt7/chapt7_ws/install/fishbot_description/share/fishbot_description/package.dsv'
[1.222s] INFO:colcon.colcon_core.shell:Creating package script '/home/rho922/chapt7/chapt7_ws/install/fishbot_description/share/fishbot_description/package.sh'
[1.223s] INFO:colcon.colcon_core.shell:Creating package script '/home/rho922/chapt7/chapt7_ws/install/fishbot_description/share/fishbot_description/package.bash'
[1.223s] INFO:colcon.colcon_core.shell:Creating package script '/home/rho922/chapt7/chapt7_ws/install/fishbot_description/share/fishbot_description/package.zsh'
[1.224s] Level 1:colcon.colcon_core.environment:create_file_with_runtime_dependencies(/home/rho922/chapt7/chapt7_ws/install/fishbot_description/share/colcon-core/packages/fishbot_description)
[1.646s] DEBUG:colcon.colcon_core.event_handler.log_command:Invoking command in '/home/rho922/chapt7/chapt7_ws/src/fishbot_application': PYTHONPATH=/home/rho922/chapt7/chapt7_ws/build/fishbot_application/prefix_override:/usr/lib/python3/dist-packages/colcon_core/task/python/colcon_distutils_commands:/home/rho922/chapt7/chapt7_ws/install/fishbot_application/lib/python3.10/site-packages:${PYTHONPATH} /usr/bin/python3 -W ignore:setup.py install is deprecated -W ignore:easy_install command is deprecated setup.py egg_info --egg-base ../../build/fishbot_application build --build-base /home/rho922/chapt7/chapt7_ws/build/fishbot_application/build install --record /home/rho922/chapt7/chapt7_ws/build/fishbot_application/install.log --single-version-externally-managed install_data
[1.647s] DEBUG:colcon.colcon_core.event_handler.log_command:Invoking command in '/home/rho922/chapt7/chapt7_ws/src/autopartol_robot': PYTHONPATH=/home/rho922/chapt7/chapt7_ws/build/autopartol_robot/prefix_override:/usr/lib/python3/dist-packages/colcon_core/task/python/colcon_distutils_commands:/home/rho922/chapt7/chapt7_ws/install/autopartol_robot/lib/python3.10/site-packages:${PYTHONPATH} /usr/bin/python3 -W ignore:setup.py install is deprecated -W ignore:easy_install command is deprecated setup.py egg_info --egg-base ../../build/autopartol_robot build --build-base /home/rho922/chapt7/chapt7_ws/build/autopartol_robot/build install --record /home/rho922/chapt7/chapt7_ws/build/autopartol_robot/install.log --single-version-externally-managed install_data
[1.974s] Level 1:colcon.colcon_core.environment:checking '/home/rho922/chapt7/chapt7_ws/install/fishbot_application' for CMake module files
[1.975s] DEBUG:colcon.colcon_core.event_handler.log_command:Invoked command in '/home/rho922/chapt7/chapt7_ws/src/fishbot_application' returned '0': PYTHONPATH=/home/rho922/chapt7/chapt7_ws/build/fishbot_application/prefix_override:/usr/lib/python3/dist-packages/colcon_core/task/python/colcon_distutils_commands:/home/rho922/chapt7/chapt7_ws/install/fishbot_application/lib/python3.10/site-packages:${PYTHONPATH} /usr/bin/python3 -W ignore:setup.py install is deprecated -W ignore:easy_install command is deprecated setup.py egg_info --egg-base ../../build/fishbot_application build --build-base /home/rho922/chapt7/chapt7_ws/build/fishbot_application/build install --record /home/rho922/chapt7/chapt7_ws/build/fishbot_application/install.log --single-version-externally-managed install_data
[1.976s] Level 1:colcon.colcon_core.environment:checking '/home/rho922/chapt7/chapt7_ws/install/fishbot_application' for CMake config files
[1.980s] Level 1:colcon.colcon_core.environment:checking '/home/rho922/chapt7/chapt7_ws/install/fishbot_application/lib'
[1.980s] Level 1:colcon.colcon_core.environment:checking '/home/rho922/chapt7/chapt7_ws/install/fishbot_application/bin'
[1.981s] Level 1:colcon.colcon_core.environment:checking '/home/rho922/chapt7/chapt7_ws/install/fishbot_application/lib/pkgconfig/fishbot_application.pc'
[1.981s] Level 1:colcon.colcon_core.environment:checking '/home/rho922/chapt7/chapt7_ws/install/fishbot_application/lib/python3.10/site-packages'
[1.981s] Level 1:colcon.colcon_core.shell:create_environment_hook('fishbot_application', 'pythonpath')
[1.981s] INFO:colcon.colcon_core.shell:Creating environment hook '/home/rho922/chapt7/chapt7_ws/install/fishbot_application/share/fishbot_application/hook/pythonpath.ps1'
[1.982s] INFO:colcon.colcon_core.shell:Creating environment descriptor '/home/rho922/chapt7/chapt7_ws/install/fishbot_application/share/fishbot_application/hook/pythonpath.dsv'
[1.982s] INFO:colcon.colcon_core.shell:Creating environment hook '/home/rho922/chapt7/chapt7_ws/install/fishbot_application/share/fishbot_application/hook/pythonpath.sh'
[1.983s] Level 1:colcon.colcon_core.environment:checking '/home/rho922/chapt7/chapt7_ws/install/fishbot_application/bin'
[1.983s] Level 1:colcon.colcon_core.environment:create_environment_scripts_only(fishbot_application)
[1.983s] INFO:colcon.colcon_core.shell:Creating package script '/home/rho922/chapt7/chapt7_ws/install/fishbot_application/share/fishbot_application/package.ps1'
[1.984s] INFO:colcon.colcon_core.shell:Creating package descriptor '/home/rho922/chapt7/chapt7_ws/install/fishbot_application/share/fishbot_application/package.dsv'
[1.985s] INFO:colcon.colcon_core.shell:Creating package script '/home/rho922/chapt7/chapt7_ws/install/fishbot_application/share/fishbot_application/package.sh'
[1.986s] INFO:colcon.colcon_core.shell:Creating package script '/home/rho922/chapt7/chapt7_ws/install/fishbot_application/share/fishbot_application/package.bash'
[1.987s] INFO:colcon.colcon_core.shell:Creating package script '/home/rho922/chapt7/chapt7_ws/install/fishbot_application/share/fishbot_application/package.zsh'
[1.987s] Level 1:colcon.colcon_core.environment:create_file_with_runtime_dependencies(/home/rho922/chapt7/chapt7_ws/install/fishbot_application/share/colcon-core/packages/fishbot_application)
[1.989s] Level 1:colcon.colcon_core.environment:checking '/home/rho922/chapt7/chapt7_ws/install/autopartol_robot' for CMake module files
[1.990s] DEBUG:colcon.colcon_core.event_handler.log_command:Invoked command in '/home/rho922/chapt7/chapt7_ws/src/autopartol_robot' returned '0': PYTHONPATH=/home/rho922/chapt7/chapt7_ws/build/autopartol_robot/prefix_override:/usr/lib/python3/dist-packages/colcon_core/task/python/colcon_distutils_commands:/home/rho922/chapt7/chapt7_ws/install/autopartol_robot/lib/python3.10/site-packages:${PYTHONPATH} /usr/bin/python3 -W ignore:setup.py install is deprecated -W ignore:easy_install command is deprecated setup.py egg_info --egg-base ../../build/autopartol_robot build --build-base /home/rho922/chapt7/chapt7_ws/build/autopartol_robot/build install --record /home/rho922/chapt7/chapt7_ws/build/autopartol_robot/install.log --single-version-externally-managed install_data
[1.991s] Level 1:colcon.colcon_core.environment:checking '/home/rho922/chapt7/chapt7_ws/install/autopartol_robot' for CMake config files
[1.994s] Level 1:colcon.colcon_core.environment:checking '/home/rho922/chapt7/chapt7_ws/install/autopartol_robot/lib'
[1.994s] Level 1:colcon.colcon_core.environment:checking '/home/rho922/chapt7/chapt7_ws/install/autopartol_robot/bin'
[1.994s] Level 1:colcon.colcon_core.environment:checking '/home/rho922/chapt7/chapt7_ws/install/autopartol_robot/lib/pkgconfig/autopartol_robot.pc'
[1.995s] Level 1:colcon.colcon_core.environment:checking '/home/rho922/chapt7/chapt7_ws/install/autopartol_robot/lib/python3.10/site-packages'
[1.995s] Level 1:colcon.colcon_core.shell:create_environment_hook('autopartol_robot', 'pythonpath')
[1.995s] INFO:colcon.colcon_core.shell:Creating environment hook '/home/rho922/chapt7/chapt7_ws/install/autopartol_robot/share/autopartol_robot/hook/pythonpath.ps1'
[1.995s] INFO:colcon.colcon_core.shell:Creating environment descriptor '/home/rho922/chapt7/chapt7_ws/install/autopartol_robot/share/autopartol_robot/hook/pythonpath.dsv'
[1.996s] INFO:colcon.colcon_core.shell:Creating environment hook '/home/rho922/chapt7/chapt7_ws/install/autopartol_robot/share/autopartol_robot/hook/pythonpath.sh'
[1.997s] Level 1:colcon.colcon_core.environment:checking '/home/rho922/chapt7/chapt7_ws/install/autopartol_robot/bin'
[1.997s] Level 1:colcon.colcon_core.environment:create_environment_scripts_only(autopartol_robot)
[1.997s] INFO:colcon.colcon_core.shell:Creating package script '/home/rho922/chapt7/chapt7_ws/install/autopartol_robot/share/autopartol_robot/package.ps1'
[1.998s] INFO:colcon.colcon_core.shell:Creating package descriptor '/home/rho922/chapt7/chapt7_ws/install/autopartol_robot/share/autopartol_robot/package.dsv'
[1.998s] INFO:colcon.colcon_core.shell:Creating package script '/home/rho922/chapt7/chapt7_ws/install/autopartol_robot/share/autopartol_robot/package.sh'
[1.999s] INFO:colcon.colcon_core.shell:Creating package script '/home/rho922/chapt7/chapt7_ws/install/autopartol_robot/share/autopartol_robot/package.bash'
[1.999s] INFO:colcon.colcon_core.shell:Creating package script '/home/rho922/chapt7/chapt7_ws/install/autopartol_robot/share/autopartol_robot/package.zsh'
[1.999s] Level 1:colcon.colcon_core.environment:create_file_with_runtime_dependencies(/home/rho922/chapt7/chapt7_ws/install/autopartol_robot/share/colcon-core/packages/autopartol_robot)
[2.851s] DEBUG:colcon.colcon_core.event_handler.log_command:Invoked command in '/home/rho922/chapt7/chapt7_ws/build/autopartol_interfaces' returned '1': CMAKE_PREFIX_PATH=/opt/ros/humble /usr/bin/cmake /home/rho922/chapt7/chapt7_ws/src/autopartol_interfaces -DCMAKE_INSTALL_PREFIX=/home/rho922/chapt7/chapt7_ws/install/autopartol_interfaces
[2.860s] Level 1:colcon.colcon_core.environment:create_environment_scripts_only(autopartol_interfaces)
[2.860s] Level 1:colcon.colcon_core.environment:checking '/home/rho922/chapt7/chapt7_ws/install/autopartol_interfaces' for CMake module files
[2.861s] Level 1:colcon.colcon_core.environment:checking '/home/rho922/chapt7/chapt7_ws/install/autopartol_interfaces' for CMake config files
[2.861s] Level 1:colcon.colcon_core.environment:checking '/home/rho922/chapt7/chapt7_ws/install/autopartol_interfaces/bin'
[2.861s] Level 1:colcon.colcon_core.environment:checking '/home/rho922/chapt7/chapt7_ws/install/autopartol_interfaces/lib/pkgconfig/autopartol_interfaces.pc'
[2.861s] Level 1:colcon.colcon_core.environment:checking '/home/rho922/chapt7/chapt7_ws/install/autopartol_interfaces/lib/python3.10/site-packages'
[2.861s] Level 1:colcon.colcon_core.environment:checking '/home/rho922/chapt7/chapt7_ws/install/autopartol_interfaces/bin'
[2.862s] INFO:colcon.colcon_core.shell:Creating package script '/home/rho922/chapt7/chapt7_ws/install/autopartol_interfaces/share/autopartol_interfaces/package.ps1'
[2.862s] INFO:colcon.colcon_core.shell:Creating package descriptor '/home/rho922/chapt7/chapt7_ws/install/autopartol_interfaces/share/autopartol_interfaces/package.dsv'
[2.863s] INFO:colcon.colcon_core.shell:Creating package script '/home/rho922/chapt7/chapt7_ws/install/autopartol_interfaces/share/autopartol_interfaces/package.sh'
[2.863s] INFO:colcon.colcon_core.shell:Creating package script '/home/rho922/chapt7/chapt7_ws/install/autopartol_interfaces/share/autopartol_interfaces/package.bash'
[2.863s] INFO:colcon.colcon_core.shell:Creating package script '/home/rho922/chapt7/chapt7_ws/install/autopartol_interfaces/share/autopartol_interfaces/package.zsh'
[2.864s] Level 1:colcon.colcon_core.environment:create_file_with_runtime_dependencies(/home/rho922/chapt7/chapt7_ws/install/autopartol_interfaces/share/colcon-core/packages/autopartol_interfaces)
[2.864s] DEBUG:colcon.colcon_parallel_executor.executor.parallel:closing loop
[2.865s] DEBUG:colcon.colcon_parallel_executor.executor.parallel:loop closed
[2.865s] DEBUG:colcon.colcon_parallel_executor.executor.parallel:run_until_complete finished with '1'
[2.866s] DEBUG:colcon.colcon_core.event_reactor:joining thread
[2.917s] INFO:colcon.colcon_core.plugin_system:Skipping extension 'colcon_notification.desktop_notification.notify_send': Could not find 'notify-send'
[2.917s] INFO:colcon.colcon_core.plugin_system:Skipping extension 'colcon_notification.desktop_notification.terminal_notifier': Not used on non-Darwin systems
[2.917s] INFO:colcon.colcon_core.plugin_system:Skipping extension 'colcon_notification.desktop_notification.win32': Not used on non-Windows systems
[2.917s] INFO:colcon.colcon_notification.desktop_notification:Sending desktop notification using 'notify2'
[2.926s] DEBUG:colcon.colcon_notification.desktop_notification.notify2:Failed to initialize notify2: org.freedesktop.DBus.Error.ServiceUnknown: The name org.freedesktop.Notifications was not provided by any .service files
[2.927s] DEBUG:colcon.colcon_core.event_reactor:joined thread
[2.927s] INFO:colcon.colcon_core.shell:Creating prefix script '/home/rho922/chapt7/chapt7_ws/install/local_setup.ps1'
[2.929s] INFO:colcon.colcon_core.shell:Creating prefix util module '/home/rho922/chapt7/chapt7_ws/install/_local_setup_util_ps1.py'
[2.930s] INFO:colcon.colcon_core.shell:Creating prefix chain script '/home/rho922/chapt7/chapt7_ws/install/setup.ps1'
[2.931s] INFO:colcon.colcon_core.shell:Creating prefix script '/home/rho922/chapt7/chapt7_ws/install/local_setup.sh'
[2.932s] INFO:colcon.colcon_core.shell:Creating prefix util module '/home/rho922/chapt7/chapt7_ws/install/_local_setup_util_sh.py'
[2.933s] INFO:colcon.colcon_core.shell:Creating prefix chain script '/home/rho922/chapt7/chapt7_ws/install/setup.sh'
[2.934s] INFO:colcon.colcon_core.shell:Creating prefix script '/home/rho922/chapt7/chapt7_ws/install/local_setup.bash'
[2.934s] INFO:colcon.colcon_core.shell:Creating prefix chain script '/home/rho922/chapt7/chapt7_ws/install/setup.bash'
[2.935s] INFO:colcon.colcon_core.shell:Creating prefix script '/home/rho922/chapt7/chapt7_ws/install/local_setup.zsh'
[2.936s] INFO:colcon.colcon_core.shell:Creating prefix chain script '/home/rho922/chapt7/chapt7_ws/install/setup.zsh'
