[0.340s] DEBUG:colcon:Command line arguments: ['/usr/bin/colcon', 'build']
[0.340s] DEBUG:colcon:Parsed command line arguments: Namespace(log_base=None, log_level=None, verb_name='build', build_base='build', install_base='install', merge_install=False, symlink_install=False, test_result_base=None, continue_on_error=False, executor='parallel', parallel_workers=20, event_handlers=None, ignore_user_meta=False, metas=['./colcon.meta'], base_paths=['.'], packages_ignore=None, packages_ignore_regex=None, paths=None, packages_up_to=None, packages_up_to_regex=None, packages_above=None, packages_above_and_dependencies=None, packages_above_depth=None, packages_select_by_dep=None, packages_skip_by_dep=None, packages_skip_up_to=None, packages_select_build_failed=False, packages_skip_build_finished=False, packages_select_test_failures=False, packages_skip_test_passed=False, packages_select=None, packages_skip=None, packages_select_regex=None, packages_skip_regex=None, packages_start=None, packages_end=None, cmake_args=None, cmake_target=None, cmake_target_skip_unavailable=False, cmake_clean_cache=False, cmake_clean_first=False, cmake_force_configure=False, ament_cmake_args=None, catkin_cmake_args=None, catkin_skip_building_tests=False, verb_parser=<colcon_defaults.argument_parser.defaults.DefaultArgumentsDecorator object at 0x79377641d190>, verb_extension=<colcon_core.verb.build.BuildVerb object at 0x79377641c7d0>, main=<bound method BuildVerb.main of <colcon_core.verb.build.BuildVerb object at 0x79377641c7d0>>)
[0.402s] Level 1:colcon.colcon_core.package_discovery:discover_packages(colcon_meta) check parameters
[0.402s] Level 1:colcon.colcon_core.package_discovery:discover_packages(recursive) check parameters
[0.402s] Level 1:colcon.colcon_core.package_discovery:discover_packages(ignore) check parameters
[0.402s] Level 1:colcon.colcon_core.package_discovery:discover_packages(path) check parameters
[0.402s] Level 1:colcon.colcon_core.package_discovery:discover_packages(colcon_meta) discover
[0.402s] Level 1:colcon.colcon_core.package_discovery:discover_packages(recursive) discover
[0.402s] INFO:colcon.colcon_core.package_discovery:Crawling recursively for packages in '/home/rho9/chapt4/chapt4_ws/src'
[0.402s] Level 1:colcon.colcon_core.package_identification:_identify(.) by extensions ['ignore', 'ignore_ament_install']
[0.402s] Level 1:colcon.colcon_core.package_identification:_identify(.) by extension 'ignore'
[0.402s] Level 1:colcon.colcon_core.package_identification:_identify(.) by extension 'ignore_ament_install'
[0.402s] Level 1:colcon.colcon_core.package_identification:_identify(.) by extensions ['colcon_pkg']
[0.402s] Level 1:colcon.colcon_core.package_identification:_identify(.) by extension 'colcon_pkg'
[0.402s] Level 1:colcon.colcon_core.package_identification:_identify(.) by extensions ['colcon_meta']
[0.402s] Level 1:colcon.colcon_core.package_identification:_identify(.) by extension 'colcon_meta'
[0.402s] Level 1:colcon.colcon_core.package_identification:_identify(.) by extensions ['ros']
[0.402s] Level 1:colcon.colcon_core.package_identification:_identify(.) by extension 'ros'
[0.438s] Level 1:colcon.colcon_core.package_identification:_identify(.) by extensions ['cmake', 'python']
[0.438s] Level 1:colcon.colcon_core.package_identification:_identify(.) by extension 'cmake'
[0.438s] Level 1:colcon.colcon_core.package_identification:_identify(.) by extension 'python'
[0.438s] Level 1:colcon.colcon_core.package_identification:_identify(.) by extensions ['python_setup_py']
[0.438s] Level 1:colcon.colcon_core.package_identification:_identify(.) by extension 'python_setup_py'
[0.439s] Level 1:colcon.colcon_core.package_identification:_identify(build) by extensions ['ignore', 'ignore_ament_install']
[0.439s] Level 1:colcon.colcon_core.package_identification:_identify(build) by extension 'ignore'
[0.439s] Level 1:colcon.colcon_core.package_identification:_identify(build) ignored
[0.439s] Level 1:colcon.colcon_core.package_identification:_identify(chapt4_interfaces) by extensions ['ignore', 'ignore_ament_install']
[0.439s] Level 1:colcon.colcon_core.package_identification:_identify(chapt4_interfaces) by extension 'ignore'
[0.439s] Level 1:colcon.colcon_core.package_identification:_identify(chapt4_interfaces) by extension 'ignore_ament_install'
[0.439s] Level 1:colcon.colcon_core.package_identification:_identify(chapt4_interfaces) by extensions ['colcon_pkg']
[0.439s] Level 1:colcon.colcon_core.package_identification:_identify(chapt4_interfaces) by extension 'colcon_pkg'
[0.439s] Level 1:colcon.colcon_core.package_identification:_identify(chapt4_interfaces) by extensions ['colcon_meta']
[0.439s] Level 1:colcon.colcon_core.package_identification:_identify(chapt4_interfaces) by extension 'colcon_meta'
[0.439s] Level 1:colcon.colcon_core.package_identification:_identify(chapt4_interfaces) by extensions ['ros']
[0.439s] Level 1:colcon.colcon_core.package_identification:_identify(chapt4_interfaces) by extension 'ros'
[0.441s] DEBUG:colcon.colcon_core.package_identification:Failed to parse potential ROS package manifest in'chapt4_interfaces': Error(s) in package 'chapt4_interfaces/package.xml':
The manifest contains invalid XML:
not well-formed (invalid token): line 7, column 20
[0.441s] Level 1:colcon.colcon_core.package_identification:_identify(chapt4_interfaces) by extensions ['cmake', 'python']
[0.441s] Level 1:colcon.colcon_core.package_identification:_identify(chapt4_interfaces) by extension 'cmake'
[0.443s] Level 1:colcon.colcon_core.package_identification:_identify(chapt4_interfaces) by extension 'python'
[0.443s] DEBUG:colcon.colcon_core.package_identification:Package 'chapt4_interfaces' with type 'cmake' and name 'chapt4_interfaces'
[0.443s] Level 1:colcon.colcon_core.package_identification:_identify(demo_python_service) by extensions ['ignore', 'ignore_ament_install']
[0.443s] Level 1:colcon.colcon_core.package_identification:_identify(demo_python_service) by extension 'ignore'
[0.443s] Level 1:colcon.colcon_core.package_identification:_identify(demo_python_service) by extension 'ignore_ament_install'
[0.443s] Level 1:colcon.colcon_core.package_identification:_identify(demo_python_service) by extensions ['colcon_pkg']
[0.443s] Level 1:colcon.colcon_core.package_identification:_identify(demo_python_service) by extension 'colcon_pkg'
[0.443s] Level 1:colcon.colcon_core.package_identification:_identify(demo_python_service) by extensions ['colcon_meta']
[0.443s] Level 1:colcon.colcon_core.package_identification:_identify(demo_python_service) by extension 'colcon_meta'
[0.443s] Level 1:colcon.colcon_core.package_identification:_identify(demo_python_service) by extensions ['ros']
[0.443s] Level 1:colcon.colcon_core.package_identification:_identify(demo_python_service) by extension 'ros'
[0.447s] DEBUG:colcon.colcon_core.package_identification:Found ROS schema reference in package manifest in 'demo_python_service'
[0.447s] WARNING:colcon.colcon_core.package_identification:Failed to parse ROS package manifest in 'demo_python_service': Error(s) in package 'demo_python_service/package.xml':
Invalid email "”363279510@qq.com“" for person "rho9"
[0.447s] Level 1:colcon.colcon_core.package_identification:_identify(demo_python_service) by extensions ['cmake', 'python']
[0.447s] Level 1:colcon.colcon_core.package_identification:_identify(demo_python_service) by extension 'cmake'
[0.447s] Level 1:colcon.colcon_core.package_identification:_identify(demo_python_service) by extension 'python'
[0.447s] DEBUG:colcon.colcon_core.package_identification:Python package in 'demo_python_service' passes arguments to the setup() function which requires a different identification extension than 'python'
[0.447s] Level 1:colcon.colcon_core.package_identification:_identify(demo_python_service) by extensions ['python_setup_py']
[0.448s] Level 1:colcon.colcon_core.package_identification:_identify(demo_python_service) by extension 'python_setup_py'
[0.628s] DEBUG:colcon.colcon_core.package_identification:Package 'demo_python_service' with type 'python' and name 'demo_python_service'
[0.629s] Level 1:colcon.colcon_core.package_identification:_identify(install) by extensions ['ignore', 'ignore_ament_install']
[0.629s] Level 1:colcon.colcon_core.package_identification:_identify(install) by extension 'ignore'
[0.629s] Level 1:colcon.colcon_core.package_identification:_identify(install) ignored
[0.629s] Level 1:colcon.colcon_core.package_identification:_identify(log) by extensions ['ignore', 'ignore_ament_install']
[0.629s] Level 1:colcon.colcon_core.package_identification:_identify(log) by extension 'ignore'
[0.629s] Level 1:colcon.colcon_core.package_identification:_identify(log) ignored
[0.629s] Level 1:colcon.colcon_core.package_discovery:discover_packages(recursive) using defaults
[0.629s] Level 1:colcon.colcon_core.package_discovery:discover_packages(ignore) discover
[0.629s] Level 1:colcon.colcon_core.package_discovery:discover_packages(ignore) using defaults
[0.629s] Level 1:colcon.colcon_core.package_discovery:discover_packages(path) discover
[0.629s] Level 1:colcon.colcon_core.package_discovery:discover_packages(path) using defaults
[0.659s] Level 5:colcon.colcon_core.verb:set package 'chapt4_interfaces' build argument 'cmake_args' from command line to 'None'
[0.659s] Level 5:colcon.colcon_core.verb:set package 'chapt4_interfaces' build argument 'cmake_target' from command line to 'None'
[0.659s] Level 5:colcon.colcon_core.verb:set package 'chapt4_interfaces' build argument 'cmake_target_skip_unavailable' from command line to 'False'
[0.659s] Level 5:colcon.colcon_core.verb:set package 'chapt4_interfaces' build argument 'cmake_clean_cache' from command line to 'False'
[0.659s] Level 5:colcon.colcon_core.verb:set package 'chapt4_interfaces' build argument 'cmake_clean_first' from command line to 'False'
[0.659s] Level 5:colcon.colcon_core.verb:set package 'chapt4_interfaces' build argument 'cmake_force_configure' from command line to 'False'
[0.659s] Level 5:colcon.colcon_core.verb:set package 'chapt4_interfaces' build argument 'ament_cmake_args' from command line to 'None'
[0.659s] Level 5:colcon.colcon_core.verb:set package 'chapt4_interfaces' build argument 'catkin_cmake_args' from command line to 'None'
[0.659s] Level 5:colcon.colcon_core.verb:set package 'chapt4_interfaces' build argument 'catkin_skip_building_tests' from command line to 'False'
[0.659s] DEBUG:colcon.colcon_core.verb:Building package 'chapt4_interfaces' with the following arguments: {'ament_cmake_args': None, 'build_base': '/home/rho9/chapt4/chapt4_ws/src/build/chapt4_interfaces', 'catkin_cmake_args': None, 'catkin_skip_building_tests': False, 'cmake_args': None, 'cmake_clean_cache': False, 'cmake_clean_first': False, 'cmake_force_configure': False, 'cmake_target': None, 'cmake_target_skip_unavailable': False, 'install_base': '/home/rho9/chapt4/chapt4_ws/src/install/chapt4_interfaces', 'merge_install': False, 'path': '/home/rho9/chapt4/chapt4_ws/src/chapt4_interfaces', 'symlink_install': False, 'test_result_base': None}
[0.659s] Level 5:colcon.colcon_core.verb:set package 'demo_python_service' build argument 'cmake_args' from command line to 'None'
[0.659s] Level 5:colcon.colcon_core.verb:set package 'demo_python_service' build argument 'cmake_target' from command line to 'None'
[0.659s] Level 5:colcon.colcon_core.verb:set package 'demo_python_service' build argument 'cmake_target_skip_unavailable' from command line to 'False'
[0.659s] Level 5:colcon.colcon_core.verb:set package 'demo_python_service' build argument 'cmake_clean_cache' from command line to 'False'
[0.659s] Level 5:colcon.colcon_core.verb:set package 'demo_python_service' build argument 'cmake_clean_first' from command line to 'False'
[0.659s] Level 5:colcon.colcon_core.verb:set package 'demo_python_service' build argument 'cmake_force_configure' from command line to 'False'
[0.660s] Level 5:colcon.colcon_core.verb:set package 'demo_python_service' build argument 'ament_cmake_args' from command line to 'None'
[0.660s] Level 5:colcon.colcon_core.verb:set package 'demo_python_service' build argument 'catkin_cmake_args' from command line to 'None'
[0.660s] Level 5:colcon.colcon_core.verb:set package 'demo_python_service' build argument 'catkin_skip_building_tests' from command line to 'False'
[0.660s] DEBUG:colcon.colcon_core.verb:Building package 'demo_python_service' with the following arguments: {'ament_cmake_args': None, 'build_base': '/home/rho9/chapt4/chapt4_ws/src/build/demo_python_service', 'catkin_cmake_args': None, 'catkin_skip_building_tests': False, 'cmake_args': None, 'cmake_clean_cache': False, 'cmake_clean_first': False, 'cmake_force_configure': False, 'cmake_target': None, 'cmake_target_skip_unavailable': False, 'install_base': '/home/rho9/chapt4/chapt4_ws/src/install/demo_python_service', 'merge_install': False, 'path': '/home/rho9/chapt4/chapt4_ws/src/demo_python_service', 'symlink_install': False, 'test_result_base': None}
[0.660s] INFO:colcon.colcon_core.executor:Executing jobs using 'parallel' executor
[0.661s] DEBUG:colcon.colcon_parallel_executor.executor.parallel:run_until_complete
[0.661s] INFO:colcon.colcon_cmake.task.cmake.build:Building CMake package in '/home/rho9/chapt4/chapt4_ws/src/chapt4_interfaces'
[0.666s] INFO:colcon.colcon_core.plugin_system:Skipping extension 'colcon_core.shell.bat': Not used on non-Windows systems
[0.667s] DEBUG:colcon.colcon_core.shell:Skip shell extension 'dsv' for command environment
[0.674s] INFO:colcon.colcon_core.task.python.build:Building Python package in '/home/rho9/chapt4/chapt4_ws/src/demo_python_service'
[0.674s] DEBUG:colcon.colcon_core.shell:Skip shell extension 'dsv' for command environment
[0.683s] DEBUG:colcon.colcon_core.event_handler.log_command:Invoking command in '/home/rho9/chapt4/chapt4_ws/src/build/chapt4_interfaces': /usr/bin/cmake --build /home/rho9/chapt4/chapt4_ws/src/build/chapt4_interfaces -- -j20 -l20
[1.767s] DEBUG:colcon.colcon_core.event_handler.log_command:Invoking command in '/home/rho9/chapt4/chapt4_ws/src/demo_python_service': PYTHONPATH=/home/rho9/chapt4/chapt4_ws/src/build/demo_python_service/prefix_override:/usr/lib/python3/dist-packages/colcon_core/task/python/colcon_distutils_commands:/home/rho9/chapt4/chapt4_ws/src/install/demo_python_service/lib/python3.12/site-packages:${PYTHONPATH} /usr/bin/python3 -W ignore:setup.py install is deprecated -W ignore:easy_install command is deprecated setup.py egg_info --egg-base ../build/demo_python_service build --build-base /home/rho9/chapt4/chapt4_ws/src/build/demo_python_service/build install --record /home/rho9/chapt4/chapt4_ws/src/build/demo_python_service/install.log --single-version-externally-managed install_data
[2.263s] DEBUG:colcon.colcon_core.event_handler.log_command:Invoked command in '/home/rho9/chapt4/chapt4_ws/src/demo_python_service' returned '0': PYTHONPATH=/home/rho9/chapt4/chapt4_ws/src/build/demo_python_service/prefix_override:/usr/lib/python3/dist-packages/colcon_core/task/python/colcon_distutils_commands:/home/rho9/chapt4/chapt4_ws/src/install/demo_python_service/lib/python3.12/site-packages:${PYTHONPATH} /usr/bin/python3 -W ignore:setup.py install is deprecated -W ignore:easy_install command is deprecated setup.py egg_info --egg-base ../build/demo_python_service build --build-base /home/rho9/chapt4/chapt4_ws/src/build/demo_python_service/build install --record /home/rho9/chapt4/chapt4_ws/src/build/demo_python_service/install.log --single-version-externally-managed install_data
[2.272s] Level 1:colcon.colcon_core.environment:checking '/home/rho9/chapt4/chapt4_ws/src/install/demo_python_service' for CMake module files
[2.272s] Level 1:colcon.colcon_core.environment:checking '/home/rho9/chapt4/chapt4_ws/src/install/demo_python_service' for CMake config files
[2.273s] Level 1:colcon.colcon_core.environment:checking '/home/rho9/chapt4/chapt4_ws/src/install/demo_python_service/lib'
[2.273s] Level 1:colcon.colcon_core.environment:checking '/home/rho9/chapt4/chapt4_ws/src/install/demo_python_service/bin'
[2.273s] Level 1:colcon.colcon_core.environment:checking '/home/rho9/chapt4/chapt4_ws/src/install/demo_python_service/lib/pkgconfig/demo_python_service.pc'
[2.273s] Level 1:colcon.colcon_core.environment:checking '/home/rho9/chapt4/chapt4_ws/src/install/demo_python_service/lib/python3.12/site-packages'
[2.274s] Level 1:colcon.colcon_core.shell:create_environment_hook('demo_python_service', 'pythonpath')
[2.274s] INFO:colcon.colcon_core.shell:Creating environment descriptor '/home/rho9/chapt4/chapt4_ws/src/install/demo_python_service/share/demo_python_service/hook/pythonpath.dsv'
[2.275s] INFO:colcon.colcon_core.shell:Creating environment hook '/home/rho9/chapt4/chapt4_ws/src/install/demo_python_service/share/demo_python_service/hook/pythonpath.sh'
[2.277s] Level 1:colcon.colcon_core.environment:checking '/home/rho9/chapt4/chapt4_ws/src/install/demo_python_service/bin'
[2.277s] Level 1:colcon.colcon_core.environment:create_environment_scripts_only(demo_python_service)
[2.277s] INFO:colcon.colcon_core.shell:Creating package descriptor '/home/rho9/chapt4/chapt4_ws/src/install/demo_python_service/share/demo_python_service/package.dsv'
[2.278s] INFO:colcon.colcon_core.shell:Creating package script '/home/rho9/chapt4/chapt4_ws/src/install/demo_python_service/share/demo_python_service/package.sh'
[2.279s] INFO:colcon.colcon_core.shell:Creating package script '/home/rho9/chapt4/chapt4_ws/src/install/demo_python_service/share/demo_python_service/package.bash'
[2.280s] INFO:colcon.colcon_core.shell:Creating package script '/home/rho9/chapt4/chapt4_ws/src/install/demo_python_service/share/demo_python_service/package.zsh'
[2.281s] Level 1:colcon.colcon_core.environment:create_file_with_runtime_dependencies(/home/rho9/chapt4/chapt4_ws/src/install/demo_python_service/share/colcon-core/packages/demo_python_service)
[3.237s] DEBUG:colcon.colcon_core.event_handler.log_command:Invoked command in '/home/rho9/chapt4/chapt4_ws/src/build/chapt4_interfaces' returned '2': /usr/bin/cmake --build /home/rho9/chapt4/chapt4_ws/src/build/chapt4_interfaces -- -j20 -l20
[3.247s] DEBUG:colcon.colcon_parallel_executor.executor.parallel:closing loop
[3.247s] DEBUG:colcon.colcon_parallel_executor.executor.parallel:loop closed
[3.247s] DEBUG:colcon.colcon_parallel_executor.executor.parallel:run_until_complete finished with '2'
[3.247s] DEBUG:colcon.colcon_core.event_reactor:joining thread
[3.291s] INFO:colcon.colcon_core.plugin_system:Skipping extension 'colcon_notification.desktop_notification.notify_send': Could not find 'notify-send'
[3.291s] INFO:colcon.colcon_core.plugin_system:Skipping extension 'colcon_notification.desktop_notification.terminal_notifier': Not used on non-Darwin systems
[3.291s] INFO:colcon.colcon_core.plugin_system:Skipping extension 'colcon_notification.desktop_notification.win32': Not used on non-Windows systems
[3.291s] INFO:colcon.colcon_notification.desktop_notification:Sending desktop notification using 'notify2'
[3.294s] DEBUG:colcon.colcon_notification.desktop_notification.notify2:Failed to initialize notify2: org.freedesktop.DBus.Error.ServiceUnknown: The name org.freedesktop.Notifications was not provided by any .service files
[3.294s] DEBUG:colcon.colcon_core.event_reactor:joined thread
[3.294s] INFO:colcon.colcon_core.shell:Creating prefix script '/home/rho9/chapt4/chapt4_ws/src/install/local_setup.sh'
[3.295s] INFO:colcon.colcon_core.shell:Creating prefix util module '/home/rho9/chapt4/chapt4_ws/src/install/_local_setup_util_sh.py'
[3.297s] INFO:colcon.colcon_core.shell:Creating prefix chain script '/home/rho9/chapt4/chapt4_ws/src/install/setup.sh'
[3.298s] INFO:colcon.colcon_core.shell:Creating prefix script '/home/rho9/chapt4/chapt4_ws/src/install/local_setup.bash'
[3.299s] INFO:colcon.colcon_core.shell:Creating prefix chain script '/home/rho9/chapt4/chapt4_ws/src/install/setup.bash'
[3.300s] INFO:colcon.colcon_core.shell:Creating prefix script '/home/rho9/chapt4/chapt4_ws/src/install/local_setup.zsh'
[3.300s] INFO:colcon.colcon_core.shell:Creating prefix chain script '/home/rho9/chapt4/chapt4_ws/src/install/setup.zsh'
