/home/rho922/chapt7/chapt7_ws/install/fishbot_application/lib/python3.10/site-packages/fishbot_application/init_robot_pose.py
/home/rho922/chapt7/chapt7_ws/install/fishbot_application/lib/python3.10/site-packages/fishbot_application/waypoint_follower.py
/home/rho922/chapt7/chapt7_ws/install/fishbot_application/lib/python3.10/site-packages/fishbot_application/nav_to_pose.py
/home/rho922/chapt7/chapt7_ws/install/fishbot_application/lib/python3.10/site-packages/fishbot_application/__init__.py
/home/rho922/chapt7/chapt7_ws/install/fishbot_application/lib/python3.10/site-packages/fishbot_application/get_robot_pose.py
/home/rho922/chapt7/chapt7_ws/install/fishbot_application/lib/python3.10/site-packages/fishbot_application/__pycache__/init_robot_pose.cpython-310.pyc
/home/rho922/chapt7/chapt7_ws/install/fishbot_application/lib/python3.10/site-packages/fishbot_application/__pycache__/waypoint_follower.cpython-310.pyc
/home/rho922/chapt7/chapt7_ws/install/fishbot_application/lib/python3.10/site-packages/fishbot_application/__pycache__/nav_to_pose.cpython-310.pyc
/home/rho922/chapt7/chapt7_ws/install/fishbot_application/lib/python3.10/site-packages/fishbot_application/__pycache__/__init__.cpython-310.pyc
/home/rho922/chapt7/chapt7_ws/install/fishbot_application/lib/python3.10/site-packages/fishbot_application/__pycache__/get_robot_pose.cpython-310.pyc
/home/rho922/chapt7/chapt7_ws/install/fishbot_application/share/ament_index/resource_index/packages/fishbot_application
/home/rho922/chapt7/chapt7_ws/install/fishbot_application/share/fishbot_application/package.xml
/home/rho922/chapt7/chapt7_ws/install/fishbot_application/lib/python3.10/site-packages/fishbot_application-0.0.0-py3.10.egg-info/SOURCES.txt
/home/rho922/chapt7/chapt7_ws/install/fishbot_application/lib/python3.10/site-packages/fishbot_application-0.0.0-py3.10.egg-info/top_level.txt
/home/rho922/chapt7/chapt7_ws/install/fishbot_application/lib/python3.10/site-packages/fishbot_application-0.0.0-py3.10.egg-info/zip-safe
/home/rho922/chapt7/chapt7_ws/install/fishbot_application/lib/python3.10/site-packages/fishbot_application-0.0.0-py3.10.egg-info/requires.txt
/home/rho922/chapt7/chapt7_ws/install/fishbot_application/lib/python3.10/site-packages/fishbot_application-0.0.0-py3.10.egg-info/entry_points.txt
/home/rho922/chapt7/chapt7_ws/install/fishbot_application/lib/python3.10/site-packages/fishbot_application-0.0.0-py3.10.egg-info/dependency_links.txt
/home/rho922/chapt7/chapt7_ws/install/fishbot_application/lib/python3.10/site-packages/fishbot_application-0.0.0-py3.10.egg-info/PKG-INFO
/home/rho922/chapt7/chapt7_ws/install/fishbot_application/lib/fishbot_application/get_robot_pose
/home/rho922/chapt7/chapt7_ws/install/fishbot_application/lib/fishbot_application/init_robot_pose
/home/rho922/chapt7/chapt7_ws/install/fishbot_application/lib/fishbot_application/nav_to_pose
/home/rho922/chapt7/chapt7_ws/install/fishbot_application/lib/fishbot_application/waypoint_follower
