/home/rho9/chapt2/chapt2_ws/install/demo_python_pkg/lib/python3.12/site-packages/demo_python_pkg/writer_node.py
/home/rho9/chapt2/chapt2_ws/install/demo_python_pkg/lib/python3.12/site-packages/demo_python_pkg/__init__.py
/home/rho9/chapt2/chapt2_ws/install/demo_python_pkg/lib/python3.12/site-packages/demo_python_pkg/python_node.py
/home/rho9/chapt2/chapt2_ws/install/demo_python_pkg/lib/python3.12/site-packages/demo_python_pkg/person_node.py
/home/rho9/chapt2/chapt2_ws/install/demo_python_pkg/lib/python3.12/site-packages/demo_python_pkg/__pycache__/writer_node.cpython-312.pyc
/home/rho9/chapt2/chapt2_ws/install/demo_python_pkg/lib/python3.12/site-packages/demo_python_pkg/__pycache__/__init__.cpython-312.pyc
/home/rho9/chapt2/chapt2_ws/install/demo_python_pkg/lib/python3.12/site-packages/demo_python_pkg/__pycache__/python_node.cpython-312.pyc
/home/rho9/chapt2/chapt2_ws/install/demo_python_pkg/lib/python3.12/site-packages/demo_python_pkg/__pycache__/person_node.cpython-312.pyc
/home/rho9/chapt2/chapt2_ws/install/demo_python_pkg/share/ament_index/resource_index/packages/demo_python_pkg
/home/rho9/chapt2/chapt2_ws/install/demo_python_pkg/share/demo_python_pkg/package.xml
/home/rho9/chapt2/chapt2_ws/install/demo_python_pkg/lib/python3.12/site-packages/demo_python_pkg-0.0.0-py3.12.egg-info/PKG-INFO
/home/rho9/chapt2/chapt2_ws/install/demo_python_pkg/lib/python3.12/site-packages/demo_python_pkg-0.0.0-py3.12.egg-info/requires.txt
/home/rho9/chapt2/chapt2_ws/install/demo_python_pkg/lib/python3.12/site-packages/demo_python_pkg-0.0.0-py3.12.egg-info/SOURCES.txt
/home/rho9/chapt2/chapt2_ws/install/demo_python_pkg/lib/python3.12/site-packages/demo_python_pkg-0.0.0-py3.12.egg-info/entry_points.txt
/home/rho9/chapt2/chapt2_ws/install/demo_python_pkg/lib/python3.12/site-packages/demo_python_pkg-0.0.0-py3.12.egg-info/top_level.txt
/home/rho9/chapt2/chapt2_ws/install/demo_python_pkg/lib/python3.12/site-packages/demo_python_pkg-0.0.0-py3.12.egg-info/zip-safe
/home/rho9/chapt2/chapt2_ws/install/demo_python_pkg/lib/python3.12/site-packages/demo_python_pkg-0.0.0-py3.12.egg-info/dependency_links.txt
/home/rho9/chapt2/chapt2_ws/install/demo_python_pkg/lib/demo_python_pkg/person_node
/home/rho9/chapt2/chapt2_ws/install/demo_python_pkg/lib/demo_python_pkg/python_node
/home/rho9/chapt2/chapt2_ws/install/demo_python_pkg/lib/demo_python_pkg/writer_node
