[0.014s] Invoking command in '/home/rho9/chapt3/topic_ws/build/demo_cpp_topic': CMAKE_PREFIX_PATH=${CMAKE_PREFIX_PATH}:/opt/ros/jazzy /usr/bin/cmake --build /home/rho9/chapt3/topic_ws/build/demo_cpp_topic -- -j20 -l20
[0.079s] [ 50%] [32mBuilding CXX object CMakeFiles/turtle_circle.dir/src/turtle_circle.cpp.o[0m
[0.288s] [01m[K/home/rho9/chapt3/topic_ws/src/demo_cpp_topic/src/turtle_circle.cpp:34:43:[m[K [01;35m[Kwarning: [m[Kcharacter constant too long for its type
[0.288s]    34 |     auto node = make_shared<TurtleCircle>([01;35m[K'turtle_circle'[m[K);
[0.288s]       |                                           [01;35m[K^~~~~~~~~~~~~~~[m[K
[3.274s] In file included from [01m[K/usr/include/c++/13/bits/stl_tempbuf.h:61[m[K,
[3.275s]                  from [01m[K/usr/include/c++/13/memory:66[m[K,
[3.275s]                  from [01m[K/opt/ros/jazzy/include/rclcpp/rclcpp/rclcpp.hpp:169[m[K,
[3.275s]                  from [01m[K/home/rho9/chapt3/topic_ws/src/demo_cpp_topic/src/turtle_circle.cpp:1[m[K:
[3.275s] /usr/include/c++/13/bits/stl_construct.h: In instantiation of ‘[01m[Kvoid std::[01;32m[K_Construct[m[K(_Tp*, _Args&& ...) [35m[K[with _Tp = TurtleCircle; _Args = {int}][m[K[m[K’:
[3.275s] [01m[K/usr/include/c++/13/bits/alloc_traits.h:661:19:[m[K   required from ‘[01m[Kstatic void std::allocator_traits<std::allocator<void> >::[01;32m[Kconstruct[m[K(allocator_type&, _Up*, _Args&& ...) [35m[K[with _Up = TurtleCircle; _Args = {int}; allocator_type = std::allocator<void>][m[K[m[K’
[3.275s] [01m[K/usr/include/c++/13/bits/shared_ptr_base.h:604:39:[m[K   required from ‘[01m[Kstd::_Sp_counted_ptr_inplace<_Tp, _Alloc, _Lp>::[01;32m[K_Sp_counted_ptr_inplace[m[K(_Alloc, _Args&& ...) [35m[K[with _Args = {int}; _Tp = TurtleCircle; _Alloc = std::allocator<void>; __gnu_cxx::_Lock_policy _Lp = __gnu_cxx::_S_atomic][m[K[m[K’
[3.275s] [01m[K/usr/include/c++/13/bits/shared_ptr_base.h:971:16:[m[K   required from ‘[01m[Kstd::__shared_count<_Lp>::[01;32m[K__shared_count[m[K(_Tp*&, std::_Sp_alloc_shared_tag<_Alloc>, _Args&& ...) [35m[K[with _Tp = TurtleCircle; _Alloc = std::allocator<void>; _Args = {int}; __gnu_cxx::_Lock_policy _Lp = __gnu_cxx::_S_atomic][m[K[m[K’
[3.275s] [01m[K/usr/include/c++/13/bits/shared_ptr_base.h:1712:14:[m[K   required from ‘[01m[Kstd::__shared_ptr<_Tp, _Lp>::[01;32m[K__shared_ptr[m[K(std::_Sp_alloc_shared_tag<_Tp>, _Args&& ...) [35m[K[with _Alloc = std::allocator<void>; _Args = {int}; _Tp = TurtleCircle; __gnu_cxx::_Lock_policy _Lp = __gnu_cxx::_S_atomic][m[K[m[K’
[3.275s] [01m[K/usr/include/c++/13/bits/shared_ptr.h:464:59:[m[K   required from ‘[01m[Kstd::shared_ptr<_Tp>::[01;32m[Kshared_ptr[m[K(std::_Sp_alloc_shared_tag<_Tp>, _Args&& ...) [35m[K[with _Alloc = std::allocator<void>; _Args = {int}; _Tp = TurtleCircle][m[K[m[K’
[3.275s] [01m[K/usr/include/c++/13/bits/shared_ptr.h:1009:14:[m[K   required from ‘[01m[Kstd::shared_ptr<typename std::enable_if<(! std::is_array< <template-parameter-1-1> >::value), _Tp>::type> std::[01;32m[Kmake_shared[m[K(_Args&& ...) [35m[K[with _Tp = TurtleCircle; _Args = {int}; typename enable_if<(! is_array< <template-parameter-1-1> >::value), _Tp>::type = TurtleCircle][m[K[m[K’
[3.275s] [01m[K/home/rho9/chapt3/topic_ws/src/demo_cpp_topic/src/turtle_circle.cpp:34:42:[m[K   required from here
[3.275s] [01m[K/usr/include/c++/13/bits/stl_construct.h:119:7:[m[K [01;31m[Kerror: [m[Kno matching function for call to ‘[01m[KTurtleCircle::TurtleCircle(int)[m[K’
[3.275s]   119 |       [01;31m[K::new((void*)__p) _Tp(std::forward<_Args>(__args)...)[m[K;
[3.275s]       |       [01;31m[K^~~~~~~~~~~~~~~~~~~~~~~~~~~~~~~~~~~~~~~~~~~~~~~~~~~~~[m[K
[3.275s] [01m[K/home/rho9/chapt3/topic_ws/src/demo_cpp_topic/src/turtle_circle.cpp:15:14:[m[K [01;36m[Knote: [m[Kcandidate: ‘[01m[KTurtleCircle::[01;32m[KTurtleCircle[m[K(const std::string&)[m[K’
[3.275s]    15 |     explicit [01;36m[KTurtleCircle[m[K(const string& node_name):Node(node_name)
[3.276s]       |              [01;36m[K^~~~~~~~~~~~[m[K
[3.276s] [01m[K/home/rho9/chapt3/topic_ws/src/demo_cpp_topic/src/turtle_circle.cpp:15:41:[m[K [01;36m[Knote: [m[K  no known conversion for argument 1 from ‘[01m[Kint[m[K’ to ‘[01m[Kconst std::string&[m[K’ {aka ‘[01m[Kconst std::__cxx11::basic_string<char>&[m[K’}
[3.276s]    15 |     explicit TurtleCircle([01;36m[Kconst string& node_name[m[K):Node(node_name)
[3.276s]       |                           [01;36m[K~~~~~~~~~~~~~~^~~~~~~~~[m[K
[3.486s] gmake[2]: *** [CMakeFiles/turtle_circle.dir/build.make:76: CMakeFiles/turtle_circle.dir/src/turtle_circle.cpp.o] Error 1
[3.486s] gmake[1]: *** [CMakeFiles/Makefile2:137: CMakeFiles/turtle_circle.dir/all] Error 2
[3.486s] gmake: *** [Makefile:146: all] Error 2
[3.489s] Invoked command in '/home/rho9/chapt3/topic_ws/build/demo_cpp_topic' returned '2': CMAKE_PREFIX_PATH=${CMAKE_PREFIX_PATH}:/opt/ros/jazzy /usr/bin/cmake --build /home/rho9/chapt3/topic_ws/build/demo_cpp_topic -- -j20 -l20
