[0.011s] Invoking command in '/home/rho9/chapt4/chapt4_ws/build/chapt4_interfaces': /usr/bin/cmake /home/rho9/chapt4/chapt4_ws/src/chapt4_interfaces -DCMAKE_INSTALL_PREFIX=/home/rho9/chapt4/chapt4_ws/install/chapt4_interfaces
[0.027s] -- Found ament_cmake: 2.5.5 (/opt/ros/jazzy/share/ament_cmake/cmake)
[0.228s] -- Found rosidl_default_generators: 1.6.0 (/opt/ros/jazzy/share/rosidl_default_generators/cmake)
[0.230s] -- Using all available rosidl_typesupport_c: rosidl_typesupport_fastrtps_c;rosidl_typesupport_introspection_c
[0.320s] -- Using all available rosidl_typesupport_cpp: rosidl_typesupport_fastrtps_cpp;rosidl_typesupport_introspection_cpp
[0.342s] -- Found rosidl_adapter: 4.6.7 (/opt/ros/jazzy/share/rosidl_adapter/cmake)
[0.344s] -- Found sensor_msgs: 5.3.6 (/opt/ros/jazzy/share/sensor_msgs/cmake)
[0.647s] Error parsing '/home/rho9/chapt4/chapt4_ws/src/chapt4_interfaces/package.xml':
[2.358s] Traceback (most recent call last):
[2.358s]   File "/opt/ros/jazzy/share/ament_cmake_core/cmake/core/package_xml_2_cmake.py", line 150, in <module>
[2.359s]     main()
[2.359s]   File "/opt/ros/jazzy/share/ament_cmake_core/cmake/core/package_xml_2_cmake.py", line 53, in main
[2.359s]     raise e
[2.359s]   File "/opt/ros/jazzy/share/ament_cmake_core/cmake/core/package_xml_2_cmake.py", line 49, in main
[2.359s]     package = parse_package_string(
[2.359s]               ^^^^^^^^^^^^^^^^^^^^^
[2.360s]   File "/usr/lib/python3/dist-packages/catkin_pkg/package.py", line 788, in parse_package_string
[2.360s]     pkg.validate(warnings=warnings)
[2.360s]   File "/usr/lib/python3/dist-packages/catkin_pkg/package.py", line 330, in validate
[2.360s]     raise InvalidPackage('\n'.join(errors), self.filename)
[2.360s] catkin_pkg.package.InvalidPackage: Error(s) in package '/home/rho9/chapt4/chapt4_ws/src/chapt4_interfaces/package.xml':
[2.360s] Invalid email "”363279510@qq.com“" for person "rho9"
[2.394s] [31mCMake Error at /opt/ros/jazzy/share/ament_cmake_core/cmake/core/ament_package_xml.cmake:95 (message):
[2.394s]   execute_process(/usr/bin/python3
[2.394s]   /opt/ros/jazzy/share/ament_cmake_core/cmake/core/package_xml_2_cmake.py
[2.394s]   /home/rho9/chapt4/chapt4_ws/src/chapt4_interfaces/package.xml
[2.394s]   /home/rho9/chapt4/chapt4_ws/build/chapt4_interfaces/ament_cmake_core/package.cmake)
[2.394s]   returned error code 1
[2.394s] Call Stack (most recent call first):
[2.395s]   /opt/ros/jazzy/share/ament_cmake_core/cmake/core/ament_package_xml.cmake:49 (_ament_package_xml)
[2.395s]   /opt/ros/jazzy/share/rosidl_cmake/cmake/rosidl_generate_interfaces.cmake:220 (ament_package_xml)
[2.395s]   CMakeLists.txt:13 (rosidl_generate_interfaces)
[2.395s] 
[2.395s] [0m
[2.395s] -- Configuring incomplete, errors occurred!
[2.400s] Invoked command in '/home/rho9/chapt4/chapt4_ws/build/chapt4_interfaces' returned '1': /usr/bin/cmake /home/rho9/chapt4/chapt4_ws/src/chapt4_interfaces -DCMAKE_INSTALL_PREFIX=/home/rho9/chapt4/chapt4_ws/install/chapt4_interfaces
