[0.013s] Invoking command in '/home/rho9/chapt2/chapt2_ws/build/demo_cpp_pkg': CMAKE_PREFIX_PATH=${CMAKE_PREFIX_PATH}:/home/rho9/chapt2/chapt2_ws/install/demo_python_pkg:/opt/ros/jazzy /usr/bin/cmake --build /home/rho9/chapt2/chapt2_ws/build/demo_cpp_pkg -- -j20 -l20
[0.065s] [ 50%] Built target cpp_node
[0.068s] [ 75%] [32mBuilding CXX object CMakeFiles/person_node.dir/src/person_node.cpp.o[0m
[2.795s] [100%] [32m[1mLinking CXX executable person_node[0m
[2.961s] [100%] Built target person_node
[2.972s] Invoked command in '/home/rho9/chapt2/chapt2_ws/build/demo_cpp_pkg' returned '0': CMAKE_PREFIX_PATH=${CMAKE_PREFIX_PATH}:/home/rho9/chapt2/chapt2_ws/install/demo_python_pkg:/opt/ros/jazzy /usr/bin/cmake --build /home/rho9/chapt2/chapt2_ws/build/demo_cpp_pkg -- -j20 -l20
[2.981s] Invoking command in '/home/rho9/chapt2/chapt2_ws/build/demo_cpp_pkg': CMAKE_PREFIX_PATH=${CMAKE_PREFIX_PATH}:/home/rho9/chapt2/chapt2_ws/install/demo_python_pkg:/opt/ros/jazzy /usr/bin/cmake --install /home/rho9/chapt2/chapt2_ws/build/demo_cpp_pkg
[2.988s] -- Install configuration: ""
[2.989s] -- Up-to-date: /home/rho9/chapt2/chapt2_ws/install/demo_cpp_pkg/lib/demo_cpp_pkg/cpp_node
[2.989s] -- Installing: /home/rho9/chapt2/chapt2_ws/install/demo_cpp_pkg/lib/demo_cpp_pkg/person_node
[2.989s] -- Set non-toolchain portion of runtime path of "/home/rho9/chapt2/chapt2_ws/install/demo_cpp_pkg/lib/demo_cpp_pkg/person_node" to ""
[2.990s] -- Up-to-date: /home/rho9/chapt2/chapt2_ws/install/demo_cpp_pkg/share/ament_index/resource_index/package_run_dependencies/demo_cpp_pkg
[2.990s] -- Installing: /home/rho9/chapt2/chapt2_ws/install/demo_cpp_pkg/share/ament_index/resource_index/parent_prefix_path/demo_cpp_pkg
[2.990s] -- Up-to-date: /home/rho9/chapt2/chapt2_ws/install/demo_cpp_pkg/share/demo_cpp_pkg/environment/ament_prefix_path.sh
[2.990s] -- Up-to-date: /home/rho9/chapt2/chapt2_ws/install/demo_cpp_pkg/share/demo_cpp_pkg/environment/ament_prefix_path.dsv
[2.990s] -- Up-to-date: /home/rho9/chapt2/chapt2_ws/install/demo_cpp_pkg/share/demo_cpp_pkg/environment/path.sh
[2.990s] -- Up-to-date: /home/rho9/chapt2/chapt2_ws/install/demo_cpp_pkg/share/demo_cpp_pkg/environment/path.dsv
[2.990s] -- Up-to-date: /home/rho9/chapt2/chapt2_ws/install/demo_cpp_pkg/share/demo_cpp_pkg/local_setup.bash
[2.990s] -- Up-to-date: /home/rho9/chapt2/chapt2_ws/install/demo_cpp_pkg/share/demo_cpp_pkg/local_setup.sh
[2.991s] -- Up-to-date: /home/rho9/chapt2/chapt2_ws/install/demo_cpp_pkg/share/demo_cpp_pkg/local_setup.zsh
[2.991s] -- Up-to-date: /home/rho9/chapt2/chapt2_ws/install/demo_cpp_pkg/share/demo_cpp_pkg/local_setup.dsv
[2.991s] -- Installing: /home/rho9/chapt2/chapt2_ws/install/demo_cpp_pkg/share/demo_cpp_pkg/package.dsv
[2.991s] -- Up-to-date: /home/rho9/chapt2/chapt2_ws/install/demo_cpp_pkg/share/ament_index/resource_index/packages/demo_cpp_pkg
[2.991s] -- Up-to-date: /home/rho9/chapt2/chapt2_ws/install/demo_cpp_pkg/share/demo_cpp_pkg/cmake/demo_cpp_pkgConfig.cmake
[2.991s] -- Up-to-date: /home/rho9/chapt2/chapt2_ws/install/demo_cpp_pkg/share/demo_cpp_pkg/cmake/demo_cpp_pkgConfig-version.cmake
[2.991s] -- Up-to-date: /home/rho9/chapt2/chapt2_ws/install/demo_cpp_pkg/share/demo_cpp_pkg/package.xml
[2.992s] Invoked command in '/home/rho9/chapt2/chapt2_ws/build/demo_cpp_pkg' returned '0': CMAKE_PREFIX_PATH=${CMAKE_PREFIX_PATH}:/home/rho9/chapt2/chapt2_ws/install/demo_python_pkg:/opt/ros/jazzy /usr/bin/cmake --install /home/rho9/chapt2/chapt2_ws/build/demo_cpp_pkg
