[1.496s] Invoking command in '/home/rho922/chapt7/chapt7_ws/src/fishbot_application': PYTHONPATH=/home/rho922/chapt7/chapt7_ws/build/fishbot_application/prefix_override:/usr/lib/python3/dist-packages/colcon_core/task/python/colcon_distutils_commands:/home/rho922/chapt7/chapt7_ws/install/fishbot_application/lib/python3.10/site-packages:${PYTHONPATH} /usr/bin/python3 -W ignore:setup.py install is deprecated -W ignore:easy_install command is deprecated setup.py egg_info --egg-base ../../build/fishbot_application build --build-base /home/rho922/chapt7/chapt7_ws/build/fishbot_application/build install --record /home/rho922/chapt7/chapt7_ws/build/fishbot_application/install.log --single-version-externally-managed install_data
[1.834s] running egg_info
[1.835s] writing ../../build/fishbot_application/fishbot_application.egg-info/PKG-INFO
[1.835s] writing dependency_links to ../../build/fishbot_application/fishbot_application.egg-info/dependency_links.txt
[1.835s] writing entry points to ../../build/fishbot_application/fishbot_application.egg-info/entry_points.txt
[1.836s] writing requirements to ../../build/fishbot_application/fishbot_application.egg-info/requires.txt
[1.836s] writing top-level names to ../../build/fishbot_application/fishbot_application.egg-info/top_level.txt
[1.838s] reading manifest file '../../build/fishbot_application/fishbot_application.egg-info/SOURCES.txt'
[1.838s] adding license file 'LICENSE'
[1.839s] writing manifest file '../../build/fishbot_application/fishbot_application.egg-info/SOURCES.txt'
[1.839s] running build
[1.839s] running build_py
[1.840s] running install
[1.841s] running install_lib
[1.842s] running install_data
[1.843s] running install_egg_info
[1.847s] removing '/home/rho922/chapt7/chapt7_ws/install/fishbot_application/lib/python3.10/site-packages/fishbot_application-0.0.0-py3.10.egg-info' (and everything under it)
[1.847s] Copying ../../build/fishbot_application/fishbot_application.egg-info to /home/rho922/chapt7/chapt7_ws/install/fishbot_application/lib/python3.10/site-packages/fishbot_application-0.0.0-py3.10.egg-info
[1.849s] running install_scripts
[1.881s] Installing get_robot_pose script to /home/rho922/chapt7/chapt7_ws/install/fishbot_application/lib/fishbot_application
[1.882s] Installing init_robot_pose script to /home/rho922/chapt7/chapt7_ws/install/fishbot_application/lib/fishbot_application
[1.882s] Installing nav_to_pose script to /home/rho922/chapt7/chapt7_ws/install/fishbot_application/lib/fishbot_application
[1.882s] Installing waypoint_follower script to /home/rho922/chapt7/chapt7_ws/install/fishbot_application/lib/fishbot_application
[1.882s] writing list of installed files to '/home/rho922/chapt7/chapt7_ws/build/fishbot_application/install.log'
[1.923s] Invoked command in '/home/rho922/chapt7/chapt7_ws/src/fishbot_application' returned '0': PYTHONPATH=/home/rho922/chapt7/chapt7_ws/build/fishbot_application/prefix_override:/usr/lib/python3/dist-packages/colcon_core/task/python/colcon_distutils_commands:/home/rho922/chapt7/chapt7_ws/install/fishbot_application/lib/python3.10/site-packages:${PYTHONPATH} /usr/bin/python3 -W ignore:setup.py install is deprecated -W ignore:easy_install command is deprecated setup.py egg_info --egg-base ../../build/fishbot_application build --build-base /home/rho922/chapt7/chapt7_ws/build/fishbot_application/build install --record /home/rho922/chapt7/chapt7_ws/build/fishbot_application/install.log --single-version-externally-managed install_data
