[0.011s] Invoking command in '/home/rho9/chapt4/chapt4_ws/build/chapt4_interfaces': /usr/bin/cmake --build /home/rho9/chapt4/chapt4_ws/build/chapt4_interfaces -- -j20 -l20
[0.044s] -- Found ament_cmake: 2.5.5 (/opt/ros/jazzy/share/ament_cmake/cmake)
[0.179s] -- Found rosidl_default_generators: 1.6.0 (/opt/ros/jazzy/share/rosidl_default_generators/cmake)
[0.182s] -- Using all available rosidl_typesupport_c: rosidl_typesupport_fastrtps_c;rosidl_typesupport_introspection_c
[0.382s] -- Using all available rosidl_typesupport_cpp: rosidl_typesupport_fastrtps_cpp;rosidl_typesupport_introspection_cpp
[0.415s] -- Found rosidl_adapter: 4.6.7 (/opt/ros/jazzy/share/rosidl_adapter/cmake)
[0.418s] -- Found sensor_msgs: 5.3.6 (/opt/ros/jazzy/share/sensor_msgs/cmake)
[0.711s] Error parsing '/home/rho9/chapt4/chapt4_ws/src/chapt4_interfaces/package.xml':
[1.978s] Traceback (most recent call last):
[1.979s]   File "/usr/lib/python3/dist-packages/catkin_pkg/package.py", line 610, in parse_package_string
[1.979s]     root = dom.parseString(data)
[1.979s]            ^^^^^^^^^^^^^^^^^^^^^
[1.979s]   File "/usr/lib/python3.12/xml/dom/minidom.py", line 1995, in parseString
[1.979s]     return expatbuilder.parseString(string)
[1.979s]            ^^^^^^^^^^^^^^^^^^^^^^^^^^^^^^^^
[1.979s]   File "/usr/lib/python3.12/xml/dom/expatbuilder.py", line 922, in parseString
[1.979s]     return builder.parseString(string)
[1.979s]            ^^^^^^^^^^^^^^^^^^^^^^^^^^^
[1.979s]   File "/usr/lib/python3.12/xml/dom/expatbuilder.py", line 220, in parseString
[1.979s]     parser.Parse(string, True)
[1.979s] xml.parsers.expat.ExpatError: XML declaration not well-formed: line 1, column 14
[1.979s] 
[1.979s] During handling of the above exception, another exception occurred:
[1.979s] 
[1.979s] Traceback (most recent call last):
[1.979s]   File "/opt/ros/jazzy/share/ament_cmake_core/cmake/core/package_xml_2_cmake.py", line 150, in <module>
[1.979s]     main()
[1.979s]   File "/opt/ros/jazzy/share/ament_cmake_core/cmake/core/package_xml_2_cmake.py", line 53, in main
[1.979s]     raise e
[1.980s]   File "/opt/ros/jazzy/share/ament_cmake_core/cmake/core/package_xml_2_cmake.py", line 49, in main
[1.980s]     package = parse_package_string(
[1.980s]               ^^^^^^^^^^^^^^^^^^^^^
[1.980s]   File "/usr/lib/python3/dist-packages/catkin_pkg/package.py", line 612, in parse_package_string
[1.980s]     raise InvalidPackage('The manifest contains invalid XML:\n%s' % ex, filename)
[1.980s] catkin_pkg.package.InvalidPackage: Error(s) in package '/home/rho9/chapt4/chapt4_ws/src/chapt4_interfaces/package.xml':
[1.980s] The manifest contains invalid XML:
[1.980s] XML declaration not well-formed: line 1, column 14
[2.014s] [31mCMake Error at /opt/ros/jazzy/share/ament_cmake_core/cmake/core/ament_package_xml.cmake:95 (message):
[2.014s]   execute_process(/usr/bin/python3
[2.014s]   /opt/ros/jazzy/share/ament_cmake_core/cmake/core/package_xml_2_cmake.py
[2.014s]   /home/rho9/chapt4/chapt4_ws/src/chapt4_interfaces/package.xml
[2.014s]   /home/rho9/chapt4/chapt4_ws/build/chapt4_interfaces/ament_cmake_core/package.cmake)
[2.015s]   returned error code 1
[2.015s] Call Stack (most recent call first):
[2.015s]   /opt/ros/jazzy/share/ament_cmake_core/cmake/core/ament_package_xml.cmake:49 (_ament_package_xml)
[2.015s]   /opt/ros/jazzy/share/rosidl_cmake/cmake/rosidl_generate_interfaces.cmake:220 (ament_package_xml)
[2.015s]   CMakeLists.txt:13 (rosidl_generate_interfaces)
[2.015s] 
[2.015s] [0m
[2.015s] -- Configuring incomplete, errors occurred!
[2.020s] gmake: *** [Makefile:815: cmake_check_build_system] Error 1
[2.022s] Invoked command in '/home/rho9/chapt4/chapt4_ws/build/chapt4_interfaces' returned '2': /usr/bin/cmake --build /home/rho9/chapt4/chapt4_ws/build/chapt4_interfaces -- -j20 -l20
