[0.128s] DEBUG:colcon:Command line arguments: ['/usr/bin/colcon', 'build']
[0.128s] DEBUG:colcon:Parsed command line arguments: Namespace(log_base=None, log_level=None, verb_name='build', build_base='build', install_base='install', merge_install=False, symlink_install=False, test_result_base=None, continue_on_error=False, executor='parallel', parallel_workers=20, event_handlers=None, ignore_user_meta=False, metas=['./colcon.meta'], base_paths=['.'], packages_ignore=None, packages_ignore_regex=None, paths=None, packages_up_to=None, packages_up_to_regex=None, packages_above=None, packages_above_and_dependencies=None, packages_above_depth=None, packages_select_by_dep=None, packages_skip_by_dep=None, packages_skip_up_to=None, packages_select_build_failed=False, packages_skip_build_finished=False, packages_select_test_failures=False, packages_skip_test_passed=False, packages_select=None, packages_skip=None, packages_select_regex=None, packages_skip_regex=None, packages_start=None, packages_end=None, cmake_args=None, cmake_target=None, cmake_target_skip_unavailable=False, cmake_clean_cache=False, cmake_clean_first=False, cmake_force_configure=False, ament_cmake_args=None, catkin_cmake_args=None, catkin_skip_building_tests=False, verb_parser=<colcon_defaults.argument_parser.defaults.DefaultArgumentsDecorator object at 0x7ef1d9114800>, verb_extension=<colcon_core.verb.build.BuildVerb object at 0x7ef1d92391c0>, main=<bound method BuildVerb.main of <colcon_core.verb.build.BuildVerb object at 0x7ef1d92391c0>>)
[0.172s] Level 1:colcon.colcon_core.package_discovery:discover_packages(colcon_meta) check parameters
[0.173s] Level 1:colcon.colcon_core.package_discovery:discover_packages(recursive) check parameters
[0.173s] Level 1:colcon.colcon_core.package_discovery:discover_packages(ignore) check parameters
[0.173s] Level 1:colcon.colcon_core.package_discovery:discover_packages(path) check parameters
[0.173s] Level 1:colcon.colcon_core.package_discovery:discover_packages(colcon_meta) discover
[0.173s] Level 1:colcon.colcon_core.package_discovery:discover_packages(recursive) discover
[0.173s] INFO:colcon.colcon_core.package_discovery:Crawling recursively for packages in '/home/rho9/chapt3/topic_practise_ws'
[0.173s] Level 1:colcon.colcon_core.package_identification:_identify(.) by extensions ['ignore', 'ignore_ament_install']
[0.173s] Level 1:colcon.colcon_core.package_identification:_identify(.) by extension 'ignore'
[0.173s] Level 1:colcon.colcon_core.package_identification:_identify(.) by extension 'ignore_ament_install'
[0.173s] Level 1:colcon.colcon_core.package_identification:_identify(.) by extensions ['colcon_pkg']
[0.173s] Level 1:colcon.colcon_core.package_identification:_identify(.) by extension 'colcon_pkg'
[0.173s] Level 1:colcon.colcon_core.package_identification:_identify(.) by extensions ['colcon_meta']
[0.173s] Level 1:colcon.colcon_core.package_identification:_identify(.) by extension 'colcon_meta'
[0.173s] Level 1:colcon.colcon_core.package_identification:_identify(.) by extensions ['ros']
[0.173s] Level 1:colcon.colcon_core.package_identification:_identify(.) by extension 'ros'
[0.201s] Level 1:colcon.colcon_core.package_identification:_identify(.) by extensions ['cmake', 'python']
[0.202s] Level 1:colcon.colcon_core.package_identification:_identify(.) by extension 'cmake'
[0.202s] Level 1:colcon.colcon_core.package_identification:_identify(.) by extension 'python'
[0.202s] Level 1:colcon.colcon_core.package_identification:_identify(.) by extensions ['python_setup_py']
[0.202s] Level 1:colcon.colcon_core.package_identification:_identify(.) by extension 'python_setup_py'
[0.202s] Level 1:colcon.colcon_core.package_identification:_identify(build) by extensions ['ignore', 'ignore_ament_install']
[0.202s] Level 1:colcon.colcon_core.package_identification:_identify(build) by extension 'ignore'
[0.202s] Level 1:colcon.colcon_core.package_identification:_identify(build) ignored
[0.202s] Level 1:colcon.colcon_core.package_identification:_identify(install) by extensions ['ignore', 'ignore_ament_install']
[0.202s] Level 1:colcon.colcon_core.package_identification:_identify(install) by extension 'ignore'
[0.202s] Level 1:colcon.colcon_core.package_identification:_identify(install) ignored
[0.202s] Level 1:colcon.colcon_core.package_identification:_identify(log) by extensions ['ignore', 'ignore_ament_install']
[0.202s] Level 1:colcon.colcon_core.package_identification:_identify(log) by extension 'ignore'
[0.202s] Level 1:colcon.colcon_core.package_identification:_identify(log) ignored
[0.203s] Level 1:colcon.colcon_core.package_identification:_identify(src) by extensions ['ignore', 'ignore_ament_install']
[0.203s] Level 1:colcon.colcon_core.package_identification:_identify(src) by extension 'ignore'
[0.203s] Level 1:colcon.colcon_core.package_identification:_identify(src) by extension 'ignore_ament_install'
[0.203s] Level 1:colcon.colcon_core.package_identification:_identify(src) by extensions ['colcon_pkg']
[0.203s] Level 1:colcon.colcon_core.package_identification:_identify(src) by extension 'colcon_pkg'
[0.203s] Level 1:colcon.colcon_core.package_identification:_identify(src) by extensions ['colcon_meta']
[0.203s] Level 1:colcon.colcon_core.package_identification:_identify(src) by extension 'colcon_meta'
[0.203s] Level 1:colcon.colcon_core.package_identification:_identify(src) by extensions ['ros']
[0.203s] Level 1:colcon.colcon_core.package_identification:_identify(src) by extension 'ros'
[0.203s] Level 1:colcon.colcon_core.package_identification:_identify(src) by extensions ['cmake', 'python']
[0.203s] Level 1:colcon.colcon_core.package_identification:_identify(src) by extension 'cmake'
[0.203s] Level 1:colcon.colcon_core.package_identification:_identify(src) by extension 'python'
[0.203s] Level 1:colcon.colcon_core.package_identification:_identify(src) by extensions ['python_setup_py']
[0.203s] Level 1:colcon.colcon_core.package_identification:_identify(src) by extension 'python_setup_py'
[0.203s] Level 1:colcon.colcon_core.package_identification:_identify(src/status_display) by extensions ['ignore', 'ignore_ament_install']
[0.203s] Level 1:colcon.colcon_core.package_identification:_identify(src/status_display) by extension 'ignore'
[0.204s] Level 1:colcon.colcon_core.package_identification:_identify(src/status_display) by extension 'ignore_ament_install'
[0.204s] Level 1:colcon.colcon_core.package_identification:_identify(src/status_display) by extensions ['colcon_pkg']
[0.204s] Level 1:colcon.colcon_core.package_identification:_identify(src/status_display) by extension 'colcon_pkg'
[0.204s] Level 1:colcon.colcon_core.package_identification:_identify(src/status_display) by extensions ['colcon_meta']
[0.204s] Level 1:colcon.colcon_core.package_identification:_identify(src/status_display) by extension 'colcon_meta'
[0.204s] Level 1:colcon.colcon_core.package_identification:_identify(src/status_display) by extensions ['ros']
[0.204s] Level 1:colcon.colcon_core.package_identification:_identify(src/status_display) by extension 'ros'
[0.206s] DEBUG:colcon.colcon_core.package_identification:Package 'src/status_display' with type 'ros.ament_cmake' and name 'status_display'
[0.207s] Level 1:colcon.colcon_core.package_identification:_identify(src/status_interfaces) by extensions ['ignore', 'ignore_ament_install']
[0.207s] Level 1:colcon.colcon_core.package_identification:_identify(src/status_interfaces) by extension 'ignore'
[0.207s] Level 1:colcon.colcon_core.package_identification:_identify(src/status_interfaces) by extension 'ignore_ament_install'
[0.207s] Level 1:colcon.colcon_core.package_identification:_identify(src/status_interfaces) by extensions ['colcon_pkg']
[0.207s] Level 1:colcon.colcon_core.package_identification:_identify(src/status_interfaces) by extension 'colcon_pkg'
[0.207s] Level 1:colcon.colcon_core.package_identification:_identify(src/status_interfaces) by extensions ['colcon_meta']
[0.207s] Level 1:colcon.colcon_core.package_identification:_identify(src/status_interfaces) by extension 'colcon_meta'
[0.207s] Level 1:colcon.colcon_core.package_identification:_identify(src/status_interfaces) by extensions ['ros']
[0.207s] Level 1:colcon.colcon_core.package_identification:_identify(src/status_interfaces) by extension 'ros'
[0.208s] DEBUG:colcon.colcon_core.package_identification:Package 'src/status_interfaces' with type 'ros.ament_cmake' and name 'status_interfaces'
[0.208s] Level 1:colcon.colcon_core.package_identification:_identify(src/status_publisher) by extensions ['ignore', 'ignore_ament_install']
[0.208s] Level 1:colcon.colcon_core.package_identification:_identify(src/status_publisher) by extension 'ignore'
[0.208s] Level 1:colcon.colcon_core.package_identification:_identify(src/status_publisher) by extension 'ignore_ament_install'
[0.208s] Level 1:colcon.colcon_core.package_identification:_identify(src/status_publisher) by extensions ['colcon_pkg']
[0.208s] Level 1:colcon.colcon_core.package_identification:_identify(src/status_publisher) by extension 'colcon_pkg'
[0.208s] Level 1:colcon.colcon_core.package_identification:_identify(src/status_publisher) by extensions ['colcon_meta']
[0.208s] Level 1:colcon.colcon_core.package_identification:_identify(src/status_publisher) by extension 'colcon_meta'
[0.208s] Level 1:colcon.colcon_core.package_identification:_identify(src/status_publisher) by extensions ['ros']
[0.208s] Level 1:colcon.colcon_core.package_identification:_identify(src/status_publisher) by extension 'ros'
[0.209s] DEBUG:colcon.colcon_core.package_identification:Package 'src/status_publisher' with type 'ros.ament_python' and name 'status_publisher'
[0.209s] Level 1:colcon.colcon_core.package_discovery:discover_packages(recursive) using defaults
[0.209s] Level 1:colcon.colcon_core.package_discovery:discover_packages(ignore) discover
[0.209s] Level 1:colcon.colcon_core.package_discovery:discover_packages(ignore) using defaults
[0.209s] Level 1:colcon.colcon_core.package_discovery:discover_packages(path) discover
[0.209s] Level 1:colcon.colcon_core.package_discovery:discover_packages(path) using defaults
[0.227s] Level 5:colcon.colcon_core.verb:set package 'status_interfaces' build argument 'cmake_args' from command line to 'None'
[0.227s] Level 5:colcon.colcon_core.verb:set package 'status_interfaces' build argument 'cmake_target' from command line to 'None'
[0.227s] Level 5:colcon.colcon_core.verb:set package 'status_interfaces' build argument 'cmake_target_skip_unavailable' from command line to 'False'
[0.227s] Level 5:colcon.colcon_core.verb:set package 'status_interfaces' build argument 'cmake_clean_cache' from command line to 'False'
[0.227s] Level 5:colcon.colcon_core.verb:set package 'status_interfaces' build argument 'cmake_clean_first' from command line to 'False'
[0.227s] Level 5:colcon.colcon_core.verb:set package 'status_interfaces' build argument 'cmake_force_configure' from command line to 'False'
[0.227s] Level 5:colcon.colcon_core.verb:set package 'status_interfaces' build argument 'ament_cmake_args' from command line to 'None'
[0.227s] Level 5:colcon.colcon_core.verb:set package 'status_interfaces' build argument 'catkin_cmake_args' from command line to 'None'
[0.227s] Level 5:colcon.colcon_core.verb:set package 'status_interfaces' build argument 'catkin_skip_building_tests' from command line to 'False'
[0.227s] DEBUG:colcon.colcon_core.verb:Building package 'status_interfaces' with the following arguments: {'ament_cmake_args': None, 'build_base': '/home/rho9/chapt3/topic_practise_ws/build/status_interfaces', 'catkin_cmake_args': None, 'catkin_skip_building_tests': False, 'cmake_args': None, 'cmake_clean_cache': False, 'cmake_clean_first': False, 'cmake_force_configure': False, 'cmake_target': None, 'cmake_target_skip_unavailable': False, 'install_base': '/home/rho9/chapt3/topic_practise_ws/install/status_interfaces', 'merge_install': False, 'path': '/home/rho9/chapt3/topic_practise_ws/src/status_interfaces', 'symlink_install': False, 'test_result_base': None}
[0.228s] Level 5:colcon.colcon_core.verb:set package 'status_display' build argument 'cmake_args' from command line to 'None'
[0.228s] Level 5:colcon.colcon_core.verb:set package 'status_display' build argument 'cmake_target' from command line to 'None'
[0.228s] Level 5:colcon.colcon_core.verb:set package 'status_display' build argument 'cmake_target_skip_unavailable' from command line to 'False'
[0.228s] Level 5:colcon.colcon_core.verb:set package 'status_display' build argument 'cmake_clean_cache' from command line to 'False'
[0.228s] Level 5:colcon.colcon_core.verb:set package 'status_display' build argument 'cmake_clean_first' from command line to 'False'
[0.228s] Level 5:colcon.colcon_core.verb:set package 'status_display' build argument 'cmake_force_configure' from command line to 'False'
[0.228s] Level 5:colcon.colcon_core.verb:set package 'status_display' build argument 'ament_cmake_args' from command line to 'None'
[0.228s] Level 5:colcon.colcon_core.verb:set package 'status_display' build argument 'catkin_cmake_args' from command line to 'None'
[0.228s] Level 5:colcon.colcon_core.verb:set package 'status_display' build argument 'catkin_skip_building_tests' from command line to 'False'
[0.228s] DEBUG:colcon.colcon_core.verb:Building package 'status_display' with the following arguments: {'ament_cmake_args': None, 'build_base': '/home/rho9/chapt3/topic_practise_ws/build/status_display', 'catkin_cmake_args': None, 'catkin_skip_building_tests': False, 'cmake_args': None, 'cmake_clean_cache': False, 'cmake_clean_first': False, 'cmake_force_configure': False, 'cmake_target': None, 'cmake_target_skip_unavailable': False, 'install_base': '/home/rho9/chapt3/topic_practise_ws/install/status_display', 'merge_install': False, 'path': '/home/rho9/chapt3/topic_practise_ws/src/status_display', 'symlink_install': False, 'test_result_base': None}
[0.228s] Level 5:colcon.colcon_core.verb:set package 'status_publisher' build argument 'cmake_args' from command line to 'None'
[0.228s] Level 5:colcon.colcon_core.verb:set package 'status_publisher' build argument 'cmake_target' from command line to 'None'
[0.228s] Level 5:colcon.colcon_core.verb:set package 'status_publisher' build argument 'cmake_target_skip_unavailable' from command line to 'False'
[0.228s] Level 5:colcon.colcon_core.verb:set package 'status_publisher' build argument 'cmake_clean_cache' from command line to 'False'
[0.228s] Level 5:colcon.colcon_core.verb:set package 'status_publisher' build argument 'cmake_clean_first' from command line to 'False'
[0.228s] Level 5:colcon.colcon_core.verb:set package 'status_publisher' build argument 'cmake_force_configure' from command line to 'False'
[0.228s] Level 5:colcon.colcon_core.verb:set package 'status_publisher' build argument 'ament_cmake_args' from command line to 'None'
[0.228s] Level 5:colcon.colcon_core.verb:set package 'status_publisher' build argument 'catkin_cmake_args' from command line to 'None'
[0.228s] Level 5:colcon.colcon_core.verb:set package 'status_publisher' build argument 'catkin_skip_building_tests' from command line to 'False'
[0.228s] DEBUG:colcon.colcon_core.verb:Building package 'status_publisher' with the following arguments: {'ament_cmake_args': None, 'build_base': '/home/rho9/chapt3/topic_practise_ws/build/status_publisher', 'catkin_cmake_args': None, 'catkin_skip_building_tests': False, 'cmake_args': None, 'cmake_clean_cache': False, 'cmake_clean_first': False, 'cmake_force_configure': False, 'cmake_target': None, 'cmake_target_skip_unavailable': False, 'install_base': '/home/rho9/chapt3/topic_practise_ws/install/status_publisher', 'merge_install': False, 'path': '/home/rho9/chapt3/topic_practise_ws/src/status_publisher', 'symlink_install': False, 'test_result_base': None}
[0.228s] INFO:colcon.colcon_core.executor:Executing jobs using 'parallel' executor
[0.229s] DEBUG:colcon.colcon_parallel_executor.executor.parallel:run_until_complete
[0.229s] INFO:colcon.colcon_ros.task.ament_cmake.build:Building ROS package in '/home/rho9/chapt3/topic_practise_ws/src/status_interfaces' with build type 'ament_cmake'
[0.230s] INFO:colcon.colcon_cmake.task.cmake.build:Building CMake package in '/home/rho9/chapt3/topic_practise_ws/src/status_interfaces'
[0.231s] INFO:colcon.colcon_core.plugin_system:Skipping extension 'colcon_core.shell.bat': Not used on non-Windows systems
[0.231s] DEBUG:colcon.colcon_core.shell:Skip shell extension 'dsv' for command environment
[0.241s] DEBUG:colcon.colcon_core.event_handler.log_command:Invoking command in '/home/rho9/chapt3/topic_practise_ws/build/status_interfaces': CMAKE_PREFIX_PATH=${CMAKE_PREFIX_PATH}:/opt/ros/jazzy /usr/bin/cmake --build /home/rho9/chapt3/topic_practise_ws/build/status_interfaces -- -j20 -l20
[0.618s] DEBUG:colcon.colcon_core.event_handler.log_command:Invoked command in '/home/rho9/chapt3/topic_practise_ws/build/status_interfaces' returned '0': CMAKE_PREFIX_PATH=${CMAKE_PREFIX_PATH}:/opt/ros/jazzy /usr/bin/cmake --build /home/rho9/chapt3/topic_practise_ws/build/status_interfaces -- -j20 -l20
[0.627s] DEBUG:colcon.colcon_core.event_handler.log_command:Invoking command in '/home/rho9/chapt3/topic_practise_ws/build/status_interfaces': CMAKE_PREFIX_PATH=${CMAKE_PREFIX_PATH}:/opt/ros/jazzy /usr/bin/cmake --install /home/rho9/chapt3/topic_practise_ws/build/status_interfaces
[0.695s] Level 1:colcon.colcon_core.environment:create_environment_scripts_only(status_interfaces)
[0.695s] DEBUG:colcon.colcon_core.event_handler.log_command:Invoked command in '/home/rho9/chapt3/topic_practise_ws/build/status_interfaces' returned '0': CMAKE_PREFIX_PATH=${CMAKE_PREFIX_PATH}:/opt/ros/jazzy /usr/bin/cmake --install /home/rho9/chapt3/topic_practise_ws/build/status_interfaces
[0.697s] Level 1:colcon.colcon_core.environment:checking '/home/rho9/chapt3/topic_practise_ws/install/status_interfaces' for CMake module files
[0.698s] Level 1:colcon.colcon_core.environment:checking '/home/rho9/chapt3/topic_practise_ws/install/status_interfaces' for CMake config files
[0.698s] Level 1:colcon.colcon_core.shell:create_environment_hook('status_interfaces', 'cmake_prefix_path')
[0.698s] INFO:colcon.colcon_core.shell:Creating environment descriptor '/home/rho9/chapt3/topic_practise_ws/install/status_interfaces/share/status_interfaces/hook/cmake_prefix_path.dsv'
[0.699s] INFO:colcon.colcon_core.shell:Creating environment hook '/home/rho9/chapt3/topic_practise_ws/install/status_interfaces/share/status_interfaces/hook/cmake_prefix_path.sh'
[0.700s] Level 1:colcon.colcon_core.environment:checking '/home/rho9/chapt3/topic_practise_ws/install/status_interfaces/lib'
[0.700s] Level 1:colcon.colcon_core.shell:create_environment_hook('status_interfaces', 'ld_library_path_lib')
[0.700s] INFO:colcon.colcon_core.shell:Creating environment descriptor '/home/rho9/chapt3/topic_practise_ws/install/status_interfaces/share/status_interfaces/hook/ld_library_path_lib.dsv'
[0.700s] INFO:colcon.colcon_core.shell:Creating environment hook '/home/rho9/chapt3/topic_practise_ws/install/status_interfaces/share/status_interfaces/hook/ld_library_path_lib.sh'
[0.701s] Level 1:colcon.colcon_core.environment:checking '/home/rho9/chapt3/topic_practise_ws/install/status_interfaces/bin'
[0.701s] Level 1:colcon.colcon_core.environment:checking '/home/rho9/chapt3/topic_practise_ws/install/status_interfaces/lib/pkgconfig/status_interfaces.pc'
[0.703s] Level 1:colcon.colcon_core.environment:checking '/home/rho9/chapt3/topic_practise_ws/install/status_interfaces/lib/python3.12/site-packages'
[0.703s] Level 1:colcon.colcon_core.shell:create_environment_hook('status_interfaces', 'pythonpath')
[0.703s] INFO:colcon.colcon_core.shell:Creating environment descriptor '/home/rho9/chapt3/topic_practise_ws/install/status_interfaces/share/status_interfaces/hook/pythonpath.dsv'
[0.703s] INFO:colcon.colcon_core.shell:Creating environment hook '/home/rho9/chapt3/topic_practise_ws/install/status_interfaces/share/status_interfaces/hook/pythonpath.sh'
[0.704s] Level 1:colcon.colcon_core.environment:checking '/home/rho9/chapt3/topic_practise_ws/install/status_interfaces/bin'
[0.704s] INFO:colcon.colcon_core.shell:Creating package descriptor '/home/rho9/chapt3/topic_practise_ws/install/status_interfaces/share/status_interfaces/package.dsv'
[0.705s] INFO:colcon.colcon_core.shell:Creating package script '/home/rho9/chapt3/topic_practise_ws/install/status_interfaces/share/status_interfaces/package.sh'
[0.705s] INFO:colcon.colcon_core.shell:Creating package script '/home/rho9/chapt3/topic_practise_ws/install/status_interfaces/share/status_interfaces/package.bash'
[0.706s] INFO:colcon.colcon_core.shell:Creating package script '/home/rho9/chapt3/topic_practise_ws/install/status_interfaces/share/status_interfaces/package.zsh'
[0.707s] Level 1:colcon.colcon_core.environment:create_file_with_runtime_dependencies(/home/rho9/chapt3/topic_practise_ws/install/status_interfaces/share/colcon-core/packages/status_interfaces)
[0.707s] Level 1:colcon.colcon_core.environment:create_environment_scripts_only(status_interfaces)
[0.707s] Level 1:colcon.colcon_core.environment:checking '/home/rho9/chapt3/topic_practise_ws/install/status_interfaces' for CMake module files
[0.708s] Level 1:colcon.colcon_core.environment:checking '/home/rho9/chapt3/topic_practise_ws/install/status_interfaces' for CMake config files
[0.708s] Level 1:colcon.colcon_core.shell:create_environment_hook('status_interfaces', 'cmake_prefix_path')
[0.708s] INFO:colcon.colcon_core.shell:Creating environment descriptor '/home/rho9/chapt3/topic_practise_ws/install/status_interfaces/share/status_interfaces/hook/cmake_prefix_path.dsv'
[0.709s] INFO:colcon.colcon_core.shell:Creating environment hook '/home/rho9/chapt3/topic_practise_ws/install/status_interfaces/share/status_interfaces/hook/cmake_prefix_path.sh'
[0.709s] Level 1:colcon.colcon_core.environment:checking '/home/rho9/chapt3/topic_practise_ws/install/status_interfaces/lib'
[0.709s] Level 1:colcon.colcon_core.shell:create_environment_hook('status_interfaces', 'ld_library_path_lib')
[0.710s] INFO:colcon.colcon_core.shell:Creating environment descriptor '/home/rho9/chapt3/topic_practise_ws/install/status_interfaces/share/status_interfaces/hook/ld_library_path_lib.dsv'
[0.710s] INFO:colcon.colcon_core.shell:Creating environment hook '/home/rho9/chapt3/topic_practise_ws/install/status_interfaces/share/status_interfaces/hook/ld_library_path_lib.sh'
[0.710s] Level 1:colcon.colcon_core.environment:checking '/home/rho9/chapt3/topic_practise_ws/install/status_interfaces/bin'
[0.710s] Level 1:colcon.colcon_core.environment:checking '/home/rho9/chapt3/topic_practise_ws/install/status_interfaces/lib/pkgconfig/status_interfaces.pc'
[0.711s] Level 1:colcon.colcon_core.environment:checking '/home/rho9/chapt3/topic_practise_ws/install/status_interfaces/lib/python3.12/site-packages'
[0.711s] Level 1:colcon.colcon_core.shell:create_environment_hook('status_interfaces', 'pythonpath')
[0.711s] INFO:colcon.colcon_core.shell:Creating environment descriptor '/home/rho9/chapt3/topic_practise_ws/install/status_interfaces/share/status_interfaces/hook/pythonpath.dsv'
[0.711s] INFO:colcon.colcon_core.shell:Creating environment hook '/home/rho9/chapt3/topic_practise_ws/install/status_interfaces/share/status_interfaces/hook/pythonpath.sh'
[0.712s] Level 1:colcon.colcon_core.environment:checking '/home/rho9/chapt3/topic_practise_ws/install/status_interfaces/bin'
[0.712s] INFO:colcon.colcon_core.shell:Creating package descriptor '/home/rho9/chapt3/topic_practise_ws/install/status_interfaces/share/status_interfaces/package.dsv'
[0.713s] INFO:colcon.colcon_core.shell:Creating package script '/home/rho9/chapt3/topic_practise_ws/install/status_interfaces/share/status_interfaces/package.sh'
[0.713s] INFO:colcon.colcon_core.shell:Creating package script '/home/rho9/chapt3/topic_practise_ws/install/status_interfaces/share/status_interfaces/package.bash'
[0.714s] INFO:colcon.colcon_core.shell:Creating package script '/home/rho9/chapt3/topic_practise_ws/install/status_interfaces/share/status_interfaces/package.zsh'
[0.714s] Level 1:colcon.colcon_core.environment:create_file_with_runtime_dependencies(/home/rho9/chapt3/topic_practise_ws/install/status_interfaces/share/colcon-core/packages/status_interfaces)
[0.715s] INFO:colcon.colcon_ros.task.ament_cmake.build:Building ROS package in '/home/rho9/chapt3/topic_practise_ws/src/status_display' with build type 'ament_cmake'
[0.715s] INFO:colcon.colcon_cmake.task.cmake.build:Building CMake package in '/home/rho9/chapt3/topic_practise_ws/src/status_display'
[0.715s] DEBUG:colcon.colcon_core.shell:Skip shell extension 'dsv' for command environment
[0.718s] INFO:colcon.colcon_ros.task.ament_python.build:Building ROS package in '/home/rho9/chapt3/topic_practise_ws/src/status_publisher' with build type 'ament_python'
[0.719s] Level 1:colcon.colcon_core.shell:create_environment_hook('status_publisher', 'ament_prefix_path')
[0.719s] INFO:colcon.colcon_core.shell:Creating environment descriptor '/home/rho9/chapt3/topic_practise_ws/install/status_publisher/share/status_publisher/hook/ament_prefix_path.dsv'
[0.719s] INFO:colcon.colcon_core.shell:Creating environment hook '/home/rho9/chapt3/topic_practise_ws/install/status_publisher/share/status_publisher/hook/ament_prefix_path.sh'
[0.720s] DEBUG:colcon.colcon_core.shell:Skip shell extension 'dsv' for command environment
[0.803s] DEBUG:colcon.colcon_core.event_handler.log_command:Invoking command in '/home/rho9/chapt3/topic_practise_ws/build/status_display': AMENT_PREFIX_PATH=/home/rho9/chapt3/topic_practise_ws/install/status_interfaces:${AMENT_PREFIX_PATH} CMAKE_PREFIX_PATH=/home/rho9/chapt3/topic_practise_ws/install/status_interfaces:/opt/ros/jazzy/opt/gz_math_vendor:/opt/ros/jazzy/opt/gz_utils_vendor:/opt/ros/jazzy/opt/gz_cmake_vendor:/opt/ros/jazzy LD_LIBRARY_PATH=/home/rho9/chapt3/topic_practise_ws/install/status_interfaces/lib:${LD_LIBRARY_PATH} PYTHONPATH=/home/rho9/chapt3/topic_practise_ws/install/status_interfaces/lib/python3.12/site-packages:${PYTHONPATH} /usr/bin/cmake --build /home/rho9/chapt3/topic_practise_ws/build/status_display -- -j20 -l20
[1.072s] INFO:colcon.colcon_core.task.python.build:Building Python package in '/home/rho9/chapt3/topic_practise_ws/src/status_publisher'
[1.072s] DEBUG:colcon.colcon_core.shell:Skip shell extension 'dsv' for command environment
[1.957s] DEBUG:colcon.colcon_core.event_handler.log_command:Invoking command in '/home/rho9/chapt3/topic_practise_ws/src/status_publisher': AMENT_PREFIX_PATH=/home/rho9/chapt3/topic_practise_ws/install/status_interfaces:${AMENT_PREFIX_PATH} CMAKE_PREFIX_PATH=/home/rho9/chapt3/topic_practise_ws/install/status_interfaces:${CMAKE_PREFIX_PATH} LD_LIBRARY_PATH=/home/rho9/chapt3/topic_practise_ws/install/status_interfaces/lib:${LD_LIBRARY_PATH} PYTHONPATH=/home/rho9/chapt3/topic_practise_ws/build/status_publisher/prefix_override:/usr/lib/python3/dist-packages/colcon_core/task/python/colcon_distutils_commands:/home/rho9/chapt3/topic_practise_ws/install/status_publisher/lib/python3.12/site-packages:/home/rho9/chapt3/topic_practise_ws/install/status_interfaces/lib/python3.12/site-packages:${PYTHONPATH} /usr/bin/python3 -W ignore:setup.py install is deprecated -W ignore:easy_install command is deprecated setup.py egg_info --egg-base ../../build/status_publisher build --build-base /home/rho9/chapt3/topic_practise_ws/build/status_publisher/build install --record /home/rho9/chapt3/topic_practise_ws/build/status_publisher/install.log --single-version-externally-managed install_data
[2.508s] Level 1:colcon.colcon_core.environment:checking '/home/rho9/chapt3/topic_practise_ws/install/status_publisher' for CMake module files
[2.508s] DEBUG:colcon.colcon_core.event_handler.log_command:Invoked command in '/home/rho9/chapt3/topic_practise_ws/src/status_publisher' returned '0': AMENT_PREFIX_PATH=/home/rho9/chapt3/topic_practise_ws/install/status_interfaces:${AMENT_PREFIX_PATH} CMAKE_PREFIX_PATH=/home/rho9/chapt3/topic_practise_ws/install/status_interfaces:${CMAKE_PREFIX_PATH} LD_LIBRARY_PATH=/home/rho9/chapt3/topic_practise_ws/install/status_interfaces/lib:${LD_LIBRARY_PATH} PYTHONPATH=/home/rho9/chapt3/topic_practise_ws/build/status_publisher/prefix_override:/usr/lib/python3/dist-packages/colcon_core/task/python/colcon_distutils_commands:/home/rho9/chapt3/topic_practise_ws/install/status_publisher/lib/python3.12/site-packages:/home/rho9/chapt3/topic_practise_ws/install/status_interfaces/lib/python3.12/site-packages:${PYTHONPATH} /usr/bin/python3 -W ignore:setup.py install is deprecated -W ignore:easy_install command is deprecated setup.py egg_info --egg-base ../../build/status_publisher build --build-base /home/rho9/chapt3/topic_practise_ws/build/status_publisher/build install --record /home/rho9/chapt3/topic_practise_ws/build/status_publisher/install.log --single-version-externally-managed install_data
[2.510s] Level 1:colcon.colcon_core.environment:checking '/home/rho9/chapt3/topic_practise_ws/install/status_publisher' for CMake config files
[2.510s] Level 1:colcon.colcon_core.environment:checking '/home/rho9/chapt3/topic_practise_ws/install/status_publisher/lib'
[2.511s] Level 1:colcon.colcon_core.environment:checking '/home/rho9/chapt3/topic_practise_ws/install/status_publisher/bin'
[2.511s] Level 1:colcon.colcon_core.environment:checking '/home/rho9/chapt3/topic_practise_ws/install/status_publisher/lib/pkgconfig/status_publisher.pc'
[2.511s] Level 1:colcon.colcon_core.environment:checking '/home/rho9/chapt3/topic_practise_ws/install/status_publisher/lib/python3.12/site-packages'
[2.511s] Level 1:colcon.colcon_core.shell:create_environment_hook('status_publisher', 'pythonpath')
[2.511s] INFO:colcon.colcon_core.shell:Creating environment descriptor '/home/rho9/chapt3/topic_practise_ws/install/status_publisher/share/status_publisher/hook/pythonpath.dsv'
[2.512s] INFO:colcon.colcon_core.shell:Creating environment hook '/home/rho9/chapt3/topic_practise_ws/install/status_publisher/share/status_publisher/hook/pythonpath.sh'
[2.512s] Level 1:colcon.colcon_core.environment:checking '/home/rho9/chapt3/topic_practise_ws/install/status_publisher/bin'
[2.513s] Level 1:colcon.colcon_core.environment:create_environment_scripts_only(status_publisher)
[2.513s] INFO:colcon.colcon_core.shell:Creating package descriptor '/home/rho9/chapt3/topic_practise_ws/install/status_publisher/share/status_publisher/package.dsv'
[2.514s] INFO:colcon.colcon_core.shell:Creating package script '/home/rho9/chapt3/topic_practise_ws/install/status_publisher/share/status_publisher/package.sh'
[2.514s] INFO:colcon.colcon_core.shell:Creating package script '/home/rho9/chapt3/topic_practise_ws/install/status_publisher/share/status_publisher/package.bash'
[2.515s] INFO:colcon.colcon_core.shell:Creating package script '/home/rho9/chapt3/topic_practise_ws/install/status_publisher/share/status_publisher/package.zsh'
[2.515s] Level 1:colcon.colcon_core.environment:create_file_with_runtime_dependencies(/home/rho9/chapt3/topic_practise_ws/install/status_publisher/share/colcon-core/packages/status_publisher)
[5.227s] DEBUG:colcon.colcon_core.event_handler.log_command:Invoked command in '/home/rho9/chapt3/topic_practise_ws/build/status_display' returned '2': AMENT_PREFIX_PATH=/home/rho9/chapt3/topic_practise_ws/install/status_interfaces:${AMENT_PREFIX_PATH} CMAKE_PREFIX_PATH=/home/rho9/chapt3/topic_practise_ws/install/status_interfaces:/opt/ros/jazzy/opt/gz_math_vendor:/opt/ros/jazzy/opt/gz_utils_vendor:/opt/ros/jazzy/opt/gz_cmake_vendor:/opt/ros/jazzy LD_LIBRARY_PATH=/home/rho9/chapt3/topic_practise_ws/install/status_interfaces/lib:${LD_LIBRARY_PATH} PYTHONPATH=/home/rho9/chapt3/topic_practise_ws/install/status_interfaces/lib/python3.12/site-packages:${PYTHONPATH} /usr/bin/cmake --build /home/rho9/chapt3/topic_practise_ws/build/status_display -- -j20 -l20
[5.228s] Level 1:colcon.colcon_core.environment:create_environment_scripts_only(status_display)
[5.228s] Level 1:colcon.colcon_core.environment:checking '/home/rho9/chapt3/topic_practise_ws/install/status_display' for CMake module files
[5.228s] Level 1:colcon.colcon_core.environment:checking '/home/rho9/chapt3/topic_practise_ws/install/status_display' for CMake config files
[5.229s] Level 1:colcon.colcon_core.shell:create_environment_hook('status_display', 'cmake_prefix_path')
[5.229s] INFO:colcon.colcon_core.shell:Creating environment descriptor '/home/rho9/chapt3/topic_practise_ws/install/status_display/share/status_display/hook/cmake_prefix_path.dsv'
[5.229s] INFO:colcon.colcon_core.shell:Creating environment hook '/home/rho9/chapt3/topic_practise_ws/install/status_display/share/status_display/hook/cmake_prefix_path.sh'
[5.230s] Level 1:colcon.colcon_core.environment:checking '/home/rho9/chapt3/topic_practise_ws/install/status_display/lib'
[5.230s] Level 1:colcon.colcon_core.environment:checking '/home/rho9/chapt3/topic_practise_ws/install/status_display/bin'
[5.230s] Level 1:colcon.colcon_core.environment:checking '/home/rho9/chapt3/topic_practise_ws/install/status_display/lib/pkgconfig/status_display.pc'
[5.230s] Level 1:colcon.colcon_core.environment:checking '/home/rho9/chapt3/topic_practise_ws/install/status_display/lib/python3.12/site-packages'
[5.231s] Level 1:colcon.colcon_core.environment:checking '/home/rho9/chapt3/topic_practise_ws/install/status_display/bin'
[5.231s] INFO:colcon.colcon_core.shell:Creating package descriptor '/home/rho9/chapt3/topic_practise_ws/install/status_display/share/status_display/package.dsv'
[5.231s] INFO:colcon.colcon_core.shell:Creating package script '/home/rho9/chapt3/topic_practise_ws/install/status_display/share/status_display/package.sh'
[5.232s] INFO:colcon.colcon_core.shell:Creating package script '/home/rho9/chapt3/topic_practise_ws/install/status_display/share/status_display/package.bash'
[5.232s] INFO:colcon.colcon_core.shell:Creating package script '/home/rho9/chapt3/topic_practise_ws/install/status_display/share/status_display/package.zsh'
[5.233s] Level 1:colcon.colcon_core.environment:create_file_with_runtime_dependencies(/home/rho9/chapt3/topic_practise_ws/install/status_display/share/colcon-core/packages/status_display)
[5.243s] DEBUG:colcon.colcon_parallel_executor.executor.parallel:closing loop
[5.243s] DEBUG:colcon.colcon_parallel_executor.executor.parallel:loop closed
[5.243s] DEBUG:colcon.colcon_parallel_executor.executor.parallel:run_until_complete finished with '2'
[5.243s] DEBUG:colcon.colcon_core.event_reactor:joining thread
[5.295s] INFO:colcon.colcon_core.plugin_system:Skipping extension 'colcon_notification.desktop_notification.notify_send': Could not find 'notify-send'
[5.295s] INFO:colcon.colcon_core.plugin_system:Skipping extension 'colcon_notification.desktop_notification.terminal_notifier': Not used on non-Darwin systems
[5.296s] INFO:colcon.colcon_core.plugin_system:Skipping extension 'colcon_notification.desktop_notification.win32': Not used on non-Windows systems
[5.296s] INFO:colcon.colcon_notification.desktop_notification:Sending desktop notification using 'notify2'
[5.297s] DEBUG:colcon.colcon_notification.desktop_notification.notify2:Failed to initialize notify2: org.freedesktop.DBus.Error.ServiceUnknown: The name org.freedesktop.Notifications was not provided by any .service files
[5.297s] DEBUG:colcon.colcon_core.event_reactor:joined thread
[5.297s] INFO:colcon.colcon_core.shell:Creating prefix script '/home/rho9/chapt3/topic_practise_ws/install/local_setup.sh'
[5.298s] INFO:colcon.colcon_core.shell:Creating prefix util module '/home/rho9/chapt3/topic_practise_ws/install/_local_setup_util_sh.py'
[5.299s] INFO:colcon.colcon_core.shell:Creating prefix chain script '/home/rho9/chapt3/topic_practise_ws/install/setup.sh'
[5.300s] INFO:colcon.colcon_core.shell:Creating prefix script '/home/rho9/chapt3/topic_practise_ws/install/local_setup.bash'
[5.300s] INFO:colcon.colcon_core.shell:Creating prefix chain script '/home/rho9/chapt3/topic_practise_ws/install/setup.bash'
[5.301s] INFO:colcon.colcon_core.shell:Creating prefix script '/home/rho9/chapt3/topic_practise_ws/install/local_setup.zsh'
[5.301s] INFO:colcon.colcon_core.shell:Creating prefix chain script '/home/rho9/chapt3/topic_practise_ws/install/setup.zsh'
