-- Install configuration: ""
-- Up-to-date: /home/rho9/chapt6/chapt6_ws/install/fishbot_description/share/fishbot_description/launch
-- Installing: /home/rho9/chapt6/chapt6_ws/install/fishbot_description/share/fishbot_description/launch/__pycache__
-- Installing: /home/rho9/chapt6/chapt6_ws/install/fishbot_description/share/fishbot_description/launch/__pycache__/display_robot.launch.cpython-312.pyc
-- Installing: /home/rho9/chapt6/chapt6_ws/install/fishbot_description/share/fishbot_description/launch/log
-- Installing: /home/rho9/chapt6/chapt6_ws/install/fishbot_description/share/fishbot_description/launch/log/COLCON_IGNORE
-- Installing: /home/rho9/chapt6/chapt6_ws/install/fishbot_description/share/fishbot_description/launch/log/build_2026-04-11_17-44-05
-- Installing: /home/rho9/chapt6/chapt6_ws/install/fishbot_description/share/fishbot_description/launch/log/build_2026-04-11_17-44-05/logger_all.log
-- Installing: /home/rho9/chapt6/chapt6_ws/install/fishbot_description/share/fishbot_description/launch/log/build_2026-04-11_17-44-05/events.log
-- Installing: /home/rho9/chapt6/chapt6_ws/install/fishbot_description/share/fishbot_description/launch/log/build_2026-04-11_17-50-56
-- Installing: /home/rho9/chapt6/chapt6_ws/install/fishbot_description/share/fishbot_description/launch/log/build_2026-04-11_17-50-56/logger_all.log
-- Installing: /home/rho9/chapt6/chapt6_ws/install/fishbot_description/share/fishbot_description/launch/log/build_2026-04-11_17-50-56/events.log
-- Installing: /home/rho9/chapt6/chapt6_ws/install/fishbot_description/share/fishbot_description/launch/log/latest_build
-- Installing: /home/rho9/chapt6/chapt6_ws/install/fishbot_description/share/fishbot_description/launch/log/build_2026-04-11_17-46-47
-- Installing: /home/rho9/chapt6/chapt6_ws/install/fishbot_description/share/fishbot_description/launch/log/build_2026-04-11_17-46-47/logger_all.log
-- Installing: /home/rho9/chapt6/chapt6_ws/install/fishbot_description/share/fishbot_description/launch/log/build_2026-04-11_17-46-47/events.log
-- Installing: /home/rho9/chapt6/chapt6_ws/install/fishbot_description/share/fishbot_description/launch/log/build_2026-04-11_17-45-38
-- Installing: /home/rho9/chapt6/chapt6_ws/install/fishbot_description/share/fishbot_description/launch/log/build_2026-04-11_17-45-38/logger_all.log
-- Installing: /home/rho9/chapt6/chapt6_ws/install/fishbot_description/share/fishbot_description/launch/log/build_2026-04-11_17-45-38/events.log
-- Installing: /home/rho9/chapt6/chapt6_ws/install/fishbot_description/share/fishbot_description/launch/log/latest
-- Installing: /home/rho9/chapt6/chapt6_ws/install/fishbot_description/share/fishbot_description/launch/display_robot.launch.py
-- Installing: /home/rho9/chapt6/chapt6_ws/install/fishbot_description/share/fishbot_description/launch/build
-- Installing: /home/rho9/chapt6/chapt6_ws/install/fishbot_description/share/fishbot_description/launch/build/COLCON_IGNORE
-- Installing: /home/rho9/chapt6/chapt6_ws/install/fishbot_description/share/fishbot_description/launch/build/.built_by
-- Installing: /home/rho9/chapt6/chapt6_ws/install/fishbot_description/share/fishbot_description/launch/install
-- Installing: /home/rho9/chapt6/chapt6_ws/install/fishbot_description/share/fishbot_description/launch/install/COLCON_IGNORE
-- Installing: /home/rho9/chapt6/chapt6_ws/install/fishbot_description/share/fishbot_description/launch/install/local_setup.sh
-- Installing: /home/rho9/chapt6/chapt6_ws/install/fishbot_description/share/fishbot_description/launch/install/_local_setup_util_sh.py
-- Installing: /home/rho9/chapt6/chapt6_ws/install/fishbot_description/share/fishbot_description/launch/install/setup.bash
-- Installing: /home/rho9/chapt6/chapt6_ws/install/fishbot_description/share/fishbot_description/launch/install/local_setup.bash
-- Installing: /home/rho9/chapt6/chapt6_ws/install/fishbot_description/share/fishbot_description/launch/install/setup.zsh
-- Installing: /home/rho9/chapt6/chapt6_ws/install/fishbot_description/share/fishbot_description/launch/install/.colcon_install_layout
-- Installing: /home/rho9/chapt6/chapt6_ws/install/fishbot_description/share/fishbot_description/launch/install/setup.sh
-- Installing: /home/rho9/chapt6/chapt6_ws/install/fishbot_description/share/fishbot_description/launch/install/local_setup.zsh
-- Up-to-date: /home/rho9/chapt6/chapt6_ws/install/fishbot_description/share/fishbot_description/urdf
-- Up-to-date: /home/rho9/chapt6/chapt6_ws/install/fishbot_description/share/fishbot_description/urdf/first_robot.urdf
-- Up-to-date: /home/rho9/chapt6/chapt6_ws/install/fishbot_description/share/fishbot_description/urdf/first_robot.pdf
-- Up-to-date: /home/rho9/chapt6/chapt6_ws/install/fishbot_description/share/fishbot_description/urdf/first_robot.gv
-- Up-to-date: /home/rho9/chapt6/chapt6_ws/install/fishbot_description/share/ament_index/resource_index/package_run_dependencies/fishbot_description
-- Up-to-date: /home/rho9/chapt6/chapt6_ws/install/fishbot_description/share/ament_index/resource_index/parent_prefix_path/fishbot_description
-- Up-to-date: /home/rho9/chapt6/chapt6_ws/install/fishbot_description/share/fishbot_description/environment/ament_prefix_path.sh
-- Up-to-date: /home/rho9/chapt6/chapt6_ws/install/fishbot_description/share/fishbot_description/environment/ament_prefix_path.dsv
-- Up-to-date: /home/rho9/chapt6/chapt6_ws/install/fishbot_description/share/fishbot_description/environment/path.sh
-- Up-to-date: /home/rho9/chapt6/chapt6_ws/install/fishbot_description/share/fishbot_description/environment/path.dsv
-- Up-to-date: /home/rho9/chapt6/chapt6_ws/install/fishbot_description/share/fishbot_description/local_setup.bash
-- Up-to-date: /home/rho9/chapt6/chapt6_ws/install/fishbot_description/share/fishbot_description/local_setup.sh
-- Up-to-date: /home/rho9/chapt6/chapt6_ws/install/fishbot_description/share/fishbot_description/local_setup.zsh
-- Up-to-date: /home/rho9/chapt6/chapt6_ws/install/fishbot_description/share/fishbot_description/local_setup.dsv
-- Installing: /home/rho9/chapt6/chapt6_ws/install/fishbot_description/share/fishbot_description/package.dsv
-- Up-to-date: /home/rho9/chapt6/chapt6_ws/install/fishbot_description/share/ament_index/resource_index/packages/fishbot_description
-- Up-to-date: /home/rho9/chapt6/chapt6_ws/install/fishbot_description/share/fishbot_description/cmake/fishbot_descriptionConfig.cmake
-- Up-to-date: /home/rho9/chapt6/chapt6_ws/install/fishbot_description/share/fishbot_description/cmake/fishbot_descriptionConfig-version.cmake
-- Up-to-date: /home/rho9/chapt6/chapt6_ws/install/fishbot_description/share/fishbot_description/package.xml
