[1.694s] Invoking command in '/home/rho9/chapt3/topic_practise_ws/src/status_publisher': AMENT_PREFIX_PATH=/home/rho9/chapt3/topic_practise_ws/install/status_interfaces:${AMENT_PREFIX_PATH} CMAKE_PREFIX_PATH=/home/rho9/chapt3/topic_practise_ws/install/status_interfaces:${CMAKE_PREFIX_PATH} LD_LIBRARY_PATH=/home/rho9/chapt3/topic_practise_ws/install/status_interfaces/lib:${LD_LIBRARY_PATH} PYTHONPATH=/home/rho9/chapt3/topic_practise_ws/build/status_publisher/prefix_override:/usr/lib/python3/dist-packages/colcon_core/task/python/colcon_distutils_commands:/home/rho9/chapt3/topic_practise_ws/install/status_publisher/lib/python3.12/site-packages:/home/rho9/chapt3/topic_practise_ws/install/status_interfaces/lib/python3.12/site-packages:${PYTHONPATH} /usr/bin/python3 -W ignore:setup.py install is deprecated -W ignore:easy_install command is deprecated setup.py egg_info --egg-base ../../build/status_publisher build --build-base /home/rho9/chapt3/topic_practise_ws/build/status_publisher/build install --record /home/rho9/chapt3/topic_practise_ws/build/status_publisher/install.log --single-version-externally-managed install_data
[1.980s] running egg_info
[1.995s] writing ../../build/status_publisher/status_publisher.egg-info/PKG-INFO
[1.996s] writing dependency_links to ../../build/status_publisher/status_publisher.egg-info/dependency_links.txt
[1.996s] writing entry points to ../../build/status_publisher/status_publisher.egg-info/entry_points.txt
[1.996s] writing requirements to ../../build/status_publisher/status_publisher.egg-info/requires.txt
[1.996s] writing top-level names to ../../build/status_publisher/status_publisher.egg-info/top_level.txt
[2.041s] reading manifest file '../../build/status_publisher/status_publisher.egg-info/SOURCES.txt'
[2.042s] adding license file 'LICENSE'
[2.043s] writing manifest file '../../build/status_publisher/status_publisher.egg-info/SOURCES.txt'
[2.044s] running build
[2.044s] running build_py
[2.044s] running install
[2.054s] running install_lib
[2.075s] running install_data
[2.076s] running install_egg_info
[2.097s] removing '/home/rho9/chapt3/topic_practise_ws/install/status_publisher/lib/python3.12/site-packages/status_publisher-0.0.0-py3.12.egg-info' (and everything under it)
[2.097s] Copying ../../build/status_publisher/status_publisher.egg-info to /home/rho9/chapt3/topic_practise_ws/install/status_publisher/lib/python3.12/site-packages/status_publisher-0.0.0-py3.12.egg-info
[2.099s] running install_scripts
[2.246s] Installing sys_status_pub script to /home/rho9/chapt3/topic_practise_ws/install/status_publisher/lib/status_publisher
[2.246s] writing list of installed files to '/home/rho9/chapt3/topic_practise_ws/build/status_publisher/install.log'
[2.286s] Invoked command in '/home/rho9/chapt3/topic_practise_ws/src/status_publisher' returned '0': AMENT_PREFIX_PATH=/home/rho9/chapt3/topic_practise_ws/install/status_interfaces:${AMENT_PREFIX_PATH} CMAKE_PREFIX_PATH=/home/rho9/chapt3/topic_practise_ws/install/status_interfaces:${CMAKE_PREFIX_PATH} LD_LIBRARY_PATH=/home/rho9/chapt3/topic_practise_ws/install/status_interfaces/lib:${LD_LIBRARY_PATH} PYTHONPATH=/home/rho9/chapt3/topic_practise_ws/build/status_publisher/prefix_override:/usr/lib/python3/dist-packages/colcon_core/task/python/colcon_distutils_commands:/home/rho9/chapt3/topic_practise_ws/install/status_publisher/lib/python3.12/site-packages:/home/rho9/chapt3/topic_practise_ws/install/status_interfaces/lib/python3.12/site-packages:${PYTHONPATH} /usr/bin/python3 -W ignore:setup.py install is deprecated -W ignore:easy_install command is deprecated setup.py egg_info --egg-base ../../build/status_publisher build --build-base /home/rho9/chapt3/topic_practise_ws/build/status_publisher/build install --record /home/rho9/chapt3/topic_practise_ws/build/status_publisher/install.log --single-version-externally-managed install_data
