[0.011s] Invoking command in '/home/rho9/chapt6/chapt6_ws/build/fishbot_description': CMAKE_PREFIX_PATH=${CMAKE_PREFIX_PATH}:/opt/ros/jazzy /usr/bin/cmake /home/rho9/chapt6/chapt6_ws/src/fishbot_description -DCMAKE_INSTALL_PREFIX=/home/rho9/chapt6/chapt6_ws/install/fishbot_description
[0.305s] -- The C compiler identification is GNU 13.3.0
[1.086s] -- The CXX compiler identification is GNU 13.3.0
[1.537s] -- Detecting C compiler ABI info
[1.730s] -- Detecting C compiler ABI info - done
[1.739s] -- Check for working C compiler: /usr/bin/cc - skipped
[1.740s] -- Detecting C compile features
[1.741s] -- Detecting C compile features - done
[1.845s] -- Detecting CXX compiler ABI info
[2.066s] -- Detecting CXX compiler ABI info - done
[2.073s] -- Check for working CXX compiler: /usr/bin/c++ - skipped
[2.073s] -- Detecting CXX compile features
[2.073s] -- Detecting CXX compile features - done
[2.095s] -- Found ament_cmake: 2.5.5 (/opt/ros/jazzy/share/ament_cmake/cmake)
[2.254s] -- Found Python3: /usr/bin/python3 (found version "3.12.3") found components: Interpreter 
[2.405s] -- Found ament_lint_auto: 0.17.4 (/opt/ros/jazzy/share/ament_lint_auto/cmake)
[2.535s] -- Added test 'copyright' to check source files copyright and LICENSE
[2.541s] -- Added test 'flake8' to check Python code syntax and style conventions
[2.541s] -- Configured 'flake8' exclude dirs and/or files: 
[2.543s] -- Added test 'lint_cmake' to check CMake code style
[2.544s] -- Added test 'pep257' to check Python code against some of the docstring style conventions in PEP 257
[2.547s] -- Added test 'xmllint' to check XML markup files
[2.550s] -- Configuring done (2.5s)
[2.554s] -- Generating done (0.0s)
[2.556s] -- Build files have been written to: /home/rho9/chapt6/chapt6_ws/build/fishbot_description
[2.560s] Invoked command in '/home/rho9/chapt6/chapt6_ws/build/fishbot_description' returned '0': CMAKE_PREFIX_PATH=${CMAKE_PREFIX_PATH}:/opt/ros/jazzy /usr/bin/cmake /home/rho9/chapt6/chapt6_ws/src/fishbot_description -DCMAKE_INSTALL_PREFIX=/home/rho9/chapt6/chapt6_ws/install/fishbot_description
[2.562s] Invoking command in '/home/rho9/chapt6/chapt6_ws/build/fishbot_description': CMAKE_PREFIX_PATH=${CMAKE_PREFIX_PATH}:/opt/ros/jazzy /usr/bin/cmake --build /home/rho9/chapt6/chapt6_ws/build/fishbot_description -- -j20 -l20
[2.599s] Invoked command in '/home/rho9/chapt6/chapt6_ws/build/fishbot_description' returned '0': CMAKE_PREFIX_PATH=${CMAKE_PREFIX_PATH}:/opt/ros/jazzy /usr/bin/cmake --build /home/rho9/chapt6/chapt6_ws/build/fishbot_description -- -j20 -l20
[2.608s] Invoking command in '/home/rho9/chapt6/chapt6_ws/build/fishbot_description': CMAKE_PREFIX_PATH=${CMAKE_PREFIX_PATH}:/opt/ros/jazzy /usr/bin/cmake --install /home/rho9/chapt6/chapt6_ws/build/fishbot_description
[2.615s] -- Install configuration: ""
[2.615s] -- Installing: /home/rho9/chapt6/chapt6_ws/install/fishbot_description/share/fishbot_description/urdf
[2.616s] -- Installing: /home/rho9/chapt6/chapt6_ws/install/fishbot_description/share/fishbot_description/urdf/first_robot.xacro
[2.617s] -- Installing: /home/rho9/chapt6/chapt6_ws/install/fishbot_description/share/fishbot_description/urdf/fishbot
[2.617s] -- Installing: /home/rho9/chapt6/chapt6_ws/install/fishbot_description/share/fishbot_description/urdf/fishbot/sensor
[2.617s] -- Installing: /home/rho9/chapt6/chapt6_ws/install/fishbot_description/share/fishbot_description/urdf/fishbot/sensor/camera.urdf.xacro
[2.618s] -- Installing: /home/rho9/chapt6/chapt6_ws/install/fishbot_description/share/fishbot_description/urdf/fishbot/sensor/laser.urdf.xacro
[2.619s] -- Installing: /home/rho9/chapt6/chapt6_ws/install/fishbot_description/share/fishbot_description/urdf/fishbot/sensor/imu.urdf.xacro
[2.619s] -- Installing: /home/rho9/chapt6/chapt6_ws/install/fishbot_description/share/fishbot_description/urdf/fishbot/fishbot.urdf.xacro
[2.619s] -- Installing: /home/rho9/chapt6/chapt6_ws/install/fishbot_description/share/fishbot_description/urdf/fishbot/base.urdf.xacro
[2.619s] -- Installing: /home/rho9/chapt6/chapt6_ws/install/fishbot_description/share/fishbot_description/urdf/first_robot.urdf
[2.619s] -- Installing: /home/rho9/chapt6/chapt6_ws/install/fishbot_description/share/fishbot_description/urdf/first_robot.pdf
[2.620s] -- Installing: /home/rho9/chapt6/chapt6_ws/install/fishbot_description/share/fishbot_description/urdf/fishbot.urdf
[2.620s] -- Installing: /home/rho9/chapt6/chapt6_ws/install/fishbot_description/share/fishbot_description/urdf/first_robot.gv
[2.620s] -- Installing: /home/rho9/chapt6/chapt6_ws/install/fishbot_description/share/fishbot_description/launch
[2.620s] -- Installing: /home/rho9/chapt6/chapt6_ws/install/fishbot_description/share/fishbot_description/launch/__pycache__
[2.620s] -- Installing: /home/rho9/chapt6/chapt6_ws/install/fishbot_description/share/fishbot_description/launch/__pycache__/display_robot.launch.cpython-312.pyc
[2.621s] -- Installing: /home/rho9/chapt6/chapt6_ws/install/fishbot_description/share/fishbot_description/launch/log
[2.621s] -- Installing: /home/rho9/chapt6/chapt6_ws/install/fishbot_description/share/fishbot_description/launch/log/COLCON_IGNORE
[2.621s] -- Installing: /home/rho9/chapt6/chapt6_ws/install/fishbot_description/share/fishbot_description/launch/log/build_2026-04-11_17-44-05
[2.621s] -- Installing: /home/rho9/chapt6/chapt6_ws/install/fishbot_description/share/fishbot_description/launch/log/build_2026-04-11_17-44-05/logger_all.log
[2.621s] -- Installing: /home/rho9/chapt6/chapt6_ws/install/fishbot_description/share/fishbot_description/launch/log/build_2026-04-11_17-44-05/events.log
[2.622s] -- Installing: /home/rho9/chapt6/chapt6_ws/install/fishbot_description/share/fishbot_description/launch/log/build_2026-04-11_17-50-56
[2.622s] -- Installing: /home/rho9/chapt6/chapt6_ws/install/fishbot_description/share/fishbot_description/launch/log/build_2026-04-11_17-50-56/logger_all.log
[2.622s] -- Installing: /home/rho9/chapt6/chapt6_ws/install/fishbot_description/share/fishbot_description/launch/log/build_2026-04-11_17-50-56/events.log
[2.623s] -- Installing: /home/rho9/chapt6/chapt6_ws/install/fishbot_description/share/fishbot_description/launch/log/latest_build
[2.623s] -- Installing: /home/rho9/chapt6/chapt6_ws/install/fishbot_description/share/fishbot_description/launch/log/build_2026-04-11_17-46-47
[2.623s] -- Installing: /home/rho9/chapt6/chapt6_ws/install/fishbot_description/share/fishbot_description/launch/log/build_2026-04-11_17-46-47/logger_all.log
[2.623s] -- Installing: /home/rho9/chapt6/chapt6_ws/install/fishbot_description/share/fishbot_description/launch/log/build_2026-04-11_17-46-47/events.log
[2.624s] -- Installing: /home/rho9/chapt6/chapt6_ws/install/fishbot_description/share/fishbot_description/launch/log/build_2026-04-11_17-45-38
[2.624s] -- Installing: /home/rho9/chapt6/chapt6_ws/install/fishbot_description/share/fishbot_description/launch/log/build_2026-04-11_17-45-38/logger_all.log
[2.625s] -- Installing: /home/rho9/chapt6/chapt6_ws/install/fishbot_description/share/fishbot_description/launch/log/build_2026-04-11_17-45-38/events.log
[2.625s] -- Installing: /home/rho9/chapt6/chapt6_ws/install/fishbot_description/share/fishbot_description/launch/log/latest
[2.625s] -- Installing: /home/rho9/chapt6/chapt6_ws/install/fishbot_description/share/fishbot_description/launch/display_robot.launch.py
[2.625s] -- Installing: /home/rho9/chapt6/chapt6_ws/install/fishbot_description/share/fishbot_description/launch/build
[2.626s] -- Installing: /home/rho9/chapt6/chapt6_ws/install/fishbot_description/share/fishbot_description/launch/build/COLCON_IGNORE
[2.626s] -- Installing: /home/rho9/chapt6/chapt6_ws/install/fishbot_description/share/fishbot_description/launch/build/.built_by
[2.626s] -- Installing: /home/rho9/chapt6/chapt6_ws/install/fishbot_description/share/fishbot_description/launch/install
[2.626s] -- Installing: /home/rho9/chapt6/chapt6_ws/install/fishbot_description/share/fishbot_description/launch/install/COLCON_IGNORE
[2.627s] -- Installing: /home/rho9/chapt6/chapt6_ws/install/fishbot_description/share/fishbot_description/launch/install/local_setup.sh
[2.627s] -- Installing: /home/rho9/chapt6/chapt6_ws/install/fishbot_description/share/fishbot_description/launch/install/_local_setup_util_sh.py
[2.627s] -- Installing: /home/rho9/chapt6/chapt6_ws/install/fishbot_description/share/fishbot_description/launch/install/setup.bash
[2.627s] -- Installing: /home/rho9/chapt6/chapt6_ws/install/fishbot_description/share/fishbot_description/launch/install/local_setup.bash
[2.628s] -- Installing: /home/rho9/chapt6/chapt6_ws/install/fishbot_description/share/fishbot_description/launch/install/setup.zsh
[2.628s] -- Installing: /home/rho9/chapt6/chapt6_ws/install/fishbot_description/share/fishbot_description/launch/install/.colcon_install_layout
[2.628s] -- Installing: /home/rho9/chapt6/chapt6_ws/install/fishbot_description/share/fishbot_description/launch/install/setup.sh
[2.629s] -- Installing: /home/rho9/chapt6/chapt6_ws/install/fishbot_description/share/fishbot_description/launch/install/local_setup.zsh
[2.629s] -- Installing: /home/rho9/chapt6/chapt6_ws/install/fishbot_description/share/ament_index/resource_index/package_run_dependencies/fishbot_description
[2.630s] -- Installing: /home/rho9/chapt6/chapt6_ws/install/fishbot_description/share/ament_index/resource_index/parent_prefix_path/fishbot_description
[2.630s] -- Installing: /home/rho9/chapt6/chapt6_ws/install/fishbot_description/share/fishbot_description/environment/ament_prefix_path.sh
[2.631s] -- Installing: /home/rho9/chapt6/chapt6_ws/install/fishbot_description/share/fishbot_description/environment/ament_prefix_path.dsv
[2.631s] -- Installing: /home/rho9/chapt6/chapt6_ws/install/fishbot_description/share/fishbot_description/environment/path.sh
[2.631s] -- Installing: /home/rho9/chapt6/chapt6_ws/install/fishbot_description/share/fishbot_description/environment/path.dsv
[2.632s] -- Installing: /home/rho9/chapt6/chapt6_ws/install/fishbot_description/share/fishbot_description/local_setup.bash
[2.632s] -- Installing: /home/rho9/chapt6/chapt6_ws/install/fishbot_description/share/fishbot_description/local_setup.sh
[2.632s] -- Installing: /home/rho9/chapt6/chapt6_ws/install/fishbot_description/share/fishbot_description/local_setup.zsh
[2.632s] -- Installing: /home/rho9/chapt6/chapt6_ws/install/fishbot_description/share/fishbot_description/local_setup.dsv
[2.632s] -- Installing: /home/rho9/chapt6/chapt6_ws/install/fishbot_description/share/fishbot_description/package.dsv
[2.632s] -- Installing: /home/rho9/chapt6/chapt6_ws/install/fishbot_description/share/ament_index/resource_index/packages/fishbot_description
[2.632s] -- Installing: /home/rho9/chapt6/chapt6_ws/install/fishbot_description/share/fishbot_description/cmake/fishbot_descriptionConfig.cmake
[2.632s] -- Installing: /home/rho9/chapt6/chapt6_ws/install/fishbot_description/share/fishbot_description/cmake/fishbot_descriptionConfig-version.cmake
[2.632s] -- Installing: /home/rho9/chapt6/chapt6_ws/install/fishbot_description/share/fishbot_description/package.xml
[2.633s] Invoked command in '/home/rho9/chapt6/chapt6_ws/build/fishbot_description' returned '0': CMAKE_PREFIX_PATH=${CMAKE_PREFIX_PATH}:/opt/ros/jazzy /usr/bin/cmake --install /home/rho9/chapt6/chapt6_ws/build/fishbot_description
