[0.000000] (-) TimerEvent: {}
[0.001024] (-) JobUnselected: {'identifier': 'fishbot_application'}
[0.001220] (-) JobUnselected: {'identifier': 'fishbot_description'}
[0.001513] (-) JobUnselected: {'identifier': 'fishbot_navigation2'}
[0.001585] (autopartol_robot) JobQueued: {'identifier': 'autopartol_robot', 'dependencies': OrderedDict()}
[0.001634] (autopartol_robot) JobStarted: {'identifier': 'autopartol_robot'}
[0.098869] (-) TimerEvent: {}
[0.199223] (-) TimerEvent: {}
[0.299546] (-) TimerEvent: {}
[0.399846] (-) TimerEvent: {}
[0.500134] (-) TimerEvent: {}
[0.600701] (-) TimerEvent: {}
[0.701056] (-) TimerEvent: {}
[0.774529] (autopartol_robot) Command: {'cmd': ['/usr/bin/python3', '-W', 'ignore:setup.py install is deprecated', '-W', 'ignore:easy_install command is deprecated', 'setup.py', 'egg_info', '--egg-base', '../../build/autopartol_robot', 'build', '--build-base', '/home/rho922/chapt7/chapt7_ws/build/autopartol_robot/build', 'install', '--record', '/home/rho922/chapt7/chapt7_ws/build/autopartol_robot/install.log', '--single-version-externally-managed', 'install_data'], 'cwd': '/home/rho922/chapt7/chapt7_ws/src/autopartol_robot', 'env': {'USER': 'rho922', 'SHLVL': '0', 'LD_LIBRARY_PATH': '/usr/lib/x86_64-linux-gnu/gazebo-11/plugins:/opt/ros/humble/opt/rviz_ogre_vendor/lib:/opt/ros/humble/lib/x86_64-linux-gnu:/opt/ros/humble/lib', 'HOME': '/home/rho922', 'OLDPWD': '/mnt/d/cv/c work', 'ROS_PYTHON_VERSION': '3', 'WSL_DISTRO_NAME': 'Ubuntu-22.04', 'WAYLAND_DISPLAY': 'wayland-0', 'ROS_DISTRO': 'humble', 'LOGNAME': 'rho922', 'NAME': 'rho9', 'WSL_INTEROP': '/run/WSL/25382_interop', 'PULSE_SERVER': 'unix:/mnt/wslg/PulseServer', '_': '/usr/bin/colcon', 'ROS_VERSION': '2', 'TERM': 'xterm-256color', 'ROS_LOCALHOST_ONLY': '0', 'PATH': '/opt/ros/humble/bin:/usr/local/sbin:/usr/local/bin:/usr/sbin:/usr/bin:/sbin:/bin:/usr/games:/usr/local/games:/usr/lib/wsl/lib:/mnt/c/Users/36327/bin:/mnt/c/Program Files/Git/mingw64/bin:/mnt/c/Program Files/Git/usr/local/bin:/mnt/c/Program Files/Git/usr/bin:/mnt/c/Program Files/Git/usr/bin:/mnt/c/Program Files/Git/mingw64/bin:/mnt/c/Program Files/Git/usr/bin:/mnt/c/Users/36327/bin:/mnt/c/Users/36327/AppData/Local/Programs/Python/Python311/Scripts:/mnt/d/cv/Microsoft VS Code:/mnt/c/Program Files/Python310/Scripts:/mnt/c/Program Files/Python310:/mnt/c/Windows/system32:/mnt/c/Windows:/mnt/c/Windows/System32/Wbem:/mnt/c/Windows/System32/WindowsPowerShell/v1.0:/mnt/c/Windows/System32/OpenSSH:/mnt/c/Program Files/dotnet:/mnt/c/Program Files/NVIDIA Corporation/NVIDIA App/NvDLISR:/mnt/c/mingw64/bin:/mnt/c/Program Files/nodejs:/mnt/c/Program Files/Git/cmd:/mnt/c/Program Files (x86)/NVIDIA Corporation/PhysX/Common:/mnt/c/Users/36327/.pixi/bin:/mnt/c/Users/36327/AppData/Local/Programs/Python/Python311/Scripts:/mnt/c/Users/36327/AppData/Local/Programs/Python/Python311:/mnt/c/Users/36327/AppData/Local/Microsoft/WindowsApps:/mnt/d/cv/Microsoft VS Code/bin:/mnt/c/Users/36327/AppData/Roaming/npm:/mnt/c/dev/ros2_humble/ros2-windows/bin:/mnt/c/Program Files/Git/usr/bin/vendor_perl:/mnt/c/Program Files/Git/usr/bin/core_perl:/mnt/c/Users/36327/AppData/Roaming/npm/node_modules/@z_ai/coding-helper/zai-coding-plugins/plugins/glm-plan-usage/bin:/mnt/c/Users/36327/AppData/Roaming/npm/node_modules/@z_ai/coding-helper/zai-coding-plugins/plugins/glm-plan-bug/bin', 'XDG_RUNTIME_DIR': '/mnt/wslg/runtime-dir', 'DISPLAY': ':0', 'LANG': 'C.UTF-8', 'AMENT_PREFIX_PATH': '/opt/ros/humble', 'SHELL': '/bin/bash', 'PWD': '/home/rho922/chapt7/chapt7_ws/build/autopartol_robot', 'PYTHONPATH': '/home/rho922/chapt7/chapt7_ws/build/autopartol_robot/prefix_override:/usr/lib/python3/dist-packages/colcon_core/task/python/colcon_distutils_commands:/home/rho922/chapt7/chapt7_ws/install/autopartol_robot/lib/python3.10/site-packages:/opt/ros/humble/lib/python3.10/site-packages:/opt/ros/humble/local/lib/python3.10/dist-packages', 'COLCON': '1', 'WSL2_GUI_APPS_ENABLED': '1', 'HOSTTYPE': 'x86_64', 'WSLENV': ''}, 'shell': False}
[0.801243] (-) TimerEvent: {}
[0.901490] (-) TimerEvent: {}
[1.001832] (-) TimerEvent: {}
[1.071382] (autopartol_robot) StdoutLine: {'line': b'running egg_info\n'}
[1.072226] (autopartol_robot) StdoutLine: {'line': b'writing ../../build/autopartol_robot/autopartol_robot.egg-info/PKG-INFO\n'}
[1.072682] (autopartol_robot) StdoutLine: {'line': b'writing dependency_links to ../../build/autopartol_robot/autopartol_robot.egg-info/dependency_links.txt\n'}
[1.073077] (autopartol_robot) StdoutLine: {'line': b'writing entry points to ../../build/autopartol_robot/autopartol_robot.egg-info/entry_points.txt\n'}
[1.073222] (autopartol_robot) StdoutLine: {'line': b'writing requirements to ../../build/autopartol_robot/autopartol_robot.egg-info/requires.txt\n'}
[1.073334] (autopartol_robot) StdoutLine: {'line': b'writing top-level names to ../../build/autopartol_robot/autopartol_robot.egg-info/top_level.txt\n'}
[1.075081] (autopartol_robot) StdoutLine: {'line': b"reading manifest file '../../build/autopartol_robot/autopartol_robot.egg-info/SOURCES.txt'\n"}
[1.076051] (autopartol_robot) StdoutLine: {'line': b"writing manifest file '../../build/autopartol_robot/autopartol_robot.egg-info/SOURCES.txt'\n"}
[1.076201] (autopartol_robot) StdoutLine: {'line': b'running build\n'}
[1.076317] (autopartol_robot) StdoutLine: {'line': b'running build_py\n'}
[1.076793] (autopartol_robot) StdoutLine: {'line': b'copying autopartol_robot/partol_node.py -> /home/rho922/chapt7/chapt7_ws/build/autopartol_robot/build/lib/autopartol_robot\n'}
[1.076935] (autopartol_robot) StdoutLine: {'line': b'running install\n'}
[1.077436] (autopartol_robot) StdoutLine: {'line': b'running install_lib\n'}
[1.078162] (autopartol_robot) StdoutLine: {'line': b'copying /home/rho922/chapt7/chapt7_ws/build/autopartol_robot/build/lib/autopartol_robot/partol_node.py -> /home/rho922/chapt7/chapt7_ws/install/autopartol_robot/lib/python3.10/site-packages/autopartol_robot\n'}
[1.079056] (autopartol_robot) StdoutLine: {'line': b'byte-compiling /home/rho922/chapt7/chapt7_ws/install/autopartol_robot/lib/python3.10/site-packages/autopartol_robot/partol_node.py to partol_node.cpython-310.pyc\n'}
[1.079638] (autopartol_robot) StderrLine: {'line': b'  File "/home/rho922/chapt7/chapt7_ws/install/autopartol_robot/lib/python3.10/site-packages/autopartol_robot/partol_node.py", line 60\n'}
[1.080380] (autopartol_robot) StderrLine: {'line': b'    self.get_logger().info(fDistance\n'}
[1.080457] (autopartol_robot) StderrLine: {'line': b'                          ^\n'}
[1.080507] (autopartol_robot) StderrLine: {'line': b"SyntaxError: '(' was never closed\n"}
[1.080553] (autopartol_robot) StderrLine: {'line': b'\n'}
[1.080600] (autopartol_robot) StdoutLine: {'line': b'running install_data\n'}
[1.080648] (autopartol_robot) StdoutLine: {'line': b'running install_egg_info\n'}
[1.083145] (autopartol_robot) StdoutLine: {'line': b"removing '/home/rho922/chapt7/chapt7_ws/install/autopartol_robot/lib/python3.10/site-packages/autopartol_robot-0.0.0-py3.10.egg-info' (and everything under it)\n"}
[1.083680] (autopartol_robot) StdoutLine: {'line': b'Copying ../../build/autopartol_robot/autopartol_robot.egg-info to /home/rho922/chapt7/chapt7_ws/install/autopartol_robot/lib/python3.10/site-packages/autopartol_robot-0.0.0-py3.10.egg-info\n'}
[1.085264] (autopartol_robot) StdoutLine: {'line': b'running install_scripts\n'}
[1.101996] (-) TimerEvent: {}
[1.109458] (autopartol_robot) StdoutLine: {'line': b'Installing partol_node script to /home/rho922/chapt7/chapt7_ws/install/autopartol_robot/lib/autopartol_robot\n'}
[1.110050] (autopartol_robot) StdoutLine: {'line': b"writing list of installed files to '/home/rho922/chapt7/chapt7_ws/build/autopartol_robot/install.log'\n"}
[1.135479] (autopartol_robot) CommandEnded: {'returncode': 0}
[1.149449] (autopartol_robot) JobEnded: {'identifier': 'autopartol_robot', 'rc': 0}
[1.150110] (-) EventReactorShutdown: {}
