[0.025s] Invoking command in '/home/rho9/chapt4/chapt4_ws/build/chapt4_interfaces': /usr/bin/cmake --build /home/rho9/chapt4/chapt4_ws/build/chapt4_interfaces -- -j20 -l20
[0.152s] -- Found ament_cmake: 2.5.5 (/opt/ros/jazzy/share/ament_cmake/cmake)
[0.186s] -- Found Python3: /usr/bin/python3 (found version "3.12.3") found components: Interpreter 
[0.304s] -- Found rosidl_default_generators: 1.6.0 (/opt/ros/jazzy/share/rosidl_default_generators/cmake)
[0.310s] -- Using all available rosidl_typesupport_c: rosidl_typesupport_fastrtps_c;rosidl_typesupport_introspection_c
[0.493s] -- Using all available rosidl_typesupport_cpp: rosidl_typesupport_fastrtps_cpp;rosidl_typesupport_introspection_cpp
[0.542s] -- Found rosidl_adapter: 4.6.7 (/opt/ros/jazzy/share/rosidl_adapter/cmake)
[0.547s] -- Found sensor_msgs: 5.3.6 (/opt/ros/jazzy/share/sensor_msgs/cmake)
[0.863s] Error parsing '/home/rho9/chapt4/chapt4_ws/src/chapt4_interfaces/package.xml':
[2.479s] Traceback (most recent call last):
[2.479s]   File "/usr/lib/python3/dist-packages/catkin_pkg/package.py", line 610, in parse_package_string
[2.479s]     root = dom.parseString(data)
[2.480s]            ^^^^^^^^^^^^^^^^^^^^^
[2.480s]   File "/usr/lib/python3.12/xml/dom/minidom.py", line 1995, in parseString
[2.480s]     return expatbuilder.parseString(string)
[2.480s]            ^^^^^^^^^^^^^^^^^^^^^^^^^^^^^^^^
[2.480s]   File "/usr/lib/python3.12/xml/dom/expatbuilder.py", line 922, in parseString
[2.480s]     return builder.parseString(string)
[2.480s]            ^^^^^^^^^^^^^^^^^^^^^^^^^^^
[2.480s]   File "/usr/lib/python3.12/xml/dom/expatbuilder.py", line 220, in parseString
[2.480s]     parser.Parse(string, True)
[2.480s] xml.parsers.expat.ExpatError: XML declaration not well-formed: line 1, column 14
[2.480s] 
[2.480s] During handling of the above exception, another exception occurred:
[2.480s] 
[2.480s] Traceback (most recent call last):
[2.480s]   File "/opt/ros/jazzy/share/ament_cmake_core/cmake/core/package_xml_2_cmake.py", line 150, in <module>
[2.480s]     main()
[2.480s]   File "/opt/ros/jazzy/share/ament_cmake_core/cmake/core/package_xml_2_cmake.py", line 53, in main
[2.480s]     raise e
[2.480s]   File "/opt/ros/jazzy/share/ament_cmake_core/cmake/core/package_xml_2_cmake.py", line 49, in main
[2.480s]     package = parse_package_string(
[2.480s]               ^^^^^^^^^^^^^^^^^^^^^
[2.480s]   File "/usr/lib/python3/dist-packages/catkin_pkg/package.py", line 612, in parse_package_string
[2.481s]     raise InvalidPackage('The manifest contains invalid XML:\n%s' % ex, filename)
[2.481s] catkin_pkg.package.InvalidPackage: Error(s) in package '/home/rho9/chapt4/chapt4_ws/src/chapt4_interfaces/package.xml':
[2.481s] The manifest contains invalid XML:
[2.481s] XML declaration not well-formed: line 1, column 14
[2.514s] [31mCMake Error at /opt/ros/jazzy/share/ament_cmake_core/cmake/core/ament_package_xml.cmake:95 (message):
[2.514s]   execute_process(/usr/bin/python3
[2.515s]   /opt/ros/jazzy/share/ament_cmake_core/cmake/core/package_xml_2_cmake.py
[2.515s]   /home/rho9/chapt4/chapt4_ws/src/chapt4_interfaces/package.xml
[2.515s]   /home/rho9/chapt4/chapt4_ws/build/chapt4_interfaces/ament_cmake_core/package.cmake)
[2.515s]   returned error code 1
[2.515s] Call Stack (most recent call first):
[2.515s]   /opt/ros/jazzy/share/ament_cmake_core/cmake/core/ament_package_xml.cmake:49 (_ament_package_xml)
[2.515s]   /opt/ros/jazzy/share/rosidl_cmake/cmake/rosidl_generate_interfaces.cmake:220 (ament_package_xml)
[2.515s]   CMakeLists.txt:13 (rosidl_generate_interfaces)
[2.515s] 
[2.515s] [0m
[2.515s] -- Configuring incomplete, errors occurred!
[2.524s] gmake: *** [Makefile:815: cmake_check_build_system] Error 1
[2.526s] Invoked command in '/home/rho9/chapt4/chapt4_ws/build/chapt4_interfaces' returned '2': /usr/bin/cmake --build /home/rho9/chapt4/chapt4_ws/build/chapt4_interfaces -- -j20 -l20
